[2025-12-26T09:44:22.171+0000] {taskinstance.py:1956} INFO - Dependencies all met for dep_context=non-requeueable deps ti=<TaskInstance: green_taxi_data.local_to_gcs_task scheduled__2024-01-14T00:00:00+00:00 map_index=0 [queued]>
[2025-12-26T09:44:22.201+0000] {taskinstance.py:1956} INFO - Dependencies all met for dep_context=requeueable deps ti=<TaskInstance: green_taxi_data.local_to_gcs_task scheduled__2024-01-14T00:00:00+00:00 map_index=0 [queued]>
[2025-12-26T09:44:22.202+0000] {taskinstance.py:2170} INFO - Starting attempt 1 of 2
[2025-12-26T09:44:22.241+0000] {taskinstance.py:2191} INFO - Executing <Mapped(PythonOperator): local_to_gcs_task> on 2024-01-14 00:00:00+00:00
[2025-12-26T09:44:22.252+0000] {standard_task_runner.py:60} INFO - Started process 1108 to run task
[2025-12-26T09:44:22.260+0000] {standard_task_runner.py:87} INFO - Running: ['***', 'tasks', 'run', 'green_taxi_data', 'local_to_gcs_task', 'scheduled__2024-01-14T00:00:00+00:00', '--job-id', '345', '--raw', '--subdir', 'DAGS_FOLDER/gcs_upload_dag.py', '--cfg-path', '/tmp/tmp3162rkb7', '--map-index', '0']
[2025-12-26T09:44:22.264+0000] {standard_task_runner.py:88} INFO - Job 345: Subtask local_to_gcs_task
[2025-12-26T09:44:22.319+0000] {logging_mixin.py:188} WARNING - /home/***/.local/lib/python3.8/site-packages/***/settings.py:194 DeprecationWarning: The sql_alchemy_conn option in [core] has been moved to the sql_alchemy_conn option in [database] - the old setting has been used, but please update your config.
[2025-12-26T09:44:22.427+0000] {task_command.py:423} INFO - Running <TaskInstance: green_taxi_data.local_to_gcs_task scheduled__2024-01-14T00:00:00+00:00 map_index=0 [running]> on host 3abe3b9ee2bb
[2025-12-26T09:44:22.665+0000] {taskinstance.py:2480} INFO - Exporting env vars: AIRFLOW_CTX_DAG_OWNER='***' AIRFLOW_CTX_DAG_ID='green_taxi_data' AIRFLOW_CTX_TASK_ID='local_to_gcs_task' AIRFLOW_CTX_EXECUTION_DATE='2024-01-14T00:00:00+00:00' AIRFLOW_CTX_TRY_NUMBER='1' AIRFLOW_CTX_DAG_RUN_ID='scheduled__2024-01-14T00:00:00+00:00'
[2025-12-26T09:44:22.899+0000] {taskinstance.py:2698} ERROR - Task failed with exception
Traceback (most recent call last):
  File "/home/airflow/.local/lib/python3.8/site-packages/airflow/models/taskinstance.py", line 433, in _execute_task
    result = execute_callable(context=context, **execute_callable_kwargs)
  File "/home/airflow/.local/lib/python3.8/site-packages/airflow/operators/python.py", line 199, in execute
    return_value = self.execute_callable()
  File "/home/airflow/.local/lib/python3.8/site-packages/airflow/operators/python.py", line 216, in execute_callable
    return self.python_callable(*self.op_args, **self.op_kwargs)
  File "/opt/airflow/dags/gcs_upload_dag.py", line 45, in upload_to_gcs
    blob.upload_from_filename(local_file)
  File "/home/airflow/.local/lib/python3.8/site-packages/google/cloud/storage/blob.py", line 2929, in upload_from_filename
    self._handle_filename_and_upload(
  File "/home/airflow/.local/lib/python3.8/site-packages/google/cloud/storage/blob.py", line 2797, in _handle_filename_and_upload
    with open(filename, "rb") as file_obj:
FileNotFoundError: [Errno 2] No such file or directory: '/opt/airflow/green_tripdata_2020-01.parquet'
[2025-12-26T09:44:22.931+0000] {taskinstance.py:1138} INFO - Marking task as UP_FOR_RETRY. dag_id=green_taxi_data, task_id=local_to_gcs_task, map_index=0, execution_date=20240114T000000, start_date=20251226T094422, end_date=20251226T094422
[2025-12-26T09:44:22.970+0000] {standard_task_runner.py:107} ERROR - Failed to execute job 345 for task local_to_gcs_task ([Errno 2] No such file or directory: '/opt/airflow/green_tripdata_2020-01.parquet'; 1108)
[2025-12-26T09:44:23.002+0000] {local_task_job_runner.py:234} INFO - Task exited with return code 1
[2025-12-26T09:44:23.079+0000] {taskinstance.py:3280} INFO - 0 downstream tasks scheduled from follow-on schedule check
