[2025-12-26T09:33:39.335+0000] {taskinstance.py:1956} INFO - Dependencies all met for dep_context=non-requeueable deps ti=<TaskInstance: yellow_taxi_data.local_to_gcs_task scheduled__2024-01-06T00:00:00+00:00 map_index=2 [queued]>
[2025-12-26T09:33:39.358+0000] {taskinstance.py:1956} INFO - Dependencies all met for dep_context=requeueable deps ti=<TaskInstance: yellow_taxi_data.local_to_gcs_task scheduled__2024-01-06T00:00:00+00:00 map_index=2 [queued]>
[2025-12-26T09:33:39.360+0000] {taskinstance.py:2170} INFO - Starting attempt 2 of 2
[2025-12-26T09:33:39.400+0000] {taskinstance.py:2191} INFO - Executing <Mapped(PythonOperator): local_to_gcs_task> on 2024-01-06 00:00:00+00:00
[2025-12-26T09:33:39.411+0000] {standard_task_runner.py:60} INFO - Started process 753 to run task
[2025-12-26T09:33:39.421+0000] {standard_task_runner.py:87} INFO - Running: ['***', 'tasks', 'run', 'yellow_taxi_data', 'local_to_gcs_task', 'scheduled__2024-01-06T00:00:00+00:00', '--job-id', '297', '--raw', '--subdir', 'DAGS_FOLDER/gcs_upload_dag.py', '--cfg-path', '/tmp/tmpx5q6hi7_', '--map-index', '2']
[2025-12-26T09:33:39.424+0000] {standard_task_runner.py:88} INFO - Job 297: Subtask local_to_gcs_task
[2025-12-26T09:33:39.478+0000] {logging_mixin.py:188} WARNING - /home/***/.local/lib/python3.8/site-packages/***/settings.py:194 DeprecationWarning: The sql_alchemy_conn option in [core] has been moved to the sql_alchemy_conn option in [database] - the old setting has been used, but please update your config.
[2025-12-26T09:33:39.585+0000] {task_command.py:423} INFO - Running <TaskInstance: yellow_taxi_data.local_to_gcs_task scheduled__2024-01-06T00:00:00+00:00 map_index=2 [running]> on host 3abe3b9ee2bb
[2025-12-26T09:33:39.833+0000] {taskinstance.py:2480} INFO - Exporting env vars: AIRFLOW_CTX_DAG_OWNER='***' AIRFLOW_CTX_DAG_ID='yellow_taxi_data' AIRFLOW_CTX_TASK_ID='local_to_gcs_task' AIRFLOW_CTX_EXECUTION_DATE='2024-01-06T00:00:00+00:00' AIRFLOW_CTX_TRY_NUMBER='2' AIRFLOW_CTX_DAG_RUN_ID='scheduled__2024-01-06T00:00:00+00:00'
[2025-12-26T09:33:40.030+0000] {taskinstance.py:2698} ERROR - Task failed with exception
Traceback (most recent call last):
  File "/home/airflow/.local/lib/python3.8/site-packages/airflow/models/taskinstance.py", line 433, in _execute_task
    result = execute_callable(context=context, **execute_callable_kwargs)
  File "/home/airflow/.local/lib/python3.8/site-packages/airflow/operators/python.py", line 199, in execute
    return_value = self.execute_callable()
  File "/home/airflow/.local/lib/python3.8/site-packages/airflow/operators/python.py", line 216, in execute_callable
    return self.python_callable(*self.op_args, **self.op_kwargs)
  File "/opt/airflow/dags/gcs_upload_dag.py", line 45, in upload_to_gcs
    blob.upload_from_filename(local_file)
  File "/home/airflow/.local/lib/python3.8/site-packages/google/cloud/storage/blob.py", line 2929, in upload_from_filename
    self._handle_filename_and_upload(
  File "/home/airflow/.local/lib/python3.8/site-packages/google/cloud/storage/blob.py", line 2797, in _handle_filename_and_upload
    with open(filename, "rb") as file_obj:
FileNotFoundError: [Errno 2] No such file or directory: '/opt/airflow/yellow_tripdata_2022-01.parquet'
[2025-12-26T09:33:40.063+0000] {taskinstance.py:1138} INFO - Marking task as FAILED. dag_id=yellow_taxi_data, task_id=local_to_gcs_task, map_index=2, execution_date=20240106T000000, start_date=20251226T093339, end_date=20251226T093340
[2025-12-26T09:33:40.090+0000] {standard_task_runner.py:107} ERROR - Failed to execute job 297 for task local_to_gcs_task ([Errno 2] No such file or directory: '/opt/airflow/yellow_tripdata_2022-01.parquet'; 753)
[2025-12-26T09:33:40.122+0000] {local_task_job_runner.py:234} INFO - Task exited with return code 1
[2025-12-26T09:33:40.173+0000] {taskinstance.py:3280} INFO - 0 downstream tasks scheduled from follow-on schedule check
