[2025-12-17 11:25:46,591] {taskinstance.py:1032} INFO - Dependencies all met for <TaskInstance: data_ingestion_gcs_dag.download_dataset_task manual__2025-12-17T10:40:51.029144+00:00 [queued]>
[2025-12-17 11:25:46,616] {taskinstance.py:1032} INFO - Dependencies all met for <TaskInstance: data_ingestion_gcs_dag.download_dataset_task manual__2025-12-17T10:40:51.029144+00:00 [queued]>
[2025-12-17 11:25:46,617] {taskinstance.py:1238} INFO - 
--------------------------------------------------------------------------------
[2025-12-17 11:25:46,618] {taskinstance.py:1239} INFO - Starting attempt 1 of 6
[2025-12-17 11:25:46,619] {taskinstance.py:1240} INFO - 
--------------------------------------------------------------------------------
[2025-12-17 11:25:46,645] {taskinstance.py:1259} INFO - Executing <Task(BashOperator): download_dataset_task> on 2025-12-17 10:40:51.029144+00:00
[2025-12-17 11:25:46,666] {standard_task_runner.py:76} INFO - Running: ['***', 'tasks', 'run', 'data_ingestion_gcs_dag', 'download_dataset_task', 'manual__2025-12-17T10:40:51.029144+00:00', '--job-id', '139', '--raw', '--subdir', 'DAGS_FOLDER/gcs_upload_dag.py', '--cfg-path', '/tmp/tmp2e43fylq', '--error-file', '/tmp/tmpivjzyblz']
[2025-12-17 11:25:46,655] {standard_task_runner.py:52} INFO - Started process 370 to run task
[2025-12-17 11:25:46,676] {standard_task_runner.py:77} INFO - Job 139: Subtask download_dataset_task
[2025-12-17 11:25:46,788] {logging_mixin.py:109} INFO - Running <TaskInstance: data_ingestion_gcs_dag.download_dataset_task manual__2025-12-17T10:40:51.029144+00:00 [running]> on host 6590710187c5
[2025-12-17 11:25:46,907] {taskinstance.py:1426} INFO - Exporting the following env vars:
AIRFLOW_CTX_DAG_OWNER=***
AIRFLOW_CTX_DAG_ID=data_ingestion_gcs_dag
AIRFLOW_CTX_TASK_ID=download_dataset_task
AIRFLOW_CTX_EXECUTION_DATE=2025-12-17T10:40:51.029144+00:00
AIRFLOW_CTX_DAG_RUN_ID=manual__2025-12-17T10:40:51.029144+00:00
[2025-12-17 11:25:46,914] {subprocess.py:62} INFO - Tmp dir root location: 
 /tmp
[2025-12-17 11:25:46,917] {subprocess.py:74} INFO - Running command: ['bash', '-c', 'curl -sS https://d37ci6vzurychx.cloudfront.net/trip-data/yellow_tripdata_2021-01.parquet > /opt/***/yellow_tripdata_2021-01.parquet']
[2025-12-17 11:25:46,934] {subprocess.py:85} INFO - Output:
[2025-12-17 11:25:49,174] {subprocess.py:93} INFO - Command exited with return code 0
[2025-12-17 11:25:49,231] {taskinstance.py:1277} INFO - Marking task as SUCCESS. dag_id=data_ingestion_gcs_dag, task_id=download_dataset_task, execution_date=20251217T104051, start_date=20251217T112546, end_date=20251217T112549
[2025-12-17 11:25:49,279] {local_task_job.py:154} INFO - Task exited with return code 0
[2025-12-17 11:25:49,362] {local_task_job.py:264} INFO - 1 downstream tasks scheduled from follow-on schedule check
