[2025-05-31 17:36:04,019] {processor.py:163} INFO - Started process (PID=2053) to work on /opt/airflow/dags/gcs_upload_dag.py
[2025-05-31 17:36:04,022] {processor.py:642} INFO - Processing file /opt/airflow/dags/gcs_upload_dag.py for tasks to queue
[2025-05-31 17:36:04,023] {logging_mixin.py:109} INFO - [2025-05-31 17:36:04,023] {dagbag.py:500} INFO - Filling up the DagBag from /opt/airflow/dags/gcs_upload_dag.py
[2025-05-31 17:36:05,820] {logging_mixin.py:109} INFO - [2025-05-31 17:36:05,811] {dagbag.py:334} ERROR - Failed to import: /opt/airflow/dags/gcs_upload_dag.py
Traceback (most recent call last):
  File "/home/airflow/.local/lib/python3.6/site-packages/airflow/models/dagbag.py", line 331, in _load_modules_from_file
    loader.exec_module(new_module)
  File "<frozen importlib._bootstrap_external>", line 678, in exec_module
  File "<frozen importlib._bootstrap>", line 219, in _call_with_frames_removed
  File "/opt/airflow/dags/gcs_upload_dag.py", line 19, in <module>
    dataset_url = f"https://s3.amazonaws.com/nyc-tlc/trip+data/{dataset_file}"
NameError: name 'dataset_file' is not defined
[2025-05-31 17:36:05,852] {processor.py:656} WARNING - No viable dags retrieved from /opt/airflow/dags/gcs_upload_dag.py
[2025-05-31 17:36:05,871] {processor.py:171} INFO - Processing /opt/airflow/dags/gcs_upload_dag.py took 1.857 seconds
[2025-05-31 17:36:06,986] {processor.py:163} INFO - Started process (PID=2066) to work on /opt/airflow/dags/gcs_upload_dag.py
[2025-05-31 17:36:06,988] {processor.py:642} INFO - Processing file /opt/airflow/dags/gcs_upload_dag.py for tasks to queue
[2025-05-31 17:36:06,991] {logging_mixin.py:109} INFO - [2025-05-31 17:36:06,990] {dagbag.py:500} INFO - Filling up the DagBag from /opt/airflow/dags/gcs_upload_dag.py
[2025-05-31 17:36:09,057] {logging_mixin.py:109} INFO - [2025-05-31 17:36:08,996] {dagbag.py:334} ERROR - Failed to import: /opt/airflow/dags/gcs_upload_dag.py
Traceback (most recent call last):
  File "/home/airflow/.local/lib/python3.6/site-packages/airflow/models/dagbag.py", line 331, in _load_modules_from_file
    loader.exec_module(new_module)
  File "<frozen importlib._bootstrap_external>", line 678, in exec_module
  File "<frozen importlib._bootstrap>", line 219, in _call_with_frames_removed
  File "/opt/airflow/dags/gcs_upload_dag.py", line 19, in <module>
    dataset_url = f"https://s3.amazonaws.com/nyc-tlc/trip+data/{par_file}"
NameError: name 'da_file' is not defined
[2025-05-31 17:36:09,090] {processor.py:656} WARNING - No viable dags retrieved from /opt/airflow/dags/gcs_upload_dag.py
[2025-05-31 17:36:09,107] {processor.py:171} INFO - Processing /opt/airflow/dags/gcs_upload_dag.py took 2.127 seconds
[2025-05-31 17:36:10,066] {processor.py:163} INFO - Started process (PID=2088) to work on /opt/airflow/dags/gcs_upload_dag.py
[2025-05-31 17:36:10,068] {processor.py:642} INFO - Processing file /opt/airflow/dags/gcs_upload_dag.py for tasks to queue
[2025-05-31 17:36:10,070] {logging_mixin.py:109} INFO - [2025-05-31 17:36:10,069] {dagbag.py:500} INFO - Filling up the DagBag from /opt/airflow/dags/gcs_upload_dag.py
[2025-05-31 17:36:11,819] {logging_mixin.py:109} INFO - [2025-05-31 17:36:11,766] {dagbag.py:334} ERROR - Failed to import: /opt/airflow/dags/gcs_upload_dag.py
Traceback (most recent call last):
  File "/home/airflow/.local/lib/python3.6/site-packages/airflow/models/dagbag.py", line 331, in _load_modules_from_file
    loader.exec_module(new_module)
  File "<frozen importlib._bootstrap_external>", line 678, in exec_module
  File "<frozen importlib._bootstrap>", line 219, in _call_with_frames_removed
  File "/opt/airflow/dags/gcs_upload_dag.py", line 19, in <module>
    dataset_url = f"https://s3.amazonaws.com/nyc-tlc/trip+data/{parquet_file}"
NameError: name 'parquet_file_file' is not defined
[2025-05-31 17:36:11,847] {processor.py:656} WARNING - No viable dags retrieved from /opt/airflow/dags/gcs_upload_dag.py
[2025-05-31 17:36:11,866] {processor.py:171} INFO - Processing /opt/airflow/dags/gcs_upload_dag.py took 1.962 seconds
[2025-05-31 17:36:12,956] {processor.py:163} INFO - Started process (PID=2112) to work on /opt/airflow/dags/gcs_upload_dag.py
[2025-05-31 17:36:12,958] {processor.py:642} INFO - Processing file /opt/airflow/dags/gcs_upload_dag.py for tasks to queue
[2025-05-31 17:36:12,960] {logging_mixin.py:109} INFO - [2025-05-31 17:36:12,959] {dagbag.py:500} INFO - Filling up the DagBag from /opt/airflow/dags/gcs_upload_dag.py
[2025-05-31 17:36:14,644] {logging_mixin.py:109} INFO - [2025-05-31 17:36:14,634] {dagbag.py:334} ERROR - Failed to import: /opt/airflow/dags/gcs_upload_dag.py
Traceback (most recent call last):
  File "/home/airflow/.local/lib/python3.6/site-packages/airflow/models/dagbag.py", line 331, in _load_modules_from_file
    loader.exec_module(new_module)
  File "<frozen importlib._bootstrap_external>", line 678, in exec_module
  File "<frozen importlib._bootstrap>", line 219, in _call_with_frames_removed
  File "/opt/airflow/dags/gcs_upload_dag.py", line 103, in <module>
    yellow_taxi_dags()
  File "/opt/airflow/dags/gcs_upload_dag.py", line 70, in yellow_taxi_dags
    bash_command=f"curl -sS {dataset_url} > {path_to_local_home}/{parquet_file}"
  File "/home/airflow/.local/lib/python3.6/site-packages/airflow/models/baseoperator.py", line 177, in apply_defaults
    raise AirflowException(msg)
airflow.exceptions.AirflowException: Argument ['python_callable'] is required
[2025-05-31 17:36:14,672] {processor.py:656} WARNING - No viable dags retrieved from /opt/airflow/dags/gcs_upload_dag.py
[2025-05-31 17:36:14,689] {processor.py:171} INFO - Processing /opt/airflow/dags/gcs_upload_dag.py took 1.738 seconds
[2025-05-31 17:36:29,195] {processor.py:163} INFO - Started process (PID=2285) to work on /opt/airflow/dags/gcs_upload_dag.py
[2025-05-31 17:36:29,197] {processor.py:642} INFO - Processing file /opt/airflow/dags/gcs_upload_dag.py for tasks to queue
[2025-05-31 17:36:29,199] {logging_mixin.py:109} INFO - [2025-05-31 17:36:29,199] {dagbag.py:500} INFO - Filling up the DagBag from /opt/airflow/dags/gcs_upload_dag.py
[2025-05-31 17:36:31,913] {logging_mixin.py:109} INFO - [2025-05-31 17:36:31,899] {dagbag.py:334} ERROR - Failed to import: /opt/airflow/dags/gcs_upload_dag.py
Traceback (most recent call last):
  File "/home/airflow/.local/lib/python3.6/site-packages/airflow/models/dagbag.py", line 331, in _load_modules_from_file
    loader.exec_module(new_module)
  File "<frozen importlib._bootstrap_external>", line 678, in exec_module
  File "<frozen importlib._bootstrap>", line 219, in _call_with_frames_removed
  File "/opt/airflow/dags/gcs_upload_dag.py", line 103, in <module>
    yellow_taxi_dags()
  File "/opt/airflow/dags/gcs_upload_dag.py", line 70, in yellow_taxi_dags
    bash_command=f"curl -sS {dataset_url} > {path_to_local_home}/{parquet_file}"
  File "/home/airflow/.local/lib/python3.6/site-packages/airflow/models/baseoperator.py", line 177, in apply_defaults
    raise AirflowException(msg)
airflow.exceptions.AirflowException: Argument ['python_callable'] is required
[2025-05-31 17:36:31,946] {processor.py:656} WARNING - No viable dags retrieved from /opt/airflow/dags/gcs_upload_dag.py
[2025-05-31 17:36:31,981] {processor.py:171} INFO - Processing /opt/airflow/dags/gcs_upload_dag.py took 2.791 seconds
[2025-05-31 17:37:02,558] {processor.py:163} INFO - Started process (PID=2477) to work on /opt/airflow/dags/gcs_upload_dag.py
[2025-05-31 17:37:02,561] {processor.py:642} INFO - Processing file /opt/airflow/dags/gcs_upload_dag.py for tasks to queue
[2025-05-31 17:37:02,563] {logging_mixin.py:109} INFO - [2025-05-31 17:37:02,563] {dagbag.py:500} INFO - Filling up the DagBag from /opt/airflow/dags/gcs_upload_dag.py
[2025-05-31 17:37:04,266] {logging_mixin.py:109} INFO - [2025-05-31 17:37:04,254] {dagbag.py:334} ERROR - Failed to import: /opt/airflow/dags/gcs_upload_dag.py
Traceback (most recent call last):
  File "/home/airflow/.local/lib/python3.6/site-packages/airflow/models/dagbag.py", line 331, in _load_modules_from_file
    loader.exec_module(new_module)
  File "<frozen importlib._bootstrap_external>", line 678, in exec_module
  File "<frozen importlib._bootstrap>", line 219, in _call_with_frames_removed
  File "/opt/airflow/dags/gcs_upload_dag.py", line 103, in <module>
    yellow_taxi_dags()
  File "/opt/airflow/dags/gcs_upload_dag.py", line 70, in yellow_taxi_dags
    bash_command=f"curl -sS {dataset_url} > {path_to_local_home}/{parquet_file}"
  File "/home/airflow/.local/lib/python3.6/site-packages/airflow/models/baseoperator.py", line 177, in apply_defaults
    raise AirflowException(msg)
airflow.exceptions.AirflowException: Argument ['python_callable'] is required
[2025-05-31 17:37:04,304] {processor.py:656} WARNING - No viable dags retrieved from /opt/airflow/dags/gcs_upload_dag.py
[2025-05-31 17:37:04,320] {processor.py:171} INFO - Processing /opt/airflow/dags/gcs_upload_dag.py took 1.769 seconds
[2025-05-31 17:37:34,788] {processor.py:163} INFO - Started process (PID=2670) to work on /opt/airflow/dags/gcs_upload_dag.py
[2025-05-31 17:37:34,790] {processor.py:642} INFO - Processing file /opt/airflow/dags/gcs_upload_dag.py for tasks to queue
[2025-05-31 17:37:34,792] {logging_mixin.py:109} INFO - [2025-05-31 17:37:34,792] {dagbag.py:500} INFO - Filling up the DagBag from /opt/airflow/dags/gcs_upload_dag.py
[2025-05-31 17:37:36,870] {logging_mixin.py:109} INFO - [2025-05-31 17:37:36,851] {dagbag.py:334} ERROR - Failed to import: /opt/airflow/dags/gcs_upload_dag.py
Traceback (most recent call last):
  File "/home/airflow/.local/lib/python3.6/site-packages/airflow/models/dagbag.py", line 331, in _load_modules_from_file
    loader.exec_module(new_module)
  File "<frozen importlib._bootstrap_external>", line 678, in exec_module
  File "<frozen importlib._bootstrap>", line 219, in _call_with_frames_removed
  File "/opt/airflow/dags/gcs_upload_dag.py", line 103, in <module>
    yellow_taxi_dags()
  File "/opt/airflow/dags/gcs_upload_dag.py", line 70, in yellow_taxi_dags
    bash_command=f"curl -sS {dataset_url} > {path_to_local_home}/{parquet_file}"
  File "/home/airflow/.local/lib/python3.6/site-packages/airflow/models/baseoperator.py", line 177, in apply_defaults
    raise AirflowException(msg)
airflow.exceptions.AirflowException: Argument ['python_callable'] is required
[2025-05-31 17:37:36,905] {processor.py:656} WARNING - No viable dags retrieved from /opt/airflow/dags/gcs_upload_dag.py
[2025-05-31 17:37:36,925] {processor.py:171} INFO - Processing /opt/airflow/dags/gcs_upload_dag.py took 2.144 seconds
[2025-05-31 17:38:07,192] {processor.py:163} INFO - Started process (PID=2863) to work on /opt/airflow/dags/gcs_upload_dag.py
[2025-05-31 17:38:07,194] {processor.py:642} INFO - Processing file /opt/airflow/dags/gcs_upload_dag.py for tasks to queue
[2025-05-31 17:38:07,196] {logging_mixin.py:109} INFO - [2025-05-31 17:38:07,196] {dagbag.py:500} INFO - Filling up the DagBag from /opt/airflow/dags/gcs_upload_dag.py
[2025-05-31 17:38:08,850] {logging_mixin.py:109} INFO - [2025-05-31 17:38:08,838] {dagbag.py:334} ERROR - Failed to import: /opt/airflow/dags/gcs_upload_dag.py
Traceback (most recent call last):
  File "/home/airflow/.local/lib/python3.6/site-packages/airflow/models/dagbag.py", line 331, in _load_modules_from_file
    loader.exec_module(new_module)
  File "<frozen importlib._bootstrap_external>", line 678, in exec_module
  File "<frozen importlib._bootstrap>", line 219, in _call_with_frames_removed
  File "/opt/airflow/dags/gcs_upload_dag.py", line 103, in <module>
    yellow_taxi_dags()
  File "/opt/airflow/dags/gcs_upload_dag.py", line 70, in yellow_taxi_dags
    bash_command=f"curl -sS {dataset_url} > {path_to_local_home}/{parquet_file}"
  File "/home/airflow/.local/lib/python3.6/site-packages/airflow/models/baseoperator.py", line 177, in apply_defaults
    raise AirflowException(msg)
airflow.exceptions.AirflowException: Argument ['python_callable'] is required
[2025-05-31 17:38:08,882] {processor.py:656} WARNING - No viable dags retrieved from /opt/airflow/dags/gcs_upload_dag.py
[2025-05-31 17:38:08,901] {processor.py:171} INFO - Processing /opt/airflow/dags/gcs_upload_dag.py took 1.716 seconds
[2025-05-31 17:38:39,375] {processor.py:163} INFO - Started process (PID=3056) to work on /opt/airflow/dags/gcs_upload_dag.py
[2025-05-31 17:38:39,381] {processor.py:642} INFO - Processing file /opt/airflow/dags/gcs_upload_dag.py for tasks to queue
[2025-05-31 17:38:39,385] {logging_mixin.py:109} INFO - [2025-05-31 17:38:39,384] {dagbag.py:500} INFO - Filling up the DagBag from /opt/airflow/dags/gcs_upload_dag.py
[2025-05-31 17:38:41,349] {logging_mixin.py:109} INFO - [2025-05-31 17:38:41,324] {dagbag.py:334} ERROR - Failed to import: /opt/airflow/dags/gcs_upload_dag.py
Traceback (most recent call last):
  File "/home/airflow/.local/lib/python3.6/site-packages/airflow/models/dagbag.py", line 331, in _load_modules_from_file
    loader.exec_module(new_module)
  File "<frozen importlib._bootstrap_external>", line 678, in exec_module
  File "<frozen importlib._bootstrap>", line 219, in _call_with_frames_removed
  File "/opt/airflow/dags/gcs_upload_dag.py", line 103, in <module>
    yellow_taxi_dags()
  File "/opt/airflow/dags/gcs_upload_dag.py", line 70, in yellow_taxi_dags
    bash_command=f"curl -sS {dataset_url} > {path_to_local_home}/{parquet_file}"
  File "/home/airflow/.local/lib/python3.6/site-packages/airflow/models/baseoperator.py", line 177, in apply_defaults
    raise AirflowException(msg)
airflow.exceptions.AirflowException: Argument ['python_callable'] is required
[2025-05-31 17:38:41,395] {processor.py:656} WARNING - No viable dags retrieved from /opt/airflow/dags/gcs_upload_dag.py
[2025-05-31 17:38:41,420] {processor.py:171} INFO - Processing /opt/airflow/dags/gcs_upload_dag.py took 2.213 seconds
[2025-05-31 17:39:12,228] {processor.py:163} INFO - Started process (PID=3249) to work on /opt/airflow/dags/gcs_upload_dag.py
[2025-05-31 17:39:12,231] {processor.py:642} INFO - Processing file /opt/airflow/dags/gcs_upload_dag.py for tasks to queue
[2025-05-31 17:39:12,232] {logging_mixin.py:109} INFO - [2025-05-31 17:39:12,232] {dagbag.py:500} INFO - Filling up the DagBag from /opt/airflow/dags/gcs_upload_dag.py
[2025-05-31 17:39:14,040] {logging_mixin.py:109} INFO - [2025-05-31 17:39:14,029] {dagbag.py:334} ERROR - Failed to import: /opt/airflow/dags/gcs_upload_dag.py
Traceback (most recent call last):
  File "/home/airflow/.local/lib/python3.6/site-packages/airflow/models/dagbag.py", line 331, in _load_modules_from_file
    loader.exec_module(new_module)
  File "<frozen importlib._bootstrap_external>", line 678, in exec_module
  File "<frozen importlib._bootstrap>", line 219, in _call_with_frames_removed
  File "/opt/airflow/dags/gcs_upload_dag.py", line 103, in <module>
    yellow_taxi_dags()
  File "/opt/airflow/dags/gcs_upload_dag.py", line 70, in yellow_taxi_dags
    bash_command=f"curl -sS {dataset_url} > {path_to_local_home}/{parquet_file}"
  File "/home/airflow/.local/lib/python3.6/site-packages/airflow/models/baseoperator.py", line 177, in apply_defaults
    raise AirflowException(msg)
airflow.exceptions.AirflowException: Argument ['python_callable'] is required
[2025-05-31 17:39:14,067] {processor.py:656} WARNING - No viable dags retrieved from /opt/airflow/dags/gcs_upload_dag.py
[2025-05-31 17:39:14,082] {processor.py:171} INFO - Processing /opt/airflow/dags/gcs_upload_dag.py took 1.858 seconds
[2025-05-31 17:39:15,720] {processor.py:163} INFO - Started process (PID=3272) to work on /opt/airflow/dags/gcs_upload_dag.py
[2025-05-31 17:39:15,723] {processor.py:642} INFO - Processing file /opt/airflow/dags/gcs_upload_dag.py for tasks to queue
[2025-05-31 17:39:15,726] {logging_mixin.py:109} INFO - [2025-05-31 17:39:15,725] {dagbag.py:500} INFO - Filling up the DagBag from /opt/airflow/dags/gcs_upload_dag.py
[2025-05-31 17:39:17,504] {processor.py:656} WARNING - No viable dags retrieved from /opt/airflow/dags/gcs_upload_dag.py
[2025-05-31 17:39:17,516] {processor.py:171} INFO - Processing /opt/airflow/dags/gcs_upload_dag.py took 1.803 seconds
[2025-05-31 17:39:19,621] {processor.py:163} INFO - Started process (PID=3299) to work on /opt/airflow/dags/gcs_upload_dag.py
[2025-05-31 17:39:19,624] {processor.py:642} INFO - Processing file /opt/airflow/dags/gcs_upload_dag.py for tasks to queue
[2025-05-31 17:39:19,626] {logging_mixin.py:109} INFO - [2025-05-31 17:39:19,626] {dagbag.py:500} INFO - Filling up the DagBag from /opt/airflow/dags/gcs_upload_dag.py
[2025-05-31 17:39:21,573] {processor.py:656} WARNING - No viable dags retrieved from /opt/airflow/dags/gcs_upload_dag.py
[2025-05-31 17:39:21,580] {processor.py:171} INFO - Processing /opt/airflow/dags/gcs_upload_dag.py took 1.966 seconds
[2025-05-31 17:39:52,224] {processor.py:163} INFO - Started process (PID=3493) to work on /opt/airflow/dags/gcs_upload_dag.py
[2025-05-31 17:39:52,226] {processor.py:642} INFO - Processing file /opt/airflow/dags/gcs_upload_dag.py for tasks to queue
[2025-05-31 17:39:52,228] {logging_mixin.py:109} INFO - [2025-05-31 17:39:52,228] {dagbag.py:500} INFO - Filling up the DagBag from /opt/airflow/dags/gcs_upload_dag.py
[2025-05-31 17:39:53,981] {processor.py:656} WARNING - No viable dags retrieved from /opt/airflow/dags/gcs_upload_dag.py
[2025-05-31 17:39:53,988] {processor.py:171} INFO - Processing /opt/airflow/dags/gcs_upload_dag.py took 1.770 seconds
[2025-05-31 17:40:24,092] {processor.py:163} INFO - Started process (PID=3686) to work on /opt/airflow/dags/gcs_upload_dag.py
[2025-05-31 17:40:24,095] {processor.py:642} INFO - Processing file /opt/airflow/dags/gcs_upload_dag.py for tasks to queue
[2025-05-31 17:40:24,097] {logging_mixin.py:109} INFO - [2025-05-31 17:40:24,096] {dagbag.py:500} INFO - Filling up the DagBag from /opt/airflow/dags/gcs_upload_dag.py
[2025-05-31 17:40:26,037] {processor.py:656} WARNING - No viable dags retrieved from /opt/airflow/dags/gcs_upload_dag.py
[2025-05-31 17:40:26,045] {processor.py:171} INFO - Processing /opt/airflow/dags/gcs_upload_dag.py took 1.959 seconds
[2025-05-31 17:40:56,485] {processor.py:163} INFO - Started process (PID=3880) to work on /opt/airflow/dags/gcs_upload_dag.py
[2025-05-31 17:40:56,488] {processor.py:642} INFO - Processing file /opt/airflow/dags/gcs_upload_dag.py for tasks to queue
[2025-05-31 17:40:56,490] {logging_mixin.py:109} INFO - [2025-05-31 17:40:56,490] {dagbag.py:500} INFO - Filling up the DagBag from /opt/airflow/dags/gcs_upload_dag.py
[2025-05-31 17:40:58,699] {processor.py:656} WARNING - No viable dags retrieved from /opt/airflow/dags/gcs_upload_dag.py
[2025-05-31 17:40:58,707] {processor.py:171} INFO - Processing /opt/airflow/dags/gcs_upload_dag.py took 2.231 seconds
[2025-05-31 17:41:29,565] {processor.py:163} INFO - Started process (PID=4082) to work on /opt/airflow/dags/gcs_upload_dag.py
[2025-05-31 17:41:29,568] {processor.py:642} INFO - Processing file /opt/airflow/dags/gcs_upload_dag.py for tasks to queue
[2025-05-31 17:41:29,571] {logging_mixin.py:109} INFO - [2025-05-31 17:41:29,570] {dagbag.py:500} INFO - Filling up the DagBag from /opt/airflow/dags/gcs_upload_dag.py
[2025-05-31 17:41:31,938] {processor.py:656} WARNING - No viable dags retrieved from /opt/airflow/dags/gcs_upload_dag.py
[2025-05-31 17:41:31,948] {processor.py:171} INFO - Processing /opt/airflow/dags/gcs_upload_dag.py took 2.389 seconds
[2025-05-31 17:42:02,506] {processor.py:163} INFO - Started process (PID=4275) to work on /opt/airflow/dags/gcs_upload_dag.py
[2025-05-31 17:42:02,509] {processor.py:642} INFO - Processing file /opt/airflow/dags/gcs_upload_dag.py for tasks to queue
[2025-05-31 17:42:02,511] {logging_mixin.py:109} INFO - [2025-05-31 17:42:02,511] {dagbag.py:500} INFO - Filling up the DagBag from /opt/airflow/dags/gcs_upload_dag.py
[2025-05-31 17:42:05,363] {processor.py:656} WARNING - No viable dags retrieved from /opt/airflow/dags/gcs_upload_dag.py
[2025-05-31 17:42:05,372] {processor.py:171} INFO - Processing /opt/airflow/dags/gcs_upload_dag.py took 2.882 seconds
[2025-05-31 17:42:35,858] {processor.py:163} INFO - Started process (PID=4468) to work on /opt/airflow/dags/gcs_upload_dag.py
[2025-05-31 17:42:35,861] {processor.py:642} INFO - Processing file /opt/airflow/dags/gcs_upload_dag.py for tasks to queue
[2025-05-31 17:42:35,863] {logging_mixin.py:109} INFO - [2025-05-31 17:42:35,862] {dagbag.py:500} INFO - Filling up the DagBag from /opt/airflow/dags/gcs_upload_dag.py
[2025-05-31 17:42:37,696] {processor.py:656} WARNING - No viable dags retrieved from /opt/airflow/dags/gcs_upload_dag.py
[2025-05-31 17:42:37,705] {processor.py:171} INFO - Processing /opt/airflow/dags/gcs_upload_dag.py took 1.855 seconds
[2025-05-31 17:43:08,064] {processor.py:163} INFO - Started process (PID=4669) to work on /opt/airflow/dags/gcs_upload_dag.py
[2025-05-31 17:43:08,067] {processor.py:642} INFO - Processing file /opt/airflow/dags/gcs_upload_dag.py for tasks to queue
[2025-05-31 17:43:08,070] {logging_mixin.py:109} INFO - [2025-05-31 17:43:08,069] {dagbag.py:500} INFO - Filling up the DagBag from /opt/airflow/dags/gcs_upload_dag.py
[2025-05-31 17:43:09,849] {processor.py:656} WARNING - No viable dags retrieved from /opt/airflow/dags/gcs_upload_dag.py
[2025-05-31 17:43:09,857] {processor.py:171} INFO - Processing /opt/airflow/dags/gcs_upload_dag.py took 1.954 seconds
[2025-05-31 17:43:40,349] {processor.py:163} INFO - Started process (PID=4870) to work on /opt/airflow/dags/gcs_upload_dag.py
[2025-05-31 17:43:40,353] {processor.py:642} INFO - Processing file /opt/airflow/dags/gcs_upload_dag.py for tasks to queue
[2025-05-31 17:43:40,355] {logging_mixin.py:109} INFO - [2025-05-31 17:43:40,355] {dagbag.py:500} INFO - Filling up the DagBag from /opt/airflow/dags/gcs_upload_dag.py
[2025-05-31 17:43:42,413] {processor.py:656} WARNING - No viable dags retrieved from /opt/airflow/dags/gcs_upload_dag.py
[2025-05-31 17:43:42,422] {processor.py:171} INFO - Processing /opt/airflow/dags/gcs_upload_dag.py took 2.079 seconds
[2025-05-31 17:44:12,953] {processor.py:163} INFO - Started process (PID=5071) to work on /opt/airflow/dags/gcs_upload_dag.py
[2025-05-31 17:44:12,957] {processor.py:642} INFO - Processing file /opt/airflow/dags/gcs_upload_dag.py for tasks to queue
[2025-05-31 17:44:12,961] {logging_mixin.py:109} INFO - [2025-05-31 17:44:12,960] {dagbag.py:500} INFO - Filling up the DagBag from /opt/airflow/dags/gcs_upload_dag.py
[2025-05-31 17:44:15,130] {processor.py:656} WARNING - No viable dags retrieved from /opt/airflow/dags/gcs_upload_dag.py
[2025-05-31 17:44:15,138] {processor.py:171} INFO - Processing /opt/airflow/dags/gcs_upload_dag.py took 2.194 seconds
[2025-05-31 17:44:45,281] {processor.py:163} INFO - Started process (PID=5284) to work on /opt/airflow/dags/gcs_upload_dag.py
[2025-05-31 17:44:45,284] {processor.py:642} INFO - Processing file /opt/airflow/dags/gcs_upload_dag.py for tasks to queue
[2025-05-31 17:44:45,286] {logging_mixin.py:109} INFO - [2025-05-31 17:44:45,286] {dagbag.py:500} INFO - Filling up the DagBag from /opt/airflow/dags/gcs_upload_dag.py
[2025-05-31 17:44:46,967] {processor.py:656} WARNING - No viable dags retrieved from /opt/airflow/dags/gcs_upload_dag.py
[2025-05-31 17:44:46,976] {processor.py:171} INFO - Processing /opt/airflow/dags/gcs_upload_dag.py took 1.701 seconds
[2025-05-31 17:53:49,726] {processor.py:163} INFO - Started process (PID=176) to work on /opt/airflow/dags/gcs_upload_dag.py
[2025-05-31 17:53:49,729] {processor.py:642} INFO - Processing file /opt/airflow/dags/gcs_upload_dag.py for tasks to queue
[2025-05-31 17:53:49,730] {logging_mixin.py:109} INFO - [2025-05-31 17:53:49,730] {dagbag.py:500} INFO - Filling up the DagBag from /opt/airflow/dags/gcs_upload_dag.py
[2025-05-31 17:53:56,140] {processor.py:656} WARNING - No viable dags retrieved from /opt/airflow/dags/gcs_upload_dag.py
[2025-05-31 17:53:56,152] {processor.py:171} INFO - Processing /opt/airflow/dags/gcs_upload_dag.py took 6.432 seconds
[2025-05-31 17:56:23,938] {processor.py:163} INFO - Started process (PID=175) to work on /opt/airflow/dags/gcs_upload_dag.py
[2025-05-31 17:56:23,941] {processor.py:642} INFO - Processing file /opt/airflow/dags/gcs_upload_dag.py for tasks to queue
[2025-05-31 17:56:23,943] {logging_mixin.py:109} INFO - [2025-05-31 17:56:23,943] {dagbag.py:500} INFO - Filling up the DagBag from /opt/airflow/dags/gcs_upload_dag.py
[2025-05-31 17:56:27,924] {processor.py:656} WARNING - No viable dags retrieved from /opt/airflow/dags/gcs_upload_dag.py
[2025-05-31 17:56:27,931] {processor.py:171} INFO - Processing /opt/airflow/dags/gcs_upload_dag.py took 3.999 seconds
[2025-05-31 17:56:58,044] {processor.py:163} INFO - Started process (PID=218) to work on /opt/airflow/dags/gcs_upload_dag.py
[2025-05-31 17:56:58,047] {processor.py:642} INFO - Processing file /opt/airflow/dags/gcs_upload_dag.py for tasks to queue
[2025-05-31 17:56:58,050] {logging_mixin.py:109} INFO - [2025-05-31 17:56:58,050] {dagbag.py:500} INFO - Filling up the DagBag from /opt/airflow/dags/gcs_upload_dag.py
[2025-05-31 17:56:59,693] {processor.py:656} WARNING - No viable dags retrieved from /opt/airflow/dags/gcs_upload_dag.py
[2025-05-31 17:56:59,706] {processor.py:171} INFO - Processing /opt/airflow/dags/gcs_upload_dag.py took 1.674 seconds
[2025-05-31 17:57:22,799] {processor.py:163} INFO - Started process (PID=241) to work on /opt/airflow/dags/gcs_upload_dag.py
[2025-05-31 17:57:22,801] {processor.py:642} INFO - Processing file /opt/airflow/dags/gcs_upload_dag.py for tasks to queue
[2025-05-31 17:57:22,803] {logging_mixin.py:109} INFO - [2025-05-31 17:57:22,802] {dagbag.py:500} INFO - Filling up the DagBag from /opt/airflow/dags/gcs_upload_dag.py
[2025-05-31 17:57:24,946] {processor.py:656} WARNING - No viable dags retrieved from /opt/airflow/dags/gcs_upload_dag.py
[2025-05-31 17:57:24,963] {processor.py:171} INFO - Processing /opt/airflow/dags/gcs_upload_dag.py took 2.169 seconds
[2025-05-31 17:57:33,108] {processor.py:163} INFO - Started process (PID=264) to work on /opt/airflow/dags/gcs_upload_dag.py
[2025-05-31 17:57:33,110] {processor.py:642} INFO - Processing file /opt/airflow/dags/gcs_upload_dag.py for tasks to queue
[2025-05-31 17:57:33,112] {logging_mixin.py:109} INFO - [2025-05-31 17:57:33,112] {dagbag.py:500} INFO - Filling up the DagBag from /opt/airflow/dags/gcs_upload_dag.py
[2025-05-31 17:57:34,924] {processor.py:656} WARNING - No viable dags retrieved from /opt/airflow/dags/gcs_upload_dag.py
[2025-05-31 17:57:34,942] {processor.py:171} INFO - Processing /opt/airflow/dags/gcs_upload_dag.py took 1.989 seconds
[2025-05-31 17:57:36,014] {processor.py:163} INFO - Started process (PID=277) to work on /opt/airflow/dags/gcs_upload_dag.py
[2025-05-31 17:57:36,018] {processor.py:642} INFO - Processing file /opt/airflow/dags/gcs_upload_dag.py for tasks to queue
[2025-05-31 17:57:36,020] {logging_mixin.py:109} INFO - [2025-05-31 17:57:36,020] {dagbag.py:500} INFO - Filling up the DagBag from /opt/airflow/dags/gcs_upload_dag.py
[2025-05-31 17:57:37,529] {processor.py:656} WARNING - No viable dags retrieved from /opt/airflow/dags/gcs_upload_dag.py
[2025-05-31 17:57:37,538] {processor.py:171} INFO - Processing /opt/airflow/dags/gcs_upload_dag.py took 1.534 seconds
[2025-05-31 17:57:42,061] {processor.py:163} INFO - Started process (PID=290) to work on /opt/airflow/dags/gcs_upload_dag.py
[2025-05-31 17:57:42,063] {processor.py:642} INFO - Processing file /opt/airflow/dags/gcs_upload_dag.py for tasks to queue
[2025-05-31 17:57:42,064] {logging_mixin.py:109} INFO - [2025-05-31 17:57:42,064] {dagbag.py:500} INFO - Filling up the DagBag from /opt/airflow/dags/gcs_upload_dag.py
[2025-05-31 17:57:43,658] {logging_mixin.py:109} INFO - [2025-05-31 17:57:43,649] {dagbag.py:334} ERROR - Failed to import: /opt/airflow/dags/gcs_upload_dag.py
Traceback (most recent call last):
  File "/home/airflow/.local/lib/python3.6/site-packages/airflow/models/dagbag.py", line 331, in _load_modules_from_file
    loader.exec_module(new_module)
  File "<frozen importlib._bootstrap_external>", line 678, in exec_module
  File "<frozen importlib._bootstrap>", line 219, in _call_with_frames_removed
  File "/opt/airflow/dags/gcs_upload_dag.py", line 103, in <module>
    down
NameError: name 'down' is not defined
[2025-05-31 17:57:43,684] {processor.py:656} WARNING - No viable dags retrieved from /opt/airflow/dags/gcs_upload_dag.py
[2025-05-31 17:57:43,702] {processor.py:171} INFO - Processing /opt/airflow/dags/gcs_upload_dag.py took 1.645 seconds
[2025-05-31 17:57:48,712] {processor.py:163} INFO - Started process (PID=313) to work on /opt/airflow/dags/gcs_upload_dag.py
[2025-05-31 17:57:48,715] {processor.py:642} INFO - Processing file /opt/airflow/dags/gcs_upload_dag.py for tasks to queue
[2025-05-31 17:57:48,718] {logging_mixin.py:109} INFO - [2025-05-31 17:57:48,717] {dagbag.py:500} INFO - Filling up the DagBag from /opt/airflow/dags/gcs_upload_dag.py
[2025-05-31 17:57:50,277] {processor.py:656} WARNING - No viable dags retrieved from /opt/airflow/dags/gcs_upload_dag.py
[2025-05-31 17:57:50,290] {processor.py:171} INFO - Processing /opt/airflow/dags/gcs_upload_dag.py took 2.021 seconds
[2025-05-31 17:58:00,403] {processor.py:163} INFO - Started process (PID=326) to work on /opt/airflow/dags/gcs_upload_dag.py
[2025-05-31 17:58:00,408] {processor.py:642} INFO - Processing file /opt/airflow/dags/gcs_upload_dag.py for tasks to queue
[2025-05-31 17:58:00,411] {logging_mixin.py:109} INFO - [2025-05-31 17:58:00,410] {dagbag.py:500} INFO - Filling up the DagBag from /opt/airflow/dags/gcs_upload_dag.py
[2025-05-31 17:58:00,540] {logging_mixin.py:109} INFO - [2025-05-31 17:58:00,536] {dagbag.py:334} ERROR - Failed to import: /opt/airflow/dags/gcs_upload_dag.py
Traceback (most recent call last):
  File "/home/airflow/.local/lib/python3.6/site-packages/airflow/models/dagbag.py", line 331, in _load_modules_from_file
    loader.exec_module(new_module)
  File "<frozen importlib._bootstrap_external>", line 674, in exec_module
  File "<frozen importlib._bootstrap_external>", line 781, in get_code
  File "<frozen importlib._bootstrap_external>", line 741, in source_to_code
  File "<frozen importlib._bootstrap>", line 219, in _call_with_frames_removed
  File "/opt/airflow/dags/gcs_upload_dag.py", line 103
    docker-compose up -d
                    ^
SyntaxError: invalid syntax
[2025-05-31 17:58:00,579] {processor.py:656} WARNING - No viable dags retrieved from /opt/airflow/dags/gcs_upload_dag.py
[2025-05-31 17:58:00,605] {processor.py:171} INFO - Processing /opt/airflow/dags/gcs_upload_dag.py took 0.213 seconds
[2025-05-31 17:58:04,498] {processor.py:163} INFO - Started process (PID=341) to work on /opt/airflow/dags/gcs_upload_dag.py
[2025-05-31 17:58:04,500] {processor.py:642} INFO - Processing file /opt/airflow/dags/gcs_upload_dag.py for tasks to queue
[2025-05-31 17:58:04,502] {logging_mixin.py:109} INFO - [2025-05-31 17:58:04,501] {dagbag.py:500} INFO - Filling up the DagBag from /opt/airflow/dags/gcs_upload_dag.py
[2025-05-31 17:58:06,169] {logging_mixin.py:109} INFO - [2025-05-31 17:58:06,155] {dagbag.py:334} ERROR - Failed to import: /opt/airflow/dags/gcs_upload_dag.py
Traceback (most recent call last):
  File "/home/airflow/.local/lib/python3.6/site-packages/airflow/models/dagbag.py", line 331, in _load_modules_from_file
    loader.exec_module(new_module)
  File "<frozen importlib._bootstrap_external>", line 678, in exec_module
  File "<frozen importlib._bootstrap>", line 219, in _call_with_frames_removed
  File "/opt/airflow/dags/gcs_upload_dag.py", line 103, in <module>
    down
NameError: name 'dow' is not defined
[2025-05-31 17:58:06,207] {processor.py:656} WARNING - No viable dags retrieved from /opt/airflow/dags/gcs_upload_dag.py
[2025-05-31 17:58:06,231] {processor.py:171} INFO - Processing /opt/airflow/dags/gcs_upload_dag.py took 1.739 seconds
[2025-05-31 17:58:09,750] {processor.py:163} INFO - Started process (PID=354) to work on /opt/airflow/dags/gcs_upload_dag.py
[2025-05-31 17:58:09,752] {processor.py:642} INFO - Processing file /opt/airflow/dags/gcs_upload_dag.py for tasks to queue
[2025-05-31 17:58:09,754] {logging_mixin.py:109} INFO - [2025-05-31 17:58:09,753] {dagbag.py:500} INFO - Filling up the DagBag from /opt/airflow/dags/gcs_upload_dag.py
[2025-05-31 17:58:11,895] {logging_mixin.py:109} INFO - [2025-05-31 17:58:11,878] {dagbag.py:334} ERROR - Failed to import: /opt/airflow/dags/gcs_upload_dag.py
Traceback (most recent call last):
  File "/home/airflow/.local/lib/python3.6/site-packages/airflow/models/dagbag.py", line 331, in _load_modules_from_file
    loader.exec_module(new_module)
  File "<frozen importlib._bootstrap_external>", line 678, in exec_module
  File "<frozen importlib._bootstrap>", line 219, in _call_with_frames_removed
  File "/opt/airflow/dags/gcs_upload_dag.py", line 103, in <module>
    download_task
NameError: name 'download_task' is not defined
[2025-05-31 17:58:11,941] {processor.py:656} WARNING - No viable dags retrieved from /opt/airflow/dags/gcs_upload_dag.py
[2025-05-31 17:58:11,966] {processor.py:171} INFO - Processing /opt/airflow/dags/gcs_upload_dag.py took 2.221 seconds
[2025-05-31 17:58:22,869] {processor.py:163} INFO - Started process (PID=377) to work on /opt/airflow/dags/gcs_upload_dag.py
[2025-05-31 17:58:22,871] {processor.py:642} INFO - Processing file /opt/airflow/dags/gcs_upload_dag.py for tasks to queue
[2025-05-31 17:58:22,873] {logging_mixin.py:109} INFO - [2025-05-31 17:58:22,873] {dagbag.py:500} INFO - Filling up the DagBag from /opt/airflow/dags/gcs_upload_dag.py
[2025-05-31 17:58:25,000] {logging_mixin.py:109} INFO - [2025-05-31 17:58:24,951] {dagbag.py:334} ERROR - Failed to import: /opt/airflow/dags/gcs_upload_dag.py
Traceback (most recent call last):
  File "/home/airflow/.local/lib/python3.6/site-packages/airflow/models/dagbag.py", line 331, in _load_modules_from_file
    loader.exec_module(new_module)
  File "<frozen importlib._bootstrap_external>", line 678, in exec_module
  File "<frozen importlib._bootstrap>", line 219, in _call_with_frames_removed
  File "/opt/airflow/dags/gcs_upload_dag.py", line 103, in <module>
    download_dataset_task <<
NameError: name 'download_dataset_task' is not defined
[2025-05-31 17:58:25,053] {processor.py:656} WARNING - No viable dags retrieved from /opt/airflow/dags/gcs_upload_dag.py
[2025-05-31 17:58:25,075] {processor.py:171} INFO - Processing /opt/airflow/dags/gcs_upload_dag.py took 2.213 seconds
[2025-05-31 17:58:27,122] {processor.py:163} INFO - Started process (PID=390) to work on /opt/airflow/dags/gcs_upload_dag.py
[2025-05-31 17:58:27,125] {processor.py:642} INFO - Processing file /opt/airflow/dags/gcs_upload_dag.py for tasks to queue
[2025-05-31 17:58:27,127] {logging_mixin.py:109} INFO - [2025-05-31 17:58:27,126] {dagbag.py:500} INFO - Filling up the DagBag from /opt/airflow/dags/gcs_upload_dag.py
[2025-05-31 17:58:27,171] {logging_mixin.py:109} INFO - [2025-05-31 17:58:27,169] {dagbag.py:334} ERROR - Failed to import: /opt/airflow/dags/gcs_upload_dag.py
Traceback (most recent call last):
  File "/home/airflow/.local/lib/python3.6/site-packages/airflow/models/dagbag.py", line 331, in _load_modules_from_file
    loader.exec_module(new_module)
  File "<frozen importlib._bootstrap_external>", line 674, in exec_module
  File "<frozen importlib._bootstrap_external>", line 781, in get_code
  File "<frozen importlib._bootstrap_external>", line 741, in source_to_code
  File "<frozen importlib._bootstrap>", line 219, in _call_with_frames_removed
  File "/opt/airflow/dags/gcs_upload_dag.py", line 103
    download_dataset_task <<
                            ^
SyntaxError: invalid syntax
[2025-05-31 17:58:27,203] {processor.py:656} WARNING - No viable dags retrieved from /opt/airflow/dags/gcs_upload_dag.py
[2025-05-31 17:58:27,222] {processor.py:171} INFO - Processing /opt/airflow/dags/gcs_upload_dag.py took 0.106 seconds
[2025-05-31 17:58:58,254] {processor.py:163} INFO - Started process (PID=415) to work on /opt/airflow/dags/gcs_upload_dag.py
[2025-05-31 17:58:58,257] {processor.py:642} INFO - Processing file /opt/airflow/dags/gcs_upload_dag.py for tasks to queue
[2025-05-31 17:58:58,259] {logging_mixin.py:109} INFO - [2025-05-31 17:58:58,259] {dagbag.py:500} INFO - Filling up the DagBag from /opt/airflow/dags/gcs_upload_dag.py
[2025-05-31 17:58:58,303] {logging_mixin.py:109} INFO - [2025-05-31 17:58:58,301] {dagbag.py:334} ERROR - Failed to import: /opt/airflow/dags/gcs_upload_dag.py
Traceback (most recent call last):
  File "/home/airflow/.local/lib/python3.6/site-packages/airflow/models/dagbag.py", line 331, in _load_modules_from_file
    loader.exec_module(new_module)
  File "<frozen importlib._bootstrap_external>", line 674, in exec_module
  File "<frozen importlib._bootstrap_external>", line 781, in get_code
  File "<frozen importlib._bootstrap_external>", line 741, in source_to_code
  File "<frozen importlib._bootstrap>", line 219, in _call_with_frames_removed
  File "/opt/airflow/dags/gcs_upload_dag.py", line 103
    download_dataset_task <<
                            ^
SyntaxError: invalid syntax
[2025-05-31 17:58:58,334] {processor.py:656} WARNING - No viable dags retrieved from /opt/airflow/dags/gcs_upload_dag.py
[2025-05-31 17:58:58,351] {processor.py:171} INFO - Processing /opt/airflow/dags/gcs_upload_dag.py took 0.104 seconds
[2025-05-31 17:59:28,544] {processor.py:163} INFO - Started process (PID=440) to work on /opt/airflow/dags/gcs_upload_dag.py
[2025-05-31 17:59:28,549] {processor.py:642} INFO - Processing file /opt/airflow/dags/gcs_upload_dag.py for tasks to queue
[2025-05-31 17:59:28,553] {logging_mixin.py:109} INFO - [2025-05-31 17:59:28,553] {dagbag.py:500} INFO - Filling up the DagBag from /opt/airflow/dags/gcs_upload_dag.py
[2025-05-31 17:59:28,619] {logging_mixin.py:109} INFO - [2025-05-31 17:59:28,617] {dagbag.py:334} ERROR - Failed to import: /opt/airflow/dags/gcs_upload_dag.py
Traceback (most recent call last):
  File "/home/airflow/.local/lib/python3.6/site-packages/airflow/models/dagbag.py", line 331, in _load_modules_from_file
    loader.exec_module(new_module)
  File "<frozen importlib._bootstrap_external>", line 674, in exec_module
  File "<frozen importlib._bootstrap_external>", line 781, in get_code
  File "<frozen importlib._bootstrap_external>", line 741, in source_to_code
  File "<frozen importlib._bootstrap>", line 219, in _call_with_frames_removed
  File "/opt/airflow/dags/gcs_upload_dag.py", line 103
    download_dataset_task <<
                            ^
SyntaxError: invalid syntax
[2025-05-31 17:59:28,665] {processor.py:656} WARNING - No viable dags retrieved from /opt/airflow/dags/gcs_upload_dag.py
[2025-05-31 17:59:28,687] {processor.py:171} INFO - Processing /opt/airflow/dags/gcs_upload_dag.py took 0.157 seconds
[2025-05-31 17:59:50,557] {processor.py:163} INFO - Started process (PID=455) to work on /opt/airflow/dags/gcs_upload_dag.py
[2025-05-31 17:59:50,561] {processor.py:642} INFO - Processing file /opt/airflow/dags/gcs_upload_dag.py for tasks to queue
[2025-05-31 17:59:50,564] {logging_mixin.py:109} INFO - [2025-05-31 17:59:50,564] {dagbag.py:500} INFO - Filling up the DagBag from /opt/airflow/dags/gcs_upload_dag.py
[2025-05-31 17:59:53,042] {processor.py:656} WARNING - No viable dags retrieved from /opt/airflow/dags/gcs_upload_dag.py
[2025-05-31 17:59:53,069] {processor.py:171} INFO - Processing /opt/airflow/dags/gcs_upload_dag.py took 2.535 seconds
[2025-05-31 18:00:23,222] {processor.py:163} INFO - Started process (PID=497) to work on /opt/airflow/dags/gcs_upload_dag.py
[2025-05-31 18:00:23,225] {processor.py:642} INFO - Processing file /opt/airflow/dags/gcs_upload_dag.py for tasks to queue
[2025-05-31 18:00:23,227] {logging_mixin.py:109} INFO - [2025-05-31 18:00:23,226] {dagbag.py:500} INFO - Filling up the DagBag from /opt/airflow/dags/gcs_upload_dag.py
[2025-05-31 18:00:25,235] {processor.py:656} WARNING - No viable dags retrieved from /opt/airflow/dags/gcs_upload_dag.py
[2025-05-31 18:00:25,244] {processor.py:171} INFO - Processing /opt/airflow/dags/gcs_upload_dag.py took 2.029 seconds
[2025-05-31 18:00:55,388] {processor.py:163} INFO - Started process (PID=528) to work on /opt/airflow/dags/gcs_upload_dag.py
[2025-05-31 18:00:55,390] {processor.py:642} INFO - Processing file /opt/airflow/dags/gcs_upload_dag.py for tasks to queue
[2025-05-31 18:00:55,391] {logging_mixin.py:109} INFO - [2025-05-31 18:00:55,391] {dagbag.py:500} INFO - Filling up the DagBag from /opt/airflow/dags/gcs_upload_dag.py
[2025-05-31 18:00:57,102] {processor.py:656} WARNING - No viable dags retrieved from /opt/airflow/dags/gcs_upload_dag.py
[2025-05-31 18:00:57,112] {processor.py:171} INFO - Processing /opt/airflow/dags/gcs_upload_dag.py took 1.730 seconds
[2025-05-31 18:01:27,437] {processor.py:163} INFO - Started process (PID=561) to work on /opt/airflow/dags/gcs_upload_dag.py
[2025-05-31 18:01:27,440] {processor.py:642} INFO - Processing file /opt/airflow/dags/gcs_upload_dag.py for tasks to queue
[2025-05-31 18:01:27,442] {logging_mixin.py:109} INFO - [2025-05-31 18:01:27,442] {dagbag.py:500} INFO - Filling up the DagBag from /opt/airflow/dags/gcs_upload_dag.py
[2025-05-31 18:01:29,382] {processor.py:656} WARNING - No viable dags retrieved from /opt/airflow/dags/gcs_upload_dag.py
[2025-05-31 18:01:29,390] {processor.py:171} INFO - Processing /opt/airflow/dags/gcs_upload_dag.py took 1.959 seconds
[2025-05-31 18:01:59,485] {processor.py:163} INFO - Started process (PID=598) to work on /opt/airflow/dags/gcs_upload_dag.py
[2025-05-31 18:01:59,487] {processor.py:642} INFO - Processing file /opt/airflow/dags/gcs_upload_dag.py for tasks to queue
[2025-05-31 18:01:59,489] {logging_mixin.py:109} INFO - [2025-05-31 18:01:59,489] {dagbag.py:500} INFO - Filling up the DagBag from /opt/airflow/dags/gcs_upload_dag.py
[2025-05-31 18:02:01,028] {processor.py:656} WARNING - No viable dags retrieved from /opt/airflow/dags/gcs_upload_dag.py
[2025-05-31 18:02:01,036] {processor.py:171} INFO - Processing /opt/airflow/dags/gcs_upload_dag.py took 1.556 seconds
[2025-05-31 18:02:31,155] {processor.py:163} INFO - Started process (PID=631) to work on /opt/airflow/dags/gcs_upload_dag.py
[2025-05-31 18:02:31,159] {processor.py:642} INFO - Processing file /opt/airflow/dags/gcs_upload_dag.py for tasks to queue
[2025-05-31 18:02:31,161] {logging_mixin.py:109} INFO - [2025-05-31 18:02:31,160] {dagbag.py:500} INFO - Filling up the DagBag from /opt/airflow/dags/gcs_upload_dag.py
[2025-05-31 18:02:32,604] {processor.py:656} WARNING - No viable dags retrieved from /opt/airflow/dags/gcs_upload_dag.py
[2025-05-31 18:02:32,612] {processor.py:171} INFO - Processing /opt/airflow/dags/gcs_upload_dag.py took 1.464 seconds
[2025-05-31 18:03:03,397] {processor.py:163} INFO - Started process (PID=664) to work on /opt/airflow/dags/gcs_upload_dag.py
[2025-05-31 18:03:03,399] {processor.py:642} INFO - Processing file /opt/airflow/dags/gcs_upload_dag.py for tasks to queue
[2025-05-31 18:03:03,401] {logging_mixin.py:109} INFO - [2025-05-31 18:03:03,401] {dagbag.py:500} INFO - Filling up the DagBag from /opt/airflow/dags/gcs_upload_dag.py
[2025-05-31 18:03:04,857] {processor.py:656} WARNING - No viable dags retrieved from /opt/airflow/dags/gcs_upload_dag.py
[2025-05-31 18:03:04,864] {processor.py:171} INFO - Processing /opt/airflow/dags/gcs_upload_dag.py took 1.474 seconds
[2025-05-31 18:03:35,577] {processor.py:163} INFO - Started process (PID=697) to work on /opt/airflow/dags/gcs_upload_dag.py
[2025-05-31 18:03:35,579] {processor.py:642} INFO - Processing file /opt/airflow/dags/gcs_upload_dag.py for tasks to queue
[2025-05-31 18:03:35,581] {logging_mixin.py:109} INFO - [2025-05-31 18:03:35,581] {dagbag.py:500} INFO - Filling up the DagBag from /opt/airflow/dags/gcs_upload_dag.py
[2025-05-31 18:03:37,044] {processor.py:656} WARNING - No viable dags retrieved from /opt/airflow/dags/gcs_upload_dag.py
[2025-05-31 18:03:37,050] {processor.py:171} INFO - Processing /opt/airflow/dags/gcs_upload_dag.py took 1.478 seconds
[2025-05-31 18:04:07,974] {processor.py:163} INFO - Started process (PID=740) to work on /opt/airflow/dags/gcs_upload_dag.py
[2025-05-31 18:04:07,977] {processor.py:642} INFO - Processing file /opt/airflow/dags/gcs_upload_dag.py for tasks to queue
[2025-05-31 18:04:07,979] {logging_mixin.py:109} INFO - [2025-05-31 18:04:07,979] {dagbag.py:500} INFO - Filling up the DagBag from /opt/airflow/dags/gcs_upload_dag.py
[2025-05-31 18:04:09,509] {processor.py:656} WARNING - No viable dags retrieved from /opt/airflow/dags/gcs_upload_dag.py
[2025-05-31 18:04:09,516] {processor.py:171} INFO - Processing /opt/airflow/dags/gcs_upload_dag.py took 1.548 seconds
[2025-05-31 18:04:40,161] {processor.py:163} INFO - Started process (PID=773) to work on /opt/airflow/dags/gcs_upload_dag.py
[2025-05-31 18:04:40,163] {processor.py:642} INFO - Processing file /opt/airflow/dags/gcs_upload_dag.py for tasks to queue
[2025-05-31 18:04:40,164] {logging_mixin.py:109} INFO - [2025-05-31 18:04:40,164] {dagbag.py:500} INFO - Filling up the DagBag from /opt/airflow/dags/gcs_upload_dag.py
[2025-05-31 18:04:41,593] {processor.py:656} WARNING - No viable dags retrieved from /opt/airflow/dags/gcs_upload_dag.py
[2025-05-31 18:04:41,602] {processor.py:171} INFO - Processing /opt/airflow/dags/gcs_upload_dag.py took 1.446 seconds
[2025-05-31 18:05:12,670] {processor.py:163} INFO - Started process (PID=806) to work on /opt/airflow/dags/gcs_upload_dag.py
[2025-05-31 18:05:12,673] {processor.py:642} INFO - Processing file /opt/airflow/dags/gcs_upload_dag.py for tasks to queue
[2025-05-31 18:05:12,675] {logging_mixin.py:109} INFO - [2025-05-31 18:05:12,675] {dagbag.py:500} INFO - Filling up the DagBag from /opt/airflow/dags/gcs_upload_dag.py
[2025-05-31 18:05:14,200] {processor.py:656} WARNING - No viable dags retrieved from /opt/airflow/dags/gcs_upload_dag.py
[2025-05-31 18:05:14,207] {processor.py:171} INFO - Processing /opt/airflow/dags/gcs_upload_dag.py took 1.541 seconds
[2025-05-31 18:05:44,279] {processor.py:163} INFO - Started process (PID=839) to work on /opt/airflow/dags/gcs_upload_dag.py
[2025-05-31 18:05:44,281] {processor.py:642} INFO - Processing file /opt/airflow/dags/gcs_upload_dag.py for tasks to queue
[2025-05-31 18:05:44,283] {logging_mixin.py:109} INFO - [2025-05-31 18:05:44,283] {dagbag.py:500} INFO - Filling up the DagBag from /opt/airflow/dags/gcs_upload_dag.py
[2025-05-31 18:05:45,924] {processor.py:656} WARNING - No viable dags retrieved from /opt/airflow/dags/gcs_upload_dag.py
[2025-05-31 18:05:45,930] {processor.py:171} INFO - Processing /opt/airflow/dags/gcs_upload_dag.py took 1.658 seconds
[2025-05-31 18:06:16,721] {processor.py:163} INFO - Started process (PID=882) to work on /opt/airflow/dags/gcs_upload_dag.py
[2025-05-31 18:06:16,723] {processor.py:642} INFO - Processing file /opt/airflow/dags/gcs_upload_dag.py for tasks to queue
[2025-05-31 18:06:16,725] {logging_mixin.py:109} INFO - [2025-05-31 18:06:16,725] {dagbag.py:500} INFO - Filling up the DagBag from /opt/airflow/dags/gcs_upload_dag.py
[2025-05-31 18:06:18,245] {processor.py:656} WARNING - No viable dags retrieved from /opt/airflow/dags/gcs_upload_dag.py
[2025-05-31 18:06:18,252] {processor.py:171} INFO - Processing /opt/airflow/dags/gcs_upload_dag.py took 1.541 seconds
[2025-05-31 18:06:48,437] {processor.py:163} INFO - Started process (PID=915) to work on /opt/airflow/dags/gcs_upload_dag.py
[2025-05-31 18:06:48,440] {processor.py:642} INFO - Processing file /opt/airflow/dags/gcs_upload_dag.py for tasks to queue
[2025-05-31 18:06:48,441] {logging_mixin.py:109} INFO - [2025-05-31 18:06:48,441] {dagbag.py:500} INFO - Filling up the DagBag from /opt/airflow/dags/gcs_upload_dag.py
[2025-05-31 18:06:49,960] {processor.py:656} WARNING - No viable dags retrieved from /opt/airflow/dags/gcs_upload_dag.py
[2025-05-31 18:06:49,969] {processor.py:171} INFO - Processing /opt/airflow/dags/gcs_upload_dag.py took 1.540 seconds
[2025-05-31 18:07:20,068] {processor.py:163} INFO - Started process (PID=948) to work on /opt/airflow/dags/gcs_upload_dag.py
[2025-05-31 18:07:20,071] {processor.py:642} INFO - Processing file /opt/airflow/dags/gcs_upload_dag.py for tasks to queue
[2025-05-31 18:07:20,072] {logging_mixin.py:109} INFO - [2025-05-31 18:07:20,072] {dagbag.py:500} INFO - Filling up the DagBag from /opt/airflow/dags/gcs_upload_dag.py
[2025-05-31 18:07:21,427] {processor.py:656} WARNING - No viable dags retrieved from /opt/airflow/dags/gcs_upload_dag.py
[2025-05-31 18:07:21,433] {processor.py:171} INFO - Processing /opt/airflow/dags/gcs_upload_dag.py took 1.370 seconds
[2025-05-31 18:07:51,513] {processor.py:163} INFO - Started process (PID=981) to work on /opt/airflow/dags/gcs_upload_dag.py
[2025-05-31 18:07:51,516] {processor.py:642} INFO - Processing file /opt/airflow/dags/gcs_upload_dag.py for tasks to queue
[2025-05-31 18:07:51,517] {logging_mixin.py:109} INFO - [2025-05-31 18:07:51,517] {dagbag.py:500} INFO - Filling up the DagBag from /opt/airflow/dags/gcs_upload_dag.py
[2025-05-31 18:07:53,013] {processor.py:656} WARNING - No viable dags retrieved from /opt/airflow/dags/gcs_upload_dag.py
[2025-05-31 18:07:53,019] {processor.py:171} INFO - Processing /opt/airflow/dags/gcs_upload_dag.py took 1.511 seconds
[2025-05-31 18:08:23,110] {processor.py:163} INFO - Started process (PID=1025) to work on /opt/airflow/dags/gcs_upload_dag.py
[2025-05-31 18:08:23,112] {processor.py:642} INFO - Processing file /opt/airflow/dags/gcs_upload_dag.py for tasks to queue
[2025-05-31 18:08:23,114] {logging_mixin.py:109} INFO - [2025-05-31 18:08:23,114] {dagbag.py:500} INFO - Filling up the DagBag from /opt/airflow/dags/gcs_upload_dag.py
[2025-05-31 18:08:24,825] {processor.py:656} WARNING - No viable dags retrieved from /opt/airflow/dags/gcs_upload_dag.py
[2025-05-31 18:08:24,833] {processor.py:171} INFO - Processing /opt/airflow/dags/gcs_upload_dag.py took 1.729 seconds
[2025-05-31 18:08:55,602] {processor.py:163} INFO - Started process (PID=1058) to work on /opt/airflow/dags/gcs_upload_dag.py
[2025-05-31 18:08:55,604] {processor.py:642} INFO - Processing file /opt/airflow/dags/gcs_upload_dag.py for tasks to queue
[2025-05-31 18:08:55,606] {logging_mixin.py:109} INFO - [2025-05-31 18:08:55,605] {dagbag.py:500} INFO - Filling up the DagBag from /opt/airflow/dags/gcs_upload_dag.py
[2025-05-31 18:08:57,019] {processor.py:656} WARNING - No viable dags retrieved from /opt/airflow/dags/gcs_upload_dag.py
[2025-05-31 18:08:57,026] {processor.py:171} INFO - Processing /opt/airflow/dags/gcs_upload_dag.py took 1.429 seconds
[2025-05-31 18:09:27,961] {processor.py:163} INFO - Started process (PID=1091) to work on /opt/airflow/dags/gcs_upload_dag.py
[2025-05-31 18:09:27,963] {processor.py:642} INFO - Processing file /opt/airflow/dags/gcs_upload_dag.py for tasks to queue
[2025-05-31 18:09:27,964] {logging_mixin.py:109} INFO - [2025-05-31 18:09:27,964] {dagbag.py:500} INFO - Filling up the DagBag from /opt/airflow/dags/gcs_upload_dag.py
[2025-05-31 18:09:29,440] {processor.py:656} WARNING - No viable dags retrieved from /opt/airflow/dags/gcs_upload_dag.py
[2025-05-31 18:09:29,447] {processor.py:171} INFO - Processing /opt/airflow/dags/gcs_upload_dag.py took 1.493 seconds
[2025-05-31 18:10:00,133] {processor.py:163} INFO - Started process (PID=1134) to work on /opt/airflow/dags/gcs_upload_dag.py
[2025-05-31 18:10:00,135] {processor.py:642} INFO - Processing file /opt/airflow/dags/gcs_upload_dag.py for tasks to queue
[2025-05-31 18:10:00,136] {logging_mixin.py:109} INFO - [2025-05-31 18:10:00,136] {dagbag.py:500} INFO - Filling up the DagBag from /opt/airflow/dags/gcs_upload_dag.py
[2025-05-31 18:10:01,507] {processor.py:656} WARNING - No viable dags retrieved from /opt/airflow/dags/gcs_upload_dag.py
[2025-05-31 18:10:01,515] {processor.py:171} INFO - Processing /opt/airflow/dags/gcs_upload_dag.py took 1.538 seconds
[2025-05-31 18:10:32,396] {processor.py:163} INFO - Started process (PID=1167) to work on /opt/airflow/dags/gcs_upload_dag.py
[2025-05-31 18:10:32,398] {processor.py:642} INFO - Processing file /opt/airflow/dags/gcs_upload_dag.py for tasks to queue
[2025-05-31 18:10:32,399] {logging_mixin.py:109} INFO - [2025-05-31 18:10:32,399] {dagbag.py:500} INFO - Filling up the DagBag from /opt/airflow/dags/gcs_upload_dag.py
[2025-05-31 18:10:33,772] {processor.py:656} WARNING - No viable dags retrieved from /opt/airflow/dags/gcs_upload_dag.py
[2025-05-31 18:10:33,778] {processor.py:171} INFO - Processing /opt/airflow/dags/gcs_upload_dag.py took 1.388 seconds
[2025-05-31 18:11:03,851] {processor.py:163} INFO - Started process (PID=1200) to work on /opt/airflow/dags/gcs_upload_dag.py
[2025-05-31 18:11:03,854] {processor.py:642} INFO - Processing file /opt/airflow/dags/gcs_upload_dag.py for tasks to queue
[2025-05-31 18:11:03,855] {logging_mixin.py:109} INFO - [2025-05-31 18:11:03,855] {dagbag.py:500} INFO - Filling up the DagBag from /opt/airflow/dags/gcs_upload_dag.py
[2025-05-31 18:11:05,282] {processor.py:656} WARNING - No viable dags retrieved from /opt/airflow/dags/gcs_upload_dag.py
[2025-05-31 18:11:05,302] {processor.py:171} INFO - Processing /opt/airflow/dags/gcs_upload_dag.py took 1.456 seconds
[2025-05-31 18:11:35,447] {processor.py:163} INFO - Started process (PID=1233) to work on /opt/airflow/dags/gcs_upload_dag.py
[2025-05-31 18:11:35,450] {processor.py:642} INFO - Processing file /opt/airflow/dags/gcs_upload_dag.py for tasks to queue
[2025-05-31 18:11:35,452] {logging_mixin.py:109} INFO - [2025-05-31 18:11:35,451] {dagbag.py:500} INFO - Filling up the DagBag from /opt/airflow/dags/gcs_upload_dag.py
[2025-05-31 18:11:36,812] {processor.py:656} WARNING - No viable dags retrieved from /opt/airflow/dags/gcs_upload_dag.py
[2025-05-31 18:11:36,821] {processor.py:171} INFO - Processing /opt/airflow/dags/gcs_upload_dag.py took 1.380 seconds
[2025-05-31 18:12:07,478] {processor.py:163} INFO - Started process (PID=1276) to work on /opt/airflow/dags/gcs_upload_dag.py
[2025-05-31 18:12:07,480] {processor.py:642} INFO - Processing file /opt/airflow/dags/gcs_upload_dag.py for tasks to queue
[2025-05-31 18:12:07,482] {logging_mixin.py:109} INFO - [2025-05-31 18:12:07,481] {dagbag.py:500} INFO - Filling up the DagBag from /opt/airflow/dags/gcs_upload_dag.py
[2025-05-31 18:12:09,032] {processor.py:656} WARNING - No viable dags retrieved from /opt/airflow/dags/gcs_upload_dag.py
[2025-05-31 18:12:09,039] {processor.py:171} INFO - Processing /opt/airflow/dags/gcs_upload_dag.py took 1.566 seconds
[2025-05-31 18:12:39,109] {processor.py:163} INFO - Started process (PID=1309) to work on /opt/airflow/dags/gcs_upload_dag.py
[2025-05-31 18:12:39,111] {processor.py:642} INFO - Processing file /opt/airflow/dags/gcs_upload_dag.py for tasks to queue
[2025-05-31 18:12:39,113] {logging_mixin.py:109} INFO - [2025-05-31 18:12:39,113] {dagbag.py:500} INFO - Filling up the DagBag from /opt/airflow/dags/gcs_upload_dag.py
[2025-05-31 18:12:40,500] {processor.py:656} WARNING - No viable dags retrieved from /opt/airflow/dags/gcs_upload_dag.py
[2025-05-31 18:12:40,508] {processor.py:171} INFO - Processing /opt/airflow/dags/gcs_upload_dag.py took 1.404 seconds
[2025-05-31 18:13:10,573] {processor.py:163} INFO - Started process (PID=1342) to work on /opt/airflow/dags/gcs_upload_dag.py
[2025-05-31 18:13:10,575] {processor.py:642} INFO - Processing file /opt/airflow/dags/gcs_upload_dag.py for tasks to queue
[2025-05-31 18:13:10,577] {logging_mixin.py:109} INFO - [2025-05-31 18:13:10,577] {dagbag.py:500} INFO - Filling up the DagBag from /opt/airflow/dags/gcs_upload_dag.py
[2025-05-31 18:13:11,920] {processor.py:656} WARNING - No viable dags retrieved from /opt/airflow/dags/gcs_upload_dag.py
[2025-05-31 18:13:11,927] {processor.py:171} INFO - Processing /opt/airflow/dags/gcs_upload_dag.py took 1.360 seconds
[2025-05-31 18:13:41,991] {processor.py:163} INFO - Started process (PID=1375) to work on /opt/airflow/dags/gcs_upload_dag.py
[2025-05-31 18:13:41,993] {processor.py:642} INFO - Processing file /opt/airflow/dags/gcs_upload_dag.py for tasks to queue
[2025-05-31 18:13:41,994] {logging_mixin.py:109} INFO - [2025-05-31 18:13:41,994] {dagbag.py:500} INFO - Filling up the DagBag from /opt/airflow/dags/gcs_upload_dag.py
[2025-05-31 18:13:43,336] {processor.py:656} WARNING - No viable dags retrieved from /opt/airflow/dags/gcs_upload_dag.py
[2025-05-31 18:13:43,342] {processor.py:171} INFO - Processing /opt/airflow/dags/gcs_upload_dag.py took 1.356 seconds
[2025-05-31 18:14:13,464] {processor.py:163} INFO - Started process (PID=1415) to work on /opt/airflow/dags/gcs_upload_dag.py
[2025-05-31 18:14:13,466] {processor.py:642} INFO - Processing file /opt/airflow/dags/gcs_upload_dag.py for tasks to queue
[2025-05-31 18:14:13,469] {logging_mixin.py:109} INFO - [2025-05-31 18:14:13,469] {dagbag.py:500} INFO - Filling up the DagBag from /opt/airflow/dags/gcs_upload_dag.py
[2025-05-31 18:14:14,960] {processor.py:656} WARNING - No viable dags retrieved from /opt/airflow/dags/gcs_upload_dag.py
[2025-05-31 18:14:14,967] {processor.py:171} INFO - Processing /opt/airflow/dags/gcs_upload_dag.py took 1.509 seconds
[2025-05-31 18:14:45,493] {processor.py:163} INFO - Started process (PID=1451) to work on /opt/airflow/dags/gcs_upload_dag.py
[2025-05-31 18:14:45,497] {processor.py:642} INFO - Processing file /opt/airflow/dags/gcs_upload_dag.py for tasks to queue
[2025-05-31 18:14:45,499] {logging_mixin.py:109} INFO - [2025-05-31 18:14:45,498] {dagbag.py:500} INFO - Filling up the DagBag from /opt/airflow/dags/gcs_upload_dag.py
[2025-05-31 18:14:47,122] {processor.py:656} WARNING - No viable dags retrieved from /opt/airflow/dags/gcs_upload_dag.py
[2025-05-31 18:14:47,130] {processor.py:171} INFO - Processing /opt/airflow/dags/gcs_upload_dag.py took 1.644 seconds
[2025-05-31 18:15:18,123] {processor.py:163} INFO - Started process (PID=1484) to work on /opt/airflow/dags/gcs_upload_dag.py
[2025-05-31 18:15:18,126] {processor.py:642} INFO - Processing file /opt/airflow/dags/gcs_upload_dag.py for tasks to queue
[2025-05-31 18:15:18,128] {logging_mixin.py:109} INFO - [2025-05-31 18:15:18,127] {dagbag.py:500} INFO - Filling up the DagBag from /opt/airflow/dags/gcs_upload_dag.py
[2025-05-31 18:15:19,763] {processor.py:656} WARNING - No viable dags retrieved from /opt/airflow/dags/gcs_upload_dag.py
[2025-05-31 18:15:19,772] {processor.py:171} INFO - Processing /opt/airflow/dags/gcs_upload_dag.py took 1.657 seconds
[2025-05-31 18:15:50,044] {processor.py:163} INFO - Started process (PID=1517) to work on /opt/airflow/dags/gcs_upload_dag.py
[2025-05-31 18:15:50,047] {processor.py:642} INFO - Processing file /opt/airflow/dags/gcs_upload_dag.py for tasks to queue
[2025-05-31 18:15:50,049] {logging_mixin.py:109} INFO - [2025-05-31 18:15:50,049] {dagbag.py:500} INFO - Filling up the DagBag from /opt/airflow/dags/gcs_upload_dag.py
[2025-05-31 18:15:53,380] {processor.py:656} WARNING - No viable dags retrieved from /opt/airflow/dags/gcs_upload_dag.py
[2025-05-31 18:15:53,390] {processor.py:171} INFO - Processing /opt/airflow/dags/gcs_upload_dag.py took 3.357 seconds
[2025-05-31 18:16:23,532] {processor.py:163} INFO - Started process (PID=1550) to work on /opt/airflow/dags/gcs_upload_dag.py
[2025-05-31 18:16:23,535] {processor.py:642} INFO - Processing file /opt/airflow/dags/gcs_upload_dag.py for tasks to queue
[2025-05-31 18:16:23,537] {logging_mixin.py:109} INFO - [2025-05-31 18:16:23,537] {dagbag.py:500} INFO - Filling up the DagBag from /opt/airflow/dags/gcs_upload_dag.py
[2025-05-31 18:16:25,073] {processor.py:656} WARNING - No viable dags retrieved from /opt/airflow/dags/gcs_upload_dag.py
[2025-05-31 18:16:25,083] {processor.py:171} INFO - Processing /opt/airflow/dags/gcs_upload_dag.py took 1.558 seconds
