[2025-06-30 23:43:00,464] {taskinstance.py:1032} INFO - Dependencies all met for <TaskInstance: data_ingestion_gcs_dag.download_dataset_task scheduled__2025-06-29T00:00:00+00:00 [queued]>
[2025-06-30 23:43:00,474] {taskinstance.py:1032} INFO - Dependencies all met for <TaskInstance: data_ingestion_gcs_dag.download_dataset_task scheduled__2025-06-29T00:00:00+00:00 [queued]>
[2025-06-30 23:43:00,475] {taskinstance.py:1238} INFO - 
--------------------------------------------------------------------------------
[2025-06-30 23:43:00,476] {taskinstance.py:1239} INFO - Starting attempt 1 of 6
[2025-06-30 23:43:00,476] {taskinstance.py:1240} INFO - 
--------------------------------------------------------------------------------
[2025-06-30 23:43:00,489] {taskinstance.py:1259} INFO - Executing <Task(BashOperator): download_dataset_task> on 2025-06-29 00:00:00+00:00
[2025-06-30 23:43:00,494] {standard_task_runner.py:52} INFO - Started process 1499 to run task
[2025-06-30 23:43:00,498] {standard_task_runner.py:76} INFO - Running: ['***', 'tasks', 'run', 'data_ingestion_gcs_dag', 'download_dataset_task', 'scheduled__2025-06-29T00:00:00+00:00', '--job-id', '8', '--raw', '--subdir', 'DAGS_FOLDER/gcs_upload_dag.py', '--cfg-path', '/tmp/tmptgerypmi', '--error-file', '/tmp/tmp6x29ut4j']
[2025-06-30 23:43:00,502] {standard_task_runner.py:77} INFO - Job 8: Subtask download_dataset_task
[2025-06-30 23:43:00,564] {logging_mixin.py:109} INFO - Running <TaskInstance: data_ingestion_gcs_dag.download_dataset_task scheduled__2025-06-29T00:00:00+00:00 [running]> on host 7ae2679b4a2f
[2025-06-30 23:43:00,622] {taskinstance.py:1426} INFO - Exporting the following env vars:
AIRFLOW_CTX_DAG_OWNER=***
AIRFLOW_CTX_DAG_ID=data_ingestion_gcs_dag
AIRFLOW_CTX_TASK_ID=download_dataset_task
AIRFLOW_CTX_EXECUTION_DATE=2025-06-29T00:00:00+00:00
AIRFLOW_CTX_DAG_RUN_ID=scheduled__2025-06-29T00:00:00+00:00
[2025-06-30 23:43:00,624] {subprocess.py:62} INFO - Tmp dir root location: 
 /tmp
[2025-06-30 23:43:00,626] {subprocess.py:74} INFO - Running command: ['bash', '-c', 'curl -sS https://s3.amazonaws.com/nyc-tlc/trip+data/yellow_tripdata_2021-01.parquet > /opt/***/yellow_tripdata_2021-01.parquet']
[2025-06-30 23:43:00,635] {subprocess.py:85} INFO - Output:
[2025-06-30 23:43:01,120] {subprocess.py:93} INFO - Command exited with return code 0
[2025-06-30 23:43:01,149] {taskinstance.py:1277} INFO - Marking task as SUCCESS. dag_id=data_ingestion_gcs_dag, task_id=download_dataset_task, execution_date=20250629T000000, start_date=20250630T234300, end_date=20250630T234301
[2025-06-30 23:43:01,199] {local_task_job.py:154} INFO - Task exited with return code 0
[2025-06-30 23:43:01,252] {local_task_job.py:264} INFO - 0 downstream tasks scheduled from follow-on schedule check
