[2025-12-17 11:00:22,281] {taskinstance.py:1032} INFO - Dependencies all met for <TaskInstance: data_ingestion_gcs_dag.local_to_gcs_task manual__2025-12-17T10:38:27.844399+00:00 [queued]>
[2025-12-17 11:00:22,292] {taskinstance.py:1032} INFO - Dependencies all met for <TaskInstance: data_ingestion_gcs_dag.local_to_gcs_task manual__2025-12-17T10:38:27.844399+00:00 [queued]>
[2025-12-17 11:00:22,293] {taskinstance.py:1238} INFO - 
--------------------------------------------------------------------------------
[2025-12-17 11:00:22,293] {taskinstance.py:1239} INFO - Starting attempt 1 of 6
[2025-12-17 11:00:22,294] {taskinstance.py:1240} INFO - 
--------------------------------------------------------------------------------
[2025-12-17 11:00:22,310] {taskinstance.py:1259} INFO - Executing <Task(PythonOperator): local_to_gcs_task> on 2025-12-17 10:38:27.844399+00:00
[2025-12-17 11:00:22,318] {standard_task_runner.py:76} INFO - Running: ['***', 'tasks', 'run', 'data_ingestion_gcs_dag', 'local_to_gcs_task', 'manual__2025-12-17T10:38:27.844399+00:00', '--job-id', '131', '--raw', '--subdir', 'DAGS_FOLDER/gcs_upload_dag.py', '--cfg-path', '/tmp/tmpuv594hv1', '--error-file', '/tmp/tmpd7s7uec7']
[2025-12-17 11:00:22,315] {standard_task_runner.py:52} INFO - Started process 1937 to run task
[2025-12-17 11:00:22,321] {standard_task_runner.py:77} INFO - Job 131: Subtask local_to_gcs_task
[2025-12-17 11:00:22,384] {logging_mixin.py:109} INFO - Running <TaskInstance: data_ingestion_gcs_dag.local_to_gcs_task manual__2025-12-17T10:38:27.844399+00:00 [running]> on host 895ccf5f478f
[2025-12-17 11:00:22,448] {taskinstance.py:1426} INFO - Exporting the following env vars:
AIRFLOW_CTX_DAG_OWNER=***
AIRFLOW_CTX_DAG_ID=data_ingestion_gcs_dag
AIRFLOW_CTX_TASK_ID=local_to_gcs_task
AIRFLOW_CTX_EXECUTION_DATE=2025-12-17T10:38:27.844399+00:00
AIRFLOW_CTX_DAG_RUN_ID=manual__2025-12-17T10:38:27.844399+00:00
[2025-12-17 11:00:22,982] {python.py:175} INFO - Done. Returned value was: None
[2025-12-17 11:00:22,998] {taskinstance.py:1277} INFO - Marking task as SUCCESS. dag_id=data_ingestion_gcs_dag, task_id=local_to_gcs_task, execution_date=20251217T103827, start_date=20251217T110022, end_date=20251217T110022
[2025-12-17 11:00:23,061] {local_task_job.py:154} INFO - Task exited with return code 0
[2025-12-17 11:00:23,109] {local_task_job.py:264} INFO - 1 downstream tasks scheduled from follow-on schedule check
