[2025-12-20T16:05:25.965+0000] {taskinstance.py:1956} INFO - Dependencies all met for dep_context=non-requeueable deps ti=<TaskInstance: green_taxi_data.download_dataset scheduled__2024-01-02T00:00:00+00:00 map_index=0 [queued]>
[2025-12-20T16:05:25.976+0000] {taskinstance.py:1956} INFO - Dependencies all met for dep_context=requeueable deps ti=<TaskInstance: green_taxi_data.download_dataset scheduled__2024-01-02T00:00:00+00:00 map_index=0 [queued]>
[2025-12-20T16:05:25.976+0000] {taskinstance.py:2170} INFO - Starting attempt 1 of 2
[2025-12-20T16:05:25.998+0000] {taskinstance.py:2191} INFO - Executing <Mapped(BashOperator): download_dataset> on 2024-01-02 00:00:00+00:00
[2025-12-20T16:05:26.005+0000] {standard_task_runner.py:60} INFO - Started process 1944 to run task
[2025-12-20T16:05:26.009+0000] {standard_task_runner.py:87} INFO - Running: ['***', 'tasks', 'run', 'green_taxi_data', 'download_dataset', 'scheduled__2024-01-02T00:00:00+00:00', '--job-id', '192', '--raw', '--subdir', 'DAGS_FOLDER/gcs_upload_dag.py', '--cfg-path', '/tmp/tmpw6f905jj', '--map-index', '0']
[2025-12-20T16:05:26.011+0000] {standard_task_runner.py:88} INFO - Job 192: Subtask download_dataset
[2025-12-20T16:05:26.036+0000] {logging_mixin.py:188} WARNING - /home/***/.local/lib/python3.8/site-packages/***/settings.py:194 DeprecationWarning: The sql_alchemy_conn option in [core] has been moved to the sql_alchemy_conn option in [database] - the old setting has been used, but please update your config.
[2025-12-20T16:05:26.089+0000] {task_command.py:423} INFO - Running <TaskInstance: green_taxi_data.download_dataset scheduled__2024-01-02T00:00:00+00:00 map_index=0 [running]> on host d7ce9969e07d
[2025-12-20T16:05:26.202+0000] {taskinstance.py:2480} INFO - Exporting env vars: AIRFLOW_CTX_DAG_OWNER='***' AIRFLOW_CTX_DAG_ID='green_taxi_data' AIRFLOW_CTX_TASK_ID='download_dataset' AIRFLOW_CTX_EXECUTION_DATE='2024-01-02T00:00:00+00:00' AIRFLOW_CTX_TRY_NUMBER='1' AIRFLOW_CTX_DAG_RUN_ID='scheduled__2024-01-02T00:00:00+00:00'
[2025-12-20T16:05:26.206+0000] {subprocess.py:63} INFO - Tmp dir root location: /tmp
[2025-12-20T16:05:26.208+0000] {subprocess.py:75} INFO - Running command: ['/usr/bin/bash', '-c', "curl -sS https://d37ci6vzurychx.cloudfront.net/trip-data/['fhv_tripdata_2019-01'].parquet/fhv_tripdata_2019-01 > /opt/***/fhv_tripdata_2019-01"]
[2025-12-20T16:05:26.228+0000] {subprocess.py:86} INFO - Output:
[2025-12-20T16:05:26.243+0000] {subprocess.py:93} INFO - curl: (3) bad range in URL position 50:
[2025-12-20T16:05:26.244+0000] {subprocess.py:93} INFO - https://d37ci6vzurychx.cloudfront.net/trip-data/[fhv_tripdata_2019-01].parquet/fhv_tripdata_2019-01
[2025-12-20T16:05:26.245+0000] {subprocess.py:93} INFO -                                                  ^
[2025-12-20T16:05:26.245+0000] {subprocess.py:97} INFO - Command exited with return code 3
[2025-12-20T16:05:26.266+0000] {taskinstance.py:2698} ERROR - Task failed with exception
Traceback (most recent call last):
  File "/home/airflow/.local/lib/python3.8/site-packages/airflow/models/taskinstance.py", line 433, in _execute_task
    result = execute_callable(context=context, **execute_callable_kwargs)
  File "/home/airflow/.local/lib/python3.8/site-packages/airflow/operators/bash.py", line 212, in execute
    raise AirflowException(
airflow.exceptions.AirflowException: Bash command failed. The command returned a non-zero exit code 3.
[2025-12-20T16:05:26.271+0000] {taskinstance.py:1138} INFO - Marking task as UP_FOR_RETRY. dag_id=green_taxi_data, task_id=download_dataset, map_index=0, execution_date=20240102T000000, start_date=20251220T160525, end_date=20251220T160526
[2025-12-20T16:05:26.294+0000] {standard_task_runner.py:107} ERROR - Failed to execute job 192 for task download_dataset (Bash command failed. The command returned a non-zero exit code 3.; 1944)
[2025-12-20T16:05:26.345+0000] {local_task_job_runner.py:234} INFO - Task exited with return code 1
[2025-12-20T16:05:26.383+0000] {taskinstance.py:3280} INFO - 0 downstream tasks scheduled from follow-on schedule check
