[2025-12-17 11:25:55,486] {taskinstance.py:1032} INFO - Dependencies all met for <TaskInstance: data_ingestion_gcs_dag.bigquery_external_table_task manual__2025-12-17T10:40:51.029144+00:00 [queued]>
[2025-12-17 11:25:55,501] {taskinstance.py:1032} INFO - Dependencies all met for <TaskInstance: data_ingestion_gcs_dag.bigquery_external_table_task manual__2025-12-17T10:40:51.029144+00:00 [queued]>
[2025-12-17 11:25:55,501] {taskinstance.py:1238} INFO - 
--------------------------------------------------------------------------------
[2025-12-17 11:25:55,502] {taskinstance.py:1239} INFO - Starting attempt 1 of 6
[2025-12-17 11:25:55,503] {taskinstance.py:1240} INFO - 
--------------------------------------------------------------------------------
[2025-12-17 11:25:55,518] {taskinstance.py:1259} INFO - Executing <Task(BigQueryCreateExternalTableOperator): bigquery_external_table_task> on 2025-12-17 10:40:51.029144+00:00
[2025-12-17 11:25:55,529] {standard_task_runner.py:76} INFO - Running: ['***', 'tasks', 'run', 'data_ingestion_gcs_dag', 'bigquery_external_table_task', 'manual__2025-12-17T10:40:51.029144+00:00', '--job-id', '141', '--raw', '--subdir', 'DAGS_FOLDER/gcs_upload_dag.py', '--cfg-path', '/tmp/tmps5iw5u6c', '--error-file', '/tmp/tmpjboi0hnb']
[2025-12-17 11:25:55,524] {standard_task_runner.py:52} INFO - Started process 393 to run task
[2025-12-17 11:25:55,534] {standard_task_runner.py:77} INFO - Job 141: Subtask bigquery_external_table_task
[2025-12-17 11:25:55,599] {logging_mixin.py:109} INFO - Running <TaskInstance: data_ingestion_gcs_dag.bigquery_external_table_task manual__2025-12-17T10:40:51.029144+00:00 [running]> on host 6590710187c5
[2025-12-17 11:25:55,662] {taskinstance.py:1426} INFO - Exporting the following env vars:
AIRFLOW_CTX_DAG_OWNER=***
AIRFLOW_CTX_DAG_ID=data_ingestion_gcs_dag
AIRFLOW_CTX_TASK_ID=bigquery_external_table_task
AIRFLOW_CTX_EXECUTION_DATE=2025-12-17T10:40:51.029144+00:00
AIRFLOW_CTX_DAG_RUN_ID=manual__2025-12-17T10:40:51.029144+00:00
[2025-12-17 11:25:55,665] {crypto.py:82} WARNING - empty cryptography key - values will not be stored encrypted.
[2025-12-17 11:25:57,050] {taskinstance.py:1277} INFO - Marking task as SUCCESS. dag_id=data_ingestion_gcs_dag, task_id=bigquery_external_table_task, execution_date=20251217T104051, start_date=20251217T112555, end_date=20251217T112557
[2025-12-17 11:25:57,163] {local_task_job.py:154} INFO - Task exited with return code 0
[2025-12-17 11:25:57,241] {local_task_job.py:264} INFO - 0 downstream tasks scheduled from follow-on schedule check
