[2025-12-06 17:28:54,928] {taskinstance.py:1032} INFO - Dependencies all met for <TaskInstance: data_ingestion_gcs_dag.local_to_gcs_task manual__2025-12-06T17:28:46.780631+00:00 [queued]>
[2025-12-06 17:28:54,955] {taskinstance.py:1032} INFO - Dependencies all met for <TaskInstance: data_ingestion_gcs_dag.local_to_gcs_task manual__2025-12-06T17:28:46.780631+00:00 [queued]>
[2025-12-06 17:28:54,956] {taskinstance.py:1238} INFO - 
--------------------------------------------------------------------------------
[2025-12-06 17:28:54,957] {taskinstance.py:1239} INFO - Starting attempt 1 of 6
[2025-12-06 17:28:54,958] {taskinstance.py:1240} INFO - 
--------------------------------------------------------------------------------
[2025-12-06 17:28:54,992] {taskinstance.py:1259} INFO - Executing <Task(PythonOperator): local_to_gcs_task> on 2025-12-06 17:28:46.780631+00:00
[2025-12-06 17:28:55,016] {standard_task_runner.py:52} INFO - Started process 921 to run task
[2025-12-06 17:28:55,028] {standard_task_runner.py:76} INFO - Running: ['***', 'tasks', 'run', 'data_ingestion_gcs_dag', 'local_to_gcs_task', 'manual__2025-12-06T17:28:46.780631+00:00', '--job-id', '113', '--raw', '--subdir', 'DAGS_FOLDER/gcs_upload_dag.py', '--cfg-path', '/tmp/tmpwu_x50ca', '--error-file', '/tmp/tmpggyskjqc']
[2025-12-06 17:28:55,038] {standard_task_runner.py:77} INFO - Job 113: Subtask local_to_gcs_task
[2025-12-06 17:28:55,182] {logging_mixin.py:109} INFO - Running <TaskInstance: data_ingestion_gcs_dag.local_to_gcs_task manual__2025-12-06T17:28:46.780631+00:00 [running]> on host 64aaf9db09b9
[2025-12-06 17:28:55,293] {taskinstance.py:1426} INFO - Exporting the following env vars:
AIRFLOW_CTX_DAG_OWNER=***
AIRFLOW_CTX_DAG_ID=data_ingestion_gcs_dag
AIRFLOW_CTX_TASK_ID=local_to_gcs_task
AIRFLOW_CTX_EXECUTION_DATE=2025-12-06T17:28:46.780631+00:00
AIRFLOW_CTX_DAG_RUN_ID=manual__2025-12-06T17:28:46.780631+00:00
[2025-12-06 17:28:55,909] {python.py:175} INFO - Done. Returned value was: None
[2025-12-06 17:28:55,959] {taskinstance.py:1277} INFO - Marking task as SUCCESS. dag_id=data_ingestion_gcs_dag, task_id=local_to_gcs_task, execution_date=20251206T172846, start_date=20251206T172854, end_date=20251206T172855
[2025-12-06 17:28:56,062] {local_task_job.py:154} INFO - Task exited with return code 0
[2025-12-06 17:28:56,207] {local_task_job.py:264} INFO - 1 downstream tasks scheduled from follow-on schedule check
