[2025-12-20T15:49:33.614+0000] {taskinstance.py:1956} INFO - Dependencies all met for dep_context=non-requeueable deps ti=<TaskInstance: fhv_taxi_data.rm_task scheduled__2024-01-10T00:00:00+00:00 [queued]>
[2025-12-20T15:49:33.645+0000] {taskinstance.py:1956} INFO - Dependencies all met for dep_context=requeueable deps ti=<TaskInstance: fhv_taxi_data.rm_task scheduled__2024-01-10T00:00:00+00:00 [queued]>
[2025-12-20T15:49:33.648+0000] {taskinstance.py:2170} INFO - Starting attempt 2 of 2
[2025-12-20T15:49:33.706+0000] {taskinstance.py:2191} INFO - Executing <Task(BashOperator): rm_task> on 2024-01-10 00:00:00+00:00
[2025-12-20T15:49:33.718+0000] {standard_task_runner.py:60} INFO - Started process 1164 to run task
[2025-12-20T15:49:33.733+0000] {standard_task_runner.py:87} INFO - Running: ['***', 'tasks', 'run', 'fhv_taxi_data', 'rm_task', 'scheduled__2024-01-10T00:00:00+00:00', '--job-id', '186', '--raw', '--subdir', 'DAGS_FOLDER/gcs_upload_dag.py', '--cfg-path', '/tmp/tmpmsigjhg2']
[2025-12-20T15:49:33.736+0000] {standard_task_runner.py:88} INFO - Job 186: Subtask rm_task
[2025-12-20T15:49:33.794+0000] {logging_mixin.py:188} WARNING - /home/***/.local/lib/python3.8/site-packages/***/settings.py:194 DeprecationWarning: The sql_alchemy_conn option in [core] has been moved to the sql_alchemy_conn option in [database] - the old setting has been used, but please update your config.
[2025-12-20T15:49:33.944+0000] {task_command.py:423} INFO - Running <TaskInstance: fhv_taxi_data.rm_task scheduled__2024-01-10T00:00:00+00:00 [running]> on host d7ce9969e07d
[2025-12-20T15:49:34.259+0000] {taskinstance.py:2480} INFO - Exporting env vars: AIRFLOW_CTX_DAG_OWNER='***' AIRFLOW_CTX_DAG_ID='fhv_taxi_data' AIRFLOW_CTX_TASK_ID='rm_task' AIRFLOW_CTX_EXECUTION_DATE='2024-01-10T00:00:00+00:00' AIRFLOW_CTX_TRY_NUMBER='2' AIRFLOW_CTX_DAG_RUN_ID='scheduled__2024-01-10T00:00:00+00:00'
[2025-12-20T15:49:34.268+0000] {subprocess.py:63} INFO - Tmp dir root location: /tmp
[2025-12-20T15:49:34.270+0000] {subprocess.py:75} INFO - Running command: ['/usr/bin/bash', '-c', 'rm /opt/***/*']
[2025-12-20T15:49:34.304+0000] {subprocess.py:86} INFO - Output:
[2025-12-20T15:49:34.317+0000] {subprocess.py:93} INFO - rm: cannot remove '/opt/***/credentials': Is a directory
[2025-12-20T15:49:34.321+0000] {subprocess.py:93} INFO - rm: cannot remove '/opt/***/dags': Is a directory
[2025-12-20T15:49:34.323+0000] {subprocess.py:93} INFO - rm: cannot remove '/opt/***/logs': Is a directory
[2025-12-20T15:49:34.336+0000] {subprocess.py:93} INFO - rm: cannot remove '/opt/***/plugins': Is a directory
[2025-12-20T15:49:34.338+0000] {subprocess.py:97} INFO - Command exited with return code 1
[2025-12-20T15:49:34.379+0000] {taskinstance.py:2698} ERROR - Task failed with exception
Traceback (most recent call last):
  File "/home/airflow/.local/lib/python3.8/site-packages/airflow/models/taskinstance.py", line 433, in _execute_task
    result = execute_callable(context=context, **execute_callable_kwargs)
  File "/home/airflow/.local/lib/python3.8/site-packages/airflow/operators/bash.py", line 212, in execute
    raise AirflowException(
airflow.exceptions.AirflowException: Bash command failed. The command returned a non-zero exit code 1.
[2025-12-20T15:49:34.393+0000] {taskinstance.py:1138} INFO - Marking task as FAILED. dag_id=fhv_taxi_data, task_id=rm_task, execution_date=20240110T000000, start_date=20251220T154933, end_date=20251220T154934
[2025-12-20T15:49:34.434+0000] {standard_task_runner.py:107} ERROR - Failed to execute job 186 for task rm_task (Bash command failed. The command returned a non-zero exit code 1.; 1164)
[2025-12-20T15:49:34.467+0000] {local_task_job_runner.py:234} INFO - Task exited with return code 1
[2025-12-20T15:49:34.493+0000] {taskinstance.py:3280} INFO - 0 downstream tasks scheduled from follow-on schedule check
