[2025-12-17 11:25:51,130] {taskinstance.py:1032} INFO - Dependencies all met for <TaskInstance: data_ingestion_gcs_dag.local_to_gcs_task manual__2025-12-17T10:40:51.029144+00:00 [queued]>
[2025-12-17 11:25:51,143] {taskinstance.py:1032} INFO - Dependencies all met for <TaskInstance: data_ingestion_gcs_dag.local_to_gcs_task manual__2025-12-17T10:40:51.029144+00:00 [queued]>
[2025-12-17 11:25:51,144] {taskinstance.py:1238} INFO - 
--------------------------------------------------------------------------------
[2025-12-17 11:25:51,146] {taskinstance.py:1239} INFO - Starting attempt 1 of 6
[2025-12-17 11:25:51,147] {taskinstance.py:1240} INFO - 
--------------------------------------------------------------------------------
[2025-12-17 11:25:51,163] {taskinstance.py:1259} INFO - Executing <Task(PythonOperator): local_to_gcs_task> on 2025-12-17 10:40:51.029144+00:00
[2025-12-17 11:25:51,173] {standard_task_runner.py:76} INFO - Running: ['***', 'tasks', 'run', 'data_ingestion_gcs_dag', 'local_to_gcs_task', 'manual__2025-12-17T10:40:51.029144+00:00', '--job-id', '140', '--raw', '--subdir', 'DAGS_FOLDER/gcs_upload_dag.py', '--cfg-path', '/tmp/tmppl9ymmd9', '--error-file', '/tmp/tmpt5b_zgjd']
[2025-12-17 11:25:51,169] {standard_task_runner.py:52} INFO - Started process 383 to run task
[2025-12-17 11:25:51,179] {standard_task_runner.py:77} INFO - Job 140: Subtask local_to_gcs_task
[2025-12-17 11:25:51,244] {logging_mixin.py:109} INFO - Running <TaskInstance: data_ingestion_gcs_dag.local_to_gcs_task manual__2025-12-17T10:40:51.029144+00:00 [running]> on host 6590710187c5
[2025-12-17 11:25:51,307] {taskinstance.py:1426} INFO - Exporting the following env vars:
AIRFLOW_CTX_DAG_OWNER=***
AIRFLOW_CTX_DAG_ID=data_ingestion_gcs_dag
AIRFLOW_CTX_TASK_ID=local_to_gcs_task
AIRFLOW_CTX_EXECUTION_DATE=2025-12-17T10:40:51.029144+00:00
AIRFLOW_CTX_DAG_RUN_ID=manual__2025-12-17T10:40:51.029144+00:00
[2025-12-17 11:25:52,967] {python.py:175} INFO - Done. Returned value was: None
[2025-12-17 11:25:52,997] {taskinstance.py:1277} INFO - Marking task as SUCCESS. dag_id=data_ingestion_gcs_dag, task_id=local_to_gcs_task, execution_date=20251217T104051, start_date=20251217T112551, end_date=20251217T112552
[2025-12-17 11:25:53,052] {local_task_job.py:154} INFO - Task exited with return code 0
[2025-12-17 11:25:53,120] {local_task_job.py:264} INFO - 1 downstream tasks scheduled from follow-on schedule check
