[2025-07-13 19:30:24,393] {taskinstance.py:1032} INFO - Dependencies all met for <TaskInstance: data_ingestion_gcs_dag.download_dataset_task scheduled__2025-07-12T00:00:00+00:00 [queued]>
[2025-07-13 19:30:24,415] {taskinstance.py:1032} INFO - Dependencies all met for <TaskInstance: data_ingestion_gcs_dag.download_dataset_task scheduled__2025-07-12T00:00:00+00:00 [queued]>
[2025-07-13 19:30:24,416] {taskinstance.py:1238} INFO - 
--------------------------------------------------------------------------------
[2025-07-13 19:30:24,417] {taskinstance.py:1239} INFO - Starting attempt 1 of 6
[2025-07-13 19:30:24,418] {taskinstance.py:1240} INFO - 
--------------------------------------------------------------------------------
[2025-07-13 19:30:24,443] {taskinstance.py:1259} INFO - Executing <Task(BashOperator): download_dataset_task> on 2025-07-12 00:00:00+00:00
[2025-07-13 19:30:24,453] {standard_task_runner.py:52} INFO - Started process 251 to run task
[2025-07-13 19:30:24,460] {standard_task_runner.py:76} INFO - Running: ['***', 'tasks', 'run', 'data_ingestion_gcs_dag', 'download_dataset_task', 'scheduled__2025-07-12T00:00:00+00:00', '--job-id', '46', '--raw', '--subdir', 'DAGS_FOLDER/gcs_upload_dag.py', '--cfg-path', '/tmp/tmpdejmmyk0', '--error-file', '/tmp/tmpwnxsvl2g']
[2025-07-13 19:30:24,470] {standard_task_runner.py:77} INFO - Job 46: Subtask download_dataset_task
[2025-07-13 19:30:24,625] {logging_mixin.py:109} INFO - Running <TaskInstance: data_ingestion_gcs_dag.download_dataset_task scheduled__2025-07-12T00:00:00+00:00 [running]> on host 306dcfc116d3
[2025-07-13 19:30:24,767] {taskinstance.py:1426} INFO - Exporting the following env vars:
AIRFLOW_CTX_DAG_OWNER=***
AIRFLOW_CTX_DAG_ID=data_ingestion_gcs_dag
AIRFLOW_CTX_TASK_ID=download_dataset_task
AIRFLOW_CTX_EXECUTION_DATE=2025-07-12T00:00:00+00:00
AIRFLOW_CTX_DAG_RUN_ID=scheduled__2025-07-12T00:00:00+00:00
[2025-07-13 19:30:24,773] {subprocess.py:62} INFO - Tmp dir root location: 
 /tmp
[2025-07-13 19:30:24,776] {subprocess.py:74} INFO - Running command: ['bash', '-c', 'curl -sS https://s3.amazonaws.com/nyc-tlc/trip+data/yellow_tripdata_2021-01.parquet > /opt/***/yellow_tripdata_2021-01.parquet']
[2025-07-13 19:30:24,791] {subprocess.py:85} INFO - Output:
[2025-07-13 19:30:24,127] {subprocess.py:93} INFO - Command exited with return code 0
[2025-07-13 19:30:22,887] {taskinstance.py:1277} INFO - Marking task as SUCCESS. dag_id=data_ingestion_gcs_dag, task_id=download_dataset_task, execution_date=20250712T000000, start_date=20250713T193024, end_date=20250713T193022
[2025-07-13 19:30:22,952] {local_task_job.py:154} INFO - Task exited with return code 0
[2025-07-13 19:30:23,056] {local_task_job.py:264} INFO - 1 downstream tasks scheduled from follow-on schedule check
