[2025-12-26T09:35:51.957+0000] {taskinstance.py:1956} INFO - Dependencies all met for dep_context=non-requeueable deps ti=<TaskInstance: zones_taxi_data.local_to_gcs_task scheduled__2024-01-03T00:00:00+00:00 map_index=0 [queued]>
[2025-12-26T09:35:51.981+0000] {taskinstance.py:1956} INFO - Dependencies all met for dep_context=requeueable deps ti=<TaskInstance: zones_taxi_data.local_to_gcs_task scheduled__2024-01-03T00:00:00+00:00 map_index=0 [queued]>
[2025-12-26T09:35:51.982+0000] {taskinstance.py:2170} INFO - Starting attempt 1 of 2
[2025-12-26T09:35:52.032+0000] {taskinstance.py:2191} INFO - Executing <Mapped(PythonOperator): local_to_gcs_task> on 2024-01-03 00:00:00+00:00
[2025-12-26T09:35:52.048+0000] {standard_task_runner.py:60} INFO - Started process 877 to run task
[2025-12-26T09:35:52.060+0000] {standard_task_runner.py:87} INFO - Running: ['***', 'tasks', 'run', 'zones_taxi_data', 'local_to_gcs_task', 'scheduled__2024-01-03T00:00:00+00:00', '--job-id', '319', '--raw', '--subdir', 'DAGS_FOLDER/gcs_upload_dag.py', '--cfg-path', '/tmp/tmpdfppowyc', '--map-index', '0']
[2025-12-26T09:35:52.066+0000] {standard_task_runner.py:88} INFO - Job 319: Subtask local_to_gcs_task
[2025-12-26T09:35:52.119+0000] {logging_mixin.py:188} WARNING - /home/***/.local/lib/python3.8/site-packages/***/settings.py:194 DeprecationWarning: The sql_alchemy_conn option in [core] has been moved to the sql_alchemy_conn option in [database] - the old setting has been used, but please update your config.
[2025-12-26T09:35:52.209+0000] {task_command.py:423} INFO - Running <TaskInstance: zones_taxi_data.local_to_gcs_task scheduled__2024-01-03T00:00:00+00:00 map_index=0 [running]> on host 3abe3b9ee2bb
[2025-12-26T09:35:52.396+0000] {taskinstance.py:2480} INFO - Exporting env vars: AIRFLOW_CTX_DAG_OWNER='***' AIRFLOW_CTX_DAG_ID='zones_taxi_data' AIRFLOW_CTX_TASK_ID='local_to_gcs_task' AIRFLOW_CTX_EXECUTION_DATE='2024-01-03T00:00:00+00:00' AIRFLOW_CTX_TRY_NUMBER='1' AIRFLOW_CTX_DAG_RUN_ID='scheduled__2024-01-03T00:00:00+00:00'
[2025-12-26T09:35:52.615+0000] {taskinstance.py:2698} ERROR - Task failed with exception
Traceback (most recent call last):
  File "/home/airflow/.local/lib/python3.8/site-packages/airflow/models/taskinstance.py", line 433, in _execute_task
    result = execute_callable(context=context, **execute_callable_kwargs)
  File "/home/airflow/.local/lib/python3.8/site-packages/airflow/operators/python.py", line 199, in execute
    return_value = self.execute_callable()
  File "/home/airflow/.local/lib/python3.8/site-packages/airflow/operators/python.py", line 216, in execute_callable
    return self.python_callable(*self.op_args, **self.op_kwargs)
  File "/opt/airflow/dags/gcs_upload_dag.py", line 45, in upload_to_gcs
    blob.upload_from_filename(local_file)
  File "/home/airflow/.local/lib/python3.8/site-packages/google/cloud/storage/blob.py", line 2929, in upload_from_filename
    self._handle_filename_and_upload(
  File "/home/airflow/.local/lib/python3.8/site-packages/google/cloud/storage/blob.py", line 2797, in _handle_filename_and_upload
    with open(filename, "rb") as file_obj:
FileNotFoundError: [Errno 2] No such file or directory: '/opt/airflow/taxi_zone_lookup.csv'
[2025-12-26T09:35:52.641+0000] {taskinstance.py:1138} INFO - Marking task as UP_FOR_RETRY. dag_id=zones_taxi_data, task_id=local_to_gcs_task, map_index=0, execution_date=20240103T000000, start_date=20251226T093551, end_date=20251226T093552
[2025-12-26T09:35:52.668+0000] {standard_task_runner.py:107} ERROR - Failed to execute job 319 for task local_to_gcs_task ([Errno 2] No such file or directory: '/opt/airflow/taxi_zone_lookup.csv'; 877)
[2025-12-26T09:35:52.716+0000] {local_task_job_runner.py:234} INFO - Task exited with return code 1
[2025-12-26T09:35:52.852+0000] {taskinstance.py:3280} INFO - 0 downstream tasks scheduled from follow-on schedule check
