[2025-07-01 08:51:53,322] {taskinstance.py:1032} INFO - Dependencies all met for <TaskInstance: data_ingestion_gcs_dag.download_dataset_task manual__2025-07-01T08:21:26.689010+00:00 [queued]>
[2025-07-01 08:51:53,349] {taskinstance.py:1032} INFO - Dependencies all met for <TaskInstance: data_ingestion_gcs_dag.download_dataset_task manual__2025-07-01T08:21:26.689010+00:00 [queued]>
[2025-07-01 08:51:53,351] {taskinstance.py:1238} INFO - 
--------------------------------------------------------------------------------
[2025-07-01 08:51:53,352] {taskinstance.py:1239} INFO - Starting attempt 1 of 6
[2025-07-01 08:51:53,353] {taskinstance.py:1240} INFO - 
--------------------------------------------------------------------------------
[2025-07-01 08:51:53,380] {taskinstance.py:1259} INFO - Executing <Task(BashOperator): download_dataset_task> on 2025-07-01 08:21:26.689010+00:00
[2025-07-01 08:51:53,397] {standard_task_runner.py:76} INFO - Running: ['***', 'tasks', 'run', 'data_ingestion_gcs_dag', 'download_dataset_task', 'manual__2025-07-01T08:21:26.689010+00:00', '--job-id', '23', '--raw', '--subdir', 'DAGS_FOLDER/gcs_upload_dag.py', '--cfg-path', '/tmp/tmp7xhyyxor', '--error-file', '/tmp/tmpwbaf6ueo']
[2025-07-01 08:51:53,389] {standard_task_runner.py:52} INFO - Started process 2808 to run task
[2025-07-01 08:51:53,405] {standard_task_runner.py:77} INFO - Job 23: Subtask download_dataset_task
[2025-07-01 08:51:53,526] {logging_mixin.py:109} INFO - Running <TaskInstance: data_ingestion_gcs_dag.download_dataset_task manual__2025-07-01T08:21:26.689010+00:00 [running]> on host 63d27f3abd09
[2025-07-01 08:51:53,639] {taskinstance.py:1426} INFO - Exporting the following env vars:
AIRFLOW_CTX_DAG_OWNER=***
AIRFLOW_CTX_DAG_ID=data_ingestion_gcs_dag
AIRFLOW_CTX_TASK_ID=download_dataset_task
AIRFLOW_CTX_EXECUTION_DATE=2025-07-01T08:21:26.689010+00:00
AIRFLOW_CTX_DAG_RUN_ID=manual__2025-07-01T08:21:26.689010+00:00
[2025-07-01 08:51:53,644] {subprocess.py:62} INFO - Tmp dir root location: 
 /tmp
[2025-07-01 08:51:53,648] {subprocess.py:74} INFO - Running command: ['bash', '-c', 'curl -sS https://s3.amazonaws.com/nyc-tlc/trip+data/yellow_tripdata_2021-01.parquet > /opt/***/yellow_tripdata_2021-01.parquet']
[2025-07-01 08:51:53,668] {subprocess.py:85} INFO - Output:
[2025-07-01 08:51:54,148] {subprocess.py:93} INFO - Command exited with return code 0
[2025-07-01 08:51:54,210] {taskinstance.py:1277} INFO - Marking task as SUCCESS. dag_id=data_ingestion_gcs_dag, task_id=download_dataset_task, execution_date=20250701T082126, start_date=20250701T085153, end_date=20250701T085154
[2025-07-01 08:51:54,267] {local_task_job.py:154} INFO - Task exited with return code 0
[2025-07-01 08:51:54,363] {local_task_job.py:264} INFO - 1 downstream tasks scheduled from follow-on schedule check
