[2025-12-06 17:28:50,288] {taskinstance.py:1032} INFO - Dependencies all met for <TaskInstance: data_ingestion_gcs_dag.download_dataset_task manual__2025-12-06T17:28:46.780631+00:00 [queued]>
[2025-12-06 17:28:50,312] {taskinstance.py:1032} INFO - Dependencies all met for <TaskInstance: data_ingestion_gcs_dag.download_dataset_task manual__2025-12-06T17:28:46.780631+00:00 [queued]>
[2025-12-06 17:28:50,313] {taskinstance.py:1238} INFO - 
--------------------------------------------------------------------------------
[2025-12-06 17:28:50,314] {taskinstance.py:1239} INFO - Starting attempt 1 of 6
[2025-12-06 17:28:50,314] {taskinstance.py:1240} INFO - 
--------------------------------------------------------------------------------
[2025-12-06 17:28:50,342] {taskinstance.py:1259} INFO - Executing <Task(BashOperator): download_dataset_task> on 2025-12-06 17:28:46.780631+00:00
[2025-12-06 17:28:50,359] {standard_task_runner.py:76} INFO - Running: ['***', 'tasks', 'run', 'data_ingestion_gcs_dag', 'download_dataset_task', 'manual__2025-12-06T17:28:46.780631+00:00', '--job-id', '112', '--raw', '--subdir', 'DAGS_FOLDER/gcs_upload_dag.py', '--cfg-path', '/tmp/tmplr9rongg', '--error-file', '/tmp/tmp84mu6nwk']
[2025-12-06 17:28:50,352] {standard_task_runner.py:52} INFO - Started process 908 to run task
[2025-12-06 17:28:50,370] {standard_task_runner.py:77} INFO - Job 112: Subtask download_dataset_task
[2025-12-06 17:28:50,493] {logging_mixin.py:109} INFO - Running <TaskInstance: data_ingestion_gcs_dag.download_dataset_task manual__2025-12-06T17:28:46.780631+00:00 [running]> on host 64aaf9db09b9
[2025-12-06 17:28:50,641] {taskinstance.py:1426} INFO - Exporting the following env vars:
AIRFLOW_CTX_DAG_OWNER=***
AIRFLOW_CTX_DAG_ID=data_ingestion_gcs_dag
AIRFLOW_CTX_TASK_ID=download_dataset_task
AIRFLOW_CTX_EXECUTION_DATE=2025-12-06T17:28:46.780631+00:00
AIRFLOW_CTX_DAG_RUN_ID=manual__2025-12-06T17:28:46.780631+00:00
[2025-12-06 17:28:50,651] {subprocess.py:62} INFO - Tmp dir root location: 
 /tmp
[2025-12-06 17:28:50,654] {subprocess.py:74} INFO - Running command: ['bash', '-c', 'curl -sS https://s3.amazonaws.com/nyc-tlc/trip+data/yellow_tripdata_2021-01.parquet > /opt/***/yellow_tripdata_2021-01.parquet']
[2025-12-06 17:28:50,675] {subprocess.py:85} INFO - Output:
[2025-12-06 17:28:51,081] {subprocess.py:93} INFO - Command exited with return code 0
[2025-12-06 17:28:51,160] {taskinstance.py:1277} INFO - Marking task as SUCCESS. dag_id=data_ingestion_gcs_dag, task_id=download_dataset_task, execution_date=20251206T172846, start_date=20251206T172850, end_date=20251206T172851
[2025-12-06 17:28:51,232] {local_task_job.py:154} INFO - Task exited with return code 0
[2025-12-06 17:28:51,322] {local_task_job.py:264} INFO - 1 downstream tasks scheduled from follow-on schedule check
