[2025-05-19 08:53:41,205] {processor.py:163} INFO - Started process (PID=241) to work on /home/airflow/.local/lib/python3.6/site-packages/airflow/example_dags/example_bash_operator.py
[2025-05-19 08:53:41,209] {processor.py:642} INFO - Processing file /home/airflow/.local/lib/python3.6/site-packages/airflow/example_dags/example_bash_operator.py for tasks to queue
[2025-05-19 08:53:41,214] {logging_mixin.py:109} INFO - [2025-05-19 08:53:41,214] {dagbag.py:500} INFO - Filling up the DagBag from /home/airflow/.local/lib/python3.6/site-packages/airflow/example_dags/example_bash_operator.py
[2025-05-19 08:53:41,545] {processor.py:654} INFO - DAG(s) dict_keys(['example_bash_operator']) retrieved from /home/airflow/.local/lib/python3.6/site-packages/airflow/example_dags/example_bash_operator.py
[2025-05-19 08:53:51,808] {logging_mixin.py:109} INFO - [2025-05-19 08:53:51,800] {manager.py:496} INFO - Created Permission View: can read on DAG:example_bash_operator
[2025-05-19 08:53:51,853] {logging_mixin.py:109} INFO - [2025-05-19 08:53:51,853] {manager.py:496} INFO - Created Permission View: can edit on DAG:example_bash_operator
[2025-05-19 08:53:51,864] {logging_mixin.py:109} INFO - [2025-05-19 08:53:51,855] {dag.py:2396} INFO - Sync 1 DAGs
[2025-05-19 08:53:52,000] {logging_mixin.py:109} INFO - [2025-05-19 08:53:51,995] {dag.py:2415} INFO - Creating ORM DAG for example_bash_operator
[2025-05-19 08:53:52,077] {logging_mixin.py:109} INFO - [2025-05-19 08:53:52,077] {dag.py:2935} INFO - Setting next_dagrun for example_bash_operator to 2025-05-18 00:00:00+00:00
[2025-05-19 08:53:52,184] {processor.py:171} INFO - Processing /home/airflow/.local/lib/python3.6/site-packages/airflow/example_dags/example_bash_operator.py took 12.483 seconds
[2025-05-19 08:55:25,414] {processor.py:163} INFO - Started process (PID=454) to work on /home/airflow/.local/lib/python3.6/site-packages/airflow/example_dags/example_bash_operator.py
[2025-05-19 08:55:25,420] {processor.py:642} INFO - Processing file /home/airflow/.local/lib/python3.6/site-packages/airflow/example_dags/example_bash_operator.py for tasks to queue
[2025-05-19 08:55:25,423] {logging_mixin.py:109} INFO - [2025-05-19 08:55:25,423] {dagbag.py:500} INFO - Filling up the DagBag from /home/airflow/.local/lib/python3.6/site-packages/airflow/example_dags/example_bash_operator.py
[2025-05-19 08:55:25,638] {processor.py:654} INFO - DAG(s) dict_keys(['example_bash_operator']) retrieved from /home/airflow/.local/lib/python3.6/site-packages/airflow/example_dags/example_bash_operator.py
[2025-05-19 08:55:25,762] {logging_mixin.py:109} INFO - [2025-05-19 08:55:25,762] {dag.py:2396} INFO - Sync 1 DAGs
[2025-05-19 08:55:26,052] {logging_mixin.py:109} INFO - [2025-05-19 08:55:26,052] {dag.py:2935} INFO - Setting next_dagrun for example_bash_operator to 2025-05-18 00:00:00+00:00
[2025-05-19 08:55:26,127] {processor.py:171} INFO - Processing /home/airflow/.local/lib/python3.6/site-packages/airflow/example_dags/example_bash_operator.py took 0.727 seconds
[2025-05-19 08:55:57,986] {processor.py:163} INFO - Started process (PID=500) to work on /home/airflow/.local/lib/python3.6/site-packages/airflow/example_dags/example_bash_operator.py
[2025-05-19 08:55:57,993] {processor.py:642} INFO - Processing file /home/airflow/.local/lib/python3.6/site-packages/airflow/example_dags/example_bash_operator.py for tasks to queue
[2025-05-19 08:55:58,001] {logging_mixin.py:109} INFO - [2025-05-19 08:55:58,000] {dagbag.py:500} INFO - Filling up the DagBag from /home/airflow/.local/lib/python3.6/site-packages/airflow/example_dags/example_bash_operator.py
[2025-05-19 08:55:58,318] {processor.py:654} INFO - DAG(s) dict_keys(['example_bash_operator']) retrieved from /home/airflow/.local/lib/python3.6/site-packages/airflow/example_dags/example_bash_operator.py
[2025-05-19 08:55:58,373] {logging_mixin.py:109} INFO - [2025-05-19 08:55:58,373] {dag.py:2396} INFO - Sync 1 DAGs
[2025-05-19 08:55:58,494] {logging_mixin.py:109} INFO - [2025-05-19 08:55:58,494] {dag.py:2935} INFO - Setting next_dagrun for example_bash_operator to 2025-05-18 00:00:00+00:00
[2025-05-19 08:55:58,541] {processor.py:171} INFO - Processing /home/airflow/.local/lib/python3.6/site-packages/airflow/example_dags/example_bash_operator.py took 0.598 seconds
[2025-05-19 08:56:29,356] {processor.py:163} INFO - Started process (PID=552) to work on /home/airflow/.local/lib/python3.6/site-packages/airflow/example_dags/example_bash_operator.py
[2025-05-19 08:56:29,360] {processor.py:642} INFO - Processing file /home/airflow/.local/lib/python3.6/site-packages/airflow/example_dags/example_bash_operator.py for tasks to queue
[2025-05-19 08:56:29,362] {logging_mixin.py:109} INFO - [2025-05-19 08:56:29,362] {dagbag.py:500} INFO - Filling up the DagBag from /home/airflow/.local/lib/python3.6/site-packages/airflow/example_dags/example_bash_operator.py
[2025-05-19 08:56:29,471] {processor.py:654} INFO - DAG(s) dict_keys(['example_bash_operator']) retrieved from /home/airflow/.local/lib/python3.6/site-packages/airflow/example_dags/example_bash_operator.py
[2025-05-19 08:56:29,505] {logging_mixin.py:109} INFO - [2025-05-19 08:56:29,505] {dag.py:2396} INFO - Sync 1 DAGs
[2025-05-19 08:56:29,557] {logging_mixin.py:109} INFO - [2025-05-19 08:56:29,556] {dag.py:2935} INFO - Setting next_dagrun for example_bash_operator to 2025-05-18 00:00:00+00:00
[2025-05-19 08:56:29,591] {processor.py:171} INFO - Processing /home/airflow/.local/lib/python3.6/site-packages/airflow/example_dags/example_bash_operator.py took 0.245 seconds
[2025-05-19 08:57:00,106] {processor.py:163} INFO - Started process (PID=603) to work on /home/airflow/.local/lib/python3.6/site-packages/airflow/example_dags/example_bash_operator.py
[2025-05-19 08:57:00,119] {processor.py:642} INFO - Processing file /home/airflow/.local/lib/python3.6/site-packages/airflow/example_dags/example_bash_operator.py for tasks to queue
[2025-05-19 08:57:00,123] {logging_mixin.py:109} INFO - [2025-05-19 08:57:00,122] {dagbag.py:500} INFO - Filling up the DagBag from /home/airflow/.local/lib/python3.6/site-packages/airflow/example_dags/example_bash_operator.py
[2025-05-19 08:57:00,233] {processor.py:654} INFO - DAG(s) dict_keys(['example_bash_operator']) retrieved from /home/airflow/.local/lib/python3.6/site-packages/airflow/example_dags/example_bash_operator.py
[2025-05-19 08:57:00,260] {logging_mixin.py:109} INFO - [2025-05-19 08:57:00,259] {dag.py:2396} INFO - Sync 1 DAGs
[2025-05-19 08:57:00,323] {logging_mixin.py:109} INFO - [2025-05-19 08:57:00,322] {dag.py:2935} INFO - Setting next_dagrun for example_bash_operator to 2025-05-18 00:00:00+00:00
[2025-05-19 08:57:00,352] {processor.py:171} INFO - Processing /home/airflow/.local/lib/python3.6/site-packages/airflow/example_dags/example_bash_operator.py took 0.293 seconds
[2025-05-19 08:57:31,146] {processor.py:163} INFO - Started process (PID=657) to work on /home/airflow/.local/lib/python3.6/site-packages/airflow/example_dags/example_bash_operator.py
[2025-05-19 08:57:31,155] {processor.py:642} INFO - Processing file /home/airflow/.local/lib/python3.6/site-packages/airflow/example_dags/example_bash_operator.py for tasks to queue
[2025-05-19 08:57:31,158] {logging_mixin.py:109} INFO - [2025-05-19 08:57:31,157] {dagbag.py:500} INFO - Filling up the DagBag from /home/airflow/.local/lib/python3.6/site-packages/airflow/example_dags/example_bash_operator.py
[2025-05-19 08:57:31,358] {processor.py:654} INFO - DAG(s) dict_keys(['example_bash_operator']) retrieved from /home/airflow/.local/lib/python3.6/site-packages/airflow/example_dags/example_bash_operator.py
[2025-05-19 08:57:31,411] {logging_mixin.py:109} INFO - [2025-05-19 08:57:31,411] {dag.py:2396} INFO - Sync 1 DAGs
[2025-05-19 08:57:31,496] {logging_mixin.py:109} INFO - [2025-05-19 08:57:31,495] {dag.py:2935} INFO - Setting next_dagrun for example_bash_operator to 2025-05-18 00:00:00+00:00
[2025-05-19 08:57:31,559] {processor.py:171} INFO - Processing /home/airflow/.local/lib/python3.6/site-packages/airflow/example_dags/example_bash_operator.py took 0.426 seconds
[2025-05-19 08:58:02,353] {processor.py:163} INFO - Started process (PID=708) to work on /home/airflow/.local/lib/python3.6/site-packages/airflow/example_dags/example_bash_operator.py
[2025-05-19 08:58:02,356] {processor.py:642} INFO - Processing file /home/airflow/.local/lib/python3.6/site-packages/airflow/example_dags/example_bash_operator.py for tasks to queue
[2025-05-19 08:58:02,357] {logging_mixin.py:109} INFO - [2025-05-19 08:58:02,357] {dagbag.py:500} INFO - Filling up the DagBag from /home/airflow/.local/lib/python3.6/site-packages/airflow/example_dags/example_bash_operator.py
[2025-05-19 08:58:02,441] {processor.py:654} INFO - DAG(s) dict_keys(['example_bash_operator']) retrieved from /home/airflow/.local/lib/python3.6/site-packages/airflow/example_dags/example_bash_operator.py
[2025-05-19 08:58:02,465] {logging_mixin.py:109} INFO - [2025-05-19 08:58:02,464] {dag.py:2396} INFO - Sync 1 DAGs
[2025-05-19 08:58:02,501] {logging_mixin.py:109} INFO - [2025-05-19 08:58:02,500] {dag.py:2935} INFO - Setting next_dagrun for example_bash_operator to 2025-05-18 00:00:00+00:00
[2025-05-19 08:58:02,520] {processor.py:171} INFO - Processing /home/airflow/.local/lib/python3.6/site-packages/airflow/example_dags/example_bash_operator.py took 0.175 seconds
[2025-05-19 08:58:32,662] {processor.py:163} INFO - Started process (PID=760) to work on /home/airflow/.local/lib/python3.6/site-packages/airflow/example_dags/example_bash_operator.py
[2025-05-19 08:58:32,664] {processor.py:642} INFO - Processing file /home/airflow/.local/lib/python3.6/site-packages/airflow/example_dags/example_bash_operator.py for tasks to queue
[2025-05-19 08:58:32,667] {logging_mixin.py:109} INFO - [2025-05-19 08:58:32,667] {dagbag.py:500} INFO - Filling up the DagBag from /home/airflow/.local/lib/python3.6/site-packages/airflow/example_dags/example_bash_operator.py
[2025-05-19 08:58:32,753] {processor.py:654} INFO - DAG(s) dict_keys(['example_bash_operator']) retrieved from /home/airflow/.local/lib/python3.6/site-packages/airflow/example_dags/example_bash_operator.py
[2025-05-19 08:58:32,779] {logging_mixin.py:109} INFO - [2025-05-19 08:58:32,779] {dag.py:2396} INFO - Sync 1 DAGs
[2025-05-19 08:58:32,823] {logging_mixin.py:109} INFO - [2025-05-19 08:58:32,823] {dag.py:2935} INFO - Setting next_dagrun for example_bash_operator to 2025-05-18 00:00:00+00:00
[2025-05-19 08:58:32,844] {processor.py:171} INFO - Processing /home/airflow/.local/lib/python3.6/site-packages/airflow/example_dags/example_bash_operator.py took 0.188 seconds
[2025-05-19 08:59:03,120] {processor.py:163} INFO - Started process (PID=813) to work on /home/airflow/.local/lib/python3.6/site-packages/airflow/example_dags/example_bash_operator.py
[2025-05-19 08:59:03,123] {processor.py:642} INFO - Processing file /home/airflow/.local/lib/python3.6/site-packages/airflow/example_dags/example_bash_operator.py for tasks to queue
[2025-05-19 08:59:03,124] {logging_mixin.py:109} INFO - [2025-05-19 08:59:03,124] {dagbag.py:500} INFO - Filling up the DagBag from /home/airflow/.local/lib/python3.6/site-packages/airflow/example_dags/example_bash_operator.py
[2025-05-19 08:59:03,187] {processor.py:654} INFO - DAG(s) dict_keys(['example_bash_operator']) retrieved from /home/airflow/.local/lib/python3.6/site-packages/airflow/example_dags/example_bash_operator.py
[2025-05-19 08:59:03,205] {logging_mixin.py:109} INFO - [2025-05-19 08:59:03,205] {dag.py:2396} INFO - Sync 1 DAGs
[2025-05-19 08:59:03,237] {logging_mixin.py:109} INFO - [2025-05-19 08:59:03,237] {dag.py:2935} INFO - Setting next_dagrun for example_bash_operator to 2025-05-18 00:00:00+00:00
[2025-05-19 08:59:03,256] {processor.py:171} INFO - Processing /home/airflow/.local/lib/python3.6/site-packages/airflow/example_dags/example_bash_operator.py took 0.144 seconds
[2025-05-19 08:59:33,636] {processor.py:163} INFO - Started process (PID=864) to work on /home/airflow/.local/lib/python3.6/site-packages/airflow/example_dags/example_bash_operator.py
[2025-05-19 08:59:33,645] {processor.py:642} INFO - Processing file /home/airflow/.local/lib/python3.6/site-packages/airflow/example_dags/example_bash_operator.py for tasks to queue
[2025-05-19 08:59:33,647] {logging_mixin.py:109} INFO - [2025-05-19 08:59:33,647] {dagbag.py:500} INFO - Filling up the DagBag from /home/airflow/.local/lib/python3.6/site-packages/airflow/example_dags/example_bash_operator.py
[2025-05-19 08:59:33,761] {processor.py:654} INFO - DAG(s) dict_keys(['example_bash_operator']) retrieved from /home/airflow/.local/lib/python3.6/site-packages/airflow/example_dags/example_bash_operator.py
[2025-05-19 08:59:33,791] {logging_mixin.py:109} INFO - [2025-05-19 08:59:33,791] {dag.py:2396} INFO - Sync 1 DAGs
[2025-05-19 08:59:33,845] {logging_mixin.py:109} INFO - [2025-05-19 08:59:33,844] {dag.py:2935} INFO - Setting next_dagrun for example_bash_operator to 2025-05-18 00:00:00+00:00
[2025-05-19 08:59:33,870] {processor.py:171} INFO - Processing /home/airflow/.local/lib/python3.6/site-packages/airflow/example_dags/example_bash_operator.py took 0.246 seconds
[2025-05-19 09:00:04,294] {processor.py:163} INFO - Started process (PID=917) to work on /home/airflow/.local/lib/python3.6/site-packages/airflow/example_dags/example_bash_operator.py
[2025-05-19 09:00:04,298] {processor.py:642} INFO - Processing file /home/airflow/.local/lib/python3.6/site-packages/airflow/example_dags/example_bash_operator.py for tasks to queue
[2025-05-19 09:00:04,301] {logging_mixin.py:109} INFO - [2025-05-19 09:00:04,300] {dagbag.py:500} INFO - Filling up the DagBag from /home/airflow/.local/lib/python3.6/site-packages/airflow/example_dags/example_bash_operator.py
[2025-05-19 09:00:04,387] {processor.py:654} INFO - DAG(s) dict_keys(['example_bash_operator']) retrieved from /home/airflow/.local/lib/python3.6/site-packages/airflow/example_dags/example_bash_operator.py
[2025-05-19 09:00:04,415] {logging_mixin.py:109} INFO - [2025-05-19 09:00:04,414] {dag.py:2396} INFO - Sync 1 DAGs
[2025-05-19 09:00:04,463] {logging_mixin.py:109} INFO - [2025-05-19 09:00:04,463] {dag.py:2935} INFO - Setting next_dagrun for example_bash_operator to 2025-05-18 00:00:00+00:00
[2025-05-19 09:00:04,486] {processor.py:171} INFO - Processing /home/airflow/.local/lib/python3.6/site-packages/airflow/example_dags/example_bash_operator.py took 0.200 seconds
[2025-05-19 09:00:35,458] {processor.py:163} INFO - Started process (PID=968) to work on /home/airflow/.local/lib/python3.6/site-packages/airflow/example_dags/example_bash_operator.py
[2025-05-19 09:00:35,462] {processor.py:642} INFO - Processing file /home/airflow/.local/lib/python3.6/site-packages/airflow/example_dags/example_bash_operator.py for tasks to queue
[2025-05-19 09:00:35,464] {logging_mixin.py:109} INFO - [2025-05-19 09:00:35,464] {dagbag.py:500} INFO - Filling up the DagBag from /home/airflow/.local/lib/python3.6/site-packages/airflow/example_dags/example_bash_operator.py
[2025-05-19 09:00:35,608] {processor.py:654} INFO - DAG(s) dict_keys(['example_bash_operator']) retrieved from /home/airflow/.local/lib/python3.6/site-packages/airflow/example_dags/example_bash_operator.py
[2025-05-19 09:00:35,643] {logging_mixin.py:109} INFO - [2025-05-19 09:00:35,642] {dag.py:2396} INFO - Sync 1 DAGs
[2025-05-19 09:00:35,711] {logging_mixin.py:109} INFO - [2025-05-19 09:00:35,711] {dag.py:2935} INFO - Setting next_dagrun for example_bash_operator to 2025-05-18 00:00:00+00:00
[2025-05-19 09:00:35,751] {processor.py:171} INFO - Processing /home/airflow/.local/lib/python3.6/site-packages/airflow/example_dags/example_bash_operator.py took 0.303 seconds
[2025-05-19 09:01:06,793] {processor.py:163} INFO - Started process (PID=1020) to work on /home/airflow/.local/lib/python3.6/site-packages/airflow/example_dags/example_bash_operator.py
[2025-05-19 09:01:06,799] {processor.py:642} INFO - Processing file /home/airflow/.local/lib/python3.6/site-packages/airflow/example_dags/example_bash_operator.py for tasks to queue
[2025-05-19 09:01:06,803] {logging_mixin.py:109} INFO - [2025-05-19 09:01:06,802] {dagbag.py:500} INFO - Filling up the DagBag from /home/airflow/.local/lib/python3.6/site-packages/airflow/example_dags/example_bash_operator.py
[2025-05-19 09:01:06,953] {processor.py:654} INFO - DAG(s) dict_keys(['example_bash_operator']) retrieved from /home/airflow/.local/lib/python3.6/site-packages/airflow/example_dags/example_bash_operator.py
[2025-05-19 09:01:07,006] {logging_mixin.py:109} INFO - [2025-05-19 09:01:07,006] {dag.py:2396} INFO - Sync 1 DAGs
[2025-05-19 09:01:07,097] {logging_mixin.py:109} INFO - [2025-05-19 09:01:07,097] {dag.py:2935} INFO - Setting next_dagrun for example_bash_operator to 2025-05-18 00:00:00+00:00
[2025-05-19 09:01:07,123] {processor.py:171} INFO - Processing /home/airflow/.local/lib/python3.6/site-packages/airflow/example_dags/example_bash_operator.py took 0.352 seconds
[2025-05-19 09:01:38,401] {processor.py:163} INFO - Started process (PID=1072) to work on /home/airflow/.local/lib/python3.6/site-packages/airflow/example_dags/example_bash_operator.py
[2025-05-19 09:01:38,405] {processor.py:642} INFO - Processing file /home/airflow/.local/lib/python3.6/site-packages/airflow/example_dags/example_bash_operator.py for tasks to queue
[2025-05-19 09:01:38,408] {logging_mixin.py:109} INFO - [2025-05-19 09:01:38,407] {dagbag.py:500} INFO - Filling up the DagBag from /home/airflow/.local/lib/python3.6/site-packages/airflow/example_dags/example_bash_operator.py
[2025-05-19 09:01:38,517] {processor.py:654} INFO - DAG(s) dict_keys(['example_bash_operator']) retrieved from /home/airflow/.local/lib/python3.6/site-packages/airflow/example_dags/example_bash_operator.py
[2025-05-19 09:01:38,564] {logging_mixin.py:109} INFO - [2025-05-19 09:01:38,563] {dag.py:2396} INFO - Sync 1 DAGs
[2025-05-19 09:01:38,636] {logging_mixin.py:109} INFO - [2025-05-19 09:01:38,636] {dag.py:2935} INFO - Setting next_dagrun for example_bash_operator to 2025-05-18 00:00:00+00:00
[2025-05-19 09:01:38,677] {processor.py:171} INFO - Processing /home/airflow/.local/lib/python3.6/site-packages/airflow/example_dags/example_bash_operator.py took 0.285 seconds
[2025-05-19 09:02:10,882] {processor.py:163} INFO - Started process (PID=1125) to work on /home/airflow/.local/lib/python3.6/site-packages/airflow/example_dags/example_bash_operator.py
[2025-05-19 09:02:10,895] {processor.py:642} INFO - Processing file /home/airflow/.local/lib/python3.6/site-packages/airflow/example_dags/example_bash_operator.py for tasks to queue
[2025-05-19 09:02:10,903] {logging_mixin.py:109} INFO - [2025-05-19 09:02:10,903] {dagbag.py:500} INFO - Filling up the DagBag from /home/airflow/.local/lib/python3.6/site-packages/airflow/example_dags/example_bash_operator.py
[2025-05-19 09:02:11,120] {processor.py:654} INFO - DAG(s) dict_keys(['example_bash_operator']) retrieved from /home/airflow/.local/lib/python3.6/site-packages/airflow/example_dags/example_bash_operator.py
[2025-05-19 09:02:11,219] {logging_mixin.py:109} INFO - [2025-05-19 09:02:11,218] {dag.py:2396} INFO - Sync 1 DAGs
[2025-05-19 09:02:11,316] {logging_mixin.py:109} INFO - [2025-05-19 09:02:11,315] {dag.py:2935} INFO - Setting next_dagrun for example_bash_operator to 2025-05-18 00:00:00+00:00
[2025-05-19 09:02:11,406] {processor.py:171} INFO - Processing /home/airflow/.local/lib/python3.6/site-packages/airflow/example_dags/example_bash_operator.py took 0.548 seconds
[2025-05-19 09:02:42,130] {processor.py:163} INFO - Started process (PID=1175) to work on /home/airflow/.local/lib/python3.6/site-packages/airflow/example_dags/example_bash_operator.py
[2025-05-19 09:02:42,133] {processor.py:642} INFO - Processing file /home/airflow/.local/lib/python3.6/site-packages/airflow/example_dags/example_bash_operator.py for tasks to queue
[2025-05-19 09:02:42,138] {logging_mixin.py:109} INFO - [2025-05-19 09:02:42,137] {dagbag.py:500} INFO - Filling up the DagBag from /home/airflow/.local/lib/python3.6/site-packages/airflow/example_dags/example_bash_operator.py
[2025-05-19 09:02:42,302] {processor.py:654} INFO - DAG(s) dict_keys(['example_bash_operator']) retrieved from /home/airflow/.local/lib/python3.6/site-packages/airflow/example_dags/example_bash_operator.py
[2025-05-19 09:02:42,395] {logging_mixin.py:109} INFO - [2025-05-19 09:02:42,395] {dag.py:2396} INFO - Sync 1 DAGs
[2025-05-19 09:02:42,491] {logging_mixin.py:109} INFO - [2025-05-19 09:02:42,490] {dag.py:2935} INFO - Setting next_dagrun for example_bash_operator to 2025-05-18 00:00:00+00:00
[2025-05-19 09:02:42,585] {processor.py:171} INFO - Processing /home/airflow/.local/lib/python3.6/site-packages/airflow/example_dags/example_bash_operator.py took 0.467 seconds
[2025-05-19 09:03:12,968] {processor.py:163} INFO - Started process (PID=1216) to work on /home/airflow/.local/lib/python3.6/site-packages/airflow/example_dags/example_bash_operator.py
[2025-05-19 09:03:12,971] {processor.py:642} INFO - Processing file /home/airflow/.local/lib/python3.6/site-packages/airflow/example_dags/example_bash_operator.py for tasks to queue
[2025-05-19 09:03:12,973] {logging_mixin.py:109} INFO - [2025-05-19 09:03:12,973] {dagbag.py:500} INFO - Filling up the DagBag from /home/airflow/.local/lib/python3.6/site-packages/airflow/example_dags/example_bash_operator.py
[2025-05-19 09:03:13,054] {processor.py:654} INFO - DAG(s) dict_keys(['example_bash_operator']) retrieved from /home/airflow/.local/lib/python3.6/site-packages/airflow/example_dags/example_bash_operator.py
[2025-05-19 09:03:13,078] {logging_mixin.py:109} INFO - [2025-05-19 09:03:13,078] {dag.py:2396} INFO - Sync 1 DAGs
[2025-05-19 09:03:13,120] {logging_mixin.py:109} INFO - [2025-05-19 09:03:13,120] {dag.py:2935} INFO - Setting next_dagrun for example_bash_operator to 2025-05-18 00:00:00+00:00
[2025-05-19 09:03:13,142] {processor.py:171} INFO - Processing /home/airflow/.local/lib/python3.6/site-packages/airflow/example_dags/example_bash_operator.py took 0.181 seconds
[2025-05-19 09:03:43,364] {processor.py:163} INFO - Started process (PID=1268) to work on /home/airflow/.local/lib/python3.6/site-packages/airflow/example_dags/example_bash_operator.py
[2025-05-19 09:03:43,379] {processor.py:642} INFO - Processing file /home/airflow/.local/lib/python3.6/site-packages/airflow/example_dags/example_bash_operator.py for tasks to queue
[2025-05-19 09:03:43,382] {logging_mixin.py:109} INFO - [2025-05-19 09:03:43,381] {dagbag.py:500} INFO - Filling up the DagBag from /home/airflow/.local/lib/python3.6/site-packages/airflow/example_dags/example_bash_operator.py
[2025-05-19 09:03:43,478] {processor.py:654} INFO - DAG(s) dict_keys(['example_bash_operator']) retrieved from /home/airflow/.local/lib/python3.6/site-packages/airflow/example_dags/example_bash_operator.py
[2025-05-19 09:03:43,501] {logging_mixin.py:109} INFO - [2025-05-19 09:03:43,501] {dag.py:2396} INFO - Sync 1 DAGs
[2025-05-19 09:03:43,553] {logging_mixin.py:109} INFO - [2025-05-19 09:03:43,553] {dag.py:2935} INFO - Setting next_dagrun for example_bash_operator to 2025-05-18 00:00:00+00:00
[2025-05-19 09:03:43,570] {processor.py:171} INFO - Processing /home/airflow/.local/lib/python3.6/site-packages/airflow/example_dags/example_bash_operator.py took 0.228 seconds
[2025-05-19 09:04:14,174] {processor.py:163} INFO - Started process (PID=1320) to work on /home/airflow/.local/lib/python3.6/site-packages/airflow/example_dags/example_bash_operator.py
[2025-05-19 09:04:14,178] {processor.py:642} INFO - Processing file /home/airflow/.local/lib/python3.6/site-packages/airflow/example_dags/example_bash_operator.py for tasks to queue
[2025-05-19 09:04:14,181] {logging_mixin.py:109} INFO - [2025-05-19 09:04:14,180] {dagbag.py:500} INFO - Filling up the DagBag from /home/airflow/.local/lib/python3.6/site-packages/airflow/example_dags/example_bash_operator.py
[2025-05-19 09:04:14,297] {processor.py:654} INFO - DAG(s) dict_keys(['example_bash_operator']) retrieved from /home/airflow/.local/lib/python3.6/site-packages/airflow/example_dags/example_bash_operator.py
[2025-05-19 09:04:14,332] {logging_mixin.py:109} INFO - [2025-05-19 09:04:14,331] {dag.py:2396} INFO - Sync 1 DAGs
[2025-05-19 09:04:14,407] {logging_mixin.py:109} INFO - [2025-05-19 09:04:14,407] {dag.py:2935} INFO - Setting next_dagrun for example_bash_operator to 2025-05-18 00:00:00+00:00
[2025-05-19 09:04:14,476] {processor.py:171} INFO - Processing /home/airflow/.local/lib/python3.6/site-packages/airflow/example_dags/example_bash_operator.py took 0.319 seconds
[2025-05-19 09:04:45,069] {processor.py:163} INFO - Started process (PID=1371) to work on /home/airflow/.local/lib/python3.6/site-packages/airflow/example_dags/example_bash_operator.py
[2025-05-19 09:04:45,076] {processor.py:642} INFO - Processing file /home/airflow/.local/lib/python3.6/site-packages/airflow/example_dags/example_bash_operator.py for tasks to queue
[2025-05-19 09:04:45,079] {logging_mixin.py:109} INFO - [2025-05-19 09:04:45,079] {dagbag.py:500} INFO - Filling up the DagBag from /home/airflow/.local/lib/python3.6/site-packages/airflow/example_dags/example_bash_operator.py
[2025-05-19 09:04:45,199] {processor.py:654} INFO - DAG(s) dict_keys(['example_bash_operator']) retrieved from /home/airflow/.local/lib/python3.6/site-packages/airflow/example_dags/example_bash_operator.py
[2025-05-19 09:04:45,237] {logging_mixin.py:109} INFO - [2025-05-19 09:04:45,236] {dag.py:2396} INFO - Sync 1 DAGs
[2025-05-19 09:04:45,298] {logging_mixin.py:109} INFO - [2025-05-19 09:04:45,297] {dag.py:2935} INFO - Setting next_dagrun for example_bash_operator to 2025-05-18 00:00:00+00:00
[2025-05-19 09:04:45,326] {processor.py:171} INFO - Processing /home/airflow/.local/lib/python3.6/site-packages/airflow/example_dags/example_bash_operator.py took 0.268 seconds
[2025-05-19 09:05:15,528] {processor.py:163} INFO - Started process (PID=1424) to work on /home/airflow/.local/lib/python3.6/site-packages/airflow/example_dags/example_bash_operator.py
[2025-05-19 09:05:15,532] {processor.py:642} INFO - Processing file /home/airflow/.local/lib/python3.6/site-packages/airflow/example_dags/example_bash_operator.py for tasks to queue
[2025-05-19 09:05:15,534] {logging_mixin.py:109} INFO - [2025-05-19 09:05:15,534] {dagbag.py:500} INFO - Filling up the DagBag from /home/airflow/.local/lib/python3.6/site-packages/airflow/example_dags/example_bash_operator.py
[2025-05-19 09:05:15,625] {processor.py:654} INFO - DAG(s) dict_keys(['example_bash_operator']) retrieved from /home/airflow/.local/lib/python3.6/site-packages/airflow/example_dags/example_bash_operator.py
[2025-05-19 09:05:15,653] {logging_mixin.py:109} INFO - [2025-05-19 09:05:15,653] {dag.py:2396} INFO - Sync 1 DAGs
[2025-05-19 09:05:15,698] {logging_mixin.py:109} INFO - [2025-05-19 09:05:15,698] {dag.py:2935} INFO - Setting next_dagrun for example_bash_operator to 2025-05-18 00:00:00+00:00
[2025-05-19 09:05:15,720] {processor.py:171} INFO - Processing /home/airflow/.local/lib/python3.6/site-packages/airflow/example_dags/example_bash_operator.py took 0.201 seconds
[2025-05-19 09:05:45,992] {processor.py:163} INFO - Started process (PID=1476) to work on /home/airflow/.local/lib/python3.6/site-packages/airflow/example_dags/example_bash_operator.py
[2025-05-19 09:05:45,994] {processor.py:642} INFO - Processing file /home/airflow/.local/lib/python3.6/site-packages/airflow/example_dags/example_bash_operator.py for tasks to queue
[2025-05-19 09:05:45,995] {logging_mixin.py:109} INFO - [2025-05-19 09:05:45,995] {dagbag.py:500} INFO - Filling up the DagBag from /home/airflow/.local/lib/python3.6/site-packages/airflow/example_dags/example_bash_operator.py
[2025-05-19 09:05:46,036] {processor.py:654} INFO - DAG(s) dict_keys(['example_bash_operator']) retrieved from /home/airflow/.local/lib/python3.6/site-packages/airflow/example_dags/example_bash_operator.py
[2025-05-19 09:05:46,049] {logging_mixin.py:109} INFO - [2025-05-19 09:05:46,049] {dag.py:2396} INFO - Sync 1 DAGs
[2025-05-19 09:05:46,076] {logging_mixin.py:109} INFO - [2025-05-19 09:05:46,076] {dag.py:2935} INFO - Setting next_dagrun for example_bash_operator to 2025-05-18 00:00:00+00:00
[2025-05-19 09:05:46,090] {processor.py:171} INFO - Processing /home/airflow/.local/lib/python3.6/site-packages/airflow/example_dags/example_bash_operator.py took 0.103 seconds
[2025-05-19 09:06:16,223] {processor.py:163} INFO - Started process (PID=1528) to work on /home/airflow/.local/lib/python3.6/site-packages/airflow/example_dags/example_bash_operator.py
[2025-05-19 09:06:16,225] {processor.py:642} INFO - Processing file /home/airflow/.local/lib/python3.6/site-packages/airflow/example_dags/example_bash_operator.py for tasks to queue
[2025-05-19 09:06:16,227] {logging_mixin.py:109} INFO - [2025-05-19 09:06:16,227] {dagbag.py:500} INFO - Filling up the DagBag from /home/airflow/.local/lib/python3.6/site-packages/airflow/example_dags/example_bash_operator.py
[2025-05-19 09:06:16,269] {processor.py:654} INFO - DAG(s) dict_keys(['example_bash_operator']) retrieved from /home/airflow/.local/lib/python3.6/site-packages/airflow/example_dags/example_bash_operator.py
[2025-05-19 09:06:16,284] {logging_mixin.py:109} INFO - [2025-05-19 09:06:16,284] {dag.py:2396} INFO - Sync 1 DAGs
[2025-05-19 09:06:16,306] {logging_mixin.py:109} INFO - [2025-05-19 09:06:16,306] {dag.py:2935} INFO - Setting next_dagrun for example_bash_operator to 2025-05-18 00:00:00+00:00
[2025-05-19 09:06:16,318] {processor.py:171} INFO - Processing /home/airflow/.local/lib/python3.6/site-packages/airflow/example_dags/example_bash_operator.py took 0.098 seconds
[2025-05-19 09:06:46,772] {processor.py:163} INFO - Started process (PID=1581) to work on /home/airflow/.local/lib/python3.6/site-packages/airflow/example_dags/example_bash_operator.py
[2025-05-19 09:06:46,775] {processor.py:642} INFO - Processing file /home/airflow/.local/lib/python3.6/site-packages/airflow/example_dags/example_bash_operator.py for tasks to queue
[2025-05-19 09:06:46,777] {logging_mixin.py:109} INFO - [2025-05-19 09:06:46,777] {dagbag.py:500} INFO - Filling up the DagBag from /home/airflow/.local/lib/python3.6/site-packages/airflow/example_dags/example_bash_operator.py
[2025-05-19 09:06:46,918] {processor.py:654} INFO - DAG(s) dict_keys(['example_bash_operator']) retrieved from /home/airflow/.local/lib/python3.6/site-packages/airflow/example_dags/example_bash_operator.py
[2025-05-19 09:06:47,009] {logging_mixin.py:109} INFO - [2025-05-19 09:06:47,009] {dag.py:2396} INFO - Sync 1 DAGs
[2025-05-19 09:06:47,090] {logging_mixin.py:109} INFO - [2025-05-19 09:06:47,089] {dag.py:2935} INFO - Setting next_dagrun for example_bash_operator to 2025-05-18 00:00:00+00:00
[2025-05-19 09:06:47,117] {processor.py:171} INFO - Processing /home/airflow/.local/lib/python3.6/site-packages/airflow/example_dags/example_bash_operator.py took 0.353 seconds
[2025-05-19 09:07:17,169] {processor.py:163} INFO - Started process (PID=1643) to work on /home/airflow/.local/lib/python3.6/site-packages/airflow/example_dags/example_bash_operator.py
[2025-05-19 09:07:17,172] {processor.py:642} INFO - Processing file /home/airflow/.local/lib/python3.6/site-packages/airflow/example_dags/example_bash_operator.py for tasks to queue
[2025-05-19 09:07:17,173] {logging_mixin.py:109} INFO - [2025-05-19 09:07:17,173] {dagbag.py:500} INFO - Filling up the DagBag from /home/airflow/.local/lib/python3.6/site-packages/airflow/example_dags/example_bash_operator.py
[2025-05-19 09:07:17,229] {processor.py:654} INFO - DAG(s) dict_keys(['example_bash_operator']) retrieved from /home/airflow/.local/lib/python3.6/site-packages/airflow/example_dags/example_bash_operator.py
[2025-05-19 09:07:17,248] {logging_mixin.py:109} INFO - [2025-05-19 09:07:17,248] {dag.py:2396} INFO - Sync 1 DAGs
[2025-05-19 09:07:17,276] {logging_mixin.py:109} INFO - [2025-05-19 09:07:17,276] {dag.py:2935} INFO - Setting next_dagrun for example_bash_operator to 2025-05-18 00:00:00+00:00
[2025-05-19 09:07:17,292] {processor.py:171} INFO - Processing /home/airflow/.local/lib/python3.6/site-packages/airflow/example_dags/example_bash_operator.py took 0.127 seconds
[2025-05-19 09:07:48,121] {processor.py:163} INFO - Started process (PID=1695) to work on /home/airflow/.local/lib/python3.6/site-packages/airflow/example_dags/example_bash_operator.py
[2025-05-19 09:07:48,123] {processor.py:642} INFO - Processing file /home/airflow/.local/lib/python3.6/site-packages/airflow/example_dags/example_bash_operator.py for tasks to queue
[2025-05-19 09:07:48,124] {logging_mixin.py:109} INFO - [2025-05-19 09:07:48,124] {dagbag.py:500} INFO - Filling up the DagBag from /home/airflow/.local/lib/python3.6/site-packages/airflow/example_dags/example_bash_operator.py
[2025-05-19 09:07:48,174] {processor.py:654} INFO - DAG(s) dict_keys(['example_bash_operator']) retrieved from /home/airflow/.local/lib/python3.6/site-packages/airflow/example_dags/example_bash_operator.py
[2025-05-19 09:07:48,190] {logging_mixin.py:109} INFO - [2025-05-19 09:07:48,190] {dag.py:2396} INFO - Sync 1 DAGs
[2025-05-19 09:07:48,213] {logging_mixin.py:109} INFO - [2025-05-19 09:07:48,213] {dag.py:2935} INFO - Setting next_dagrun for example_bash_operator to 2025-05-18 00:00:00+00:00
[2025-05-19 09:07:48,226] {processor.py:171} INFO - Processing /home/airflow/.local/lib/python3.6/site-packages/airflow/example_dags/example_bash_operator.py took 0.110 seconds
[2025-05-19 09:08:17,198] {processor.py:163} INFO - Started process (PID=1757) to work on /home/airflow/.local/lib/python3.6/site-packages/airflow/example_dags/example_bash_operator.py
[2025-05-19 09:08:17,200] {processor.py:642} INFO - Processing file /home/airflow/.local/lib/python3.6/site-packages/airflow/example_dags/example_bash_operator.py for tasks to queue
[2025-05-19 09:08:17,201] {logging_mixin.py:109} INFO - [2025-05-19 09:08:17,201] {dagbag.py:500} INFO - Filling up the DagBag from /home/airflow/.local/lib/python3.6/site-packages/airflow/example_dags/example_bash_operator.py
[2025-05-19 09:08:17,247] {processor.py:654} INFO - DAG(s) dict_keys(['example_bash_operator']) retrieved from /home/airflow/.local/lib/python3.6/site-packages/airflow/example_dags/example_bash_operator.py
[2025-05-19 09:08:17,261] {logging_mixin.py:109} INFO - [2025-05-19 09:08:17,261] {dag.py:2396} INFO - Sync 1 DAGs
[2025-05-19 09:08:17,283] {logging_mixin.py:109} INFO - [2025-05-19 09:08:17,282] {dag.py:2935} INFO - Setting next_dagrun for example_bash_operator to 2025-05-18 00:00:00+00:00
[2025-05-19 09:08:17,295] {processor.py:171} INFO - Processing /home/airflow/.local/lib/python3.6/site-packages/airflow/example_dags/example_bash_operator.py took 0.103 seconds
[2025-05-19 09:08:48,005] {processor.py:163} INFO - Started process (PID=1808) to work on /home/airflow/.local/lib/python3.6/site-packages/airflow/example_dags/example_bash_operator.py
[2025-05-19 09:08:48,007] {processor.py:642} INFO - Processing file /home/airflow/.local/lib/python3.6/site-packages/airflow/example_dags/example_bash_operator.py for tasks to queue
[2025-05-19 09:08:48,008] {logging_mixin.py:109} INFO - [2025-05-19 09:08:48,007] {dagbag.py:500} INFO - Filling up the DagBag from /home/airflow/.local/lib/python3.6/site-packages/airflow/example_dags/example_bash_operator.py
[2025-05-19 09:08:48,054] {processor.py:654} INFO - DAG(s) dict_keys(['example_bash_operator']) retrieved from /home/airflow/.local/lib/python3.6/site-packages/airflow/example_dags/example_bash_operator.py
[2025-05-19 09:08:48,068] {logging_mixin.py:109} INFO - [2025-05-19 09:08:48,068] {dag.py:2396} INFO - Sync 1 DAGs
[2025-05-19 09:08:48,091] {logging_mixin.py:109} INFO - [2025-05-19 09:08:48,091] {dag.py:2935} INFO - Setting next_dagrun for example_bash_operator to 2025-05-18 00:00:00+00:00
[2025-05-19 09:08:48,103] {processor.py:171} INFO - Processing /home/airflow/.local/lib/python3.6/site-packages/airflow/example_dags/example_bash_operator.py took 0.102 seconds
[2025-05-19 09:09:18,640] {processor.py:163} INFO - Started process (PID=1870) to work on /home/airflow/.local/lib/python3.6/site-packages/airflow/example_dags/example_bash_operator.py
[2025-05-19 09:09:18,642] {processor.py:642} INFO - Processing file /home/airflow/.local/lib/python3.6/site-packages/airflow/example_dags/example_bash_operator.py for tasks to queue
[2025-05-19 09:09:18,644] {logging_mixin.py:109} INFO - [2025-05-19 09:09:18,644] {dagbag.py:500} INFO - Filling up the DagBag from /home/airflow/.local/lib/python3.6/site-packages/airflow/example_dags/example_bash_operator.py
[2025-05-19 09:09:18,708] {processor.py:654} INFO - DAG(s) dict_keys(['example_bash_operator']) retrieved from /home/airflow/.local/lib/python3.6/site-packages/airflow/example_dags/example_bash_operator.py
[2025-05-19 09:09:18,731] {logging_mixin.py:109} INFO - [2025-05-19 09:09:18,731] {dag.py:2396} INFO - Sync 1 DAGs
[2025-05-19 09:09:18,767] {logging_mixin.py:109} INFO - [2025-05-19 09:09:18,767] {dag.py:2935} INFO - Setting next_dagrun for example_bash_operator to 2025-05-18 00:00:00+00:00
[2025-05-19 09:09:18,786] {processor.py:171} INFO - Processing /home/airflow/.local/lib/python3.6/site-packages/airflow/example_dags/example_bash_operator.py took 0.153 seconds
[2025-05-19 09:09:48,867] {processor.py:163} INFO - Started process (PID=1921) to work on /home/airflow/.local/lib/python3.6/site-packages/airflow/example_dags/example_bash_operator.py
[2025-05-19 09:09:48,869] {processor.py:642} INFO - Processing file /home/airflow/.local/lib/python3.6/site-packages/airflow/example_dags/example_bash_operator.py for tasks to queue
[2025-05-19 09:09:48,870] {logging_mixin.py:109} INFO - [2025-05-19 09:09:48,870] {dagbag.py:500} INFO - Filling up the DagBag from /home/airflow/.local/lib/python3.6/site-packages/airflow/example_dags/example_bash_operator.py
[2025-05-19 09:09:48,912] {processor.py:654} INFO - DAG(s) dict_keys(['example_bash_operator']) retrieved from /home/airflow/.local/lib/python3.6/site-packages/airflow/example_dags/example_bash_operator.py
[2025-05-19 09:09:48,926] {logging_mixin.py:109} INFO - [2025-05-19 09:09:48,925] {dag.py:2396} INFO - Sync 1 DAGs
[2025-05-19 09:09:48,947] {logging_mixin.py:109} INFO - [2025-05-19 09:09:48,947] {dag.py:2935} INFO - Setting next_dagrun for example_bash_operator to 2025-05-18 00:00:00+00:00
[2025-05-19 09:09:48,959] {processor.py:171} INFO - Processing /home/airflow/.local/lib/python3.6/site-packages/airflow/example_dags/example_bash_operator.py took 0.096 seconds
[2025-05-19 09:10:19,992] {processor.py:163} INFO - Started process (PID=1974) to work on /home/airflow/.local/lib/python3.6/site-packages/airflow/example_dags/example_bash_operator.py
[2025-05-19 09:10:19,995] {processor.py:642} INFO - Processing file /home/airflow/.local/lib/python3.6/site-packages/airflow/example_dags/example_bash_operator.py for tasks to queue
[2025-05-19 09:10:20,004] {logging_mixin.py:109} INFO - [2025-05-19 09:10:20,004] {dagbag.py:500} INFO - Filling up the DagBag from /home/airflow/.local/lib/python3.6/site-packages/airflow/example_dags/example_bash_operator.py
[2025-05-19 09:10:20,102] {processor.py:654} INFO - DAG(s) dict_keys(['example_bash_operator']) retrieved from /home/airflow/.local/lib/python3.6/site-packages/airflow/example_dags/example_bash_operator.py
[2025-05-19 09:10:20,140] {logging_mixin.py:109} INFO - [2025-05-19 09:10:20,139] {dag.py:2396} INFO - Sync 1 DAGs
[2025-05-19 09:10:20,224] {logging_mixin.py:109} INFO - [2025-05-19 09:10:20,224] {dag.py:2935} INFO - Setting next_dagrun for example_bash_operator to 2025-05-18 00:00:00+00:00
[2025-05-19 09:10:20,264] {processor.py:171} INFO - Processing /home/airflow/.local/lib/python3.6/site-packages/airflow/example_dags/example_bash_operator.py took 0.281 seconds
[2025-05-19 09:10:51,295] {processor.py:163} INFO - Started process (PID=2026) to work on /home/airflow/.local/lib/python3.6/site-packages/airflow/example_dags/example_bash_operator.py
[2025-05-19 09:10:51,297] {processor.py:642} INFO - Processing file /home/airflow/.local/lib/python3.6/site-packages/airflow/example_dags/example_bash_operator.py for tasks to queue
[2025-05-19 09:10:51,299] {logging_mixin.py:109} INFO - [2025-05-19 09:10:51,299] {dagbag.py:500} INFO - Filling up the DagBag from /home/airflow/.local/lib/python3.6/site-packages/airflow/example_dags/example_bash_operator.py
[2025-05-19 09:10:51,377] {processor.py:654} INFO - DAG(s) dict_keys(['example_bash_operator']) retrieved from /home/airflow/.local/lib/python3.6/site-packages/airflow/example_dags/example_bash_operator.py
[2025-05-19 09:10:51,400] {logging_mixin.py:109} INFO - [2025-05-19 09:10:51,400] {dag.py:2396} INFO - Sync 1 DAGs
[2025-05-19 09:10:51,441] {logging_mixin.py:109} INFO - [2025-05-19 09:10:51,441] {dag.py:2935} INFO - Setting next_dagrun for example_bash_operator to 2025-05-18 00:00:00+00:00
[2025-05-19 09:10:51,461] {processor.py:171} INFO - Processing /home/airflow/.local/lib/python3.6/site-packages/airflow/example_dags/example_bash_operator.py took 0.172 seconds
[2025-05-19 09:11:22,650] {processor.py:163} INFO - Started process (PID=2090) to work on /home/airflow/.local/lib/python3.6/site-packages/airflow/example_dags/example_bash_operator.py
[2025-05-19 09:11:22,653] {processor.py:642} INFO - Processing file /home/airflow/.local/lib/python3.6/site-packages/airflow/example_dags/example_bash_operator.py for tasks to queue
[2025-05-19 09:11:22,655] {logging_mixin.py:109} INFO - [2025-05-19 09:11:22,655] {dagbag.py:500} INFO - Filling up the DagBag from /home/airflow/.local/lib/python3.6/site-packages/airflow/example_dags/example_bash_operator.py
[2025-05-19 09:11:22,809] {processor.py:654} INFO - DAG(s) dict_keys(['example_bash_operator']) retrieved from /home/airflow/.local/lib/python3.6/site-packages/airflow/example_dags/example_bash_operator.py
[2025-05-19 09:11:22,873] {logging_mixin.py:109} INFO - [2025-05-19 09:11:22,873] {dag.py:2396} INFO - Sync 1 DAGs
[2025-05-19 09:11:22,938] {logging_mixin.py:109} INFO - [2025-05-19 09:11:22,938] {dag.py:2935} INFO - Setting next_dagrun for example_bash_operator to 2025-05-18 00:00:00+00:00
[2025-05-19 09:11:22,970] {processor.py:171} INFO - Processing /home/airflow/.local/lib/python3.6/site-packages/airflow/example_dags/example_bash_operator.py took 0.327 seconds
[2025-05-19 09:11:53,555] {processor.py:163} INFO - Started process (PID=2142) to work on /home/airflow/.local/lib/python3.6/site-packages/airflow/example_dags/example_bash_operator.py
[2025-05-19 09:11:53,557] {processor.py:642} INFO - Processing file /home/airflow/.local/lib/python3.6/site-packages/airflow/example_dags/example_bash_operator.py for tasks to queue
[2025-05-19 09:11:53,559] {logging_mixin.py:109} INFO - [2025-05-19 09:11:53,559] {dagbag.py:500} INFO - Filling up the DagBag from /home/airflow/.local/lib/python3.6/site-packages/airflow/example_dags/example_bash_operator.py
[2025-05-19 09:11:53,625] {processor.py:654} INFO - DAG(s) dict_keys(['example_bash_operator']) retrieved from /home/airflow/.local/lib/python3.6/site-packages/airflow/example_dags/example_bash_operator.py
[2025-05-19 09:11:53,645] {logging_mixin.py:109} INFO - [2025-05-19 09:11:53,645] {dag.py:2396} INFO - Sync 1 DAGs
[2025-05-19 09:11:53,681] {logging_mixin.py:109} INFO - [2025-05-19 09:11:53,681] {dag.py:2935} INFO - Setting next_dagrun for example_bash_operator to 2025-05-18 00:00:00+00:00
[2025-05-19 09:11:53,699] {processor.py:171} INFO - Processing /home/airflow/.local/lib/python3.6/site-packages/airflow/example_dags/example_bash_operator.py took 0.150 seconds
[2025-05-19 09:12:24,146] {processor.py:163} INFO - Started process (PID=2194) to work on /home/airflow/.local/lib/python3.6/site-packages/airflow/example_dags/example_bash_operator.py
[2025-05-19 09:12:24,148] {processor.py:642} INFO - Processing file /home/airflow/.local/lib/python3.6/site-packages/airflow/example_dags/example_bash_operator.py for tasks to queue
[2025-05-19 09:12:24,151] {logging_mixin.py:109} INFO - [2025-05-19 09:12:24,150] {dagbag.py:500} INFO - Filling up the DagBag from /home/airflow/.local/lib/python3.6/site-packages/airflow/example_dags/example_bash_operator.py
[2025-05-19 09:12:24,230] {processor.py:654} INFO - DAG(s) dict_keys(['example_bash_operator']) retrieved from /home/airflow/.local/lib/python3.6/site-packages/airflow/example_dags/example_bash_operator.py
[2025-05-19 09:12:24,260] {logging_mixin.py:109} INFO - [2025-05-19 09:12:24,260] {dag.py:2396} INFO - Sync 1 DAGs
[2025-05-19 09:12:24,296] {logging_mixin.py:109} INFO - [2025-05-19 09:12:24,295] {dag.py:2935} INFO - Setting next_dagrun for example_bash_operator to 2025-05-18 00:00:00+00:00
[2025-05-19 09:12:24,322] {processor.py:171} INFO - Processing /home/airflow/.local/lib/python3.6/site-packages/airflow/example_dags/example_bash_operator.py took 0.183 seconds
[2025-05-19 09:12:54,760] {processor.py:163} INFO - Started process (PID=2245) to work on /home/airflow/.local/lib/python3.6/site-packages/airflow/example_dags/example_bash_operator.py
[2025-05-19 09:12:54,773] {processor.py:642} INFO - Processing file /home/airflow/.local/lib/python3.6/site-packages/airflow/example_dags/example_bash_operator.py for tasks to queue
[2025-05-19 09:12:54,776] {logging_mixin.py:109} INFO - [2025-05-19 09:12:54,775] {dagbag.py:500} INFO - Filling up the DagBag from /home/airflow/.local/lib/python3.6/site-packages/airflow/example_dags/example_bash_operator.py
[2025-05-19 09:12:54,925] {processor.py:654} INFO - DAG(s) dict_keys(['example_bash_operator']) retrieved from /home/airflow/.local/lib/python3.6/site-packages/airflow/example_dags/example_bash_operator.py
[2025-05-19 09:12:54,974] {logging_mixin.py:109} INFO - [2025-05-19 09:12:54,974] {dag.py:2396} INFO - Sync 1 DAGs
[2025-05-19 09:12:55,082] {logging_mixin.py:109} INFO - [2025-05-19 09:12:55,082] {dag.py:2935} INFO - Setting next_dagrun for example_bash_operator to 2025-05-18 00:00:00+00:00
[2025-05-19 09:12:55,134] {processor.py:171} INFO - Processing /home/airflow/.local/lib/python3.6/site-packages/airflow/example_dags/example_bash_operator.py took 0.383 seconds
[2025-05-19 09:13:25,231] {processor.py:163} INFO - Started process (PID=2297) to work on /home/airflow/.local/lib/python3.6/site-packages/airflow/example_dags/example_bash_operator.py
[2025-05-19 09:13:25,251] {processor.py:642} INFO - Processing file /home/airflow/.local/lib/python3.6/site-packages/airflow/example_dags/example_bash_operator.py for tasks to queue
[2025-05-19 09:13:25,259] {logging_mixin.py:109} INFO - [2025-05-19 09:13:25,258] {dagbag.py:500} INFO - Filling up the DagBag from /home/airflow/.local/lib/python3.6/site-packages/airflow/example_dags/example_bash_operator.py
[2025-05-19 09:13:25,445] {processor.py:654} INFO - DAG(s) dict_keys(['example_bash_operator']) retrieved from /home/airflow/.local/lib/python3.6/site-packages/airflow/example_dags/example_bash_operator.py
[2025-05-19 09:13:25,488] {logging_mixin.py:109} INFO - [2025-05-19 09:13:25,487] {dag.py:2396} INFO - Sync 1 DAGs
[2025-05-19 09:13:25,533] {logging_mixin.py:109} INFO - [2025-05-19 09:13:25,533] {dag.py:2935} INFO - Setting next_dagrun for example_bash_operator to 2025-05-18 00:00:00+00:00
[2025-05-19 09:13:25,584] {processor.py:171} INFO - Processing /home/airflow/.local/lib/python3.6/site-packages/airflow/example_dags/example_bash_operator.py took 0.361 seconds
[2025-05-19 09:13:55,875] {processor.py:163} INFO - Started process (PID=2349) to work on /home/airflow/.local/lib/python3.6/site-packages/airflow/example_dags/example_bash_operator.py
[2025-05-19 09:13:55,894] {processor.py:642} INFO - Processing file /home/airflow/.local/lib/python3.6/site-packages/airflow/example_dags/example_bash_operator.py for tasks to queue
[2025-05-19 09:13:55,905] {logging_mixin.py:109} INFO - [2025-05-19 09:13:55,904] {dagbag.py:500} INFO - Filling up the DagBag from /home/airflow/.local/lib/python3.6/site-packages/airflow/example_dags/example_bash_operator.py
[2025-05-19 09:13:56,029] {processor.py:654} INFO - DAG(s) dict_keys(['example_bash_operator']) retrieved from /home/airflow/.local/lib/python3.6/site-packages/airflow/example_dags/example_bash_operator.py
[2025-05-19 09:13:56,058] {logging_mixin.py:109} INFO - [2025-05-19 09:13:56,058] {dag.py:2396} INFO - Sync 1 DAGs
[2025-05-19 09:13:56,102] {logging_mixin.py:109} INFO - [2025-05-19 09:13:56,102] {dag.py:2935} INFO - Setting next_dagrun for example_bash_operator to 2025-05-18 00:00:00+00:00
[2025-05-19 09:13:56,125] {processor.py:171} INFO - Processing /home/airflow/.local/lib/python3.6/site-packages/airflow/example_dags/example_bash_operator.py took 0.278 seconds
[2025-05-19 09:14:26,748] {processor.py:163} INFO - Started process (PID=2402) to work on /home/airflow/.local/lib/python3.6/site-packages/airflow/example_dags/example_bash_operator.py
[2025-05-19 09:14:26,750] {processor.py:642} INFO - Processing file /home/airflow/.local/lib/python3.6/site-packages/airflow/example_dags/example_bash_operator.py for tasks to queue
[2025-05-19 09:14:26,752] {logging_mixin.py:109} INFO - [2025-05-19 09:14:26,752] {dagbag.py:500} INFO - Filling up the DagBag from /home/airflow/.local/lib/python3.6/site-packages/airflow/example_dags/example_bash_operator.py
[2025-05-19 09:14:26,846] {processor.py:654} INFO - DAG(s) dict_keys(['example_bash_operator']) retrieved from /home/airflow/.local/lib/python3.6/site-packages/airflow/example_dags/example_bash_operator.py
[2025-05-19 09:14:26,864] {logging_mixin.py:109} INFO - [2025-05-19 09:14:26,864] {dag.py:2396} INFO - Sync 1 DAGs
[2025-05-19 09:14:26,892] {logging_mixin.py:109} INFO - [2025-05-19 09:14:26,892] {dag.py:2935} INFO - Setting next_dagrun for example_bash_operator to 2025-05-18 00:00:00+00:00
[2025-05-19 09:14:26,906] {processor.py:171} INFO - Processing /home/airflow/.local/lib/python3.6/site-packages/airflow/example_dags/example_bash_operator.py took 0.165 seconds
[2025-05-19 19:33:56,528] {processor.py:163} INFO - Started process (PID=70) to work on /home/airflow/.local/lib/python3.6/site-packages/airflow/example_dags/example_bash_operator.py
[2025-05-19 19:33:56,532] {processor.py:642} INFO - Processing file /home/airflow/.local/lib/python3.6/site-packages/airflow/example_dags/example_bash_operator.py for tasks to queue
[2025-05-19 19:33:56,535] {logging_mixin.py:109} INFO - [2025-05-19 19:33:56,535] {dagbag.py:500} INFO - Filling up the DagBag from /home/airflow/.local/lib/python3.6/site-packages/airflow/example_dags/example_bash_operator.py
[2025-05-19 19:33:56,848] {processor.py:654} INFO - DAG(s) dict_keys(['example_bash_operator']) retrieved from /home/airflow/.local/lib/python3.6/site-packages/airflow/example_dags/example_bash_operator.py
[2025-05-19 19:33:56,879] {logging_mixin.py:109} INFO - [2025-05-19 19:33:56,879] {dag.py:2396} INFO - Sync 1 DAGs
[2025-05-19 19:33:56,973] {logging_mixin.py:109} INFO - [2025-05-19 19:33:56,973] {dag.py:2935} INFO - Setting next_dagrun for example_bash_operator to 2025-05-18 00:00:00+00:00
[2025-05-19 19:33:57,043] {processor.py:171} INFO - Processing /home/airflow/.local/lib/python3.6/site-packages/airflow/example_dags/example_bash_operator.py took 0.521 seconds
[2025-05-19 19:34:31,374] {processor.py:163} INFO - Started process (PID=122) to work on /home/airflow/.local/lib/python3.6/site-packages/airflow/example_dags/example_bash_operator.py
[2025-05-19 19:34:31,396] {processor.py:642} INFO - Processing file /home/airflow/.local/lib/python3.6/site-packages/airflow/example_dags/example_bash_operator.py for tasks to queue
[2025-05-19 19:34:31,500] {logging_mixin.py:109} INFO - [2025-05-19 19:34:31,499] {dagbag.py:500} INFO - Filling up the DagBag from /home/airflow/.local/lib/python3.6/site-packages/airflow/example_dags/example_bash_operator.py
[2025-05-19 19:34:31,788] {processor.py:654} INFO - DAG(s) dict_keys(['example_bash_operator']) retrieved from /home/airflow/.local/lib/python3.6/site-packages/airflow/example_dags/example_bash_operator.py
[2025-05-19 19:34:31,999] {logging_mixin.py:109} INFO - [2025-05-19 19:34:31,999] {dag.py:2396} INFO - Sync 1 DAGs
[2025-05-19 19:34:32,331] {logging_mixin.py:109} INFO - [2025-05-19 19:34:32,331] {dag.py:2935} INFO - Setting next_dagrun for example_bash_operator to 2025-05-18 00:00:00+00:00
[2025-05-19 19:34:32,528] {processor.py:171} INFO - Processing /home/airflow/.local/lib/python3.6/site-packages/airflow/example_dags/example_bash_operator.py took 1.189 seconds
[2025-05-19 19:35:02,709] {processor.py:163} INFO - Started process (PID=177) to work on /home/airflow/.local/lib/python3.6/site-packages/airflow/example_dags/example_bash_operator.py
[2025-05-19 19:35:02,712] {processor.py:642} INFO - Processing file /home/airflow/.local/lib/python3.6/site-packages/airflow/example_dags/example_bash_operator.py for tasks to queue
[2025-05-19 19:35:02,721] {logging_mixin.py:109} INFO - [2025-05-19 19:35:02,721] {dagbag.py:500} INFO - Filling up the DagBag from /home/airflow/.local/lib/python3.6/site-packages/airflow/example_dags/example_bash_operator.py
[2025-05-19 19:35:02,793] {processor.py:654} INFO - DAG(s) dict_keys(['example_bash_operator']) retrieved from /home/airflow/.local/lib/python3.6/site-packages/airflow/example_dags/example_bash_operator.py
[2025-05-19 19:35:02,824] {logging_mixin.py:109} INFO - [2025-05-19 19:35:02,824] {dag.py:2396} INFO - Sync 1 DAGs
[2025-05-19 19:35:02,900] {logging_mixin.py:109} INFO - [2025-05-19 19:35:02,899] {dag.py:2935} INFO - Setting next_dagrun for example_bash_operator to 2025-05-18 00:00:00+00:00
[2025-05-19 19:35:02,930] {processor.py:171} INFO - Processing /home/airflow/.local/lib/python3.6/site-packages/airflow/example_dags/example_bash_operator.py took 0.226 seconds
[2025-05-19 19:35:33,042] {processor.py:163} INFO - Started process (PID=218) to work on /home/airflow/.local/lib/python3.6/site-packages/airflow/example_dags/example_bash_operator.py
[2025-05-19 19:35:33,045] {processor.py:642} INFO - Processing file /home/airflow/.local/lib/python3.6/site-packages/airflow/example_dags/example_bash_operator.py for tasks to queue
[2025-05-19 19:35:33,047] {logging_mixin.py:109} INFO - [2025-05-19 19:35:33,046] {dagbag.py:500} INFO - Filling up the DagBag from /home/airflow/.local/lib/python3.6/site-packages/airflow/example_dags/example_bash_operator.py
[2025-05-19 19:35:33,135] {processor.py:654} INFO - DAG(s) dict_keys(['example_bash_operator']) retrieved from /home/airflow/.local/lib/python3.6/site-packages/airflow/example_dags/example_bash_operator.py
[2025-05-19 19:35:33,185] {logging_mixin.py:109} INFO - [2025-05-19 19:35:33,185] {dag.py:2396} INFO - Sync 1 DAGs
[2025-05-19 19:35:33,235] {logging_mixin.py:109} INFO - [2025-05-19 19:35:33,234] {dag.py:2935} INFO - Setting next_dagrun for example_bash_operator to 2025-05-18 00:00:00+00:00
[2025-05-19 19:35:33,266] {processor.py:171} INFO - Processing /home/airflow/.local/lib/python3.6/site-packages/airflow/example_dags/example_bash_operator.py took 0.229 seconds
[2025-05-19 19:36:03,615] {processor.py:163} INFO - Started process (PID=269) to work on /home/airflow/.local/lib/python3.6/site-packages/airflow/example_dags/example_bash_operator.py
[2025-05-19 19:36:03,617] {processor.py:642} INFO - Processing file /home/airflow/.local/lib/python3.6/site-packages/airflow/example_dags/example_bash_operator.py for tasks to queue
[2025-05-19 19:36:03,619] {logging_mixin.py:109} INFO - [2025-05-19 19:36:03,618] {dagbag.py:500} INFO - Filling up the DagBag from /home/airflow/.local/lib/python3.6/site-packages/airflow/example_dags/example_bash_operator.py
[2025-05-19 19:36:03,670] {processor.py:654} INFO - DAG(s) dict_keys(['example_bash_operator']) retrieved from /home/airflow/.local/lib/python3.6/site-packages/airflow/example_dags/example_bash_operator.py
[2025-05-19 19:36:03,688] {logging_mixin.py:109} INFO - [2025-05-19 19:36:03,688] {dag.py:2396} INFO - Sync 1 DAGs
[2025-05-19 19:36:03,715] {logging_mixin.py:109} INFO - [2025-05-19 19:36:03,714] {dag.py:2935} INFO - Setting next_dagrun for example_bash_operator to 2025-05-18 00:00:00+00:00
[2025-05-19 19:36:03,729] {processor.py:171} INFO - Processing /home/airflow/.local/lib/python3.6/site-packages/airflow/example_dags/example_bash_operator.py took 0.120 seconds
[2025-05-19 19:36:34,091] {processor.py:163} INFO - Started process (PID=330) to work on /home/airflow/.local/lib/python3.6/site-packages/airflow/example_dags/example_bash_operator.py
[2025-05-19 19:36:34,098] {processor.py:642} INFO - Processing file /home/airflow/.local/lib/python3.6/site-packages/airflow/example_dags/example_bash_operator.py for tasks to queue
[2025-05-19 19:36:34,100] {logging_mixin.py:109} INFO - [2025-05-19 19:36:34,100] {dagbag.py:500} INFO - Filling up the DagBag from /home/airflow/.local/lib/python3.6/site-packages/airflow/example_dags/example_bash_operator.py
[2025-05-19 19:36:34,223] {processor.py:654} INFO - DAG(s) dict_keys(['example_bash_operator']) retrieved from /home/airflow/.local/lib/python3.6/site-packages/airflow/example_dags/example_bash_operator.py
[2025-05-19 19:36:34,267] {logging_mixin.py:109} INFO - [2025-05-19 19:36:34,267] {dag.py:2396} INFO - Sync 1 DAGs
[2025-05-19 19:36:34,337] {logging_mixin.py:109} INFO - [2025-05-19 19:36:34,337] {dag.py:2935} INFO - Setting next_dagrun for example_bash_operator to 2025-05-18 00:00:00+00:00
[2025-05-19 19:36:34,377] {processor.py:171} INFO - Processing /home/airflow/.local/lib/python3.6/site-packages/airflow/example_dags/example_bash_operator.py took 0.297 seconds
[2025-05-19 19:37:04,494] {processor.py:163} INFO - Started process (PID=385) to work on /home/airflow/.local/lib/python3.6/site-packages/airflow/example_dags/example_bash_operator.py
[2025-05-19 19:37:04,499] {processor.py:642} INFO - Processing file /home/airflow/.local/lib/python3.6/site-packages/airflow/example_dags/example_bash_operator.py for tasks to queue
[2025-05-19 19:37:04,500] {logging_mixin.py:109} INFO - [2025-05-19 19:37:04,500] {dagbag.py:500} INFO - Filling up the DagBag from /home/airflow/.local/lib/python3.6/site-packages/airflow/example_dags/example_bash_operator.py
[2025-05-19 19:37:04,576] {processor.py:654} INFO - DAG(s) dict_keys(['example_bash_operator']) retrieved from /home/airflow/.local/lib/python3.6/site-packages/airflow/example_dags/example_bash_operator.py
[2025-05-19 19:37:04,615] {logging_mixin.py:109} INFO - [2025-05-19 19:37:04,615] {dag.py:2396} INFO - Sync 1 DAGs
[2025-05-19 19:37:04,658] {logging_mixin.py:109} INFO - [2025-05-19 19:37:04,657] {dag.py:2935} INFO - Setting next_dagrun for example_bash_operator to 2025-05-18 00:00:00+00:00
[2025-05-19 19:37:04,696] {processor.py:171} INFO - Processing /home/airflow/.local/lib/python3.6/site-packages/airflow/example_dags/example_bash_operator.py took 0.210 seconds
