[2025-05-19 08:54:17,110] {processor.py:163} INFO - Started process (PID=314) to work on /home/airflow/.local/lib/python3.6/site-packages/airflow/example_dags/example_latest_only_with_trigger.py
[2025-05-19 08:54:17,119] {processor.py:642} INFO - Processing file /home/airflow/.local/lib/python3.6/site-packages/airflow/example_dags/example_latest_only_with_trigger.py for tasks to queue
[2025-05-19 08:54:17,125] {logging_mixin.py:109} INFO - [2025-05-19 08:54:17,124] {dagbag.py:500} INFO - Filling up the DagBag from /home/airflow/.local/lib/python3.6/site-packages/airflow/example_dags/example_latest_only_with_trigger.py
[2025-05-19 08:54:17,399] {processor.py:654} INFO - DAG(s) dict_keys(['latest_only_with_trigger']) retrieved from /home/airflow/.local/lib/python3.6/site-packages/airflow/example_dags/example_latest_only_with_trigger.py
[2025-05-19 08:54:28,140] {logging_mixin.py:109} INFO - [2025-05-19 08:54:28,140] {manager.py:496} INFO - Created Permission View: can read on DAG:latest_only_with_trigger
[2025-05-19 08:54:28,206] {logging_mixin.py:109} INFO - [2025-05-19 08:54:28,204] {manager.py:496} INFO - Created Permission View: can edit on DAG:latest_only_with_trigger
[2025-05-19 08:54:28,219] {logging_mixin.py:109} INFO - [2025-05-19 08:54:28,210] {dag.py:2396} INFO - Sync 1 DAGs
[2025-05-19 08:54:28,291] {logging_mixin.py:109} INFO - [2025-05-19 08:54:28,285] {dag.py:2415} INFO - Creating ORM DAG for latest_only_with_trigger
[2025-05-19 08:54:28,329] {logging_mixin.py:109} INFO - [2025-05-19 08:54:28,328] {dag.py:2935} INFO - Setting next_dagrun for latest_only_with_trigger to 2025-05-19T04:54:28.318151+00:00
[2025-05-19 08:54:28,405] {processor.py:171} INFO - Processing /home/airflow/.local/lib/python3.6/site-packages/airflow/example_dags/example_latest_only_with_trigger.py took 11.311 seconds
[2025-05-19 08:55:27,287] {processor.py:163} INFO - Started process (PID=463) to work on /home/airflow/.local/lib/python3.6/site-packages/airflow/example_dags/example_latest_only_with_trigger.py
[2025-05-19 08:55:27,294] {processor.py:642} INFO - Processing file /home/airflow/.local/lib/python3.6/site-packages/airflow/example_dags/example_latest_only_with_trigger.py for tasks to queue
[2025-05-19 08:55:27,318] {logging_mixin.py:109} INFO - [2025-05-19 08:55:27,314] {dagbag.py:500} INFO - Filling up the DagBag from /home/airflow/.local/lib/python3.6/site-packages/airflow/example_dags/example_latest_only_with_trigger.py
[2025-05-19 08:55:27,549] {processor.py:654} INFO - DAG(s) dict_keys(['latest_only_with_trigger']) retrieved from /home/airflow/.local/lib/python3.6/site-packages/airflow/example_dags/example_latest_only_with_trigger.py
[2025-05-19 08:55:27,624] {logging_mixin.py:109} INFO - [2025-05-19 08:55:27,622] {dag.py:2396} INFO - Sync 1 DAGs
[2025-05-19 08:55:27,744] {logging_mixin.py:109} INFO - [2025-05-19 08:55:27,743] {dag.py:2935} INFO - Setting next_dagrun for latest_only_with_trigger to 2025-05-19T04:55:27.741756+00:00
[2025-05-19 08:55:27,793] {processor.py:171} INFO - Processing /home/airflow/.local/lib/python3.6/site-packages/airflow/example_dags/example_latest_only_with_trigger.py took 0.519 seconds
[2025-05-19 08:56:00,269] {processor.py:163} INFO - Started process (PID=506) to work on /home/airflow/.local/lib/python3.6/site-packages/airflow/example_dags/example_latest_only_with_trigger.py
[2025-05-19 08:56:00,273] {processor.py:642} INFO - Processing file /home/airflow/.local/lib/python3.6/site-packages/airflow/example_dags/example_latest_only_with_trigger.py for tasks to queue
[2025-05-19 08:56:00,279] {logging_mixin.py:109} INFO - [2025-05-19 08:56:00,279] {dagbag.py:500} INFO - Filling up the DagBag from /home/airflow/.local/lib/python3.6/site-packages/airflow/example_dags/example_latest_only_with_trigger.py
[2025-05-19 08:56:00,425] {processor.py:654} INFO - DAG(s) dict_keys(['latest_only_with_trigger']) retrieved from /home/airflow/.local/lib/python3.6/site-packages/airflow/example_dags/example_latest_only_with_trigger.py
[2025-05-19 08:56:00,500] {logging_mixin.py:109} INFO - [2025-05-19 08:56:00,500] {dag.py:2396} INFO - Sync 1 DAGs
[2025-05-19 08:56:00,608] {logging_mixin.py:109} INFO - [2025-05-19 08:56:00,607] {dag.py:2935} INFO - Setting next_dagrun for latest_only_with_trigger to 2025-05-19T04:56:00.605755+00:00
[2025-05-19 08:56:00,669] {processor.py:171} INFO - Processing /home/airflow/.local/lib/python3.6/site-packages/airflow/example_dags/example_latest_only_with_trigger.py took 0.425 seconds
[2025-05-19 08:56:31,018] {processor.py:163} INFO - Started process (PID=558) to work on /home/airflow/.local/lib/python3.6/site-packages/airflow/example_dags/example_latest_only_with_trigger.py
[2025-05-19 08:56:31,024] {processor.py:642} INFO - Processing file /home/airflow/.local/lib/python3.6/site-packages/airflow/example_dags/example_latest_only_with_trigger.py for tasks to queue
[2025-05-19 08:56:31,031] {logging_mixin.py:109} INFO - [2025-05-19 08:56:31,031] {dagbag.py:500} INFO - Filling up the DagBag from /home/airflow/.local/lib/python3.6/site-packages/airflow/example_dags/example_latest_only_with_trigger.py
[2025-05-19 08:56:31,154] {processor.py:654} INFO - DAG(s) dict_keys(['latest_only_with_trigger']) retrieved from /home/airflow/.local/lib/python3.6/site-packages/airflow/example_dags/example_latest_only_with_trigger.py
[2025-05-19 08:56:31,218] {logging_mixin.py:109} INFO - [2025-05-19 08:56:31,218] {dag.py:2396} INFO - Sync 1 DAGs
[2025-05-19 08:56:31,313] {logging_mixin.py:109} INFO - [2025-05-19 08:56:31,313] {dag.py:2935} INFO - Setting next_dagrun for latest_only_with_trigger to 2025-05-19T04:56:31.312197+00:00
[2025-05-19 08:56:31,381] {processor.py:171} INFO - Processing /home/airflow/.local/lib/python3.6/site-packages/airflow/example_dags/example_latest_only_with_trigger.py took 0.382 seconds
[2025-05-19 08:57:01,472] {processor.py:163} INFO - Started process (PID=610) to work on /home/airflow/.local/lib/python3.6/site-packages/airflow/example_dags/example_latest_only_with_trigger.py
[2025-05-19 08:57:01,475] {processor.py:642} INFO - Processing file /home/airflow/.local/lib/python3.6/site-packages/airflow/example_dags/example_latest_only_with_trigger.py for tasks to queue
[2025-05-19 08:57:01,477] {logging_mixin.py:109} INFO - [2025-05-19 08:57:01,477] {dagbag.py:500} INFO - Filling up the DagBag from /home/airflow/.local/lib/python3.6/site-packages/airflow/example_dags/example_latest_only_with_trigger.py
[2025-05-19 08:57:01,565] {processor.py:654} INFO - DAG(s) dict_keys(['latest_only_with_trigger']) retrieved from /home/airflow/.local/lib/python3.6/site-packages/airflow/example_dags/example_latest_only_with_trigger.py
[2025-05-19 08:57:01,636] {logging_mixin.py:109} INFO - [2025-05-19 08:57:01,636] {dag.py:2396} INFO - Sync 1 DAGs
[2025-05-19 08:57:01,695] {logging_mixin.py:109} INFO - [2025-05-19 08:57:01,695] {dag.py:2935} INFO - Setting next_dagrun for latest_only_with_trigger to 2025-05-19T04:57:01.694382+00:00
[2025-05-19 08:57:01,717] {processor.py:171} INFO - Processing /home/airflow/.local/lib/python3.6/site-packages/airflow/example_dags/example_latest_only_with_trigger.py took 0.250 seconds
[2025-05-19 08:57:32,577] {processor.py:163} INFO - Started process (PID=662) to work on /home/airflow/.local/lib/python3.6/site-packages/airflow/example_dags/example_latest_only_with_trigger.py
[2025-05-19 08:57:32,582] {processor.py:642} INFO - Processing file /home/airflow/.local/lib/python3.6/site-packages/airflow/example_dags/example_latest_only_with_trigger.py for tasks to queue
[2025-05-19 08:57:32,584] {logging_mixin.py:109} INFO - [2025-05-19 08:57:32,584] {dagbag.py:500} INFO - Filling up the DagBag from /home/airflow/.local/lib/python3.6/site-packages/airflow/example_dags/example_latest_only_with_trigger.py
[2025-05-19 08:57:32,673] {processor.py:654} INFO - DAG(s) dict_keys(['latest_only_with_trigger']) retrieved from /home/airflow/.local/lib/python3.6/site-packages/airflow/example_dags/example_latest_only_with_trigger.py
[2025-05-19 08:57:32,712] {logging_mixin.py:109} INFO - [2025-05-19 08:57:32,711] {dag.py:2396} INFO - Sync 1 DAGs
[2025-05-19 08:57:32,781] {logging_mixin.py:109} INFO - [2025-05-19 08:57:32,781] {dag.py:2935} INFO - Setting next_dagrun for latest_only_with_trigger to 2025-05-19T04:57:32.780276+00:00
[2025-05-19 08:57:32,808] {processor.py:171} INFO - Processing /home/airflow/.local/lib/python3.6/site-packages/airflow/example_dags/example_latest_only_with_trigger.py took 0.247 seconds
[2025-05-19 08:58:03,156] {processor.py:163} INFO - Started process (PID=714) to work on /home/airflow/.local/lib/python3.6/site-packages/airflow/example_dags/example_latest_only_with_trigger.py
[2025-05-19 08:58:03,158] {processor.py:642} INFO - Processing file /home/airflow/.local/lib/python3.6/site-packages/airflow/example_dags/example_latest_only_with_trigger.py for tasks to queue
[2025-05-19 08:58:03,160] {logging_mixin.py:109} INFO - [2025-05-19 08:58:03,160] {dagbag.py:500} INFO - Filling up the DagBag from /home/airflow/.local/lib/python3.6/site-packages/airflow/example_dags/example_latest_only_with_trigger.py
[2025-05-19 08:58:03,224] {processor.py:654} INFO - DAG(s) dict_keys(['latest_only_with_trigger']) retrieved from /home/airflow/.local/lib/python3.6/site-packages/airflow/example_dags/example_latest_only_with_trigger.py
[2025-05-19 08:58:03,245] {logging_mixin.py:109} INFO - [2025-05-19 08:58:03,245] {dag.py:2396} INFO - Sync 1 DAGs
[2025-05-19 08:58:03,281] {logging_mixin.py:109} INFO - [2025-05-19 08:58:03,281] {dag.py:2935} INFO - Setting next_dagrun for latest_only_with_trigger to 2025-05-19T04:58:03.280395+00:00
[2025-05-19 08:58:03,300] {processor.py:171} INFO - Processing /home/airflow/.local/lib/python3.6/site-packages/airflow/example_dags/example_latest_only_with_trigger.py took 0.153 seconds
[2025-05-19 08:58:33,533] {processor.py:163} INFO - Started process (PID=766) to work on /home/airflow/.local/lib/python3.6/site-packages/airflow/example_dags/example_latest_only_with_trigger.py
[2025-05-19 08:58:33,535] {processor.py:642} INFO - Processing file /home/airflow/.local/lib/python3.6/site-packages/airflow/example_dags/example_latest_only_with_trigger.py for tasks to queue
[2025-05-19 08:58:33,537] {logging_mixin.py:109} INFO - [2025-05-19 08:58:33,537] {dagbag.py:500} INFO - Filling up the DagBag from /home/airflow/.local/lib/python3.6/site-packages/airflow/example_dags/example_latest_only_with_trigger.py
[2025-05-19 08:58:33,593] {processor.py:654} INFO - DAG(s) dict_keys(['latest_only_with_trigger']) retrieved from /home/airflow/.local/lib/python3.6/site-packages/airflow/example_dags/example_latest_only_with_trigger.py
[2025-05-19 08:58:33,616] {logging_mixin.py:109} INFO - [2025-05-19 08:58:33,615] {dag.py:2396} INFO - Sync 1 DAGs
[2025-05-19 08:58:33,654] {logging_mixin.py:109} INFO - [2025-05-19 08:58:33,654] {dag.py:2935} INFO - Setting next_dagrun for latest_only_with_trigger to 2025-05-19T04:58:33.654055+00:00
[2025-05-19 08:58:33,672] {processor.py:171} INFO - Processing /home/airflow/.local/lib/python3.6/site-packages/airflow/example_dags/example_latest_only_with_trigger.py took 0.146 seconds
[2025-05-19 08:59:04,640] {processor.py:163} INFO - Started process (PID=825) to work on /home/airflow/.local/lib/python3.6/site-packages/airflow/example_dags/example_latest_only_with_trigger.py
[2025-05-19 08:59:04,642] {processor.py:642} INFO - Processing file /home/airflow/.local/lib/python3.6/site-packages/airflow/example_dags/example_latest_only_with_trigger.py for tasks to queue
[2025-05-19 08:59:04,644] {logging_mixin.py:109} INFO - [2025-05-19 08:59:04,644] {dagbag.py:500} INFO - Filling up the DagBag from /home/airflow/.local/lib/python3.6/site-packages/airflow/example_dags/example_latest_only_with_trigger.py
[2025-05-19 08:59:04,699] {processor.py:654} INFO - DAG(s) dict_keys(['latest_only_with_trigger']) retrieved from /home/airflow/.local/lib/python3.6/site-packages/airflow/example_dags/example_latest_only_with_trigger.py
[2025-05-19 08:59:04,720] {logging_mixin.py:109} INFO - [2025-05-19 08:59:04,720] {dag.py:2396} INFO - Sync 1 DAGs
[2025-05-19 08:59:04,757] {logging_mixin.py:109} INFO - [2025-05-19 08:59:04,757] {dag.py:2935} INFO - Setting next_dagrun for latest_only_with_trigger to 2025-05-19T04:59:04.756963+00:00
[2025-05-19 08:59:04,783] {processor.py:171} INFO - Processing /home/airflow/.local/lib/python3.6/site-packages/airflow/example_dags/example_latest_only_with_trigger.py took 0.149 seconds
[2025-05-19 08:59:35,173] {processor.py:163} INFO - Started process (PID=879) to work on /home/airflow/.local/lib/python3.6/site-packages/airflow/example_dags/example_latest_only_with_trigger.py
[2025-05-19 08:59:35,177] {processor.py:642} INFO - Processing file /home/airflow/.local/lib/python3.6/site-packages/airflow/example_dags/example_latest_only_with_trigger.py for tasks to queue
[2025-05-19 08:59:35,179] {logging_mixin.py:109} INFO - [2025-05-19 08:59:35,179] {dagbag.py:500} INFO - Filling up the DagBag from /home/airflow/.local/lib/python3.6/site-packages/airflow/example_dags/example_latest_only_with_trigger.py
[2025-05-19 08:59:35,266] {processor.py:654} INFO - DAG(s) dict_keys(['latest_only_with_trigger']) retrieved from /home/airflow/.local/lib/python3.6/site-packages/airflow/example_dags/example_latest_only_with_trigger.py
[2025-05-19 08:59:35,305] {logging_mixin.py:109} INFO - [2025-05-19 08:59:35,305] {dag.py:2396} INFO - Sync 1 DAGs
[2025-05-19 08:59:35,363] {logging_mixin.py:109} INFO - [2025-05-19 08:59:35,363] {dag.py:2935} INFO - Setting next_dagrun for latest_only_with_trigger to 2025-05-19T04:59:35.362660+00:00
[2025-05-19 08:59:35,392] {processor.py:171} INFO - Processing /home/airflow/.local/lib/python3.6/site-packages/airflow/example_dags/example_latest_only_with_trigger.py took 0.230 seconds
[2025-05-19 09:00:05,739] {processor.py:163} INFO - Started process (PID=922) to work on /home/airflow/.local/lib/python3.6/site-packages/airflow/example_dags/example_latest_only_with_trigger.py
[2025-05-19 09:00:05,741] {processor.py:642} INFO - Processing file /home/airflow/.local/lib/python3.6/site-packages/airflow/example_dags/example_latest_only_with_trigger.py for tasks to queue
[2025-05-19 09:00:05,743] {logging_mixin.py:109} INFO - [2025-05-19 09:00:05,743] {dagbag.py:500} INFO - Filling up the DagBag from /home/airflow/.local/lib/python3.6/site-packages/airflow/example_dags/example_latest_only_with_trigger.py
[2025-05-19 09:00:05,798] {processor.py:654} INFO - DAG(s) dict_keys(['latest_only_with_trigger']) retrieved from /home/airflow/.local/lib/python3.6/site-packages/airflow/example_dags/example_latest_only_with_trigger.py
[2025-05-19 09:00:05,820] {logging_mixin.py:109} INFO - [2025-05-19 09:00:05,820] {dag.py:2396} INFO - Sync 1 DAGs
[2025-05-19 09:00:05,860] {logging_mixin.py:109} INFO - [2025-05-19 09:00:05,860] {dag.py:2935} INFO - Setting next_dagrun for latest_only_with_trigger to 2025-05-19T05:00:05.859729+00:00
[2025-05-19 09:00:05,879] {processor.py:171} INFO - Processing /home/airflow/.local/lib/python3.6/site-packages/airflow/example_dags/example_latest_only_with_trigger.py took 0.146 seconds
[2025-05-19 09:00:36,584] {processor.py:163} INFO - Started process (PID=974) to work on /home/airflow/.local/lib/python3.6/site-packages/airflow/example_dags/example_latest_only_with_trigger.py
[2025-05-19 09:00:36,588] {processor.py:642} INFO - Processing file /home/airflow/.local/lib/python3.6/site-packages/airflow/example_dags/example_latest_only_with_trigger.py for tasks to queue
[2025-05-19 09:00:36,590] {logging_mixin.py:109} INFO - [2025-05-19 09:00:36,589] {dagbag.py:500} INFO - Filling up the DagBag from /home/airflow/.local/lib/python3.6/site-packages/airflow/example_dags/example_latest_only_with_trigger.py
[2025-05-19 09:00:36,661] {processor.py:654} INFO - DAG(s) dict_keys(['latest_only_with_trigger']) retrieved from /home/airflow/.local/lib/python3.6/site-packages/airflow/example_dags/example_latest_only_with_trigger.py
[2025-05-19 09:00:36,693] {logging_mixin.py:109} INFO - [2025-05-19 09:00:36,692] {dag.py:2396} INFO - Sync 1 DAGs
[2025-05-19 09:00:36,744] {logging_mixin.py:109} INFO - [2025-05-19 09:00:36,743] {dag.py:2935} INFO - Setting next_dagrun for latest_only_with_trigger to 2025-05-19T05:00:36.743055+00:00
[2025-05-19 09:00:36,770] {processor.py:171} INFO - Processing /home/airflow/.local/lib/python3.6/site-packages/airflow/example_dags/example_latest_only_with_trigger.py took 0.194 seconds
[2025-05-19 09:01:08,065] {processor.py:163} INFO - Started process (PID=1026) to work on /home/airflow/.local/lib/python3.6/site-packages/airflow/example_dags/example_latest_only_with_trigger.py
[2025-05-19 09:01:08,069] {processor.py:642} INFO - Processing file /home/airflow/.local/lib/python3.6/site-packages/airflow/example_dags/example_latest_only_with_trigger.py for tasks to queue
[2025-05-19 09:01:08,071] {logging_mixin.py:109} INFO - [2025-05-19 09:01:08,071] {dagbag.py:500} INFO - Filling up the DagBag from /home/airflow/.local/lib/python3.6/site-packages/airflow/example_dags/example_latest_only_with_trigger.py
[2025-05-19 09:01:08,164] {processor.py:654} INFO - DAG(s) dict_keys(['latest_only_with_trigger']) retrieved from /home/airflow/.local/lib/python3.6/site-packages/airflow/example_dags/example_latest_only_with_trigger.py
[2025-05-19 09:01:08,203] {logging_mixin.py:109} INFO - [2025-05-19 09:01:08,203] {dag.py:2396} INFO - Sync 1 DAGs
[2025-05-19 09:01:08,257] {logging_mixin.py:109} INFO - [2025-05-19 09:01:08,257] {dag.py:2935} INFO - Setting next_dagrun for latest_only_with_trigger to 2025-05-19T05:01:08.257129+00:00
[2025-05-19 09:01:08,291] {processor.py:171} INFO - Processing /home/airflow/.local/lib/python3.6/site-packages/airflow/example_dags/example_latest_only_with_trigger.py took 0.235 seconds
[2025-05-19 09:01:39,950] {processor.py:163} INFO - Started process (PID=1078) to work on /home/airflow/.local/lib/python3.6/site-packages/airflow/example_dags/example_latest_only_with_trigger.py
[2025-05-19 09:01:39,954] {processor.py:642} INFO - Processing file /home/airflow/.local/lib/python3.6/site-packages/airflow/example_dags/example_latest_only_with_trigger.py for tasks to queue
[2025-05-19 09:01:39,956] {logging_mixin.py:109} INFO - [2025-05-19 09:01:39,956] {dagbag.py:500} INFO - Filling up the DagBag from /home/airflow/.local/lib/python3.6/site-packages/airflow/example_dags/example_latest_only_with_trigger.py
[2025-05-19 09:01:40,046] {processor.py:654} INFO - DAG(s) dict_keys(['latest_only_with_trigger']) retrieved from /home/airflow/.local/lib/python3.6/site-packages/airflow/example_dags/example_latest_only_with_trigger.py
[2025-05-19 09:01:40,092] {logging_mixin.py:109} INFO - [2025-05-19 09:01:40,091] {dag.py:2396} INFO - Sync 1 DAGs
[2025-05-19 09:01:40,157] {logging_mixin.py:109} INFO - [2025-05-19 09:01:40,157] {dag.py:2935} INFO - Setting next_dagrun for latest_only_with_trigger to 2025-05-19T05:01:40.156429+00:00
[2025-05-19 09:01:40,182] {processor.py:171} INFO - Processing /home/airflow/.local/lib/python3.6/site-packages/airflow/example_dags/example_latest_only_with_trigger.py took 0.240 seconds
[2025-05-19 09:02:12,554] {processor.py:163} INFO - Started process (PID=1131) to work on /home/airflow/.local/lib/python3.6/site-packages/airflow/example_dags/example_latest_only_with_trigger.py
[2025-05-19 09:02:12,559] {processor.py:642} INFO - Processing file /home/airflow/.local/lib/python3.6/site-packages/airflow/example_dags/example_latest_only_with_trigger.py for tasks to queue
[2025-05-19 09:02:12,563] {logging_mixin.py:109} INFO - [2025-05-19 09:02:12,563] {dagbag.py:500} INFO - Filling up the DagBag from /home/airflow/.local/lib/python3.6/site-packages/airflow/example_dags/example_latest_only_with_trigger.py
[2025-05-19 09:02:12,705] {processor.py:654} INFO - DAG(s) dict_keys(['latest_only_with_trigger']) retrieved from /home/airflow/.local/lib/python3.6/site-packages/airflow/example_dags/example_latest_only_with_trigger.py
[2025-05-19 09:02:12,782] {logging_mixin.py:109} INFO - [2025-05-19 09:02:12,782] {dag.py:2396} INFO - Sync 1 DAGs
[2025-05-19 09:02:12,870] {logging_mixin.py:109} INFO - [2025-05-19 09:02:12,870] {dag.py:2935} INFO - Setting next_dagrun for latest_only_with_trigger to 2025-05-19T05:02:12.869670+00:00
[2025-05-19 09:02:12,917] {processor.py:171} INFO - Processing /home/airflow/.local/lib/python3.6/site-packages/airflow/example_dags/example_latest_only_with_trigger.py took 0.377 seconds
[2025-05-19 09:02:45,793] {processor.py:163} INFO - Started process (PID=1183) to work on /home/airflow/.local/lib/python3.6/site-packages/airflow/example_dags/example_latest_only_with_trigger.py
[2025-05-19 09:02:45,821] {processor.py:642} INFO - Processing file /home/airflow/.local/lib/python3.6/site-packages/airflow/example_dags/example_latest_only_with_trigger.py for tasks to queue
[2025-05-19 09:02:45,842] {logging_mixin.py:109} INFO - [2025-05-19 09:02:45,838] {dagbag.py:500} INFO - Filling up the DagBag from /home/airflow/.local/lib/python3.6/site-packages/airflow/example_dags/example_latest_only_with_trigger.py
[2025-05-19 09:02:45,976] {processor.py:654} INFO - DAG(s) dict_keys(['latest_only_with_trigger']) retrieved from /home/airflow/.local/lib/python3.6/site-packages/airflow/example_dags/example_latest_only_with_trigger.py
[2025-05-19 09:02:46,011] {logging_mixin.py:109} INFO - [2025-05-19 09:02:46,011] {dag.py:2396} INFO - Sync 1 DAGs
[2025-05-19 09:02:46,081] {logging_mixin.py:109} INFO - [2025-05-19 09:02:46,081] {dag.py:2935} INFO - Setting next_dagrun for latest_only_with_trigger to 2025-05-19T05:02:46.077015+00:00
[2025-05-19 09:02:46,129] {processor.py:171} INFO - Processing /home/airflow/.local/lib/python3.6/site-packages/airflow/example_dags/example_latest_only_with_trigger.py took 0.351 seconds
[2025-05-19 09:03:16,393] {processor.py:163} INFO - Started process (PID=1235) to work on /home/airflow/.local/lib/python3.6/site-packages/airflow/example_dags/example_latest_only_with_trigger.py
[2025-05-19 09:03:16,399] {processor.py:642} INFO - Processing file /home/airflow/.local/lib/python3.6/site-packages/airflow/example_dags/example_latest_only_with_trigger.py for tasks to queue
[2025-05-19 09:03:16,407] {logging_mixin.py:109} INFO - [2025-05-19 09:03:16,407] {dagbag.py:500} INFO - Filling up the DagBag from /home/airflow/.local/lib/python3.6/site-packages/airflow/example_dags/example_latest_only_with_trigger.py
[2025-05-19 09:03:16,513] {processor.py:654} INFO - DAG(s) dict_keys(['latest_only_with_trigger']) retrieved from /home/airflow/.local/lib/python3.6/site-packages/airflow/example_dags/example_latest_only_with_trigger.py
[2025-05-19 09:03:16,543] {logging_mixin.py:109} INFO - [2025-05-19 09:03:16,542] {dag.py:2396} INFO - Sync 1 DAGs
[2025-05-19 09:03:16,603] {logging_mixin.py:109} INFO - [2025-05-19 09:03:16,603] {dag.py:2935} INFO - Setting next_dagrun for latest_only_with_trigger to 2025-05-19T05:03:16.602305+00:00
[2025-05-19 09:03:16,650] {processor.py:171} INFO - Processing /home/airflow/.local/lib/python3.6/site-packages/airflow/example_dags/example_latest_only_with_trigger.py took 0.270 seconds
[2025-05-19 09:03:46,788] {processor.py:163} INFO - Started process (PID=1277) to work on /home/airflow/.local/lib/python3.6/site-packages/airflow/example_dags/example_latest_only_with_trigger.py
[2025-05-19 09:03:46,791] {processor.py:642} INFO - Processing file /home/airflow/.local/lib/python3.6/site-packages/airflow/example_dags/example_latest_only_with_trigger.py for tasks to queue
[2025-05-19 09:03:46,793] {logging_mixin.py:109} INFO - [2025-05-19 09:03:46,793] {dagbag.py:500} INFO - Filling up the DagBag from /home/airflow/.local/lib/python3.6/site-packages/airflow/example_dags/example_latest_only_with_trigger.py
[2025-05-19 09:03:46,867] {processor.py:654} INFO - DAG(s) dict_keys(['latest_only_with_trigger']) retrieved from /home/airflow/.local/lib/python3.6/site-packages/airflow/example_dags/example_latest_only_with_trigger.py
[2025-05-19 09:03:46,889] {logging_mixin.py:109} INFO - [2025-05-19 09:03:46,889] {dag.py:2396} INFO - Sync 1 DAGs
[2025-05-19 09:03:46,926] {logging_mixin.py:109} INFO - [2025-05-19 09:03:46,925] {dag.py:2935} INFO - Setting next_dagrun for latest_only_with_trigger to 2025-05-19T05:03:46.925367+00:00
[2025-05-19 09:03:46,947] {processor.py:171} INFO - Processing /home/airflow/.local/lib/python3.6/site-packages/airflow/example_dags/example_latest_only_with_trigger.py took 0.169 seconds
[2025-05-19 09:04:17,647] {processor.py:163} INFO - Started process (PID=1336) to work on /home/airflow/.local/lib/python3.6/site-packages/airflow/example_dags/example_latest_only_with_trigger.py
[2025-05-19 09:04:17,651] {processor.py:642} INFO - Processing file /home/airflow/.local/lib/python3.6/site-packages/airflow/example_dags/example_latest_only_with_trigger.py for tasks to queue
[2025-05-19 09:04:17,653] {logging_mixin.py:109} INFO - [2025-05-19 09:04:17,653] {dagbag.py:500} INFO - Filling up the DagBag from /home/airflow/.local/lib/python3.6/site-packages/airflow/example_dags/example_latest_only_with_trigger.py
[2025-05-19 09:04:17,733] {processor.py:654} INFO - DAG(s) dict_keys(['latest_only_with_trigger']) retrieved from /home/airflow/.local/lib/python3.6/site-packages/airflow/example_dags/example_latest_only_with_trigger.py
[2025-05-19 09:04:17,775] {logging_mixin.py:109} INFO - [2025-05-19 09:04:17,774] {dag.py:2396} INFO - Sync 1 DAGs
[2025-05-19 09:04:17,951] {logging_mixin.py:109} INFO - [2025-05-19 09:04:17,951] {dag.py:2935} INFO - Setting next_dagrun for latest_only_with_trigger to 2025-05-19T05:04:17.949340+00:00
[2025-05-19 09:04:17,989] {processor.py:171} INFO - Processing /home/airflow/.local/lib/python3.6/site-packages/airflow/example_dags/example_latest_only_with_trigger.py took 0.350 seconds
[2025-05-19 09:04:48,748] {processor.py:163} INFO - Started process (PID=1381) to work on /home/airflow/.local/lib/python3.6/site-packages/airflow/example_dags/example_latest_only_with_trigger.py
[2025-05-19 09:04:48,751] {processor.py:642} INFO - Processing file /home/airflow/.local/lib/python3.6/site-packages/airflow/example_dags/example_latest_only_with_trigger.py for tasks to queue
[2025-05-19 09:04:48,754] {logging_mixin.py:109} INFO - [2025-05-19 09:04:48,753] {dagbag.py:500} INFO - Filling up the DagBag from /home/airflow/.local/lib/python3.6/site-packages/airflow/example_dags/example_latest_only_with_trigger.py
[2025-05-19 09:04:48,855] {processor.py:654} INFO - DAG(s) dict_keys(['latest_only_with_trigger']) retrieved from /home/airflow/.local/lib/python3.6/site-packages/airflow/example_dags/example_latest_only_with_trigger.py
[2025-05-19 09:04:48,902] {logging_mixin.py:109} INFO - [2025-05-19 09:04:48,901] {dag.py:2396} INFO - Sync 1 DAGs
[2025-05-19 09:04:48,973] {logging_mixin.py:109} INFO - [2025-05-19 09:04:48,972] {dag.py:2935} INFO - Setting next_dagrun for latest_only_with_trigger to 2025-05-19T05:04:48.972285+00:00
[2025-05-19 09:04:49,013] {processor.py:171} INFO - Processing /home/airflow/.local/lib/python3.6/site-packages/airflow/example_dags/example_latest_only_with_trigger.py took 0.274 seconds
[2025-05-19 09:05:19,362] {processor.py:163} INFO - Started process (PID=1434) to work on /home/airflow/.local/lib/python3.6/site-packages/airflow/example_dags/example_latest_only_with_trigger.py
[2025-05-19 09:05:19,365] {processor.py:642} INFO - Processing file /home/airflow/.local/lib/python3.6/site-packages/airflow/example_dags/example_latest_only_with_trigger.py for tasks to queue
[2025-05-19 09:05:19,367] {logging_mixin.py:109} INFO - [2025-05-19 09:05:19,367] {dagbag.py:500} INFO - Filling up the DagBag from /home/airflow/.local/lib/python3.6/site-packages/airflow/example_dags/example_latest_only_with_trigger.py
[2025-05-19 09:05:19,443] {processor.py:654} INFO - DAG(s) dict_keys(['latest_only_with_trigger']) retrieved from /home/airflow/.local/lib/python3.6/site-packages/airflow/example_dags/example_latest_only_with_trigger.py
[2025-05-19 09:05:19,481] {logging_mixin.py:109} INFO - [2025-05-19 09:05:19,480] {dag.py:2396} INFO - Sync 1 DAGs
[2025-05-19 09:05:19,541] {logging_mixin.py:109} INFO - [2025-05-19 09:05:19,541] {dag.py:2935} INFO - Setting next_dagrun for latest_only_with_trigger to 2025-05-19T05:05:19.540915+00:00
[2025-05-19 09:05:19,563] {processor.py:171} INFO - Processing /home/airflow/.local/lib/python3.6/site-packages/airflow/example_dags/example_latest_only_with_trigger.py took 0.211 seconds
[2025-05-19 09:05:50,124] {processor.py:163} INFO - Started process (PID=1485) to work on /home/airflow/.local/lib/python3.6/site-packages/airflow/example_dags/example_latest_only_with_trigger.py
[2025-05-19 09:05:50,126] {processor.py:642} INFO - Processing file /home/airflow/.local/lib/python3.6/site-packages/airflow/example_dags/example_latest_only_with_trigger.py for tasks to queue
[2025-05-19 09:05:50,128] {logging_mixin.py:109} INFO - [2025-05-19 09:05:50,128] {dagbag.py:500} INFO - Filling up the DagBag from /home/airflow/.local/lib/python3.6/site-packages/airflow/example_dags/example_latest_only_with_trigger.py
[2025-05-19 09:05:50,183] {processor.py:654} INFO - DAG(s) dict_keys(['latest_only_with_trigger']) retrieved from /home/airflow/.local/lib/python3.6/site-packages/airflow/example_dags/example_latest_only_with_trigger.py
[2025-05-19 09:05:50,201] {logging_mixin.py:109} INFO - [2025-05-19 09:05:50,201] {dag.py:2396} INFO - Sync 1 DAGs
[2025-05-19 09:05:50,239] {logging_mixin.py:109} INFO - [2025-05-19 09:05:50,239] {dag.py:2935} INFO - Setting next_dagrun for latest_only_with_trigger to 2025-05-19T05:05:50.239276+00:00
[2025-05-19 09:05:50,257] {processor.py:171} INFO - Processing /home/airflow/.local/lib/python3.6/site-packages/airflow/example_dags/example_latest_only_with_trigger.py took 0.140 seconds
[2025-05-19 09:06:20,890] {processor.py:163} INFO - Started process (PID=1537) to work on /home/airflow/.local/lib/python3.6/site-packages/airflow/example_dags/example_latest_only_with_trigger.py
[2025-05-19 09:06:20,891] {processor.py:642} INFO - Processing file /home/airflow/.local/lib/python3.6/site-packages/airflow/example_dags/example_latest_only_with_trigger.py for tasks to queue
[2025-05-19 09:06:20,892] {logging_mixin.py:109} INFO - [2025-05-19 09:06:20,892] {dagbag.py:500} INFO - Filling up the DagBag from /home/airflow/.local/lib/python3.6/site-packages/airflow/example_dags/example_latest_only_with_trigger.py
[2025-05-19 09:06:20,926] {processor.py:654} INFO - DAG(s) dict_keys(['latest_only_with_trigger']) retrieved from /home/airflow/.local/lib/python3.6/site-packages/airflow/example_dags/example_latest_only_with_trigger.py
[2025-05-19 09:06:20,938] {logging_mixin.py:109} INFO - [2025-05-19 09:06:20,938] {dag.py:2396} INFO - Sync 1 DAGs
[2025-05-19 09:06:20,956] {logging_mixin.py:109} INFO - [2025-05-19 09:06:20,956] {dag.py:2935} INFO - Setting next_dagrun for latest_only_with_trigger to 2025-05-19T05:06:20.956577+00:00
[2025-05-19 09:06:20,966] {processor.py:171} INFO - Processing /home/airflow/.local/lib/python3.6/site-packages/airflow/example_dags/example_latest_only_with_trigger.py took 0.080 seconds
[2025-05-19 09:06:51,249] {processor.py:163} INFO - Started process (PID=1599) to work on /home/airflow/.local/lib/python3.6/site-packages/airflow/example_dags/example_latest_only_with_trigger.py
[2025-05-19 09:06:51,251] {processor.py:642} INFO - Processing file /home/airflow/.local/lib/python3.6/site-packages/airflow/example_dags/example_latest_only_with_trigger.py for tasks to queue
[2025-05-19 09:06:51,253] {logging_mixin.py:109} INFO - [2025-05-19 09:06:51,253] {dagbag.py:500} INFO - Filling up the DagBag from /home/airflow/.local/lib/python3.6/site-packages/airflow/example_dags/example_latest_only_with_trigger.py
[2025-05-19 09:06:51,300] {processor.py:654} INFO - DAG(s) dict_keys(['latest_only_with_trigger']) retrieved from /home/airflow/.local/lib/python3.6/site-packages/airflow/example_dags/example_latest_only_with_trigger.py
[2025-05-19 09:06:51,324] {logging_mixin.py:109} INFO - [2025-05-19 09:06:51,324] {dag.py:2396} INFO - Sync 1 DAGs
[2025-05-19 09:06:51,367] {logging_mixin.py:109} INFO - [2025-05-19 09:06:51,367] {dag.py:2935} INFO - Setting next_dagrun for latest_only_with_trigger to 2025-05-19T05:06:51.367062+00:00
[2025-05-19 09:06:51,387] {processor.py:171} INFO - Processing /home/airflow/.local/lib/python3.6/site-packages/airflow/example_dags/example_latest_only_with_trigger.py took 0.144 seconds
[2025-05-19 09:07:21,919] {processor.py:163} INFO - Started process (PID=1650) to work on /home/airflow/.local/lib/python3.6/site-packages/airflow/example_dags/example_latest_only_with_trigger.py
[2025-05-19 09:07:21,921] {processor.py:642} INFO - Processing file /home/airflow/.local/lib/python3.6/site-packages/airflow/example_dags/example_latest_only_with_trigger.py for tasks to queue
[2025-05-19 09:07:21,922] {logging_mixin.py:109} INFO - [2025-05-19 09:07:21,922] {dagbag.py:500} INFO - Filling up the DagBag from /home/airflow/.local/lib/python3.6/site-packages/airflow/example_dags/example_latest_only_with_trigger.py
[2025-05-19 09:07:21,958] {processor.py:654} INFO - DAG(s) dict_keys(['latest_only_with_trigger']) retrieved from /home/airflow/.local/lib/python3.6/site-packages/airflow/example_dags/example_latest_only_with_trigger.py
[2025-05-19 09:07:21,971] {logging_mixin.py:109} INFO - [2025-05-19 09:07:21,971] {dag.py:2396} INFO - Sync 1 DAGs
[2025-05-19 09:07:21,994] {logging_mixin.py:109} INFO - [2025-05-19 09:07:21,993] {dag.py:2935} INFO - Setting next_dagrun for latest_only_with_trigger to 2025-05-19T05:07:21.993529+00:00
[2025-05-19 09:07:22,009] {processor.py:171} INFO - Processing /home/airflow/.local/lib/python3.6/site-packages/airflow/example_dags/example_latest_only_with_trigger.py took 0.094 seconds
[2025-05-19 09:07:53,215] {processor.py:163} INFO - Started process (PID=1715) to work on /home/airflow/.local/lib/python3.6/site-packages/airflow/example_dags/example_latest_only_with_trigger.py
[2025-05-19 09:07:53,217] {processor.py:642} INFO - Processing file /home/airflow/.local/lib/python3.6/site-packages/airflow/example_dags/example_latest_only_with_trigger.py for tasks to queue
[2025-05-19 09:07:53,218] {logging_mixin.py:109} INFO - [2025-05-19 09:07:53,218] {dagbag.py:500} INFO - Filling up the DagBag from /home/airflow/.local/lib/python3.6/site-packages/airflow/example_dags/example_latest_only_with_trigger.py
[2025-05-19 09:07:53,255] {processor.py:654} INFO - DAG(s) dict_keys(['latest_only_with_trigger']) retrieved from /home/airflow/.local/lib/python3.6/site-packages/airflow/example_dags/example_latest_only_with_trigger.py
[2025-05-19 09:07:53,270] {logging_mixin.py:109} INFO - [2025-05-19 09:07:53,270] {dag.py:2396} INFO - Sync 1 DAGs
[2025-05-19 09:07:53,295] {logging_mixin.py:109} INFO - [2025-05-19 09:07:53,295] {dag.py:2935} INFO - Setting next_dagrun for latest_only_with_trigger to 2025-05-19T05:07:53.294890+00:00
[2025-05-19 09:07:53,308] {processor.py:171} INFO - Processing /home/airflow/.local/lib/python3.6/site-packages/airflow/example_dags/example_latest_only_with_trigger.py took 0.097 seconds
[2025-05-19 09:08:24,375] {processor.py:163} INFO - Started process (PID=1767) to work on /home/airflow/.local/lib/python3.6/site-packages/airflow/example_dags/example_latest_only_with_trigger.py
[2025-05-19 09:08:24,377] {processor.py:642} INFO - Processing file /home/airflow/.local/lib/python3.6/site-packages/airflow/example_dags/example_latest_only_with_trigger.py for tasks to queue
[2025-05-19 09:08:24,378] {logging_mixin.py:109} INFO - [2025-05-19 09:08:24,378] {dagbag.py:500} INFO - Filling up the DagBag from /home/airflow/.local/lib/python3.6/site-packages/airflow/example_dags/example_latest_only_with_trigger.py
[2025-05-19 09:08:24,419] {processor.py:654} INFO - DAG(s) dict_keys(['latest_only_with_trigger']) retrieved from /home/airflow/.local/lib/python3.6/site-packages/airflow/example_dags/example_latest_only_with_trigger.py
[2025-05-19 09:08:24,435] {logging_mixin.py:109} INFO - [2025-05-19 09:08:24,435] {dag.py:2396} INFO - Sync 1 DAGs
[2025-05-19 09:08:24,462] {logging_mixin.py:109} INFO - [2025-05-19 09:08:24,462] {dag.py:2935} INFO - Setting next_dagrun for latest_only_with_trigger to 2025-05-19T05:08:24.462236+00:00
[2025-05-19 09:08:24,476] {processor.py:171} INFO - Processing /home/airflow/.local/lib/python3.6/site-packages/airflow/example_dags/example_latest_only_with_trigger.py took 0.106 seconds
[2025-05-19 09:08:55,250] {processor.py:163} INFO - Started process (PID=1829) to work on /home/airflow/.local/lib/python3.6/site-packages/airflow/example_dags/example_latest_only_with_trigger.py
[2025-05-19 09:08:55,252] {processor.py:642} INFO - Processing file /home/airflow/.local/lib/python3.6/site-packages/airflow/example_dags/example_latest_only_with_trigger.py for tasks to queue
[2025-05-19 09:08:55,254] {logging_mixin.py:109} INFO - [2025-05-19 09:08:55,253] {dagbag.py:500} INFO - Filling up the DagBag from /home/airflow/.local/lib/python3.6/site-packages/airflow/example_dags/example_latest_only_with_trigger.py
[2025-05-19 09:08:55,309] {processor.py:654} INFO - DAG(s) dict_keys(['latest_only_with_trigger']) retrieved from /home/airflow/.local/lib/python3.6/site-packages/airflow/example_dags/example_latest_only_with_trigger.py
[2025-05-19 09:08:55,326] {logging_mixin.py:109} INFO - [2025-05-19 09:08:55,326] {dag.py:2396} INFO - Sync 1 DAGs
[2025-05-19 09:08:55,352] {logging_mixin.py:109} INFO - [2025-05-19 09:08:55,351] {dag.py:2935} INFO - Setting next_dagrun for latest_only_with_trigger to 2025-05-19T05:08:55.351508+00:00
[2025-05-19 09:08:55,369] {processor.py:171} INFO - Processing /home/airflow/.local/lib/python3.6/site-packages/airflow/example_dags/example_latest_only_with_trigger.py took 0.125 seconds
[2025-05-19 09:09:25,884] {processor.py:163} INFO - Started process (PID=1881) to work on /home/airflow/.local/lib/python3.6/site-packages/airflow/example_dags/example_latest_only_with_trigger.py
[2025-05-19 09:09:25,886] {processor.py:642} INFO - Processing file /home/airflow/.local/lib/python3.6/site-packages/airflow/example_dags/example_latest_only_with_trigger.py for tasks to queue
[2025-05-19 09:09:25,888] {logging_mixin.py:109} INFO - [2025-05-19 09:09:25,888] {dagbag.py:500} INFO - Filling up the DagBag from /home/airflow/.local/lib/python3.6/site-packages/airflow/example_dags/example_latest_only_with_trigger.py
[2025-05-19 09:09:25,942] {processor.py:654} INFO - DAG(s) dict_keys(['latest_only_with_trigger']) retrieved from /home/airflow/.local/lib/python3.6/site-packages/airflow/example_dags/example_latest_only_with_trigger.py
[2025-05-19 09:09:25,963] {logging_mixin.py:109} INFO - [2025-05-19 09:09:25,963] {dag.py:2396} INFO - Sync 1 DAGs
[2025-05-19 09:09:25,993] {logging_mixin.py:109} INFO - [2025-05-19 09:09:25,993] {dag.py:2935} INFO - Setting next_dagrun for latest_only_with_trigger to 2025-05-19T05:09:25.992689+00:00
[2025-05-19 09:09:26,008] {processor.py:171} INFO - Processing /home/airflow/.local/lib/python3.6/site-packages/airflow/example_dags/example_latest_only_with_trigger.py took 0.131 seconds
[2025-05-19 09:09:56,914] {processor.py:163} INFO - Started process (PID=1943) to work on /home/airflow/.local/lib/python3.6/site-packages/airflow/example_dags/example_latest_only_with_trigger.py
[2025-05-19 09:09:56,917] {processor.py:642} INFO - Processing file /home/airflow/.local/lib/python3.6/site-packages/airflow/example_dags/example_latest_only_with_trigger.py for tasks to queue
[2025-05-19 09:09:56,920] {logging_mixin.py:109} INFO - [2025-05-19 09:09:56,919] {dagbag.py:500} INFO - Filling up the DagBag from /home/airflow/.local/lib/python3.6/site-packages/airflow/example_dags/example_latest_only_with_trigger.py
[2025-05-19 09:09:56,991] {processor.py:654} INFO - DAG(s) dict_keys(['latest_only_with_trigger']) retrieved from /home/airflow/.local/lib/python3.6/site-packages/airflow/example_dags/example_latest_only_with_trigger.py
[2025-05-19 09:09:57,021] {logging_mixin.py:109} INFO - [2025-05-19 09:09:57,021] {dag.py:2396} INFO - Sync 1 DAGs
[2025-05-19 09:09:57,071] {logging_mixin.py:109} INFO - [2025-05-19 09:09:57,071] {dag.py:2935} INFO - Setting next_dagrun for latest_only_with_trigger to 2025-05-19T05:09:57.070978+00:00
[2025-05-19 09:09:57,103] {processor.py:171} INFO - Processing /home/airflow/.local/lib/python3.6/site-packages/airflow/example_dags/example_latest_only_with_trigger.py took 0.197 seconds
[2025-05-19 09:10:28,114] {processor.py:163} INFO - Started process (PID=1995) to work on /home/airflow/.local/lib/python3.6/site-packages/airflow/example_dags/example_latest_only_with_trigger.py
[2025-05-19 09:10:28,118] {processor.py:642} INFO - Processing file /home/airflow/.local/lib/python3.6/site-packages/airflow/example_dags/example_latest_only_with_trigger.py for tasks to queue
[2025-05-19 09:10:28,119] {logging_mixin.py:109} INFO - [2025-05-19 09:10:28,119] {dagbag.py:500} INFO - Filling up the DagBag from /home/airflow/.local/lib/python3.6/site-packages/airflow/example_dags/example_latest_only_with_trigger.py
[2025-05-19 09:10:28,180] {processor.py:654} INFO - DAG(s) dict_keys(['latest_only_with_trigger']) retrieved from /home/airflow/.local/lib/python3.6/site-packages/airflow/example_dags/example_latest_only_with_trigger.py
[2025-05-19 09:10:28,218] {logging_mixin.py:109} INFO - [2025-05-19 09:10:28,217] {dag.py:2396} INFO - Sync 1 DAGs
[2025-05-19 09:10:28,279] {logging_mixin.py:109} INFO - [2025-05-19 09:10:28,278] {dag.py:2935} INFO - Setting next_dagrun for latest_only_with_trigger to 2025-05-19T05:10:28.277959+00:00
[2025-05-19 09:10:28,302] {processor.py:171} INFO - Processing /home/airflow/.local/lib/python3.6/site-packages/airflow/example_dags/example_latest_only_with_trigger.py took 0.195 seconds
[2025-05-19 09:10:58,956] {processor.py:163} INFO - Started process (PID=2047) to work on /home/airflow/.local/lib/python3.6/site-packages/airflow/example_dags/example_latest_only_with_trigger.py
[2025-05-19 09:10:58,960] {processor.py:642} INFO - Processing file /home/airflow/.local/lib/python3.6/site-packages/airflow/example_dags/example_latest_only_with_trigger.py for tasks to queue
[2025-05-19 09:10:58,962] {logging_mixin.py:109} INFO - [2025-05-19 09:10:58,962] {dagbag.py:500} INFO - Filling up the DagBag from /home/airflow/.local/lib/python3.6/site-packages/airflow/example_dags/example_latest_only_with_trigger.py
[2025-05-19 09:10:59,021] {processor.py:654} INFO - DAG(s) dict_keys(['latest_only_with_trigger']) retrieved from /home/airflow/.local/lib/python3.6/site-packages/airflow/example_dags/example_latest_only_with_trigger.py
[2025-05-19 09:10:59,045] {logging_mixin.py:109} INFO - [2025-05-19 09:10:59,045] {dag.py:2396} INFO - Sync 1 DAGs
[2025-05-19 09:10:59,074] {logging_mixin.py:109} INFO - [2025-05-19 09:10:59,074] {dag.py:2935} INFO - Setting next_dagrun for latest_only_with_trigger to 2025-05-19T05:10:59.073656+00:00
[2025-05-19 09:10:59,088] {processor.py:171} INFO - Processing /home/airflow/.local/lib/python3.6/site-packages/airflow/example_dags/example_latest_only_with_trigger.py took 0.142 seconds
[2025-05-19 09:11:30,121] {processor.py:163} INFO - Started process (PID=2100) to work on /home/airflow/.local/lib/python3.6/site-packages/airflow/example_dags/example_latest_only_with_trigger.py
[2025-05-19 09:11:30,135] {processor.py:642} INFO - Processing file /home/airflow/.local/lib/python3.6/site-packages/airflow/example_dags/example_latest_only_with_trigger.py for tasks to queue
[2025-05-19 09:11:30,136] {logging_mixin.py:109} INFO - [2025-05-19 09:11:30,136] {dagbag.py:500} INFO - Filling up the DagBag from /home/airflow/.local/lib/python3.6/site-packages/airflow/example_dags/example_latest_only_with_trigger.py
[2025-05-19 09:11:30,221] {processor.py:654} INFO - DAG(s) dict_keys(['latest_only_with_trigger']) retrieved from /home/airflow/.local/lib/python3.6/site-packages/airflow/example_dags/example_latest_only_with_trigger.py
[2025-05-19 09:11:30,258] {logging_mixin.py:109} INFO - [2025-05-19 09:11:30,257] {dag.py:2396} INFO - Sync 1 DAGs
[2025-05-19 09:11:30,303] {logging_mixin.py:109} INFO - [2025-05-19 09:11:30,302] {dag.py:2935} INFO - Setting next_dagrun for latest_only_with_trigger to 2025-05-19T05:11:30.302140+00:00
[2025-05-19 09:11:30,324] {processor.py:171} INFO - Processing /home/airflow/.local/lib/python3.6/site-packages/airflow/example_dags/example_latest_only_with_trigger.py took 0.210 seconds
[2025-05-19 09:12:01,136] {processor.py:163} INFO - Started process (PID=2152) to work on /home/airflow/.local/lib/python3.6/site-packages/airflow/example_dags/example_latest_only_with_trigger.py
[2025-05-19 09:12:01,139] {processor.py:642} INFO - Processing file /home/airflow/.local/lib/python3.6/site-packages/airflow/example_dags/example_latest_only_with_trigger.py for tasks to queue
[2025-05-19 09:12:01,140] {logging_mixin.py:109} INFO - [2025-05-19 09:12:01,140] {dagbag.py:500} INFO - Filling up the DagBag from /home/airflow/.local/lib/python3.6/site-packages/airflow/example_dags/example_latest_only_with_trigger.py
[2025-05-19 09:12:01,189] {processor.py:654} INFO - DAG(s) dict_keys(['latest_only_with_trigger']) retrieved from /home/airflow/.local/lib/python3.6/site-packages/airflow/example_dags/example_latest_only_with_trigger.py
[2025-05-19 09:12:01,207] {logging_mixin.py:109} INFO - [2025-05-19 09:12:01,206] {dag.py:2396} INFO - Sync 1 DAGs
[2025-05-19 09:12:01,242] {logging_mixin.py:109} INFO - [2025-05-19 09:12:01,241] {dag.py:2935} INFO - Setting next_dagrun for latest_only_with_trigger to 2025-05-19T05:12:01.241465+00:00
[2025-05-19 09:12:01,257] {processor.py:171} INFO - Processing /home/airflow/.local/lib/python3.6/site-packages/airflow/example_dags/example_latest_only_with_trigger.py took 0.127 seconds
[2025-05-19 09:12:30,870] {processor.py:163} INFO - Started process (PID=2214) to work on /home/airflow/.local/lib/python3.6/site-packages/airflow/example_dags/example_latest_only_with_trigger.py
[2025-05-19 09:12:30,873] {processor.py:642} INFO - Processing file /home/airflow/.local/lib/python3.6/site-packages/airflow/example_dags/example_latest_only_with_trigger.py for tasks to queue
[2025-05-19 09:12:30,878] {logging_mixin.py:109} INFO - [2025-05-19 09:12:30,878] {dagbag.py:500} INFO - Filling up the DagBag from /home/airflow/.local/lib/python3.6/site-packages/airflow/example_dags/example_latest_only_with_trigger.py
[2025-05-19 09:12:30,982] {processor.py:654} INFO - DAG(s) dict_keys(['latest_only_with_trigger']) retrieved from /home/airflow/.local/lib/python3.6/site-packages/airflow/example_dags/example_latest_only_with_trigger.py
[2025-05-19 09:12:31,024] {logging_mixin.py:109} INFO - [2025-05-19 09:12:31,024] {dag.py:2396} INFO - Sync 1 DAGs
[2025-05-19 09:12:31,092] {logging_mixin.py:109} INFO - [2025-05-19 09:12:31,091] {dag.py:2935} INFO - Setting next_dagrun for latest_only_with_trigger to 2025-05-19T05:12:31.091335+00:00
[2025-05-19 09:12:31,133] {processor.py:171} INFO - Processing /home/airflow/.local/lib/python3.6/site-packages/airflow/example_dags/example_latest_only_with_trigger.py took 0.271 seconds
[2025-05-19 09:13:01,627] {processor.py:163} INFO - Started process (PID=2264) to work on /home/airflow/.local/lib/python3.6/site-packages/airflow/example_dags/example_latest_only_with_trigger.py
[2025-05-19 09:13:01,632] {processor.py:642} INFO - Processing file /home/airflow/.local/lib/python3.6/site-packages/airflow/example_dags/example_latest_only_with_trigger.py for tasks to queue
[2025-05-19 09:13:01,633] {logging_mixin.py:109} INFO - [2025-05-19 09:13:01,633] {dagbag.py:500} INFO - Filling up the DagBag from /home/airflow/.local/lib/python3.6/site-packages/airflow/example_dags/example_latest_only_with_trigger.py
[2025-05-19 09:13:01,691] {processor.py:654} INFO - DAG(s) dict_keys(['latest_only_with_trigger']) retrieved from /home/airflow/.local/lib/python3.6/site-packages/airflow/example_dags/example_latest_only_with_trigger.py
[2025-05-19 09:13:01,715] {logging_mixin.py:109} INFO - [2025-05-19 09:13:01,715] {dag.py:2396} INFO - Sync 1 DAGs
[2025-05-19 09:13:01,756] {logging_mixin.py:109} INFO - [2025-05-19 09:13:01,756] {dag.py:2935} INFO - Setting next_dagrun for latest_only_with_trigger to 2025-05-19T05:13:01.756024+00:00
[2025-05-19 09:13:01,779] {processor.py:171} INFO - Processing /home/airflow/.local/lib/python3.6/site-packages/airflow/example_dags/example_latest_only_with_trigger.py took 0.159 seconds
[2025-05-19 09:13:31,971] {processor.py:163} INFO - Started process (PID=2315) to work on /home/airflow/.local/lib/python3.6/site-packages/airflow/example_dags/example_latest_only_with_trigger.py
[2025-05-19 09:13:31,976] {processor.py:642} INFO - Processing file /home/airflow/.local/lib/python3.6/site-packages/airflow/example_dags/example_latest_only_with_trigger.py for tasks to queue
[2025-05-19 09:13:31,979] {logging_mixin.py:109} INFO - [2025-05-19 09:13:31,978] {dagbag.py:500} INFO - Filling up the DagBag from /home/airflow/.local/lib/python3.6/site-packages/airflow/example_dags/example_latest_only_with_trigger.py
[2025-05-19 09:13:32,084] {processor.py:654} INFO - DAG(s) dict_keys(['latest_only_with_trigger']) retrieved from /home/airflow/.local/lib/python3.6/site-packages/airflow/example_dags/example_latest_only_with_trigger.py
[2025-05-19 09:13:32,113] {logging_mixin.py:109} INFO - [2025-05-19 09:13:32,113] {dag.py:2396} INFO - Sync 1 DAGs
[2025-05-19 09:13:32,169] {logging_mixin.py:109} INFO - [2025-05-19 09:13:32,169] {dag.py:2935} INFO - Setting next_dagrun for latest_only_with_trigger to 2025-05-19T05:13:32.168864+00:00
[2025-05-19 09:13:32,202] {processor.py:171} INFO - Processing /home/airflow/.local/lib/python3.6/site-packages/airflow/example_dags/example_latest_only_with_trigger.py took 0.241 seconds
[2025-05-19 09:14:02,304] {processor.py:163} INFO - Started process (PID=2367) to work on /home/airflow/.local/lib/python3.6/site-packages/airflow/example_dags/example_latest_only_with_trigger.py
[2025-05-19 09:14:02,306] {processor.py:642} INFO - Processing file /home/airflow/.local/lib/python3.6/site-packages/airflow/example_dags/example_latest_only_with_trigger.py for tasks to queue
[2025-05-19 09:14:02,308] {logging_mixin.py:109} INFO - [2025-05-19 09:14:02,307] {dagbag.py:500} INFO - Filling up the DagBag from /home/airflow/.local/lib/python3.6/site-packages/airflow/example_dags/example_latest_only_with_trigger.py
[2025-05-19 09:14:02,357] {processor.py:654} INFO - DAG(s) dict_keys(['latest_only_with_trigger']) retrieved from /home/airflow/.local/lib/python3.6/site-packages/airflow/example_dags/example_latest_only_with_trigger.py
[2025-05-19 09:14:02,377] {logging_mixin.py:109} INFO - [2025-05-19 09:14:02,377] {dag.py:2396} INFO - Sync 1 DAGs
[2025-05-19 09:14:02,407] {logging_mixin.py:109} INFO - [2025-05-19 09:14:02,407] {dag.py:2935} INFO - Setting next_dagrun for latest_only_with_trigger to 2025-05-19T05:14:02.406787+00:00
[2025-05-19 09:14:02,420] {processor.py:171} INFO - Processing /home/airflow/.local/lib/python3.6/site-packages/airflow/example_dags/example_latest_only_with_trigger.py took 0.122 seconds
[2025-05-19 09:14:32,502] {processor.py:163} INFO - Started process (PID=2420) to work on /home/airflow/.local/lib/python3.6/site-packages/airflow/example_dags/example_latest_only_with_trigger.py
[2025-05-19 09:14:32,504] {processor.py:642} INFO - Processing file /home/airflow/.local/lib/python3.6/site-packages/airflow/example_dags/example_latest_only_with_trigger.py for tasks to queue
[2025-05-19 09:14:32,505] {logging_mixin.py:109} INFO - [2025-05-19 09:14:32,505] {dagbag.py:500} INFO - Filling up the DagBag from /home/airflow/.local/lib/python3.6/site-packages/airflow/example_dags/example_latest_only_with_trigger.py
[2025-05-19 09:14:32,549] {processor.py:654} INFO - DAG(s) dict_keys(['latest_only_with_trigger']) retrieved from /home/airflow/.local/lib/python3.6/site-packages/airflow/example_dags/example_latest_only_with_trigger.py
[2025-05-19 09:14:32,566] {logging_mixin.py:109} INFO - [2025-05-19 09:14:32,566] {dag.py:2396} INFO - Sync 1 DAGs
[2025-05-19 09:14:32,594] {logging_mixin.py:109} INFO - [2025-05-19 09:14:32,593] {dag.py:2935} INFO - Setting next_dagrun for latest_only_with_trigger to 2025-05-19T05:14:32.592915+00:00
[2025-05-19 09:14:32,609] {processor.py:171} INFO - Processing /home/airflow/.local/lib/python3.6/site-packages/airflow/example_dags/example_latest_only_with_trigger.py took 0.112 seconds
[2025-05-19 19:33:57,716] {processor.py:163} INFO - Started process (PID=76) to work on /home/airflow/.local/lib/python3.6/site-packages/airflow/example_dags/example_latest_only_with_trigger.py
[2025-05-19 19:33:57,720] {processor.py:642} INFO - Processing file /home/airflow/.local/lib/python3.6/site-packages/airflow/example_dags/example_latest_only_with_trigger.py for tasks to queue
[2025-05-19 19:33:57,722] {logging_mixin.py:109} INFO - [2025-05-19 19:33:57,722] {dagbag.py:500} INFO - Filling up the DagBag from /home/airflow/.local/lib/python3.6/site-packages/airflow/example_dags/example_latest_only_with_trigger.py
[2025-05-19 19:33:57,816] {processor.py:654} INFO - DAG(s) dict_keys(['latest_only_with_trigger']) retrieved from /home/airflow/.local/lib/python3.6/site-packages/airflow/example_dags/example_latest_only_with_trigger.py
[2025-05-19 19:33:57,851] {logging_mixin.py:109} INFO - [2025-05-19 19:33:57,850] {dag.py:2396} INFO - Sync 1 DAGs
[2025-05-19 19:33:57,899] {logging_mixin.py:109} INFO - [2025-05-19 19:33:57,899] {dag.py:2935} INFO - Setting next_dagrun for latest_only_with_trigger to 2025-05-19T15:33:57.898853+00:00
[2025-05-19 19:33:57,934] {processor.py:171} INFO - Processing /home/airflow/.local/lib/python3.6/site-packages/airflow/example_dags/example_latest_only_with_trigger.py took 0.226 seconds
[2025-05-19 19:34:34,234] {processor.py:163} INFO - Started process (PID=128) to work on /home/airflow/.local/lib/python3.6/site-packages/airflow/example_dags/example_latest_only_with_trigger.py
[2025-05-19 19:34:34,244] {processor.py:642} INFO - Processing file /home/airflow/.local/lib/python3.6/site-packages/airflow/example_dags/example_latest_only_with_trigger.py for tasks to queue
[2025-05-19 19:34:34,253] {logging_mixin.py:109} INFO - [2025-05-19 19:34:34,253] {dagbag.py:500} INFO - Filling up the DagBag from /home/airflow/.local/lib/python3.6/site-packages/airflow/example_dags/example_latest_only_with_trigger.py
[2025-05-19 19:34:34,654] {processor.py:654} INFO - DAG(s) dict_keys(['latest_only_with_trigger']) retrieved from /home/airflow/.local/lib/python3.6/site-packages/airflow/example_dags/example_latest_only_with_trigger.py
[2025-05-19 19:34:34,691] {logging_mixin.py:109} INFO - [2025-05-19 19:34:34,691] {dag.py:2396} INFO - Sync 1 DAGs
[2025-05-19 19:34:34,794] {logging_mixin.py:109} INFO - [2025-05-19 19:34:34,794] {dag.py:2935} INFO - Setting next_dagrun for latest_only_with_trigger to 2025-05-19T15:34:34.793428+00:00
[2025-05-19 19:34:34,857] {processor.py:171} INFO - Processing /home/airflow/.local/lib/python3.6/site-packages/airflow/example_dags/example_latest_only_with_trigger.py took 0.648 seconds
[2025-05-19 19:35:05,679] {processor.py:163} INFO - Started process (PID=182) to work on /home/airflow/.local/lib/python3.6/site-packages/airflow/example_dags/example_latest_only_with_trigger.py
[2025-05-19 19:35:05,682] {processor.py:642} INFO - Processing file /home/airflow/.local/lib/python3.6/site-packages/airflow/example_dags/example_latest_only_with_trigger.py for tasks to queue
[2025-05-19 19:35:05,683] {logging_mixin.py:109} INFO - [2025-05-19 19:35:05,683] {dagbag.py:500} INFO - Filling up the DagBag from /home/airflow/.local/lib/python3.6/site-packages/airflow/example_dags/example_latest_only_with_trigger.py
[2025-05-19 19:35:05,756] {processor.py:654} INFO - DAG(s) dict_keys(['latest_only_with_trigger']) retrieved from /home/airflow/.local/lib/python3.6/site-packages/airflow/example_dags/example_latest_only_with_trigger.py
[2025-05-19 19:35:05,779] {logging_mixin.py:109} INFO - [2025-05-19 19:35:05,779] {dag.py:2396} INFO - Sync 1 DAGs
[2025-05-19 19:35:05,813] {logging_mixin.py:109} INFO - [2025-05-19 19:35:05,813] {dag.py:2935} INFO - Setting next_dagrun for latest_only_with_trigger to 2025-05-19T15:35:05.813011+00:00
[2025-05-19 19:35:05,829] {processor.py:171} INFO - Processing /home/airflow/.local/lib/python3.6/site-packages/airflow/example_dags/example_latest_only_with_trigger.py took 0.157 seconds
[2025-05-19 19:35:36,506] {processor.py:163} INFO - Started process (PID=234) to work on /home/airflow/.local/lib/python3.6/site-packages/airflow/example_dags/example_latest_only_with_trigger.py
[2025-05-19 19:35:36,516] {processor.py:642} INFO - Processing file /home/airflow/.local/lib/python3.6/site-packages/airflow/example_dags/example_latest_only_with_trigger.py for tasks to queue
[2025-05-19 19:35:36,518] {logging_mixin.py:109} INFO - [2025-05-19 19:35:36,517] {dagbag.py:500} INFO - Filling up the DagBag from /home/airflow/.local/lib/python3.6/site-packages/airflow/example_dags/example_latest_only_with_trigger.py
[2025-05-19 19:35:36,595] {processor.py:654} INFO - DAG(s) dict_keys(['latest_only_with_trigger']) retrieved from /home/airflow/.local/lib/python3.6/site-packages/airflow/example_dags/example_latest_only_with_trigger.py
[2025-05-19 19:35:36,631] {logging_mixin.py:109} INFO - [2025-05-19 19:35:36,630] {dag.py:2396} INFO - Sync 1 DAGs
[2025-05-19 19:35:36,688] {logging_mixin.py:109} INFO - [2025-05-19 19:35:36,687] {dag.py:2935} INFO - Setting next_dagrun for latest_only_with_trigger to 2025-05-19T15:35:36.685631+00:00
[2025-05-19 19:35:36,713] {processor.py:171} INFO - Processing /home/airflow/.local/lib/python3.6/site-packages/airflow/example_dags/example_latest_only_with_trigger.py took 0.215 seconds
[2025-05-19 19:36:07,281] {processor.py:163} INFO - Started process (PID=286) to work on /home/airflow/.local/lib/python3.6/site-packages/airflow/example_dags/example_latest_only_with_trigger.py
[2025-05-19 19:36:07,284] {processor.py:642} INFO - Processing file /home/airflow/.local/lib/python3.6/site-packages/airflow/example_dags/example_latest_only_with_trigger.py for tasks to queue
[2025-05-19 19:36:07,285] {logging_mixin.py:109} INFO - [2025-05-19 19:36:07,285] {dagbag.py:500} INFO - Filling up the DagBag from /home/airflow/.local/lib/python3.6/site-packages/airflow/example_dags/example_latest_only_with_trigger.py
[2025-05-19 19:36:07,355] {processor.py:654} INFO - DAG(s) dict_keys(['latest_only_with_trigger']) retrieved from /home/airflow/.local/lib/python3.6/site-packages/airflow/example_dags/example_latest_only_with_trigger.py
[2025-05-19 19:36:07,384] {logging_mixin.py:109} INFO - [2025-05-19 19:36:07,384] {dag.py:2396} INFO - Sync 1 DAGs
[2025-05-19 19:36:07,424] {logging_mixin.py:109} INFO - [2025-05-19 19:36:07,424] {dag.py:2935} INFO - Setting next_dagrun for latest_only_with_trigger to 2025-05-19T15:36:07.424052+00:00
[2025-05-19 19:36:07,443] {processor.py:171} INFO - Processing /home/airflow/.local/lib/python3.6/site-packages/airflow/example_dags/example_latest_only_with_trigger.py took 0.168 seconds
[2025-05-19 19:36:37,545] {processor.py:163} INFO - Started process (PID=338) to work on /home/airflow/.local/lib/python3.6/site-packages/airflow/example_dags/example_latest_only_with_trigger.py
[2025-05-19 19:36:37,547] {processor.py:642} INFO - Processing file /home/airflow/.local/lib/python3.6/site-packages/airflow/example_dags/example_latest_only_with_trigger.py for tasks to queue
[2025-05-19 19:36:37,549] {logging_mixin.py:109} INFO - [2025-05-19 19:36:37,548] {dagbag.py:500} INFO - Filling up the DagBag from /home/airflow/.local/lib/python3.6/site-packages/airflow/example_dags/example_latest_only_with_trigger.py
[2025-05-19 19:36:37,592] {processor.py:654} INFO - DAG(s) dict_keys(['latest_only_with_trigger']) retrieved from /home/airflow/.local/lib/python3.6/site-packages/airflow/example_dags/example_latest_only_with_trigger.py
[2025-05-19 19:36:37,615] {logging_mixin.py:109} INFO - [2025-05-19 19:36:37,615] {dag.py:2396} INFO - Sync 1 DAGs
[2025-05-19 19:36:37,660] {logging_mixin.py:109} INFO - [2025-05-19 19:36:37,660] {dag.py:2935} INFO - Setting next_dagrun for latest_only_with_trigger to 2025-05-19T15:36:37.659749+00:00
[2025-05-19 19:36:37,679] {processor.py:171} INFO - Processing /home/airflow/.local/lib/python3.6/site-packages/airflow/example_dags/example_latest_only_with_trigger.py took 0.139 seconds
[2025-05-19 19:37:08,319] {processor.py:163} INFO - Started process (PID=392) to work on /home/airflow/.local/lib/python3.6/site-packages/airflow/example_dags/example_latest_only_with_trigger.py
[2025-05-19 19:37:08,321] {processor.py:642} INFO - Processing file /home/airflow/.local/lib/python3.6/site-packages/airflow/example_dags/example_latest_only_with_trigger.py for tasks to queue
[2025-05-19 19:37:08,323] {logging_mixin.py:109} INFO - [2025-05-19 19:37:08,323] {dagbag.py:500} INFO - Filling up the DagBag from /home/airflow/.local/lib/python3.6/site-packages/airflow/example_dags/example_latest_only_with_trigger.py
[2025-05-19 19:37:08,378] {processor.py:654} INFO - DAG(s) dict_keys(['latest_only_with_trigger']) retrieved from /home/airflow/.local/lib/python3.6/site-packages/airflow/example_dags/example_latest_only_with_trigger.py
[2025-05-19 19:37:08,404] {logging_mixin.py:109} INFO - [2025-05-19 19:37:08,404] {dag.py:2396} INFO - Sync 1 DAGs
[2025-05-19 19:37:08,443] {logging_mixin.py:109} INFO - [2025-05-19 19:37:08,443] {dag.py:2935} INFO - Setting next_dagrun for latest_only_with_trigger to 2025-05-19T15:37:08.442745+00:00
[2025-05-19 19:37:08,459] {processor.py:171} INFO - Processing /home/airflow/.local/lib/python3.6/site-packages/airflow/example_dags/example_latest_only_with_trigger.py took 0.145 seconds
