[2025-05-19 08:51:48,926] {processor.py:163} INFO - Started process (PID=54) to work on /home/airflow/.local/lib/python3.6/site-packages/airflow/example_dags/example_kubernetes_executor.py
[2025-05-19 08:51:48,954] {processor.py:642} INFO - Processing file /home/airflow/.local/lib/python3.6/site-packages/airflow/example_dags/example_kubernetes_executor.py for tasks to queue
[2025-05-19 08:51:48,959] {logging_mixin.py:109} INFO - [2025-05-19 08:51:48,958] {dagbag.py:500} INFO - Filling up the DagBag from /home/airflow/.local/lib/python3.6/site-packages/airflow/example_dags/example_kubernetes_executor.py
[2025-05-19 08:51:49,349] {processor.py:654} INFO - DAG(s) dict_keys(['example_kubernetes_executor']) retrieved from /home/airflow/.local/lib/python3.6/site-packages/airflow/example_dags/example_kubernetes_executor.py
[2025-05-19 08:52:09,835] {logging_mixin.py:109} INFO - [2025-05-19 08:52:09,835] {manager.py:496} INFO - Created Permission View: can read on DAG:example_kubernetes_executor
[2025-05-19 08:52:09,872] {logging_mixin.py:109} INFO - [2025-05-19 08:52:09,872] {manager.py:496} INFO - Created Permission View: can edit on DAG:example_kubernetes_executor
[2025-05-19 08:52:09,878] {logging_mixin.py:109} INFO - [2025-05-19 08:52:09,873] {dag.py:2396} INFO - Sync 1 DAGs
[2025-05-19 08:52:09,918] {logging_mixin.py:109} INFO - [2025-05-19 08:52:09,913] {dag.py:2415} INFO - Creating ORM DAG for example_kubernetes_executor
[2025-05-19 08:52:09,946] {logging_mixin.py:109} INFO - [2025-05-19 08:52:09,945] {dag.py:2935} INFO - Setting next_dagrun for example_kubernetes_executor to None
[2025-05-19 08:52:10,001] {processor.py:171} INFO - Processing /home/airflow/.local/lib/python3.6/site-packages/airflow/example_dags/example_kubernetes_executor.py took 21.085 seconds
[2025-05-19 08:55:17,369] {processor.py:163} INFO - Started process (PID=435) to work on /home/airflow/.local/lib/python3.6/site-packages/airflow/example_dags/example_kubernetes_executor.py
[2025-05-19 08:55:17,382] {processor.py:642} INFO - Processing file /home/airflow/.local/lib/python3.6/site-packages/airflow/example_dags/example_kubernetes_executor.py for tasks to queue
[2025-05-19 08:55:17,401] {logging_mixin.py:109} INFO - [2025-05-19 08:55:17,401] {dagbag.py:500} INFO - Filling up the DagBag from /home/airflow/.local/lib/python3.6/site-packages/airflow/example_dags/example_kubernetes_executor.py
[2025-05-19 08:55:17,644] {processor.py:654} INFO - DAG(s) dict_keys(['example_kubernetes_executor']) retrieved from /home/airflow/.local/lib/python3.6/site-packages/airflow/example_dags/example_kubernetes_executor.py
[2025-05-19 08:55:17,796] {logging_mixin.py:109} INFO - [2025-05-19 08:55:17,796] {dag.py:2396} INFO - Sync 1 DAGs
[2025-05-19 08:55:17,915] {logging_mixin.py:109} INFO - [2025-05-19 08:55:17,915] {dag.py:2935} INFO - Setting next_dagrun for example_kubernetes_executor to None
[2025-05-19 08:55:17,972] {processor.py:171} INFO - Processing /home/airflow/.local/lib/python3.6/site-packages/airflow/example_dags/example_kubernetes_executor.py took 0.621 seconds
[2025-05-19 08:55:48,201] {processor.py:163} INFO - Started process (PID=485) to work on /home/airflow/.local/lib/python3.6/site-packages/airflow/example_dags/example_kubernetes_executor.py
[2025-05-19 08:55:48,216] {processor.py:642} INFO - Processing file /home/airflow/.local/lib/python3.6/site-packages/airflow/example_dags/example_kubernetes_executor.py for tasks to queue
[2025-05-19 08:55:48,219] {logging_mixin.py:109} INFO - [2025-05-19 08:55:48,219] {dagbag.py:500} INFO - Filling up the DagBag from /home/airflow/.local/lib/python3.6/site-packages/airflow/example_dags/example_kubernetes_executor.py
[2025-05-19 08:55:48,442] {processor.py:654} INFO - DAG(s) dict_keys(['example_kubernetes_executor']) retrieved from /home/airflow/.local/lib/python3.6/site-packages/airflow/example_dags/example_kubernetes_executor.py
[2025-05-19 08:55:48,539] {logging_mixin.py:109} INFO - [2025-05-19 08:55:48,539] {dag.py:2396} INFO - Sync 1 DAGs
[2025-05-19 08:55:48,685] {logging_mixin.py:109} INFO - [2025-05-19 08:55:48,685] {dag.py:2935} INFO - Setting next_dagrun for example_kubernetes_executor to None
[2025-05-19 08:55:48,729] {processor.py:171} INFO - Processing /home/airflow/.local/lib/python3.6/site-packages/airflow/example_dags/example_kubernetes_executor.py took 0.544 seconds
[2025-05-19 08:56:19,519] {processor.py:163} INFO - Started process (PID=526) to work on /home/airflow/.local/lib/python3.6/site-packages/airflow/example_dags/example_kubernetes_executor.py
[2025-05-19 08:56:19,523] {processor.py:642} INFO - Processing file /home/airflow/.local/lib/python3.6/site-packages/airflow/example_dags/example_kubernetes_executor.py for tasks to queue
[2025-05-19 08:56:19,526] {logging_mixin.py:109} INFO - [2025-05-19 08:56:19,525] {dagbag.py:500} INFO - Filling up the DagBag from /home/airflow/.local/lib/python3.6/site-packages/airflow/example_dags/example_kubernetes_executor.py
[2025-05-19 08:56:19,634] {processor.py:654} INFO - DAG(s) dict_keys(['example_kubernetes_executor']) retrieved from /home/airflow/.local/lib/python3.6/site-packages/airflow/example_dags/example_kubernetes_executor.py
[2025-05-19 08:56:19,664] {logging_mixin.py:109} INFO - [2025-05-19 08:56:19,664] {dag.py:2396} INFO - Sync 1 DAGs
[2025-05-19 08:56:19,716] {logging_mixin.py:109} INFO - [2025-05-19 08:56:19,716] {dag.py:2935} INFO - Setting next_dagrun for example_kubernetes_executor to None
[2025-05-19 08:56:19,741] {processor.py:171} INFO - Processing /home/airflow/.local/lib/python3.6/site-packages/airflow/example_dags/example_kubernetes_executor.py took 0.235 seconds
[2025-05-19 08:56:49,867] {processor.py:163} INFO - Started process (PID=578) to work on /home/airflow/.local/lib/python3.6/site-packages/airflow/example_dags/example_kubernetes_executor.py
[2025-05-19 08:56:49,870] {processor.py:642} INFO - Processing file /home/airflow/.local/lib/python3.6/site-packages/airflow/example_dags/example_kubernetes_executor.py for tasks to queue
[2025-05-19 08:56:49,872] {logging_mixin.py:109} INFO - [2025-05-19 08:56:49,872] {dagbag.py:500} INFO - Filling up the DagBag from /home/airflow/.local/lib/python3.6/site-packages/airflow/example_dags/example_kubernetes_executor.py
[2025-05-19 08:56:49,943] {processor.py:654} INFO - DAG(s) dict_keys(['example_kubernetes_executor']) retrieved from /home/airflow/.local/lib/python3.6/site-packages/airflow/example_dags/example_kubernetes_executor.py
[2025-05-19 08:56:49,976] {logging_mixin.py:109} INFO - [2025-05-19 08:56:49,976] {dag.py:2396} INFO - Sync 1 DAGs
[2025-05-19 08:56:50,018] {logging_mixin.py:109} INFO - [2025-05-19 08:56:50,018] {dag.py:2935} INFO - Setting next_dagrun for example_kubernetes_executor to None
[2025-05-19 08:56:50,049] {processor.py:171} INFO - Processing /home/airflow/.local/lib/python3.6/site-packages/airflow/example_dags/example_kubernetes_executor.py took 0.191 seconds
[2025-05-19 08:57:20,129] {processor.py:163} INFO - Started process (PID=630) to work on /home/airflow/.local/lib/python3.6/site-packages/airflow/example_dags/example_kubernetes_executor.py
[2025-05-19 08:57:20,132] {processor.py:642} INFO - Processing file /home/airflow/.local/lib/python3.6/site-packages/airflow/example_dags/example_kubernetes_executor.py for tasks to queue
[2025-05-19 08:57:20,134] {logging_mixin.py:109} INFO - [2025-05-19 08:57:20,134] {dagbag.py:500} INFO - Filling up the DagBag from /home/airflow/.local/lib/python3.6/site-packages/airflow/example_dags/example_kubernetes_executor.py
[2025-05-19 08:57:20,207] {processor.py:654} INFO - DAG(s) dict_keys(['example_kubernetes_executor']) retrieved from /home/airflow/.local/lib/python3.6/site-packages/airflow/example_dags/example_kubernetes_executor.py
[2025-05-19 08:57:20,248] {logging_mixin.py:109} INFO - [2025-05-19 08:57:20,247] {dag.py:2396} INFO - Sync 1 DAGs
[2025-05-19 08:57:20,298] {logging_mixin.py:109} INFO - [2025-05-19 08:57:20,297] {dag.py:2935} INFO - Setting next_dagrun for example_kubernetes_executor to None
[2025-05-19 08:57:20,353] {processor.py:171} INFO - Processing /home/airflow/.local/lib/python3.6/site-packages/airflow/example_dags/example_kubernetes_executor.py took 0.233 seconds
[2025-05-19 08:57:50,853] {processor.py:163} INFO - Started process (PID=682) to work on /home/airflow/.local/lib/python3.6/site-packages/airflow/example_dags/example_kubernetes_executor.py
[2025-05-19 08:57:50,856] {processor.py:642} INFO - Processing file /home/airflow/.local/lib/python3.6/site-packages/airflow/example_dags/example_kubernetes_executor.py for tasks to queue
[2025-05-19 08:57:50,858] {logging_mixin.py:109} INFO - [2025-05-19 08:57:50,858] {dagbag.py:500} INFO - Filling up the DagBag from /home/airflow/.local/lib/python3.6/site-packages/airflow/example_dags/example_kubernetes_executor.py
[2025-05-19 08:57:51,059] {processor.py:654} INFO - DAG(s) dict_keys(['example_kubernetes_executor']) retrieved from /home/airflow/.local/lib/python3.6/site-packages/airflow/example_dags/example_kubernetes_executor.py
[2025-05-19 08:57:51,145] {logging_mixin.py:109} INFO - [2025-05-19 08:57:51,144] {dag.py:2396} INFO - Sync 1 DAGs
[2025-05-19 08:57:51,264] {logging_mixin.py:109} INFO - [2025-05-19 08:57:51,264] {dag.py:2935} INFO - Setting next_dagrun for example_kubernetes_executor to None
[2025-05-19 08:57:51,312] {processor.py:171} INFO - Processing /home/airflow/.local/lib/python3.6/site-packages/airflow/example_dags/example_kubernetes_executor.py took 0.466 seconds
[2025-05-19 08:58:21,468] {processor.py:163} INFO - Started process (PID=734) to work on /home/airflow/.local/lib/python3.6/site-packages/airflow/example_dags/example_kubernetes_executor.py
[2025-05-19 08:58:21,473] {processor.py:642} INFO - Processing file /home/airflow/.local/lib/python3.6/site-packages/airflow/example_dags/example_kubernetes_executor.py for tasks to queue
[2025-05-19 08:58:21,475] {logging_mixin.py:109} INFO - [2025-05-19 08:58:21,475] {dagbag.py:500} INFO - Filling up the DagBag from /home/airflow/.local/lib/python3.6/site-packages/airflow/example_dags/example_kubernetes_executor.py
[2025-05-19 08:58:21,622] {processor.py:654} INFO - DAG(s) dict_keys(['example_kubernetes_executor']) retrieved from /home/airflow/.local/lib/python3.6/site-packages/airflow/example_dags/example_kubernetes_executor.py
[2025-05-19 08:58:21,670] {logging_mixin.py:109} INFO - [2025-05-19 08:58:21,669] {dag.py:2396} INFO - Sync 1 DAGs
[2025-05-19 08:58:21,734] {logging_mixin.py:109} INFO - [2025-05-19 08:58:21,734] {dag.py:2935} INFO - Setting next_dagrun for example_kubernetes_executor to None
[2025-05-19 08:58:21,758] {processor.py:171} INFO - Processing /home/airflow/.local/lib/python3.6/site-packages/airflow/example_dags/example_kubernetes_executor.py took 0.298 seconds
[2025-05-19 08:58:51,883] {processor.py:163} INFO - Started process (PID=795) to work on /home/airflow/.local/lib/python3.6/site-packages/airflow/example_dags/example_kubernetes_executor.py
[2025-05-19 08:58:51,886] {processor.py:642} INFO - Processing file /home/airflow/.local/lib/python3.6/site-packages/airflow/example_dags/example_kubernetes_executor.py for tasks to queue
[2025-05-19 08:58:51,888] {logging_mixin.py:109} INFO - [2025-05-19 08:58:51,888] {dagbag.py:500} INFO - Filling up the DagBag from /home/airflow/.local/lib/python3.6/site-packages/airflow/example_dags/example_kubernetes_executor.py
[2025-05-19 08:58:51,975] {processor.py:654} INFO - DAG(s) dict_keys(['example_kubernetes_executor']) retrieved from /home/airflow/.local/lib/python3.6/site-packages/airflow/example_dags/example_kubernetes_executor.py
[2025-05-19 08:58:52,014] {logging_mixin.py:109} INFO - [2025-05-19 08:58:52,013] {dag.py:2396} INFO - Sync 1 DAGs
[2025-05-19 08:58:52,061] {logging_mixin.py:109} INFO - [2025-05-19 08:58:52,061] {dag.py:2935} INFO - Setting next_dagrun for example_kubernetes_executor to None
[2025-05-19 08:58:52,087] {processor.py:171} INFO - Processing /home/airflow/.local/lib/python3.6/site-packages/airflow/example_dags/example_kubernetes_executor.py took 0.213 seconds
[2025-05-19 08:59:23,011] {processor.py:163} INFO - Started process (PID=848) to work on /home/airflow/.local/lib/python3.6/site-packages/airflow/example_dags/example_kubernetes_executor.py
[2025-05-19 08:59:23,024] {processor.py:642} INFO - Processing file /home/airflow/.local/lib/python3.6/site-packages/airflow/example_dags/example_kubernetes_executor.py for tasks to queue
[2025-05-19 08:59:23,027] {logging_mixin.py:109} INFO - [2025-05-19 08:59:23,026] {dagbag.py:500} INFO - Filling up the DagBag from /home/airflow/.local/lib/python3.6/site-packages/airflow/example_dags/example_kubernetes_executor.py
[2025-05-19 08:59:23,199] {processor.py:654} INFO - DAG(s) dict_keys(['example_kubernetes_executor']) retrieved from /home/airflow/.local/lib/python3.6/site-packages/airflow/example_dags/example_kubernetes_executor.py
[2025-05-19 08:59:23,263] {logging_mixin.py:109} INFO - [2025-05-19 08:59:23,262] {dag.py:2396} INFO - Sync 1 DAGs
[2025-05-19 08:59:23,336] {logging_mixin.py:109} INFO - [2025-05-19 08:59:23,335] {dag.py:2935} INFO - Setting next_dagrun for example_kubernetes_executor to None
[2025-05-19 08:59:23,366] {processor.py:171} INFO - Processing /home/airflow/.local/lib/python3.6/site-packages/airflow/example_dags/example_kubernetes_executor.py took 0.375 seconds
[2025-05-19 08:59:53,477] {processor.py:163} INFO - Started process (PID=901) to work on /home/airflow/.local/lib/python3.6/site-packages/airflow/example_dags/example_kubernetes_executor.py
[2025-05-19 08:59:53,480] {processor.py:642} INFO - Processing file /home/airflow/.local/lib/python3.6/site-packages/airflow/example_dags/example_kubernetes_executor.py for tasks to queue
[2025-05-19 08:59:53,482] {logging_mixin.py:109} INFO - [2025-05-19 08:59:53,482] {dagbag.py:500} INFO - Filling up the DagBag from /home/airflow/.local/lib/python3.6/site-packages/airflow/example_dags/example_kubernetes_executor.py
[2025-05-19 08:59:53,586] {processor.py:654} INFO - DAG(s) dict_keys(['example_kubernetes_executor']) retrieved from /home/airflow/.local/lib/python3.6/site-packages/airflow/example_dags/example_kubernetes_executor.py
[2025-05-19 08:59:53,627] {logging_mixin.py:109} INFO - [2025-05-19 08:59:53,627] {dag.py:2396} INFO - Sync 1 DAGs
[2025-05-19 08:59:53,684] {logging_mixin.py:109} INFO - [2025-05-19 08:59:53,684] {dag.py:2935} INFO - Setting next_dagrun for example_kubernetes_executor to None
[2025-05-19 08:59:53,709] {processor.py:171} INFO - Processing /home/airflow/.local/lib/python3.6/site-packages/airflow/example_dags/example_kubernetes_executor.py took 0.239 seconds
[2025-05-19 09:00:23,823] {processor.py:163} INFO - Started process (PID=953) to work on /home/airflow/.local/lib/python3.6/site-packages/airflow/example_dags/example_kubernetes_executor.py
[2025-05-19 09:00:23,826] {processor.py:642} INFO - Processing file /home/airflow/.local/lib/python3.6/site-packages/airflow/example_dags/example_kubernetes_executor.py for tasks to queue
[2025-05-19 09:00:23,828] {logging_mixin.py:109} INFO - [2025-05-19 09:00:23,828] {dagbag.py:500} INFO - Filling up the DagBag from /home/airflow/.local/lib/python3.6/site-packages/airflow/example_dags/example_kubernetes_executor.py
[2025-05-19 09:00:23,946] {processor.py:654} INFO - DAG(s) dict_keys(['example_kubernetes_executor']) retrieved from /home/airflow/.local/lib/python3.6/site-packages/airflow/example_dags/example_kubernetes_executor.py
[2025-05-19 09:00:23,991] {logging_mixin.py:109} INFO - [2025-05-19 09:00:23,990] {dag.py:2396} INFO - Sync 1 DAGs
[2025-05-19 09:00:24,047] {logging_mixin.py:109} INFO - [2025-05-19 09:00:24,046] {dag.py:2935} INFO - Setting next_dagrun for example_kubernetes_executor to None
[2025-05-19 09:00:24,075] {processor.py:171} INFO - Processing /home/airflow/.local/lib/python3.6/site-packages/airflow/example_dags/example_kubernetes_executor.py took 0.261 seconds
[2025-05-19 09:00:55,015] {processor.py:163} INFO - Started process (PID=1005) to work on /home/airflow/.local/lib/python3.6/site-packages/airflow/example_dags/example_kubernetes_executor.py
[2025-05-19 09:00:55,019] {processor.py:642} INFO - Processing file /home/airflow/.local/lib/python3.6/site-packages/airflow/example_dags/example_kubernetes_executor.py for tasks to queue
[2025-05-19 09:00:55,021] {logging_mixin.py:109} INFO - [2025-05-19 09:00:55,020] {dagbag.py:500} INFO - Filling up the DagBag from /home/airflow/.local/lib/python3.6/site-packages/airflow/example_dags/example_kubernetes_executor.py
[2025-05-19 09:00:55,123] {processor.py:654} INFO - DAG(s) dict_keys(['example_kubernetes_executor']) retrieved from /home/airflow/.local/lib/python3.6/site-packages/airflow/example_dags/example_kubernetes_executor.py
[2025-05-19 09:00:55,182] {logging_mixin.py:109} INFO - [2025-05-19 09:00:55,182] {dag.py:2396} INFO - Sync 1 DAGs
[2025-05-19 09:00:55,288] {logging_mixin.py:109} INFO - [2025-05-19 09:00:55,288] {dag.py:2935} INFO - Setting next_dagrun for example_kubernetes_executor to None
[2025-05-19 09:00:55,330] {processor.py:171} INFO - Processing /home/airflow/.local/lib/python3.6/site-packages/airflow/example_dags/example_kubernetes_executor.py took 0.327 seconds
[2025-05-19 09:01:26,136] {processor.py:163} INFO - Started process (PID=1056) to work on /home/airflow/.local/lib/python3.6/site-packages/airflow/example_dags/example_kubernetes_executor.py
[2025-05-19 09:01:26,145] {processor.py:642} INFO - Processing file /home/airflow/.local/lib/python3.6/site-packages/airflow/example_dags/example_kubernetes_executor.py for tasks to queue
[2025-05-19 09:01:26,179] {logging_mixin.py:109} INFO - [2025-05-19 09:01:26,179] {dagbag.py:500} INFO - Filling up the DagBag from /home/airflow/.local/lib/python3.6/site-packages/airflow/example_dags/example_kubernetes_executor.py
[2025-05-19 09:01:26,362] {processor.py:654} INFO - DAG(s) dict_keys(['example_kubernetes_executor']) retrieved from /home/airflow/.local/lib/python3.6/site-packages/airflow/example_dags/example_kubernetes_executor.py
[2025-05-19 09:01:26,446] {logging_mixin.py:109} INFO - [2025-05-19 09:01:26,445] {dag.py:2396} INFO - Sync 1 DAGs
[2025-05-19 09:01:26,549] {logging_mixin.py:109} INFO - [2025-05-19 09:01:26,549] {dag.py:2935} INFO - Setting next_dagrun for example_kubernetes_executor to None
[2025-05-19 09:01:26,615] {processor.py:171} INFO - Processing /home/airflow/.local/lib/python3.6/site-packages/airflow/example_dags/example_kubernetes_executor.py took 0.490 seconds
[2025-05-19 09:01:56,851] {processor.py:163} INFO - Started process (PID=1099) to work on /home/airflow/.local/lib/python3.6/site-packages/airflow/example_dags/example_kubernetes_executor.py
[2025-05-19 09:01:56,854] {processor.py:642} INFO - Processing file /home/airflow/.local/lib/python3.6/site-packages/airflow/example_dags/example_kubernetes_executor.py for tasks to queue
[2025-05-19 09:01:56,856] {logging_mixin.py:109} INFO - [2025-05-19 09:01:56,856] {dagbag.py:500} INFO - Filling up the DagBag from /home/airflow/.local/lib/python3.6/site-packages/airflow/example_dags/example_kubernetes_executor.py
[2025-05-19 09:01:56,979] {processor.py:654} INFO - DAG(s) dict_keys(['example_kubernetes_executor']) retrieved from /home/airflow/.local/lib/python3.6/site-packages/airflow/example_dags/example_kubernetes_executor.py
[2025-05-19 09:01:57,019] {logging_mixin.py:109} INFO - [2025-05-19 09:01:57,019] {dag.py:2396} INFO - Sync 1 DAGs
[2025-05-19 09:01:57,074] {logging_mixin.py:109} INFO - [2025-05-19 09:01:57,074] {dag.py:2935} INFO - Setting next_dagrun for example_kubernetes_executor to None
[2025-05-19 09:01:57,104] {processor.py:171} INFO - Processing /home/airflow/.local/lib/python3.6/site-packages/airflow/example_dags/example_kubernetes_executor.py took 0.265 seconds
[2025-05-19 09:02:27,346] {processor.py:163} INFO - Started process (PID=1152) to work on /home/airflow/.local/lib/python3.6/site-packages/airflow/example_dags/example_kubernetes_executor.py
[2025-05-19 09:02:27,350] {processor.py:642} INFO - Processing file /home/airflow/.local/lib/python3.6/site-packages/airflow/example_dags/example_kubernetes_executor.py for tasks to queue
[2025-05-19 09:02:27,353] {logging_mixin.py:109} INFO - [2025-05-19 09:02:27,352] {dagbag.py:500} INFO - Filling up the DagBag from /home/airflow/.local/lib/python3.6/site-packages/airflow/example_dags/example_kubernetes_executor.py
[2025-05-19 09:02:27,464] {processor.py:654} INFO - DAG(s) dict_keys(['example_kubernetes_executor']) retrieved from /home/airflow/.local/lib/python3.6/site-packages/airflow/example_dags/example_kubernetes_executor.py
[2025-05-19 09:02:27,511] {logging_mixin.py:109} INFO - [2025-05-19 09:02:27,511] {dag.py:2396} INFO - Sync 1 DAGs
[2025-05-19 09:02:27,573] {logging_mixin.py:109} INFO - [2025-05-19 09:02:27,573] {dag.py:2935} INFO - Setting next_dagrun for example_kubernetes_executor to None
[2025-05-19 09:02:27,607] {processor.py:171} INFO - Processing /home/airflow/.local/lib/python3.6/site-packages/airflow/example_dags/example_kubernetes_executor.py took 0.270 seconds
[2025-05-19 09:02:58,462] {processor.py:163} INFO - Started process (PID=1203) to work on /home/airflow/.local/lib/python3.6/site-packages/airflow/example_dags/example_kubernetes_executor.py
[2025-05-19 09:02:58,466] {processor.py:642} INFO - Processing file /home/airflow/.local/lib/python3.6/site-packages/airflow/example_dags/example_kubernetes_executor.py for tasks to queue
[2025-05-19 09:02:58,468] {logging_mixin.py:109} INFO - [2025-05-19 09:02:58,468] {dagbag.py:500} INFO - Filling up the DagBag from /home/airflow/.local/lib/python3.6/site-packages/airflow/example_dags/example_kubernetes_executor.py
[2025-05-19 09:02:58,646] {processor.py:654} INFO - DAG(s) dict_keys(['example_kubernetes_executor']) retrieved from /home/airflow/.local/lib/python3.6/site-packages/airflow/example_dags/example_kubernetes_executor.py
[2025-05-19 09:02:58,711] {logging_mixin.py:109} INFO - [2025-05-19 09:02:58,711] {dag.py:2396} INFO - Sync 1 DAGs
[2025-05-19 09:02:58,792] {logging_mixin.py:109} INFO - [2025-05-19 09:02:58,792] {dag.py:2935} INFO - Setting next_dagrun for example_kubernetes_executor to None
[2025-05-19 09:02:58,831] {processor.py:171} INFO - Processing /home/airflow/.local/lib/python3.6/site-packages/airflow/example_dags/example_kubernetes_executor.py took 0.380 seconds
[2025-05-19 09:03:28,994] {processor.py:163} INFO - Started process (PID=1246) to work on /home/airflow/.local/lib/python3.6/site-packages/airflow/example_dags/example_kubernetes_executor.py
[2025-05-19 09:03:28,998] {processor.py:642} INFO - Processing file /home/airflow/.local/lib/python3.6/site-packages/airflow/example_dags/example_kubernetes_executor.py for tasks to queue
[2025-05-19 09:03:29,000] {logging_mixin.py:109} INFO - [2025-05-19 09:03:29,000] {dagbag.py:500} INFO - Filling up the DagBag from /home/airflow/.local/lib/python3.6/site-packages/airflow/example_dags/example_kubernetes_executor.py
[2025-05-19 09:03:29,087] {processor.py:654} INFO - DAG(s) dict_keys(['example_kubernetes_executor']) retrieved from /home/airflow/.local/lib/python3.6/site-packages/airflow/example_dags/example_kubernetes_executor.py
[2025-05-19 09:03:29,118] {logging_mixin.py:109} INFO - [2025-05-19 09:03:29,117] {dag.py:2396} INFO - Sync 1 DAGs
[2025-05-19 09:03:29,163] {logging_mixin.py:109} INFO - [2025-05-19 09:03:29,163] {dag.py:2935} INFO - Setting next_dagrun for example_kubernetes_executor to None
[2025-05-19 09:03:29,185] {processor.py:171} INFO - Processing /home/airflow/.local/lib/python3.6/site-packages/airflow/example_dags/example_kubernetes_executor.py took 0.198 seconds
[2025-05-19 09:03:59,428] {processor.py:163} INFO - Started process (PID=1299) to work on /home/airflow/.local/lib/python3.6/site-packages/airflow/example_dags/example_kubernetes_executor.py
[2025-05-19 09:03:59,430] {processor.py:642} INFO - Processing file /home/airflow/.local/lib/python3.6/site-packages/airflow/example_dags/example_kubernetes_executor.py for tasks to queue
[2025-05-19 09:03:59,432] {logging_mixin.py:109} INFO - [2025-05-19 09:03:59,432] {dagbag.py:500} INFO - Filling up the DagBag from /home/airflow/.local/lib/python3.6/site-packages/airflow/example_dags/example_kubernetes_executor.py
[2025-05-19 09:03:59,513] {processor.py:654} INFO - DAG(s) dict_keys(['example_kubernetes_executor']) retrieved from /home/airflow/.local/lib/python3.6/site-packages/airflow/example_dags/example_kubernetes_executor.py
[2025-05-19 09:03:59,540] {logging_mixin.py:109} INFO - [2025-05-19 09:03:59,539] {dag.py:2396} INFO - Sync 1 DAGs
[2025-05-19 09:03:59,576] {logging_mixin.py:109} INFO - [2025-05-19 09:03:59,576] {dag.py:2935} INFO - Setting next_dagrun for example_kubernetes_executor to None
[2025-05-19 09:03:59,595] {processor.py:171} INFO - Processing /home/airflow/.local/lib/python3.6/site-packages/airflow/example_dags/example_kubernetes_executor.py took 0.175 seconds
[2025-05-19 09:04:29,944] {processor.py:163} INFO - Started process (PID=1351) to work on /home/airflow/.local/lib/python3.6/site-packages/airflow/example_dags/example_kubernetes_executor.py
[2025-05-19 09:04:29,948] {processor.py:642} INFO - Processing file /home/airflow/.local/lib/python3.6/site-packages/airflow/example_dags/example_kubernetes_executor.py for tasks to queue
[2025-05-19 09:04:29,950] {logging_mixin.py:109} INFO - [2025-05-19 09:04:29,950] {dagbag.py:500} INFO - Filling up the DagBag from /home/airflow/.local/lib/python3.6/site-packages/airflow/example_dags/example_kubernetes_executor.py
[2025-05-19 09:04:30,097] {processor.py:654} INFO - DAG(s) dict_keys(['example_kubernetes_executor']) retrieved from /home/airflow/.local/lib/python3.6/site-packages/airflow/example_dags/example_kubernetes_executor.py
[2025-05-19 09:04:30,158] {logging_mixin.py:109} INFO - [2025-05-19 09:04:30,157] {dag.py:2396} INFO - Sync 1 DAGs
[2025-05-19 09:04:30,219] {logging_mixin.py:109} INFO - [2025-05-19 09:04:30,218] {dag.py:2935} INFO - Setting next_dagrun for example_kubernetes_executor to None
[2025-05-19 09:04:30,245] {processor.py:171} INFO - Processing /home/airflow/.local/lib/python3.6/site-packages/airflow/example_dags/example_kubernetes_executor.py took 0.311 seconds
[2025-05-19 09:05:00,369] {processor.py:163} INFO - Started process (PID=1404) to work on /home/airflow/.local/lib/python3.6/site-packages/airflow/example_dags/example_kubernetes_executor.py
[2025-05-19 09:05:00,378] {processor.py:642} INFO - Processing file /home/airflow/.local/lib/python3.6/site-packages/airflow/example_dags/example_kubernetes_executor.py for tasks to queue
[2025-05-19 09:05:00,380] {logging_mixin.py:109} INFO - [2025-05-19 09:05:00,380] {dagbag.py:500} INFO - Filling up the DagBag from /home/airflow/.local/lib/python3.6/site-packages/airflow/example_dags/example_kubernetes_executor.py
[2025-05-19 09:05:00,476] {processor.py:654} INFO - DAG(s) dict_keys(['example_kubernetes_executor']) retrieved from /home/airflow/.local/lib/python3.6/site-packages/airflow/example_dags/example_kubernetes_executor.py
[2025-05-19 09:05:00,516] {logging_mixin.py:109} INFO - [2025-05-19 09:05:00,516] {dag.py:2396} INFO - Sync 1 DAGs
[2025-05-19 09:05:00,586] {logging_mixin.py:109} INFO - [2025-05-19 09:05:00,586] {dag.py:2935} INFO - Setting next_dagrun for example_kubernetes_executor to None
[2025-05-19 09:05:00,611] {processor.py:171} INFO - Processing /home/airflow/.local/lib/python3.6/site-packages/airflow/example_dags/example_kubernetes_executor.py took 0.259 seconds
[2025-05-19 09:05:30,706] {processor.py:163} INFO - Started process (PID=1456) to work on /home/airflow/.local/lib/python3.6/site-packages/airflow/example_dags/example_kubernetes_executor.py
[2025-05-19 09:05:30,711] {processor.py:642} INFO - Processing file /home/airflow/.local/lib/python3.6/site-packages/airflow/example_dags/example_kubernetes_executor.py for tasks to queue
[2025-05-19 09:05:30,714] {logging_mixin.py:109} INFO - [2025-05-19 09:05:30,713] {dagbag.py:500} INFO - Filling up the DagBag from /home/airflow/.local/lib/python3.6/site-packages/airflow/example_dags/example_kubernetes_executor.py
[2025-05-19 09:05:30,789] {processor.py:654} INFO - DAG(s) dict_keys(['example_kubernetes_executor']) retrieved from /home/airflow/.local/lib/python3.6/site-packages/airflow/example_dags/example_kubernetes_executor.py
[2025-05-19 09:05:30,818] {logging_mixin.py:109} INFO - [2025-05-19 09:05:30,818] {dag.py:2396} INFO - Sync 1 DAGs
[2025-05-19 09:05:30,869] {logging_mixin.py:109} INFO - [2025-05-19 09:05:30,868] {dag.py:2935} INFO - Setting next_dagrun for example_kubernetes_executor to None
[2025-05-19 09:05:30,890] {processor.py:171} INFO - Processing /home/airflow/.local/lib/python3.6/site-packages/airflow/example_dags/example_kubernetes_executor.py took 0.198 seconds
[2025-05-19 09:06:01,026] {processor.py:163} INFO - Started process (PID=1507) to work on /home/airflow/.local/lib/python3.6/site-packages/airflow/example_dags/example_kubernetes_executor.py
[2025-05-19 09:06:01,027] {processor.py:642} INFO - Processing file /home/airflow/.local/lib/python3.6/site-packages/airflow/example_dags/example_kubernetes_executor.py for tasks to queue
[2025-05-19 09:06:01,029] {logging_mixin.py:109} INFO - [2025-05-19 09:06:01,029] {dagbag.py:500} INFO - Filling up the DagBag from /home/airflow/.local/lib/python3.6/site-packages/airflow/example_dags/example_kubernetes_executor.py
[2025-05-19 09:06:01,073] {processor.py:654} INFO - DAG(s) dict_keys(['example_kubernetes_executor']) retrieved from /home/airflow/.local/lib/python3.6/site-packages/airflow/example_dags/example_kubernetes_executor.py
[2025-05-19 09:06:01,092] {logging_mixin.py:109} INFO - [2025-05-19 09:06:01,092] {dag.py:2396} INFO - Sync 1 DAGs
[2025-05-19 09:06:01,118] {logging_mixin.py:109} INFO - [2025-05-19 09:06:01,118] {dag.py:2935} INFO - Setting next_dagrun for example_kubernetes_executor to None
[2025-05-19 09:06:01,141] {processor.py:171} INFO - Processing /home/airflow/.local/lib/python3.6/site-packages/airflow/example_dags/example_kubernetes_executor.py took 0.119 seconds
[2025-05-19 09:06:31,968] {processor.py:163} INFO - Started process (PID=1559) to work on /home/airflow/.local/lib/python3.6/site-packages/airflow/example_dags/example_kubernetes_executor.py
[2025-05-19 09:06:31,970] {processor.py:642} INFO - Processing file /home/airflow/.local/lib/python3.6/site-packages/airflow/example_dags/example_kubernetes_executor.py for tasks to queue
[2025-05-19 09:06:31,971] {logging_mixin.py:109} INFO - [2025-05-19 09:06:31,971] {dagbag.py:500} INFO - Filling up the DagBag from /home/airflow/.local/lib/python3.6/site-packages/airflow/example_dags/example_kubernetes_executor.py
[2025-05-19 09:06:32,009] {processor.py:654} INFO - DAG(s) dict_keys(['example_kubernetes_executor']) retrieved from /home/airflow/.local/lib/python3.6/site-packages/airflow/example_dags/example_kubernetes_executor.py
[2025-05-19 09:06:32,023] {logging_mixin.py:109} INFO - [2025-05-19 09:06:32,023] {dag.py:2396} INFO - Sync 1 DAGs
[2025-05-19 09:06:32,042] {logging_mixin.py:109} INFO - [2025-05-19 09:06:32,042] {dag.py:2935} INFO - Setting next_dagrun for example_kubernetes_executor to None
[2025-05-19 09:06:32,054] {processor.py:171} INFO - Processing /home/airflow/.local/lib/python3.6/site-packages/airflow/example_dags/example_kubernetes_executor.py took 0.089 seconds
[2025-05-19 09:07:02,893] {processor.py:163} INFO - Started process (PID=1621) to work on /home/airflow/.local/lib/python3.6/site-packages/airflow/example_dags/example_kubernetes_executor.py
[2025-05-19 09:07:02,896] {processor.py:642} INFO - Processing file /home/airflow/.local/lib/python3.6/site-packages/airflow/example_dags/example_kubernetes_executor.py for tasks to queue
[2025-05-19 09:07:02,898] {logging_mixin.py:109} INFO - [2025-05-19 09:07:02,898] {dagbag.py:500} INFO - Filling up the DagBag from /home/airflow/.local/lib/python3.6/site-packages/airflow/example_dags/example_kubernetes_executor.py
[2025-05-19 09:07:02,954] {processor.py:654} INFO - DAG(s) dict_keys(['example_kubernetes_executor']) retrieved from /home/airflow/.local/lib/python3.6/site-packages/airflow/example_dags/example_kubernetes_executor.py
[2025-05-19 09:07:02,977] {logging_mixin.py:109} INFO - [2025-05-19 09:07:02,977] {dag.py:2396} INFO - Sync 1 DAGs
[2025-05-19 09:07:03,010] {logging_mixin.py:109} INFO - [2025-05-19 09:07:03,009] {dag.py:2935} INFO - Setting next_dagrun for example_kubernetes_executor to None
[2025-05-19 09:07:03,027] {processor.py:171} INFO - Processing /home/airflow/.local/lib/python3.6/site-packages/airflow/example_dags/example_kubernetes_executor.py took 0.138 seconds
[2025-05-19 09:07:33,248] {processor.py:163} INFO - Started process (PID=1673) to work on /home/airflow/.local/lib/python3.6/site-packages/airflow/example_dags/example_kubernetes_executor.py
[2025-05-19 09:07:33,250] {processor.py:642} INFO - Processing file /home/airflow/.local/lib/python3.6/site-packages/airflow/example_dags/example_kubernetes_executor.py for tasks to queue
[2025-05-19 09:07:33,251] {logging_mixin.py:109} INFO - [2025-05-19 09:07:33,250] {dagbag.py:500} INFO - Filling up the DagBag from /home/airflow/.local/lib/python3.6/site-packages/airflow/example_dags/example_kubernetes_executor.py
[2025-05-19 09:07:33,292] {processor.py:654} INFO - DAG(s) dict_keys(['example_kubernetes_executor']) retrieved from /home/airflow/.local/lib/python3.6/site-packages/airflow/example_dags/example_kubernetes_executor.py
[2025-05-19 09:07:33,307] {logging_mixin.py:109} INFO - [2025-05-19 09:07:33,307] {dag.py:2396} INFO - Sync 1 DAGs
[2025-05-19 09:07:33,329] {logging_mixin.py:109} INFO - [2025-05-19 09:07:33,329] {dag.py:2935} INFO - Setting next_dagrun for example_kubernetes_executor to None
[2025-05-19 09:07:33,345] {processor.py:171} INFO - Processing /home/airflow/.local/lib/python3.6/site-packages/airflow/example_dags/example_kubernetes_executor.py took 0.101 seconds
[2025-05-19 09:08:04,010] {processor.py:163} INFO - Started process (PID=1735) to work on /home/airflow/.local/lib/python3.6/site-packages/airflow/example_dags/example_kubernetes_executor.py
[2025-05-19 09:08:04,012] {processor.py:642} INFO - Processing file /home/airflow/.local/lib/python3.6/site-packages/airflow/example_dags/example_kubernetes_executor.py for tasks to queue
[2025-05-19 09:08:04,014] {logging_mixin.py:109} INFO - [2025-05-19 09:08:04,013] {dagbag.py:500} INFO - Filling up the DagBag from /home/airflow/.local/lib/python3.6/site-packages/airflow/example_dags/example_kubernetes_executor.py
[2025-05-19 09:08:04,064] {processor.py:654} INFO - DAG(s) dict_keys(['example_kubernetes_executor']) retrieved from /home/airflow/.local/lib/python3.6/site-packages/airflow/example_dags/example_kubernetes_executor.py
[2025-05-19 09:08:04,085] {logging_mixin.py:109} INFO - [2025-05-19 09:08:04,085] {dag.py:2396} INFO - Sync 1 DAGs
[2025-05-19 09:08:04,113] {logging_mixin.py:109} INFO - [2025-05-19 09:08:04,113] {dag.py:2935} INFO - Setting next_dagrun for example_kubernetes_executor to None
[2025-05-19 09:08:04,130] {processor.py:171} INFO - Processing /home/airflow/.local/lib/python3.6/site-packages/airflow/example_dags/example_kubernetes_executor.py took 0.124 seconds
[2025-05-19 09:08:34,228] {processor.py:163} INFO - Started process (PID=1787) to work on /home/airflow/.local/lib/python3.6/site-packages/airflow/example_dags/example_kubernetes_executor.py
[2025-05-19 09:08:34,230] {processor.py:642} INFO - Processing file /home/airflow/.local/lib/python3.6/site-packages/airflow/example_dags/example_kubernetes_executor.py for tasks to queue
[2025-05-19 09:08:34,231] {logging_mixin.py:109} INFO - [2025-05-19 09:08:34,231] {dagbag.py:500} INFO - Filling up the DagBag from /home/airflow/.local/lib/python3.6/site-packages/airflow/example_dags/example_kubernetes_executor.py
[2025-05-19 09:08:34,274] {processor.py:654} INFO - DAG(s) dict_keys(['example_kubernetes_executor']) retrieved from /home/airflow/.local/lib/python3.6/site-packages/airflow/example_dags/example_kubernetes_executor.py
[2025-05-19 09:08:34,294] {logging_mixin.py:109} INFO - [2025-05-19 09:08:34,293] {dag.py:2396} INFO - Sync 1 DAGs
[2025-05-19 09:08:34,315] {logging_mixin.py:109} INFO - [2025-05-19 09:08:34,315] {dag.py:2935} INFO - Setting next_dagrun for example_kubernetes_executor to None
[2025-05-19 09:08:34,329] {processor.py:171} INFO - Processing /home/airflow/.local/lib/python3.6/site-packages/airflow/example_dags/example_kubernetes_executor.py took 0.104 seconds
[2025-05-19 09:09:04,414] {processor.py:163} INFO - Started process (PID=1848) to work on /home/airflow/.local/lib/python3.6/site-packages/airflow/example_dags/example_kubernetes_executor.py
[2025-05-19 09:09:04,416] {processor.py:642} INFO - Processing file /home/airflow/.local/lib/python3.6/site-packages/airflow/example_dags/example_kubernetes_executor.py for tasks to queue
[2025-05-19 09:09:04,418] {logging_mixin.py:109} INFO - [2025-05-19 09:09:04,418] {dagbag.py:500} INFO - Filling up the DagBag from /home/airflow/.local/lib/python3.6/site-packages/airflow/example_dags/example_kubernetes_executor.py
[2025-05-19 09:09:04,479] {processor.py:654} INFO - DAG(s) dict_keys(['example_kubernetes_executor']) retrieved from /home/airflow/.local/lib/python3.6/site-packages/airflow/example_dags/example_kubernetes_executor.py
[2025-05-19 09:09:04,507] {logging_mixin.py:109} INFO - [2025-05-19 09:09:04,507] {dag.py:2396} INFO - Sync 1 DAGs
[2025-05-19 09:09:04,555] {logging_mixin.py:109} INFO - [2025-05-19 09:09:04,555] {dag.py:2935} INFO - Setting next_dagrun for example_kubernetes_executor to None
[2025-05-19 09:09:04,575] {processor.py:171} INFO - Processing /home/airflow/.local/lib/python3.6/site-packages/airflow/example_dags/example_kubernetes_executor.py took 0.167 seconds
[2025-05-19 09:09:35,111] {processor.py:163} INFO - Started process (PID=1901) to work on /home/airflow/.local/lib/python3.6/site-packages/airflow/example_dags/example_kubernetes_executor.py
[2025-05-19 09:09:35,112] {processor.py:642} INFO - Processing file /home/airflow/.local/lib/python3.6/site-packages/airflow/example_dags/example_kubernetes_executor.py for tasks to queue
[2025-05-19 09:09:35,113] {logging_mixin.py:109} INFO - [2025-05-19 09:09:35,113] {dagbag.py:500} INFO - Filling up the DagBag from /home/airflow/.local/lib/python3.6/site-packages/airflow/example_dags/example_kubernetes_executor.py
[2025-05-19 09:09:35,153] {processor.py:654} INFO - DAG(s) dict_keys(['example_kubernetes_executor']) retrieved from /home/airflow/.local/lib/python3.6/site-packages/airflow/example_dags/example_kubernetes_executor.py
[2025-05-19 09:09:35,174] {logging_mixin.py:109} INFO - [2025-05-19 09:09:35,174] {dag.py:2396} INFO - Sync 1 DAGs
[2025-05-19 09:09:35,197] {logging_mixin.py:109} INFO - [2025-05-19 09:09:35,196] {dag.py:2935} INFO - Setting next_dagrun for example_kubernetes_executor to None
[2025-05-19 09:09:35,210] {processor.py:171} INFO - Processing /home/airflow/.local/lib/python3.6/site-packages/airflow/example_dags/example_kubernetes_executor.py took 0.103 seconds
[2025-05-19 09:10:05,383] {processor.py:163} INFO - Started process (PID=1953) to work on /home/airflow/.local/lib/python3.6/site-packages/airflow/example_dags/example_kubernetes_executor.py
[2025-05-19 09:10:05,387] {processor.py:642} INFO - Processing file /home/airflow/.local/lib/python3.6/site-packages/airflow/example_dags/example_kubernetes_executor.py for tasks to queue
[2025-05-19 09:10:05,403] {logging_mixin.py:109} INFO - [2025-05-19 09:10:05,403] {dagbag.py:500} INFO - Filling up the DagBag from /home/airflow/.local/lib/python3.6/site-packages/airflow/example_dags/example_kubernetes_executor.py
[2025-05-19 09:10:05,539] {processor.py:654} INFO - DAG(s) dict_keys(['example_kubernetes_executor']) retrieved from /home/airflow/.local/lib/python3.6/site-packages/airflow/example_dags/example_kubernetes_executor.py
[2025-05-19 09:10:05,577] {logging_mixin.py:109} INFO - [2025-05-19 09:10:05,576] {dag.py:2396} INFO - Sync 1 DAGs
[2025-05-19 09:10:05,635] {logging_mixin.py:109} INFO - [2025-05-19 09:10:05,635] {dag.py:2935} INFO - Setting next_dagrun for example_kubernetes_executor to None
[2025-05-19 09:10:05,672] {processor.py:171} INFO - Processing /home/airflow/.local/lib/python3.6/site-packages/airflow/example_dags/example_kubernetes_executor.py took 0.304 seconds
[2025-05-19 09:10:35,870] {processor.py:163} INFO - Started process (PID=2005) to work on /home/airflow/.local/lib/python3.6/site-packages/airflow/example_dags/example_kubernetes_executor.py
[2025-05-19 09:10:35,873] {processor.py:642} INFO - Processing file /home/airflow/.local/lib/python3.6/site-packages/airflow/example_dags/example_kubernetes_executor.py for tasks to queue
[2025-05-19 09:10:35,876] {logging_mixin.py:109} INFO - [2025-05-19 09:10:35,875] {dagbag.py:500} INFO - Filling up the DagBag from /home/airflow/.local/lib/python3.6/site-packages/airflow/example_dags/example_kubernetes_executor.py
[2025-05-19 09:10:35,961] {processor.py:654} INFO - DAG(s) dict_keys(['example_kubernetes_executor']) retrieved from /home/airflow/.local/lib/python3.6/site-packages/airflow/example_dags/example_kubernetes_executor.py
[2025-05-19 09:10:35,985] {logging_mixin.py:109} INFO - [2025-05-19 09:10:35,985] {dag.py:2396} INFO - Sync 1 DAGs
[2025-05-19 09:10:36,017] {logging_mixin.py:109} INFO - [2025-05-19 09:10:36,017] {dag.py:2935} INFO - Setting next_dagrun for example_kubernetes_executor to None
[2025-05-19 09:10:36,034] {processor.py:171} INFO - Processing /home/airflow/.local/lib/python3.6/site-packages/airflow/example_dags/example_kubernetes_executor.py took 0.174 seconds
[2025-05-19 09:11:06,661] {processor.py:163} INFO - Started process (PID=2056) to work on /home/airflow/.local/lib/python3.6/site-packages/airflow/example_dags/example_kubernetes_executor.py
[2025-05-19 09:11:06,664] {processor.py:642} INFO - Processing file /home/airflow/.local/lib/python3.6/site-packages/airflow/example_dags/example_kubernetes_executor.py for tasks to queue
[2025-05-19 09:11:06,666] {logging_mixin.py:109} INFO - [2025-05-19 09:11:06,665] {dagbag.py:500} INFO - Filling up the DagBag from /home/airflow/.local/lib/python3.6/site-packages/airflow/example_dags/example_kubernetes_executor.py
[2025-05-19 09:11:06,724] {processor.py:654} INFO - DAG(s) dict_keys(['example_kubernetes_executor']) retrieved from /home/airflow/.local/lib/python3.6/site-packages/airflow/example_dags/example_kubernetes_executor.py
[2025-05-19 09:11:06,743] {logging_mixin.py:109} INFO - [2025-05-19 09:11:06,743] {dag.py:2396} INFO - Sync 1 DAGs
[2025-05-19 09:11:06,774] {logging_mixin.py:109} INFO - [2025-05-19 09:11:06,774] {dag.py:2935} INFO - Setting next_dagrun for example_kubernetes_executor to None
[2025-05-19 09:11:06,810] {processor.py:171} INFO - Processing /home/airflow/.local/lib/python3.6/site-packages/airflow/example_dags/example_kubernetes_executor.py took 0.154 seconds
[2025-05-19 09:11:37,374] {processor.py:163} INFO - Started process (PID=2119) to work on /home/airflow/.local/lib/python3.6/site-packages/airflow/example_dags/example_kubernetes_executor.py
[2025-05-19 09:11:37,376] {processor.py:642} INFO - Processing file /home/airflow/.local/lib/python3.6/site-packages/airflow/example_dags/example_kubernetes_executor.py for tasks to queue
[2025-05-19 09:11:37,378] {logging_mixin.py:109} INFO - [2025-05-19 09:11:37,378] {dagbag.py:500} INFO - Filling up the DagBag from /home/airflow/.local/lib/python3.6/site-packages/airflow/example_dags/example_kubernetes_executor.py
[2025-05-19 09:11:37,437] {processor.py:654} INFO - DAG(s) dict_keys(['example_kubernetes_executor']) retrieved from /home/airflow/.local/lib/python3.6/site-packages/airflow/example_dags/example_kubernetes_executor.py
[2025-05-19 09:11:37,463] {logging_mixin.py:109} INFO - [2025-05-19 09:11:37,463] {dag.py:2396} INFO - Sync 1 DAGs
[2025-05-19 09:11:37,501] {logging_mixin.py:109} INFO - [2025-05-19 09:11:37,501] {dag.py:2935} INFO - Setting next_dagrun for example_kubernetes_executor to None
[2025-05-19 09:11:37,521] {processor.py:171} INFO - Processing /home/airflow/.local/lib/python3.6/site-packages/airflow/example_dags/example_kubernetes_executor.py took 0.152 seconds
[2025-05-19 09:12:07,711] {processor.py:163} INFO - Started process (PID=2172) to work on /home/airflow/.local/lib/python3.6/site-packages/airflow/example_dags/example_kubernetes_executor.py
[2025-05-19 09:12:07,713] {processor.py:642} INFO - Processing file /home/airflow/.local/lib/python3.6/site-packages/airflow/example_dags/example_kubernetes_executor.py for tasks to queue
[2025-05-19 09:12:07,714] {logging_mixin.py:109} INFO - [2025-05-19 09:12:07,714] {dagbag.py:500} INFO - Filling up the DagBag from /home/airflow/.local/lib/python3.6/site-packages/airflow/example_dags/example_kubernetes_executor.py
[2025-05-19 09:12:07,760] {processor.py:654} INFO - DAG(s) dict_keys(['example_kubernetes_executor']) retrieved from /home/airflow/.local/lib/python3.6/site-packages/airflow/example_dags/example_kubernetes_executor.py
[2025-05-19 09:12:07,778] {logging_mixin.py:109} INFO - [2025-05-19 09:12:07,777] {dag.py:2396} INFO - Sync 1 DAGs
[2025-05-19 09:12:07,801] {logging_mixin.py:109} INFO - [2025-05-19 09:12:07,801] {dag.py:2935} INFO - Setting next_dagrun for example_kubernetes_executor to None
[2025-05-19 09:12:07,814] {processor.py:171} INFO - Processing /home/airflow/.local/lib/python3.6/site-packages/airflow/example_dags/example_kubernetes_executor.py took 0.107 seconds
[2025-05-19 09:12:38,653] {processor.py:163} INFO - Started process (PID=2223) to work on /home/airflow/.local/lib/python3.6/site-packages/airflow/example_dags/example_kubernetes_executor.py
[2025-05-19 09:12:38,656] {processor.py:642} INFO - Processing file /home/airflow/.local/lib/python3.6/site-packages/airflow/example_dags/example_kubernetes_executor.py for tasks to queue
[2025-05-19 09:12:38,658] {logging_mixin.py:109} INFO - [2025-05-19 09:12:38,657] {dagbag.py:500} INFO - Filling up the DagBag from /home/airflow/.local/lib/python3.6/site-packages/airflow/example_dags/example_kubernetes_executor.py
[2025-05-19 09:12:38,719] {processor.py:654} INFO - DAG(s) dict_keys(['example_kubernetes_executor']) retrieved from /home/airflow/.local/lib/python3.6/site-packages/airflow/example_dags/example_kubernetes_executor.py
[2025-05-19 09:12:38,749] {logging_mixin.py:109} INFO - [2025-05-19 09:12:38,748] {dag.py:2396} INFO - Sync 1 DAGs
[2025-05-19 09:12:38,781] {logging_mixin.py:109} INFO - [2025-05-19 09:12:38,781] {dag.py:2935} INFO - Setting next_dagrun for example_kubernetes_executor to None
[2025-05-19 09:12:38,798] {processor.py:171} INFO - Processing /home/airflow/.local/lib/python3.6/site-packages/airflow/example_dags/example_kubernetes_executor.py took 0.154 seconds
[2025-05-19 09:13:08,887] {processor.py:163} INFO - Started process (PID=2273) to work on /home/airflow/.local/lib/python3.6/site-packages/airflow/example_dags/example_kubernetes_executor.py
[2025-05-19 09:13:08,889] {processor.py:642} INFO - Processing file /home/airflow/.local/lib/python3.6/site-packages/airflow/example_dags/example_kubernetes_executor.py for tasks to queue
[2025-05-19 09:13:08,890] {logging_mixin.py:109} INFO - [2025-05-19 09:13:08,890] {dagbag.py:500} INFO - Filling up the DagBag from /home/airflow/.local/lib/python3.6/site-packages/airflow/example_dags/example_kubernetes_executor.py
[2025-05-19 09:13:08,932] {processor.py:654} INFO - DAG(s) dict_keys(['example_kubernetes_executor']) retrieved from /home/airflow/.local/lib/python3.6/site-packages/airflow/example_dags/example_kubernetes_executor.py
[2025-05-19 09:13:08,947] {logging_mixin.py:109} INFO - [2025-05-19 09:13:08,946] {dag.py:2396} INFO - Sync 1 DAGs
[2025-05-19 09:13:08,966] {logging_mixin.py:109} INFO - [2025-05-19 09:13:08,966] {dag.py:2935} INFO - Setting next_dagrun for example_kubernetes_executor to None
[2025-05-19 09:13:08,986] {processor.py:171} INFO - Processing /home/airflow/.local/lib/python3.6/site-packages/airflow/example_dags/example_kubernetes_executor.py took 0.104 seconds
[2025-05-19 09:13:39,741] {processor.py:163} INFO - Started process (PID=2323) to work on /home/airflow/.local/lib/python3.6/site-packages/airflow/example_dags/example_kubernetes_executor.py
[2025-05-19 09:13:39,745] {processor.py:642} INFO - Processing file /home/airflow/.local/lib/python3.6/site-packages/airflow/example_dags/example_kubernetes_executor.py for tasks to queue
[2025-05-19 09:13:39,749] {logging_mixin.py:109} INFO - [2025-05-19 09:13:39,748] {dagbag.py:500} INFO - Filling up the DagBag from /home/airflow/.local/lib/python3.6/site-packages/airflow/example_dags/example_kubernetes_executor.py
[2025-05-19 09:13:39,846] {processor.py:654} INFO - DAG(s) dict_keys(['example_kubernetes_executor']) retrieved from /home/airflow/.local/lib/python3.6/site-packages/airflow/example_dags/example_kubernetes_executor.py
[2025-05-19 09:13:39,877] {logging_mixin.py:109} INFO - [2025-05-19 09:13:39,877] {dag.py:2396} INFO - Sync 1 DAGs
[2025-05-19 09:13:39,931] {logging_mixin.py:109} INFO - [2025-05-19 09:13:39,931] {dag.py:2935} INFO - Setting next_dagrun for example_kubernetes_executor to None
[2025-05-19 09:13:39,952] {processor.py:171} INFO - Processing /home/airflow/.local/lib/python3.6/site-packages/airflow/example_dags/example_kubernetes_executor.py took 0.220 seconds
[2025-05-19 09:14:10,153] {processor.py:163} INFO - Started process (PID=2375) to work on /home/airflow/.local/lib/python3.6/site-packages/airflow/example_dags/example_kubernetes_executor.py
[2025-05-19 09:14:10,155] {processor.py:642} INFO - Processing file /home/airflow/.local/lib/python3.6/site-packages/airflow/example_dags/example_kubernetes_executor.py for tasks to queue
[2025-05-19 09:14:10,157] {logging_mixin.py:109} INFO - [2025-05-19 09:14:10,157] {dagbag.py:500} INFO - Filling up the DagBag from /home/airflow/.local/lib/python3.6/site-packages/airflow/example_dags/example_kubernetes_executor.py
[2025-05-19 09:14:10,221] {processor.py:654} INFO - DAG(s) dict_keys(['example_kubernetes_executor']) retrieved from /home/airflow/.local/lib/python3.6/site-packages/airflow/example_dags/example_kubernetes_executor.py
[2025-05-19 09:14:10,242] {logging_mixin.py:109} INFO - [2025-05-19 09:14:10,241] {dag.py:2396} INFO - Sync 1 DAGs
[2025-05-19 09:14:10,270] {logging_mixin.py:109} INFO - [2025-05-19 09:14:10,270] {dag.py:2935} INFO - Setting next_dagrun for example_kubernetes_executor to None
[2025-05-19 09:14:10,287] {processor.py:171} INFO - Processing /home/airflow/.local/lib/python3.6/site-packages/airflow/example_dags/example_kubernetes_executor.py took 0.140 seconds
[2025-05-19 19:33:47,476] {processor.py:163} INFO - Started process (PID=56) to work on /home/airflow/.local/lib/python3.6/site-packages/airflow/example_dags/example_kubernetes_executor.py
[2025-05-19 19:33:47,484] {processor.py:642} INFO - Processing file /home/airflow/.local/lib/python3.6/site-packages/airflow/example_dags/example_kubernetes_executor.py for tasks to queue
[2025-05-19 19:33:47,489] {logging_mixin.py:109} INFO - [2025-05-19 19:33:47,489] {dagbag.py:500} INFO - Filling up the DagBag from /home/airflow/.local/lib/python3.6/site-packages/airflow/example_dags/example_kubernetes_executor.py
[2025-05-19 19:33:47,704] {processor.py:654} INFO - DAG(s) dict_keys(['example_kubernetes_executor']) retrieved from /home/airflow/.local/lib/python3.6/site-packages/airflow/example_dags/example_kubernetes_executor.py
[2025-05-19 19:33:47,959] {logging_mixin.py:109} INFO - [2025-05-19 19:33:47,951] {dag.py:2396} INFO - Sync 1 DAGs
[2025-05-19 19:33:48,054] {logging_mixin.py:109} INFO - [2025-05-19 19:33:48,053] {dag.py:2935} INFO - Setting next_dagrun for example_kubernetes_executor to None
[2025-05-19 19:33:48,137] {processor.py:171} INFO - Processing /home/airflow/.local/lib/python3.6/site-packages/airflow/example_dags/example_kubernetes_executor.py took 0.687 seconds
[2025-05-19 19:34:18,743] {processor.py:163} INFO - Started process (PID=97) to work on /home/airflow/.local/lib/python3.6/site-packages/airflow/example_dags/example_kubernetes_executor.py
[2025-05-19 19:34:18,754] {processor.py:642} INFO - Processing file /home/airflow/.local/lib/python3.6/site-packages/airflow/example_dags/example_kubernetes_executor.py for tasks to queue
[2025-05-19 19:34:18,771] {logging_mixin.py:109} INFO - [2025-05-19 19:34:18,758] {dagbag.py:500} INFO - Filling up the DagBag from /home/airflow/.local/lib/python3.6/site-packages/airflow/example_dags/example_kubernetes_executor.py
[2025-05-19 19:34:19,106] {processor.py:654} INFO - DAG(s) dict_keys(['example_kubernetes_executor']) retrieved from /home/airflow/.local/lib/python3.6/site-packages/airflow/example_dags/example_kubernetes_executor.py
[2025-05-19 19:34:19,551] {logging_mixin.py:109} INFO - [2025-05-19 19:34:19,551] {dag.py:2396} INFO - Sync 1 DAGs
[2025-05-19 19:34:19,797] {logging_mixin.py:109} INFO - [2025-05-19 19:34:19,785] {dag.py:2935} INFO - Setting next_dagrun for example_kubernetes_executor to None
[2025-05-19 19:34:19,965] {processor.py:171} INFO - Processing /home/airflow/.local/lib/python3.6/site-packages/airflow/example_dags/example_kubernetes_executor.py took 1.230 seconds
[2025-05-19 19:34:50,405] {processor.py:163} INFO - Started process (PID=149) to work on /home/airflow/.local/lib/python3.6/site-packages/airflow/example_dags/example_kubernetes_executor.py
[2025-05-19 19:34:50,418] {processor.py:642} INFO - Processing file /home/airflow/.local/lib/python3.6/site-packages/airflow/example_dags/example_kubernetes_executor.py for tasks to queue
[2025-05-19 19:34:50,428] {logging_mixin.py:109} INFO - [2025-05-19 19:34:50,427] {dagbag.py:500} INFO - Filling up the DagBag from /home/airflow/.local/lib/python3.6/site-packages/airflow/example_dags/example_kubernetes_executor.py
[2025-05-19 19:34:50,623] {processor.py:654} INFO - DAG(s) dict_keys(['example_kubernetes_executor']) retrieved from /home/airflow/.local/lib/python3.6/site-packages/airflow/example_dags/example_kubernetes_executor.py
[2025-05-19 19:34:50,698] {logging_mixin.py:109} INFO - [2025-05-19 19:34:50,698] {dag.py:2396} INFO - Sync 1 DAGs
[2025-05-19 19:34:50,757] {logging_mixin.py:109} INFO - [2025-05-19 19:34:50,757] {dag.py:2935} INFO - Setting next_dagrun for example_kubernetes_executor to None
[2025-05-19 19:34:50,778] {processor.py:171} INFO - Processing /home/airflow/.local/lib/python3.6/site-packages/airflow/example_dags/example_kubernetes_executor.py took 0.410 seconds
[2025-05-19 19:35:20,960] {processor.py:163} INFO - Started process (PID=203) to work on /home/airflow/.local/lib/python3.6/site-packages/airflow/example_dags/example_kubernetes_executor.py
[2025-05-19 19:35:20,963] {processor.py:642} INFO - Processing file /home/airflow/.local/lib/python3.6/site-packages/airflow/example_dags/example_kubernetes_executor.py for tasks to queue
[2025-05-19 19:35:20,975] {logging_mixin.py:109} INFO - [2025-05-19 19:35:20,975] {dagbag.py:500} INFO - Filling up the DagBag from /home/airflow/.local/lib/python3.6/site-packages/airflow/example_dags/example_kubernetes_executor.py
[2025-05-19 19:35:21,147] {processor.py:654} INFO - DAG(s) dict_keys(['example_kubernetes_executor']) retrieved from /home/airflow/.local/lib/python3.6/site-packages/airflow/example_dags/example_kubernetes_executor.py
[2025-05-19 19:35:21,221] {logging_mixin.py:109} INFO - [2025-05-19 19:35:21,221] {dag.py:2396} INFO - Sync 1 DAGs
[2025-05-19 19:35:21,315] {logging_mixin.py:109} INFO - [2025-05-19 19:35:21,315] {dag.py:2935} INFO - Setting next_dagrun for example_kubernetes_executor to None
[2025-05-19 19:35:21,371] {processor.py:171} INFO - Processing /home/airflow/.local/lib/python3.6/site-packages/airflow/example_dags/example_kubernetes_executor.py took 0.420 seconds
[2025-05-19 19:35:52,276] {processor.py:163} INFO - Started process (PID=255) to work on /home/airflow/.local/lib/python3.6/site-packages/airflow/example_dags/example_kubernetes_executor.py
[2025-05-19 19:35:52,277] {processor.py:642} INFO - Processing file /home/airflow/.local/lib/python3.6/site-packages/airflow/example_dags/example_kubernetes_executor.py for tasks to queue
[2025-05-19 19:35:52,278] {logging_mixin.py:109} INFO - [2025-05-19 19:35:52,278] {dagbag.py:500} INFO - Filling up the DagBag from /home/airflow/.local/lib/python3.6/site-packages/airflow/example_dags/example_kubernetes_executor.py
[2025-05-19 19:35:52,330] {processor.py:654} INFO - DAG(s) dict_keys(['example_kubernetes_executor']) retrieved from /home/airflow/.local/lib/python3.6/site-packages/airflow/example_dags/example_kubernetes_executor.py
[2025-05-19 19:35:52,348] {logging_mixin.py:109} INFO - [2025-05-19 19:35:52,348] {dag.py:2396} INFO - Sync 1 DAGs
[2025-05-19 19:35:52,390] {logging_mixin.py:109} INFO - [2025-05-19 19:35:52,390] {dag.py:2935} INFO - Setting next_dagrun for example_kubernetes_executor to None
[2025-05-19 19:35:52,407] {processor.py:171} INFO - Processing /home/airflow/.local/lib/python3.6/site-packages/airflow/example_dags/example_kubernetes_executor.py took 0.136 seconds
[2025-05-19 19:36:22,700] {processor.py:163} INFO - Started process (PID=307) to work on /home/airflow/.local/lib/python3.6/site-packages/airflow/example_dags/example_kubernetes_executor.py
[2025-05-19 19:36:22,702] {processor.py:642} INFO - Processing file /home/airflow/.local/lib/python3.6/site-packages/airflow/example_dags/example_kubernetes_executor.py for tasks to queue
[2025-05-19 19:36:22,704] {logging_mixin.py:109} INFO - [2025-05-19 19:36:22,703] {dagbag.py:500} INFO - Filling up the DagBag from /home/airflow/.local/lib/python3.6/site-packages/airflow/example_dags/example_kubernetes_executor.py
[2025-05-19 19:36:22,765] {processor.py:654} INFO - DAG(s) dict_keys(['example_kubernetes_executor']) retrieved from /home/airflow/.local/lib/python3.6/site-packages/airflow/example_dags/example_kubernetes_executor.py
[2025-05-19 19:36:22,791] {logging_mixin.py:109} INFO - [2025-05-19 19:36:22,791] {dag.py:2396} INFO - Sync 1 DAGs
[2025-05-19 19:36:22,845] {logging_mixin.py:109} INFO - [2025-05-19 19:36:22,845] {dag.py:2935} INFO - Setting next_dagrun for example_kubernetes_executor to None
[2025-05-19 19:36:22,871] {processor.py:171} INFO - Processing /home/airflow/.local/lib/python3.6/site-packages/airflow/example_dags/example_kubernetes_executor.py took 0.174 seconds
[2025-05-19 19:36:53,122] {processor.py:163} INFO - Started process (PID=360) to work on /home/airflow/.local/lib/python3.6/site-packages/airflow/example_dags/example_kubernetes_executor.py
[2025-05-19 19:36:53,124] {processor.py:642} INFO - Processing file /home/airflow/.local/lib/python3.6/site-packages/airflow/example_dags/example_kubernetes_executor.py for tasks to queue
[2025-05-19 19:36:53,126] {logging_mixin.py:109} INFO - [2025-05-19 19:36:53,125] {dagbag.py:500} INFO - Filling up the DagBag from /home/airflow/.local/lib/python3.6/site-packages/airflow/example_dags/example_kubernetes_executor.py
[2025-05-19 19:36:53,191] {processor.py:654} INFO - DAG(s) dict_keys(['example_kubernetes_executor']) retrieved from /home/airflow/.local/lib/python3.6/site-packages/airflow/example_dags/example_kubernetes_executor.py
[2025-05-19 19:36:53,219] {logging_mixin.py:109} INFO - [2025-05-19 19:36:53,219] {dag.py:2396} INFO - Sync 1 DAGs
[2025-05-19 19:36:53,252] {logging_mixin.py:109} INFO - [2025-05-19 19:36:53,252] {dag.py:2935} INFO - Setting next_dagrun for example_kubernetes_executor to None
[2025-05-19 19:36:53,272] {processor.py:171} INFO - Processing /home/airflow/.local/lib/python3.6/site-packages/airflow/example_dags/example_kubernetes_executor.py took 0.156 seconds
