[2025-05-19 08:54:39,733] {processor.py:163} INFO - Started process (PID=359) to work on /home/airflow/.local/lib/python3.6/site-packages/airflow/example_dags/example_task_group_decorator.py
[2025-05-19 08:54:39,747] {processor.py:642} INFO - Processing file /home/airflow/.local/lib/python3.6/site-packages/airflow/example_dags/example_task_group_decorator.py for tasks to queue
[2025-05-19 08:54:39,752] {logging_mixin.py:109} INFO - [2025-05-19 08:54:39,751] {dagbag.py:500} INFO - Filling up the DagBag from /home/airflow/.local/lib/python3.6/site-packages/airflow/example_dags/example_task_group_decorator.py
[2025-05-19 08:54:40,046] {processor.py:654} INFO - DAG(s) dict_keys(['example_task_group_decorator']) retrieved from /home/airflow/.local/lib/python3.6/site-packages/airflow/example_dags/example_task_group_decorator.py
[2025-05-19 08:54:51,232] {logging_mixin.py:109} INFO - [2025-05-19 08:54:51,232] {manager.py:496} INFO - Created Permission View: can read on DAG:example_task_group_decorator
[2025-05-19 08:54:51,288] {logging_mixin.py:109} INFO - [2025-05-19 08:54:51,287] {manager.py:496} INFO - Created Permission View: can edit on DAG:example_task_group_decorator
[2025-05-19 08:54:51,294] {logging_mixin.py:109} INFO - [2025-05-19 08:54:51,289] {dag.py:2396} INFO - Sync 1 DAGs
[2025-05-19 08:54:51,342] {logging_mixin.py:109} INFO - [2025-05-19 08:54:51,335] {dag.py:2415} INFO - Creating ORM DAG for example_task_group_decorator
[2025-05-19 08:54:51,412] {logging_mixin.py:109} INFO - [2025-05-19 08:54:51,411] {dag.py:2935} INFO - Setting next_dagrun for example_task_group_decorator to 2025-05-18T08:54:51.410983+00:00
[2025-05-19 08:54:51,520] {processor.py:171} INFO - Processing /home/airflow/.local/lib/python3.6/site-packages/airflow/example_dags/example_task_group_decorator.py took 11.804 seconds
[2025-05-19 08:55:28,368] {processor.py:163} INFO - Started process (PID=467) to work on /home/airflow/.local/lib/python3.6/site-packages/airflow/example_dags/example_task_group_decorator.py
[2025-05-19 08:55:28,381] {processor.py:642} INFO - Processing file /home/airflow/.local/lib/python3.6/site-packages/airflow/example_dags/example_task_group_decorator.py for tasks to queue
[2025-05-19 08:55:28,385] {logging_mixin.py:109} INFO - [2025-05-19 08:55:28,384] {dagbag.py:500} INFO - Filling up the DagBag from /home/airflow/.local/lib/python3.6/site-packages/airflow/example_dags/example_task_group_decorator.py
[2025-05-19 08:55:28,557] {processor.py:654} INFO - DAG(s) dict_keys(['example_task_group_decorator']) retrieved from /home/airflow/.local/lib/python3.6/site-packages/airflow/example_dags/example_task_group_decorator.py
[2025-05-19 08:55:30,049] {logging_mixin.py:109} INFO - [2025-05-19 08:55:30,048] {dag.py:2396} INFO - Sync 1 DAGs
[2025-05-19 08:55:30,154] {logging_mixin.py:109} INFO - [2025-05-19 08:55:30,153] {dag.py:2935} INFO - Setting next_dagrun for example_task_group_decorator to 2025-05-18T08:55:30.152389+00:00
[2025-05-19 08:55:30,200] {processor.py:171} INFO - Processing /home/airflow/.local/lib/python3.6/site-packages/airflow/example_dags/example_task_group_decorator.py took 1.854 seconds
[2025-05-19 08:56:01,358] {processor.py:163} INFO - Started process (PID=510) to work on /home/airflow/.local/lib/python3.6/site-packages/airflow/example_dags/example_task_group_decorator.py
[2025-05-19 08:56:01,367] {processor.py:642} INFO - Processing file /home/airflow/.local/lib/python3.6/site-packages/airflow/example_dags/example_task_group_decorator.py for tasks to queue
[2025-05-19 08:56:01,372] {logging_mixin.py:109} INFO - [2025-05-19 08:56:01,371] {dagbag.py:500} INFO - Filling up the DagBag from /home/airflow/.local/lib/python3.6/site-packages/airflow/example_dags/example_task_group_decorator.py
[2025-05-19 08:56:01,616] {processor.py:654} INFO - DAG(s) dict_keys(['example_task_group_decorator']) retrieved from /home/airflow/.local/lib/python3.6/site-packages/airflow/example_dags/example_task_group_decorator.py
[2025-05-19 08:56:02,995] {logging_mixin.py:109} INFO - [2025-05-19 08:56:02,995] {dag.py:2396} INFO - Sync 1 DAGs
[2025-05-19 08:56:03,088] {logging_mixin.py:109} INFO - [2025-05-19 08:56:03,087] {dag.py:2935} INFO - Setting next_dagrun for example_task_group_decorator to 2025-05-18T08:56:03.086954+00:00
[2025-05-19 08:56:03,144] {processor.py:171} INFO - Processing /home/airflow/.local/lib/python3.6/site-packages/airflow/example_dags/example_task_group_decorator.py took 1.803 seconds
[2025-05-19 08:56:33,306] {processor.py:163} INFO - Started process (PID=562) to work on /home/airflow/.local/lib/python3.6/site-packages/airflow/example_dags/example_task_group_decorator.py
[2025-05-19 08:56:33,309] {processor.py:642} INFO - Processing file /home/airflow/.local/lib/python3.6/site-packages/airflow/example_dags/example_task_group_decorator.py for tasks to queue
[2025-05-19 08:56:33,312] {logging_mixin.py:109} INFO - [2025-05-19 08:56:33,311] {dagbag.py:500} INFO - Filling up the DagBag from /home/airflow/.local/lib/python3.6/site-packages/airflow/example_dags/example_task_group_decorator.py
[2025-05-19 08:56:33,418] {processor.py:654} INFO - DAG(s) dict_keys(['example_task_group_decorator']) retrieved from /home/airflow/.local/lib/python3.6/site-packages/airflow/example_dags/example_task_group_decorator.py
[2025-05-19 08:56:34,109] {logging_mixin.py:109} INFO - [2025-05-19 08:56:34,108] {dag.py:2396} INFO - Sync 1 DAGs
[2025-05-19 08:56:34,160] {logging_mixin.py:109} INFO - [2025-05-19 08:56:34,159] {dag.py:2935} INFO - Setting next_dagrun for example_task_group_decorator to 2025-05-18T08:56:34.159033+00:00
[2025-05-19 08:56:34,184] {processor.py:171} INFO - Processing /home/airflow/.local/lib/python3.6/site-packages/airflow/example_dags/example_task_group_decorator.py took 0.889 seconds
[2025-05-19 08:57:04,400] {processor.py:163} INFO - Started process (PID=614) to work on /home/airflow/.local/lib/python3.6/site-packages/airflow/example_dags/example_task_group_decorator.py
[2025-05-19 08:57:04,404] {processor.py:642} INFO - Processing file /home/airflow/.local/lib/python3.6/site-packages/airflow/example_dags/example_task_group_decorator.py for tasks to queue
[2025-05-19 08:57:04,407] {logging_mixin.py:109} INFO - [2025-05-19 08:57:04,406] {dagbag.py:500} INFO - Filling up the DagBag from /home/airflow/.local/lib/python3.6/site-packages/airflow/example_dags/example_task_group_decorator.py
[2025-05-19 08:57:04,529] {processor.py:654} INFO - DAG(s) dict_keys(['example_task_group_decorator']) retrieved from /home/airflow/.local/lib/python3.6/site-packages/airflow/example_dags/example_task_group_decorator.py
[2025-05-19 08:57:05,083] {logging_mixin.py:109} INFO - [2025-05-19 08:57:05,083] {dag.py:2396} INFO - Sync 1 DAGs
[2025-05-19 08:57:05,124] {logging_mixin.py:109} INFO - [2025-05-19 08:57:05,124] {dag.py:2935} INFO - Setting next_dagrun for example_task_group_decorator to 2025-05-18T08:57:05.123812+00:00
[2025-05-19 08:57:05,150] {processor.py:171} INFO - Processing /home/airflow/.local/lib/python3.6/site-packages/airflow/example_dags/example_task_group_decorator.py took 0.757 seconds
[2025-05-19 08:57:35,239] {processor.py:163} INFO - Started process (PID=675) to work on /home/airflow/.local/lib/python3.6/site-packages/airflow/example_dags/example_task_group_decorator.py
[2025-05-19 08:57:35,242] {processor.py:642} INFO - Processing file /home/airflow/.local/lib/python3.6/site-packages/airflow/example_dags/example_task_group_decorator.py for tasks to queue
[2025-05-19 08:57:35,244] {logging_mixin.py:109} INFO - [2025-05-19 08:57:35,244] {dagbag.py:500} INFO - Filling up the DagBag from /home/airflow/.local/lib/python3.6/site-packages/airflow/example_dags/example_task_group_decorator.py
[2025-05-19 08:57:35,401] {processor.py:654} INFO - DAG(s) dict_keys(['example_task_group_decorator']) retrieved from /home/airflow/.local/lib/python3.6/site-packages/airflow/example_dags/example_task_group_decorator.py
[2025-05-19 08:57:36,009] {logging_mixin.py:109} INFO - [2025-05-19 08:57:36,009] {dag.py:2396} INFO - Sync 1 DAGs
[2025-05-19 08:57:36,057] {logging_mixin.py:109} INFO - [2025-05-19 08:57:36,057] {dag.py:2935} INFO - Setting next_dagrun for example_task_group_decorator to 2025-05-18T08:57:36.056455+00:00
[2025-05-19 08:57:36,083] {processor.py:171} INFO - Processing /home/airflow/.local/lib/python3.6/site-packages/airflow/example_dags/example_task_group_decorator.py took 0.855 seconds
[2025-05-19 08:58:06,709] {processor.py:163} INFO - Started process (PID=718) to work on /home/airflow/.local/lib/python3.6/site-packages/airflow/example_dags/example_task_group_decorator.py
[2025-05-19 08:58:06,711] {processor.py:642} INFO - Processing file /home/airflow/.local/lib/python3.6/site-packages/airflow/example_dags/example_task_group_decorator.py for tasks to queue
[2025-05-19 08:58:06,712] {logging_mixin.py:109} INFO - [2025-05-19 08:58:06,712] {dagbag.py:500} INFO - Filling up the DagBag from /home/airflow/.local/lib/python3.6/site-packages/airflow/example_dags/example_task_group_decorator.py
[2025-05-19 08:58:06,781] {processor.py:654} INFO - DAG(s) dict_keys(['example_task_group_decorator']) retrieved from /home/airflow/.local/lib/python3.6/site-packages/airflow/example_dags/example_task_group_decorator.py
[2025-05-19 08:58:07,196] {logging_mixin.py:109} INFO - [2025-05-19 08:58:07,196] {dag.py:2396} INFO - Sync 1 DAGs
[2025-05-19 08:58:07,229] {logging_mixin.py:109} INFO - [2025-05-19 08:58:07,229] {dag.py:2935} INFO - Setting next_dagrun for example_task_group_decorator to 2025-05-18T08:58:07.229250+00:00
[2025-05-19 08:58:07,255] {processor.py:171} INFO - Processing /home/airflow/.local/lib/python3.6/site-packages/airflow/example_dags/example_task_group_decorator.py took 0.552 seconds
[2025-05-19 08:58:37,349] {processor.py:163} INFO - Started process (PID=780) to work on /home/airflow/.local/lib/python3.6/site-packages/airflow/example_dags/example_task_group_decorator.py
[2025-05-19 08:58:37,352] {processor.py:642} INFO - Processing file /home/airflow/.local/lib/python3.6/site-packages/airflow/example_dags/example_task_group_decorator.py for tasks to queue
[2025-05-19 08:58:37,354] {logging_mixin.py:109} INFO - [2025-05-19 08:58:37,354] {dagbag.py:500} INFO - Filling up the DagBag from /home/airflow/.local/lib/python3.6/site-packages/airflow/example_dags/example_task_group_decorator.py
[2025-05-19 08:58:37,467] {processor.py:654} INFO - DAG(s) dict_keys(['example_task_group_decorator']) retrieved from /home/airflow/.local/lib/python3.6/site-packages/airflow/example_dags/example_task_group_decorator.py
[2025-05-19 08:58:37,899] {logging_mixin.py:109} INFO - [2025-05-19 08:58:37,899] {dag.py:2396} INFO - Sync 1 DAGs
[2025-05-19 08:58:37,954] {logging_mixin.py:109} INFO - [2025-05-19 08:58:37,954] {dag.py:2935} INFO - Setting next_dagrun for example_task_group_decorator to 2025-05-18T08:58:37.953760+00:00
[2025-05-19 08:58:37,981] {processor.py:171} INFO - Processing /home/airflow/.local/lib/python3.6/site-packages/airflow/example_dags/example_task_group_decorator.py took 0.639 seconds
[2025-05-19 08:59:08,414] {processor.py:163} INFO - Started process (PID=832) to work on /home/airflow/.local/lib/python3.6/site-packages/airflow/example_dags/example_task_group_decorator.py
[2025-05-19 08:59:08,417] {processor.py:642} INFO - Processing file /home/airflow/.local/lib/python3.6/site-packages/airflow/example_dags/example_task_group_decorator.py for tasks to queue
[2025-05-19 08:59:08,418] {logging_mixin.py:109} INFO - [2025-05-19 08:59:08,418] {dagbag.py:500} INFO - Filling up the DagBag from /home/airflow/.local/lib/python3.6/site-packages/airflow/example_dags/example_task_group_decorator.py
[2025-05-19 08:59:08,516] {processor.py:654} INFO - DAG(s) dict_keys(['example_task_group_decorator']) retrieved from /home/airflow/.local/lib/python3.6/site-packages/airflow/example_dags/example_task_group_decorator.py
[2025-05-19 08:59:09,012] {logging_mixin.py:109} INFO - [2025-05-19 08:59:09,012] {dag.py:2396} INFO - Sync 1 DAGs
[2025-05-19 08:59:09,054] {logging_mixin.py:109} INFO - [2025-05-19 08:59:09,054] {dag.py:2935} INFO - Setting next_dagrun for example_task_group_decorator to 2025-05-18T08:59:09.053635+00:00
[2025-05-19 08:59:09,089] {processor.py:171} INFO - Processing /home/airflow/.local/lib/python3.6/site-packages/airflow/example_dags/example_task_group_decorator.py took 0.684 seconds
[2025-05-19 08:59:39,485] {processor.py:163} INFO - Started process (PID=885) to work on /home/airflow/.local/lib/python3.6/site-packages/airflow/example_dags/example_task_group_decorator.py
[2025-05-19 08:59:39,488] {processor.py:642} INFO - Processing file /home/airflow/.local/lib/python3.6/site-packages/airflow/example_dags/example_task_group_decorator.py for tasks to queue
[2025-05-19 08:59:39,490] {logging_mixin.py:109} INFO - [2025-05-19 08:59:39,490] {dagbag.py:500} INFO - Filling up the DagBag from /home/airflow/.local/lib/python3.6/site-packages/airflow/example_dags/example_task_group_decorator.py
[2025-05-19 08:59:39,575] {processor.py:654} INFO - DAG(s) dict_keys(['example_task_group_decorator']) retrieved from /home/airflow/.local/lib/python3.6/site-packages/airflow/example_dags/example_task_group_decorator.py
[2025-05-19 08:59:40,349] {logging_mixin.py:109} INFO - [2025-05-19 08:59:40,349] {dag.py:2396} INFO - Sync 1 DAGs
[2025-05-19 08:59:40,406] {logging_mixin.py:109} INFO - [2025-05-19 08:59:40,406] {dag.py:2935} INFO - Setting next_dagrun for example_task_group_decorator to 2025-05-18T08:59:40.405639+00:00
[2025-05-19 08:59:40,455] {processor.py:171} INFO - Processing /home/airflow/.local/lib/python3.6/site-packages/airflow/example_dags/example_task_group_decorator.py took 0.982 seconds
[2025-05-19 09:00:10,611] {processor.py:163} INFO - Started process (PID=937) to work on /home/airflow/.local/lib/python3.6/site-packages/airflow/example_dags/example_task_group_decorator.py
[2025-05-19 09:00:10,613] {processor.py:642} INFO - Processing file /home/airflow/.local/lib/python3.6/site-packages/airflow/example_dags/example_task_group_decorator.py for tasks to queue
[2025-05-19 09:00:10,615] {logging_mixin.py:109} INFO - [2025-05-19 09:00:10,615] {dagbag.py:500} INFO - Filling up the DagBag from /home/airflow/.local/lib/python3.6/site-packages/airflow/example_dags/example_task_group_decorator.py
[2025-05-19 09:00:10,709] {processor.py:654} INFO - DAG(s) dict_keys(['example_task_group_decorator']) retrieved from /home/airflow/.local/lib/python3.6/site-packages/airflow/example_dags/example_task_group_decorator.py
[2025-05-19 09:00:11,159] {logging_mixin.py:109} INFO - [2025-05-19 09:00:11,158] {dag.py:2396} INFO - Sync 1 DAGs
[2025-05-19 09:00:11,214] {logging_mixin.py:109} INFO - [2025-05-19 09:00:11,214] {dag.py:2935} INFO - Setting next_dagrun for example_task_group_decorator to 2025-05-18T09:00:11.213539+00:00
[2025-05-19 09:00:11,243] {processor.py:171} INFO - Processing /home/airflow/.local/lib/python3.6/site-packages/airflow/example_dags/example_task_group_decorator.py took 0.639 seconds
[2025-05-19 09:00:41,994] {processor.py:163} INFO - Started process (PID=989) to work on /home/airflow/.local/lib/python3.6/site-packages/airflow/example_dags/example_task_group_decorator.py
[2025-05-19 09:00:41,998] {processor.py:642} INFO - Processing file /home/airflow/.local/lib/python3.6/site-packages/airflow/example_dags/example_task_group_decorator.py for tasks to queue
[2025-05-19 09:00:42,000] {logging_mixin.py:109} INFO - [2025-05-19 09:00:42,000] {dagbag.py:500} INFO - Filling up the DagBag from /home/airflow/.local/lib/python3.6/site-packages/airflow/example_dags/example_task_group_decorator.py
[2025-05-19 09:00:42,111] {processor.py:654} INFO - DAG(s) dict_keys(['example_task_group_decorator']) retrieved from /home/airflow/.local/lib/python3.6/site-packages/airflow/example_dags/example_task_group_decorator.py
[2025-05-19 09:00:42,719] {logging_mixin.py:109} INFO - [2025-05-19 09:00:42,718] {dag.py:2396} INFO - Sync 1 DAGs
[2025-05-19 09:00:42,785] {logging_mixin.py:109} INFO - [2025-05-19 09:00:42,785] {dag.py:2935} INFO - Setting next_dagrun for example_task_group_decorator to 2025-05-18T09:00:42.784012+00:00
[2025-05-19 09:00:42,841] {processor.py:171} INFO - Processing /home/airflow/.local/lib/python3.6/site-packages/airflow/example_dags/example_task_group_decorator.py took 0.856 seconds
[2025-05-19 09:01:13,643] {processor.py:163} INFO - Started process (PID=1041) to work on /home/airflow/.local/lib/python3.6/site-packages/airflow/example_dags/example_task_group_decorator.py
[2025-05-19 09:01:13,646] {processor.py:642} INFO - Processing file /home/airflow/.local/lib/python3.6/site-packages/airflow/example_dags/example_task_group_decorator.py for tasks to queue
[2025-05-19 09:01:13,648] {logging_mixin.py:109} INFO - [2025-05-19 09:01:13,647] {dagbag.py:500} INFO - Filling up the DagBag from /home/airflow/.local/lib/python3.6/site-packages/airflow/example_dags/example_task_group_decorator.py
[2025-05-19 09:01:13,812] {processor.py:654} INFO - DAG(s) dict_keys(['example_task_group_decorator']) retrieved from /home/airflow/.local/lib/python3.6/site-packages/airflow/example_dags/example_task_group_decorator.py
[2025-05-19 09:01:14,554] {logging_mixin.py:109} INFO - [2025-05-19 09:01:14,554] {dag.py:2396} INFO - Sync 1 DAGs
[2025-05-19 09:01:14,602] {logging_mixin.py:109} INFO - [2025-05-19 09:01:14,602] {dag.py:2935} INFO - Setting next_dagrun for example_task_group_decorator to 2025-05-18T09:01:14.601275+00:00
[2025-05-19 09:01:14,636] {processor.py:171} INFO - Processing /home/airflow/.local/lib/python3.6/site-packages/airflow/example_dags/example_task_group_decorator.py took 1.004 seconds
[2025-05-19 09:01:44,798] {processor.py:163} INFO - Started process (PID=1093) to work on /home/airflow/.local/lib/python3.6/site-packages/airflow/example_dags/example_task_group_decorator.py
[2025-05-19 09:01:44,802] {processor.py:642} INFO - Processing file /home/airflow/.local/lib/python3.6/site-packages/airflow/example_dags/example_task_group_decorator.py for tasks to queue
[2025-05-19 09:01:44,803] {logging_mixin.py:109} INFO - [2025-05-19 09:01:44,803] {dagbag.py:500} INFO - Filling up the DagBag from /home/airflow/.local/lib/python3.6/site-packages/airflow/example_dags/example_task_group_decorator.py
[2025-05-19 09:01:44,922] {processor.py:654} INFO - DAG(s) dict_keys(['example_task_group_decorator']) retrieved from /home/airflow/.local/lib/python3.6/site-packages/airflow/example_dags/example_task_group_decorator.py
[2025-05-19 09:01:46,126] {logging_mixin.py:109} INFO - [2025-05-19 09:01:46,125] {dag.py:2396} INFO - Sync 1 DAGs
[2025-05-19 09:01:46,217] {logging_mixin.py:109} INFO - [2025-05-19 09:01:46,217] {dag.py:2935} INFO - Setting next_dagrun for example_task_group_decorator to 2025-05-18T09:01:46.216775+00:00
[2025-05-19 09:01:46,258] {processor.py:171} INFO - Processing /home/airflow/.local/lib/python3.6/site-packages/airflow/example_dags/example_task_group_decorator.py took 1.471 seconds
[2025-05-19 09:02:16,761] {processor.py:163} INFO - Started process (PID=1138) to work on /home/airflow/.local/lib/python3.6/site-packages/airflow/example_dags/example_task_group_decorator.py
[2025-05-19 09:02:16,796] {processor.py:642} INFO - Processing file /home/airflow/.local/lib/python3.6/site-packages/airflow/example_dags/example_task_group_decorator.py for tasks to queue
[2025-05-19 09:02:16,809] {logging_mixin.py:109} INFO - [2025-05-19 09:02:16,809] {dagbag.py:500} INFO - Filling up the DagBag from /home/airflow/.local/lib/python3.6/site-packages/airflow/example_dags/example_task_group_decorator.py
[2025-05-19 09:02:17,200] {processor.py:654} INFO - DAG(s) dict_keys(['example_task_group_decorator']) retrieved from /home/airflow/.local/lib/python3.6/site-packages/airflow/example_dags/example_task_group_decorator.py
[2025-05-19 09:02:18,427] {logging_mixin.py:109} INFO - [2025-05-19 09:02:18,426] {dag.py:2396} INFO - Sync 1 DAGs
[2025-05-19 09:02:18,509] {logging_mixin.py:109} INFO - [2025-05-19 09:02:18,509] {dag.py:2935} INFO - Setting next_dagrun for example_task_group_decorator to 2025-05-18T09:02:18.507998+00:00
[2025-05-19 09:02:18,547] {processor.py:171} INFO - Processing /home/airflow/.local/lib/python3.6/site-packages/airflow/example_dags/example_task_group_decorator.py took 1.817 seconds
[2025-05-19 09:02:48,966] {processor.py:163} INFO - Started process (PID=1190) to work on /home/airflow/.local/lib/python3.6/site-packages/airflow/example_dags/example_task_group_decorator.py
[2025-05-19 09:02:48,971] {processor.py:642} INFO - Processing file /home/airflow/.local/lib/python3.6/site-packages/airflow/example_dags/example_task_group_decorator.py for tasks to queue
[2025-05-19 09:02:48,976] {logging_mixin.py:109} INFO - [2025-05-19 09:02:48,974] {dagbag.py:500} INFO - Filling up the DagBag from /home/airflow/.local/lib/python3.6/site-packages/airflow/example_dags/example_task_group_decorator.py
[2025-05-19 09:02:49,200] {processor.py:654} INFO - DAG(s) dict_keys(['example_task_group_decorator']) retrieved from /home/airflow/.local/lib/python3.6/site-packages/airflow/example_dags/example_task_group_decorator.py
[2025-05-19 09:02:50,086] {logging_mixin.py:109} INFO - [2025-05-19 09:02:50,086] {dag.py:2396} INFO - Sync 1 DAGs
[2025-05-19 09:02:50,134] {logging_mixin.py:109} INFO - [2025-05-19 09:02:50,134] {dag.py:2935} INFO - Setting next_dagrun for example_task_group_decorator to 2025-05-18T09:02:50.133057+00:00
[2025-05-19 09:02:50,168] {processor.py:171} INFO - Processing /home/airflow/.local/lib/python3.6/site-packages/airflow/example_dags/example_task_group_decorator.py took 1.213 seconds
[2025-05-19 09:03:20,501] {processor.py:163} INFO - Started process (PID=1242) to work on /home/airflow/.local/lib/python3.6/site-packages/airflow/example_dags/example_task_group_decorator.py
[2025-05-19 09:03:20,505] {processor.py:642} INFO - Processing file /home/airflow/.local/lib/python3.6/site-packages/airflow/example_dags/example_task_group_decorator.py for tasks to queue
[2025-05-19 09:03:20,509] {logging_mixin.py:109} INFO - [2025-05-19 09:03:20,508] {dagbag.py:500} INFO - Filling up the DagBag from /home/airflow/.local/lib/python3.6/site-packages/airflow/example_dags/example_task_group_decorator.py
[2025-05-19 09:03:20,624] {processor.py:654} INFO - DAG(s) dict_keys(['example_task_group_decorator']) retrieved from /home/airflow/.local/lib/python3.6/site-packages/airflow/example_dags/example_task_group_decorator.py
[2025-05-19 09:03:21,319] {logging_mixin.py:109} INFO - [2025-05-19 09:03:21,319] {dag.py:2396} INFO - Sync 1 DAGs
[2025-05-19 09:03:21,377] {logging_mixin.py:109} INFO - [2025-05-19 09:03:21,377] {dag.py:2935} INFO - Setting next_dagrun for example_task_group_decorator to 2025-05-18T09:03:21.376293+00:00
[2025-05-19 09:03:21,421] {processor.py:171} INFO - Processing /home/airflow/.local/lib/python3.6/site-packages/airflow/example_dags/example_task_group_decorator.py took 0.932 seconds
[2025-05-19 09:03:52,100] {processor.py:163} INFO - Started process (PID=1294) to work on /home/airflow/.local/lib/python3.6/site-packages/airflow/example_dags/example_task_group_decorator.py
[2025-05-19 09:03:52,104] {processor.py:642} INFO - Processing file /home/airflow/.local/lib/python3.6/site-packages/airflow/example_dags/example_task_group_decorator.py for tasks to queue
[2025-05-19 09:03:52,106] {logging_mixin.py:109} INFO - [2025-05-19 09:03:52,106] {dagbag.py:500} INFO - Filling up the DagBag from /home/airflow/.local/lib/python3.6/site-packages/airflow/example_dags/example_task_group_decorator.py
[2025-05-19 09:03:52,212] {processor.py:654} INFO - DAG(s) dict_keys(['example_task_group_decorator']) retrieved from /home/airflow/.local/lib/python3.6/site-packages/airflow/example_dags/example_task_group_decorator.py
[2025-05-19 09:03:52,812] {logging_mixin.py:109} INFO - [2025-05-19 09:03:52,812] {dag.py:2396} INFO - Sync 1 DAGs
[2025-05-19 09:03:52,853] {logging_mixin.py:109} INFO - [2025-05-19 09:03:52,853] {dag.py:2935} INFO - Setting next_dagrun for example_task_group_decorator to 2025-05-18T09:03:52.851937+00:00
[2025-05-19 09:03:52,884] {processor.py:171} INFO - Processing /home/airflow/.local/lib/python3.6/site-packages/airflow/example_dags/example_task_group_decorator.py took 0.792 seconds
[2025-05-19 09:04:23,197] {processor.py:163} INFO - Started process (PID=1346) to work on /home/airflow/.local/lib/python3.6/site-packages/airflow/example_dags/example_task_group_decorator.py
[2025-05-19 09:04:23,200] {processor.py:642} INFO - Processing file /home/airflow/.local/lib/python3.6/site-packages/airflow/example_dags/example_task_group_decorator.py for tasks to queue
[2025-05-19 09:04:23,202] {logging_mixin.py:109} INFO - [2025-05-19 09:04:23,202] {dagbag.py:500} INFO - Filling up the DagBag from /home/airflow/.local/lib/python3.6/site-packages/airflow/example_dags/example_task_group_decorator.py
[2025-05-19 09:04:23,402] {processor.py:654} INFO - DAG(s) dict_keys(['example_task_group_decorator']) retrieved from /home/airflow/.local/lib/python3.6/site-packages/airflow/example_dags/example_task_group_decorator.py
[2025-05-19 09:04:24,294] {logging_mixin.py:109} INFO - [2025-05-19 09:04:24,294] {dag.py:2396} INFO - Sync 1 DAGs
[2025-05-19 09:04:24,408] {logging_mixin.py:109} INFO - [2025-05-19 09:04:24,408] {dag.py:2935} INFO - Setting next_dagrun for example_task_group_decorator to 2025-05-18T09:04:24.406292+00:00
[2025-05-19 09:04:24,472] {processor.py:171} INFO - Processing /home/airflow/.local/lib/python3.6/site-packages/airflow/example_dags/example_task_group_decorator.py took 1.285 seconds
[2025-05-19 09:04:54,585] {processor.py:163} INFO - Started process (PID=1399) to work on /home/airflow/.local/lib/python3.6/site-packages/airflow/example_dags/example_task_group_decorator.py
[2025-05-19 09:04:54,589] {processor.py:642} INFO - Processing file /home/airflow/.local/lib/python3.6/site-packages/airflow/example_dags/example_task_group_decorator.py for tasks to queue
[2025-05-19 09:04:54,591] {logging_mixin.py:109} INFO - [2025-05-19 09:04:54,591] {dagbag.py:500} INFO - Filling up the DagBag from /home/airflow/.local/lib/python3.6/site-packages/airflow/example_dags/example_task_group_decorator.py
[2025-05-19 09:04:54,716] {processor.py:654} INFO - DAG(s) dict_keys(['example_task_group_decorator']) retrieved from /home/airflow/.local/lib/python3.6/site-packages/airflow/example_dags/example_task_group_decorator.py
[2025-05-19 09:04:55,410] {logging_mixin.py:109} INFO - [2025-05-19 09:04:55,410] {dag.py:2396} INFO - Sync 1 DAGs
[2025-05-19 09:04:55,453] {logging_mixin.py:109} INFO - [2025-05-19 09:04:55,453] {dag.py:2935} INFO - Setting next_dagrun for example_task_group_decorator to 2025-05-18T09:04:55.453238+00:00
[2025-05-19 09:04:55,485] {processor.py:171} INFO - Processing /home/airflow/.local/lib/python3.6/site-packages/airflow/example_dags/example_task_group_decorator.py took 0.913 seconds
[2025-05-19 09:05:26,163] {processor.py:163} INFO - Started process (PID=1452) to work on /home/airflow/.local/lib/python3.6/site-packages/airflow/example_dags/example_task_group_decorator.py
[2025-05-19 09:05:26,166] {processor.py:642} INFO - Processing file /home/airflow/.local/lib/python3.6/site-packages/airflow/example_dags/example_task_group_decorator.py for tasks to queue
[2025-05-19 09:05:26,169] {logging_mixin.py:109} INFO - [2025-05-19 09:05:26,168] {dagbag.py:500} INFO - Filling up the DagBag from /home/airflow/.local/lib/python3.6/site-packages/airflow/example_dags/example_task_group_decorator.py
[2025-05-19 09:05:26,333] {processor.py:654} INFO - DAG(s) dict_keys(['example_task_group_decorator']) retrieved from /home/airflow/.local/lib/python3.6/site-packages/airflow/example_dags/example_task_group_decorator.py
[2025-05-19 09:05:26,933] {logging_mixin.py:109} INFO - [2025-05-19 09:05:26,933] {dag.py:2396} INFO - Sync 1 DAGs
[2025-05-19 09:05:26,991] {logging_mixin.py:109} INFO - [2025-05-19 09:05:26,990] {dag.py:2935} INFO - Setting next_dagrun for example_task_group_decorator to 2025-05-18T09:05:26.990057+00:00
[2025-05-19 09:05:27,022] {processor.py:171} INFO - Processing /home/airflow/.local/lib/python3.6/site-packages/airflow/example_dags/example_task_group_decorator.py took 0.870 seconds
[2025-05-19 09:05:57,508] {processor.py:163} INFO - Started process (PID=1504) to work on /home/airflow/.local/lib/python3.6/site-packages/airflow/example_dags/example_task_group_decorator.py
[2025-05-19 09:05:57,511] {processor.py:642} INFO - Processing file /home/airflow/.local/lib/python3.6/site-packages/airflow/example_dags/example_task_group_decorator.py for tasks to queue
[2025-05-19 09:05:57,514] {logging_mixin.py:109} INFO - [2025-05-19 09:05:57,513] {dagbag.py:500} INFO - Filling up the DagBag from /home/airflow/.local/lib/python3.6/site-packages/airflow/example_dags/example_task_group_decorator.py
[2025-05-19 09:05:57,612] {processor.py:654} INFO - DAG(s) dict_keys(['example_task_group_decorator']) retrieved from /home/airflow/.local/lib/python3.6/site-packages/airflow/example_dags/example_task_group_decorator.py
[2025-05-19 09:05:56,241] {logging_mixin.py:109} INFO - [2025-05-19 09:05:56,241] {dag.py:2396} INFO - Sync 1 DAGs
[2025-05-19 09:05:56,272] {logging_mixin.py:109} INFO - [2025-05-19 09:05:56,272] {dag.py:2935} INFO - Setting next_dagrun for example_task_group_decorator to 2025-05-18T09:05:56.271981+00:00
[2025-05-19 09:05:56,291] {processor.py:171} INFO - Processing /home/airflow/.local/lib/python3.6/site-packages/airflow/example_dags/example_task_group_decorator.py took 0.584 seconds
[2025-05-19 09:06:26,705] {processor.py:163} INFO - Started process (PID=1555) to work on /home/airflow/.local/lib/python3.6/site-packages/airflow/example_dags/example_task_group_decorator.py
[2025-05-19 09:06:26,707] {processor.py:642} INFO - Processing file /home/airflow/.local/lib/python3.6/site-packages/airflow/example_dags/example_task_group_decorator.py for tasks to queue
[2025-05-19 09:06:26,708] {logging_mixin.py:109} INFO - [2025-05-19 09:06:26,708] {dagbag.py:500} INFO - Filling up the DagBag from /home/airflow/.local/lib/python3.6/site-packages/airflow/example_dags/example_task_group_decorator.py
[2025-05-19 09:06:26,767] {processor.py:654} INFO - DAG(s) dict_keys(['example_task_group_decorator']) retrieved from /home/airflow/.local/lib/python3.6/site-packages/airflow/example_dags/example_task_group_decorator.py
[2025-05-19 09:06:26,774] {logging_mixin.py:109} INFO - [2025-05-19 09:06:26,774] {dag.py:2396} INFO - Sync 1 DAGs
[2025-05-19 09:06:26,819] {logging_mixin.py:109} INFO - [2025-05-19 09:06:26,819] {dag.py:2935} INFO - Setting next_dagrun for example_task_group_decorator to 2025-05-18T09:06:26.818669+00:00
[2025-05-19 09:06:26,838] {processor.py:171} INFO - Processing /home/airflow/.local/lib/python3.6/site-packages/airflow/example_dags/example_task_group_decorator.py took 0.137 seconds
[2025-05-19 09:06:57,312] {processor.py:163} INFO - Started process (PID=1607) to work on /home/airflow/.local/lib/python3.6/site-packages/airflow/example_dags/example_task_group_decorator.py
[2025-05-19 09:06:57,314] {processor.py:642} INFO - Processing file /home/airflow/.local/lib/python3.6/site-packages/airflow/example_dags/example_task_group_decorator.py for tasks to queue
[2025-05-19 09:06:57,316] {logging_mixin.py:109} INFO - [2025-05-19 09:06:57,316] {dagbag.py:500} INFO - Filling up the DagBag from /home/airflow/.local/lib/python3.6/site-packages/airflow/example_dags/example_task_group_decorator.py
[2025-05-19 09:06:57,364] {processor.py:654} INFO - DAG(s) dict_keys(['example_task_group_decorator']) retrieved from /home/airflow/.local/lib/python3.6/site-packages/airflow/example_dags/example_task_group_decorator.py
[2025-05-19 09:06:57,680] {logging_mixin.py:109} INFO - [2025-05-19 09:06:57,680] {dag.py:2396} INFO - Sync 1 DAGs
[2025-05-19 09:06:57,706] {logging_mixin.py:109} INFO - [2025-05-19 09:06:57,706] {dag.py:2935} INFO - Setting next_dagrun for example_task_group_decorator to 2025-05-18T09:06:57.705360+00:00
[2025-05-19 09:06:57,730] {processor.py:171} INFO - Processing /home/airflow/.local/lib/python3.6/site-packages/airflow/example_dags/example_task_group_decorator.py took 0.421 seconds
[2025-05-19 09:07:27,816] {processor.py:163} INFO - Started process (PID=1669) to work on /home/airflow/.local/lib/python3.6/site-packages/airflow/example_dags/example_task_group_decorator.py
[2025-05-19 09:07:27,818] {processor.py:642} INFO - Processing file /home/airflow/.local/lib/python3.6/site-packages/airflow/example_dags/example_task_group_decorator.py for tasks to queue
[2025-05-19 09:07:27,819] {logging_mixin.py:109} INFO - [2025-05-19 09:07:27,818] {dagbag.py:500} INFO - Filling up the DagBag from /home/airflow/.local/lib/python3.6/site-packages/airflow/example_dags/example_task_group_decorator.py
[2025-05-19 09:07:27,863] {processor.py:654} INFO - DAG(s) dict_keys(['example_task_group_decorator']) retrieved from /home/airflow/.local/lib/python3.6/site-packages/airflow/example_dags/example_task_group_decorator.py
[2025-05-19 09:07:28,072] {logging_mixin.py:109} INFO - [2025-05-19 09:07:28,072] {dag.py:2396} INFO - Sync 1 DAGs
[2025-05-19 09:07:28,091] {logging_mixin.py:109} INFO - [2025-05-19 09:07:28,091] {dag.py:2935} INFO - Setting next_dagrun for example_task_group_decorator to 2025-05-18T09:07:28.091383+00:00
[2025-05-19 09:07:28,105] {processor.py:171} INFO - Processing /home/airflow/.local/lib/python3.6/site-packages/airflow/example_dags/example_task_group_decorator.py took 0.292 seconds
[2025-05-19 09:07:58,512] {processor.py:163} INFO - Started process (PID=1721) to work on /home/airflow/.local/lib/python3.6/site-packages/airflow/example_dags/example_task_group_decorator.py
[2025-05-19 09:07:58,513] {processor.py:642} INFO - Processing file /home/airflow/.local/lib/python3.6/site-packages/airflow/example_dags/example_task_group_decorator.py for tasks to queue
[2025-05-19 09:07:58,514] {logging_mixin.py:109} INFO - [2025-05-19 09:07:58,514] {dagbag.py:500} INFO - Filling up the DagBag from /home/airflow/.local/lib/python3.6/site-packages/airflow/example_dags/example_task_group_decorator.py
[2025-05-19 09:07:58,568] {processor.py:654} INFO - DAG(s) dict_keys(['example_task_group_decorator']) retrieved from /home/airflow/.local/lib/python3.6/site-packages/airflow/example_dags/example_task_group_decorator.py
[2025-05-19 09:07:58,844] {logging_mixin.py:109} INFO - [2025-05-19 09:07:58,844] {dag.py:2396} INFO - Sync 1 DAGs
[2025-05-19 09:07:58,867] {logging_mixin.py:109} INFO - [2025-05-19 09:07:58,867] {dag.py:2935} INFO - Setting next_dagrun for example_task_group_decorator to 2025-05-18T09:07:58.867263+00:00
[2025-05-19 09:07:58,884] {processor.py:171} INFO - Processing /home/airflow/.local/lib/python3.6/site-packages/airflow/example_dags/example_task_group_decorator.py took 0.377 seconds
[2025-05-19 09:08:29,698] {processor.py:163} INFO - Started process (PID=1783) to work on /home/airflow/.local/lib/python3.6/site-packages/airflow/example_dags/example_task_group_decorator.py
[2025-05-19 09:08:29,700] {processor.py:642} INFO - Processing file /home/airflow/.local/lib/python3.6/site-packages/airflow/example_dags/example_task_group_decorator.py for tasks to queue
[2025-05-19 09:08:29,701] {logging_mixin.py:109} INFO - [2025-05-19 09:08:29,701] {dagbag.py:500} INFO - Filling up the DagBag from /home/airflow/.local/lib/python3.6/site-packages/airflow/example_dags/example_task_group_decorator.py
[2025-05-19 09:08:29,752] {processor.py:654} INFO - DAG(s) dict_keys(['example_task_group_decorator']) retrieved from /home/airflow/.local/lib/python3.6/site-packages/airflow/example_dags/example_task_group_decorator.py
[2025-05-19 09:08:30,038] {logging_mixin.py:109} INFO - [2025-05-19 09:08:30,038] {dag.py:2396} INFO - Sync 1 DAGs
[2025-05-19 09:08:30,062] {logging_mixin.py:109} INFO - [2025-05-19 09:08:30,062] {dag.py:2935} INFO - Setting next_dagrun for example_task_group_decorator to 2025-05-18T09:08:30.061813+00:00
[2025-05-19 09:08:30,082] {processor.py:171} INFO - Processing /home/airflow/.local/lib/python3.6/site-packages/airflow/example_dags/example_task_group_decorator.py took 0.388 seconds
[2025-05-19 09:09:00,719] {processor.py:163} INFO - Started process (PID=1835) to work on /home/airflow/.local/lib/python3.6/site-packages/airflow/example_dags/example_task_group_decorator.py
[2025-05-19 09:09:00,721] {processor.py:642} INFO - Processing file /home/airflow/.local/lib/python3.6/site-packages/airflow/example_dags/example_task_group_decorator.py for tasks to queue
[2025-05-19 09:09:00,723] {logging_mixin.py:109} INFO - [2025-05-19 09:09:00,723] {dagbag.py:500} INFO - Filling up the DagBag from /home/airflow/.local/lib/python3.6/site-packages/airflow/example_dags/example_task_group_decorator.py
[2025-05-19 09:09:00,781] {processor.py:654} INFO - DAG(s) dict_keys(['example_task_group_decorator']) retrieved from /home/airflow/.local/lib/python3.6/site-packages/airflow/example_dags/example_task_group_decorator.py
[2025-05-19 09:09:01,196] {logging_mixin.py:109} INFO - [2025-05-19 09:09:01,196] {dag.py:2396} INFO - Sync 1 DAGs
[2025-05-19 09:09:01,234] {logging_mixin.py:109} INFO - [2025-05-19 09:09:01,234] {dag.py:2935} INFO - Setting next_dagrun for example_task_group_decorator to 2025-05-18T09:09:01.233475+00:00
[2025-05-19 09:09:01,259] {processor.py:171} INFO - Processing /home/airflow/.local/lib/python3.6/site-packages/airflow/example_dags/example_task_group_decorator.py took 0.544 seconds
[2025-05-19 09:09:31,376] {processor.py:163} INFO - Started process (PID=1897) to work on /home/airflow/.local/lib/python3.6/site-packages/airflow/example_dags/example_task_group_decorator.py
[2025-05-19 09:09:31,378] {processor.py:642} INFO - Processing file /home/airflow/.local/lib/python3.6/site-packages/airflow/example_dags/example_task_group_decorator.py for tasks to queue
[2025-05-19 09:09:31,380] {logging_mixin.py:109} INFO - [2025-05-19 09:09:31,380] {dagbag.py:500} INFO - Filling up the DagBag from /home/airflow/.local/lib/python3.6/site-packages/airflow/example_dags/example_task_group_decorator.py
[2025-05-19 09:09:31,463] {processor.py:654} INFO - DAG(s) dict_keys(['example_task_group_decorator']) retrieved from /home/airflow/.local/lib/python3.6/site-packages/airflow/example_dags/example_task_group_decorator.py
[2025-05-19 09:09:31,917] {logging_mixin.py:109} INFO - [2025-05-19 09:09:31,917] {dag.py:2396} INFO - Sync 1 DAGs
[2025-05-19 09:09:31,958] {logging_mixin.py:109} INFO - [2025-05-19 09:09:31,957] {dag.py:2935} INFO - Setting next_dagrun for example_task_group_decorator to 2025-05-18T09:09:31.957162+00:00
[2025-05-19 09:09:31,982] {processor.py:171} INFO - Processing /home/airflow/.local/lib/python3.6/site-packages/airflow/example_dags/example_task_group_decorator.py took 0.611 seconds
[2025-05-19 09:10:02,473] {processor.py:163} INFO - Started process (PID=1949) to work on /home/airflow/.local/lib/python3.6/site-packages/airflow/example_dags/example_task_group_decorator.py
[2025-05-19 09:10:02,475] {processor.py:642} INFO - Processing file /home/airflow/.local/lib/python3.6/site-packages/airflow/example_dags/example_task_group_decorator.py for tasks to queue
[2025-05-19 09:10:02,476] {logging_mixin.py:109} INFO - [2025-05-19 09:10:02,476] {dagbag.py:500} INFO - Filling up the DagBag from /home/airflow/.local/lib/python3.6/site-packages/airflow/example_dags/example_task_group_decorator.py
[2025-05-19 09:10:02,545] {processor.py:654} INFO - DAG(s) dict_keys(['example_task_group_decorator']) retrieved from /home/airflow/.local/lib/python3.6/site-packages/airflow/example_dags/example_task_group_decorator.py
[2025-05-19 09:10:02,870] {logging_mixin.py:109} INFO - [2025-05-19 09:10:02,870] {dag.py:2396} INFO - Sync 1 DAGs
[2025-05-19 09:10:02,897] {logging_mixin.py:109} INFO - [2025-05-19 09:10:02,897] {dag.py:2935} INFO - Setting next_dagrun for example_task_group_decorator to 2025-05-18T09:10:02.897009+00:00
[2025-05-19 09:10:02,921] {processor.py:171} INFO - Processing /home/airflow/.local/lib/python3.6/site-packages/airflow/example_dags/example_task_group_decorator.py took 0.453 seconds
[2025-05-19 09:10:33,850] {processor.py:163} INFO - Started process (PID=2001) to work on /home/airflow/.local/lib/python3.6/site-packages/airflow/example_dags/example_task_group_decorator.py
[2025-05-19 09:10:33,852] {processor.py:642} INFO - Processing file /home/airflow/.local/lib/python3.6/site-packages/airflow/example_dags/example_task_group_decorator.py for tasks to queue
[2025-05-19 09:10:33,853] {logging_mixin.py:109} INFO - [2025-05-19 09:10:33,853] {dagbag.py:500} INFO - Filling up the DagBag from /home/airflow/.local/lib/python3.6/site-packages/airflow/example_dags/example_task_group_decorator.py
[2025-05-19 09:10:33,931] {processor.py:654} INFO - DAG(s) dict_keys(['example_task_group_decorator']) retrieved from /home/airflow/.local/lib/python3.6/site-packages/airflow/example_dags/example_task_group_decorator.py
[2025-05-19 09:10:34,379] {logging_mixin.py:109} INFO - [2025-05-19 09:10:34,379] {dag.py:2396} INFO - Sync 1 DAGs
[2025-05-19 09:10:34,412] {logging_mixin.py:109} INFO - [2025-05-19 09:10:34,411] {dag.py:2935} INFO - Setting next_dagrun for example_task_group_decorator to 2025-05-18T09:10:34.411190+00:00
[2025-05-19 09:10:34,435] {processor.py:171} INFO - Processing /home/airflow/.local/lib/python3.6/site-packages/airflow/example_dags/example_task_group_decorator.py took 0.590 seconds
[2025-05-19 09:11:04,630] {processor.py:163} INFO - Started process (PID=2053) to work on /home/airflow/.local/lib/python3.6/site-packages/airflow/example_dags/example_task_group_decorator.py
[2025-05-19 09:11:04,637] {processor.py:642} INFO - Processing file /home/airflow/.local/lib/python3.6/site-packages/airflow/example_dags/example_task_group_decorator.py for tasks to queue
[2025-05-19 09:11:04,643] {logging_mixin.py:109} INFO - [2025-05-19 09:11:04,643] {dagbag.py:500} INFO - Filling up the DagBag from /home/airflow/.local/lib/python3.6/site-packages/airflow/example_dags/example_task_group_decorator.py
[2025-05-19 09:11:04,802] {processor.py:654} INFO - DAG(s) dict_keys(['example_task_group_decorator']) retrieved from /home/airflow/.local/lib/python3.6/site-packages/airflow/example_dags/example_task_group_decorator.py
[2025-05-19 09:11:05,383] {logging_mixin.py:109} INFO - [2025-05-19 09:11:05,383] {dag.py:2396} INFO - Sync 1 DAGs
[2025-05-19 09:11:05,420] {logging_mixin.py:109} INFO - [2025-05-19 09:11:05,420] {dag.py:2935} INFO - Setting next_dagrun for example_task_group_decorator to 2025-05-18T09:11:05.419536+00:00
[2025-05-19 09:11:05,452] {processor.py:171} INFO - Processing /home/airflow/.local/lib/python3.6/site-packages/airflow/example_dags/example_task_group_decorator.py took 0.837 seconds
[2025-05-19 09:11:35,522] {processor.py:163} INFO - Started process (PID=2116) to work on /home/airflow/.local/lib/python3.6/site-packages/airflow/example_dags/example_task_group_decorator.py
[2025-05-19 09:11:35,525] {processor.py:642} INFO - Processing file /home/airflow/.local/lib/python3.6/site-packages/airflow/example_dags/example_task_group_decorator.py for tasks to queue
[2025-05-19 09:11:35,527] {logging_mixin.py:109} INFO - [2025-05-19 09:11:35,527] {dagbag.py:500} INFO - Filling up the DagBag from /home/airflow/.local/lib/python3.6/site-packages/airflow/example_dags/example_task_group_decorator.py
[2025-05-19 09:11:35,627] {processor.py:654} INFO - DAG(s) dict_keys(['example_task_group_decorator']) retrieved from /home/airflow/.local/lib/python3.6/site-packages/airflow/example_dags/example_task_group_decorator.py
[2025-05-19 09:11:36,151] {logging_mixin.py:109} INFO - [2025-05-19 09:11:36,150] {dag.py:2396} INFO - Sync 1 DAGs
[2025-05-19 09:11:36,203] {logging_mixin.py:109} INFO - [2025-05-19 09:11:36,203] {dag.py:2935} INFO - Setting next_dagrun for example_task_group_decorator to 2025-05-18T09:11:36.203261+00:00
[2025-05-19 09:11:36,222] {processor.py:171} INFO - Processing /home/airflow/.local/lib/python3.6/site-packages/airflow/example_dags/example_task_group_decorator.py took 0.712 seconds
[2025-05-19 09:12:07,100] {processor.py:163} INFO - Started process (PID=2168) to work on /home/airflow/.local/lib/python3.6/site-packages/airflow/example_dags/example_task_group_decorator.py
[2025-05-19 09:12:07,102] {processor.py:642} INFO - Processing file /home/airflow/.local/lib/python3.6/site-packages/airflow/example_dags/example_task_group_decorator.py for tasks to queue
[2025-05-19 09:12:07,103] {logging_mixin.py:109} INFO - [2025-05-19 09:12:07,103] {dagbag.py:500} INFO - Filling up the DagBag from /home/airflow/.local/lib/python3.6/site-packages/airflow/example_dags/example_task_group_decorator.py
[2025-05-19 09:12:07,152] {processor.py:654} INFO - DAG(s) dict_keys(['example_task_group_decorator']) retrieved from /home/airflow/.local/lib/python3.6/site-packages/airflow/example_dags/example_task_group_decorator.py
[2025-05-19 09:12:07,421] {logging_mixin.py:109} INFO - [2025-05-19 09:12:07,420] {dag.py:2396} INFO - Sync 1 DAGs
[2025-05-19 09:12:07,443] {logging_mixin.py:109} INFO - [2025-05-19 09:12:07,443] {dag.py:2935} INFO - Setting next_dagrun for example_task_group_decorator to 2025-05-18T09:12:07.443365+00:00
[2025-05-19 09:12:07,460] {processor.py:171} INFO - Processing /home/airflow/.local/lib/python3.6/site-packages/airflow/example_dags/example_task_group_decorator.py took 0.365 seconds
[2025-05-19 09:12:37,713] {processor.py:163} INFO - Started process (PID=2220) to work on /home/airflow/.local/lib/python3.6/site-packages/airflow/example_dags/example_task_group_decorator.py
[2025-05-19 09:12:37,716] {processor.py:642} INFO - Processing file /home/airflow/.local/lib/python3.6/site-packages/airflow/example_dags/example_task_group_decorator.py for tasks to queue
[2025-05-19 09:12:37,718] {logging_mixin.py:109} INFO - [2025-05-19 09:12:37,718] {dagbag.py:500} INFO - Filling up the DagBag from /home/airflow/.local/lib/python3.6/site-packages/airflow/example_dags/example_task_group_decorator.py
[2025-05-19 09:12:37,828] {processor.py:654} INFO - DAG(s) dict_keys(['example_task_group_decorator']) retrieved from /home/airflow/.local/lib/python3.6/site-packages/airflow/example_dags/example_task_group_decorator.py
[2025-05-19 09:12:38,320] {logging_mixin.py:109} INFO - [2025-05-19 09:12:38,320] {dag.py:2396} INFO - Sync 1 DAGs
[2025-05-19 09:12:38,355] {logging_mixin.py:109} INFO - [2025-05-19 09:12:38,354] {dag.py:2935} INFO - Setting next_dagrun for example_task_group_decorator to 2025-05-18T09:12:38.354086+00:00
[2025-05-19 09:12:38,382] {processor.py:171} INFO - Processing /home/airflow/.local/lib/python3.6/site-packages/airflow/example_dags/example_task_group_decorator.py took 0.675 seconds
[2025-05-19 09:13:08,460] {processor.py:163} INFO - Started process (PID=2272) to work on /home/airflow/.local/lib/python3.6/site-packages/airflow/example_dags/example_task_group_decorator.py
[2025-05-19 09:13:08,462] {processor.py:642} INFO - Processing file /home/airflow/.local/lib/python3.6/site-packages/airflow/example_dags/example_task_group_decorator.py for tasks to queue
[2025-05-19 09:13:08,463] {logging_mixin.py:109} INFO - [2025-05-19 09:13:08,463] {dagbag.py:500} INFO - Filling up the DagBag from /home/airflow/.local/lib/python3.6/site-packages/airflow/example_dags/example_task_group_decorator.py
[2025-05-19 09:13:08,515] {processor.py:654} INFO - DAG(s) dict_keys(['example_task_group_decorator']) retrieved from /home/airflow/.local/lib/python3.6/site-packages/airflow/example_dags/example_task_group_decorator.py
[2025-05-19 09:13:08,806] {logging_mixin.py:109} INFO - [2025-05-19 09:13:08,806] {dag.py:2396} INFO - Sync 1 DAGs
[2025-05-19 09:13:08,832] {logging_mixin.py:109} INFO - [2025-05-19 09:13:08,832] {dag.py:2935} INFO - Setting next_dagrun for example_task_group_decorator to 2025-05-18T09:13:08.831896+00:00
[2025-05-19 09:13:08,846] {processor.py:171} INFO - Processing /home/airflow/.local/lib/python3.6/site-packages/airflow/example_dags/example_task_group_decorator.py took 0.389 seconds
[2025-05-19 09:13:40,504] {processor.py:163} INFO - Started process (PID=2327) to work on /home/airflow/.local/lib/python3.6/site-packages/airflow/example_dags/example_task_group_decorator.py
[2025-05-19 09:13:40,511] {processor.py:642} INFO - Processing file /home/airflow/.local/lib/python3.6/site-packages/airflow/example_dags/example_task_group_decorator.py for tasks to queue
[2025-05-19 09:13:40,517] {logging_mixin.py:109} INFO - [2025-05-19 09:13:40,517] {dagbag.py:500} INFO - Filling up the DagBag from /home/airflow/.local/lib/python3.6/site-packages/airflow/example_dags/example_task_group_decorator.py
[2025-05-19 09:13:40,978] {processor.py:654} INFO - DAG(s) dict_keys(['example_task_group_decorator']) retrieved from /home/airflow/.local/lib/python3.6/site-packages/airflow/example_dags/example_task_group_decorator.py
[2025-05-19 09:13:42,583] {logging_mixin.py:109} INFO - [2025-05-19 09:13:42,583] {dag.py:2396} INFO - Sync 1 DAGs
[2025-05-19 09:13:42,678] {logging_mixin.py:109} INFO - [2025-05-19 09:13:42,678] {dag.py:2935} INFO - Setting next_dagrun for example_task_group_decorator to 2025-05-18T09:13:42.677530+00:00
[2025-05-19 09:13:42,734] {processor.py:171} INFO - Processing /home/airflow/.local/lib/python3.6/site-packages/airflow/example_dags/example_task_group_decorator.py took 2.243 seconds
[2025-05-19 09:14:13,435] {processor.py:163} INFO - Started process (PID=2381) to work on /home/airflow/.local/lib/python3.6/site-packages/airflow/example_dags/example_task_group_decorator.py
[2025-05-19 09:14:13,437] {processor.py:642} INFO - Processing file /home/airflow/.local/lib/python3.6/site-packages/airflow/example_dags/example_task_group_decorator.py for tasks to queue
[2025-05-19 09:14:13,439] {logging_mixin.py:109} INFO - [2025-05-19 09:14:13,438] {dagbag.py:500} INFO - Filling up the DagBag from /home/airflow/.local/lib/python3.6/site-packages/airflow/example_dags/example_task_group_decorator.py
[2025-05-19 09:14:13,514] {processor.py:654} INFO - DAG(s) dict_keys(['example_task_group_decorator']) retrieved from /home/airflow/.local/lib/python3.6/site-packages/airflow/example_dags/example_task_group_decorator.py
[2025-05-19 09:14:14,237] {logging_mixin.py:109} INFO - [2025-05-19 09:14:14,237] {dag.py:2396} INFO - Sync 1 DAGs
[2025-05-19 09:14:14,288] {logging_mixin.py:109} INFO - [2025-05-19 09:14:14,288] {dag.py:2935} INFO - Setting next_dagrun for example_task_group_decorator to 2025-05-18T09:14:14.287597+00:00
[2025-05-19 09:14:14,310] {processor.py:171} INFO - Processing /home/airflow/.local/lib/python3.6/site-packages/airflow/example_dags/example_task_group_decorator.py took 0.881 seconds
[2025-05-19 19:33:58,216] {processor.py:163} INFO - Started process (PID=79) to work on /home/airflow/.local/lib/python3.6/site-packages/airflow/example_dags/example_task_group_decorator.py
[2025-05-19 19:33:58,219] {processor.py:642} INFO - Processing file /home/airflow/.local/lib/python3.6/site-packages/airflow/example_dags/example_task_group_decorator.py for tasks to queue
[2025-05-19 19:33:58,221] {logging_mixin.py:109} INFO - [2025-05-19 19:33:58,221] {dagbag.py:500} INFO - Filling up the DagBag from /home/airflow/.local/lib/python3.6/site-packages/airflow/example_dags/example_task_group_decorator.py
[2025-05-19 19:33:58,368] {processor.py:654} INFO - DAG(s) dict_keys(['example_task_group_decorator']) retrieved from /home/airflow/.local/lib/python3.6/site-packages/airflow/example_dags/example_task_group_decorator.py
[2025-05-19 19:33:58,920] {logging_mixin.py:109} INFO - [2025-05-19 19:33:58,920] {dag.py:2396} INFO - Sync 1 DAGs
[2025-05-19 19:33:58,969] {logging_mixin.py:109} INFO - [2025-05-19 19:33:58,969] {dag.py:2935} INFO - Setting next_dagrun for example_task_group_decorator to 2025-05-18T19:33:58.968976+00:00
[2025-05-19 19:33:59,000] {processor.py:171} INFO - Processing /home/airflow/.local/lib/python3.6/site-packages/airflow/example_dags/example_task_group_decorator.py took 0.793 seconds
[2025-05-19 19:34:35,437] {processor.py:163} INFO - Started process (PID=131) to work on /home/airflow/.local/lib/python3.6/site-packages/airflow/example_dags/example_task_group_decorator.py
[2025-05-19 19:34:35,452] {processor.py:642} INFO - Processing file /home/airflow/.local/lib/python3.6/site-packages/airflow/example_dags/example_task_group_decorator.py for tasks to queue
[2025-05-19 19:34:35,455] {logging_mixin.py:109} INFO - [2025-05-19 19:34:35,454] {dagbag.py:500} INFO - Filling up the DagBag from /home/airflow/.local/lib/python3.6/site-packages/airflow/example_dags/example_task_group_decorator.py
[2025-05-19 19:34:35,789] {processor.py:654} INFO - DAG(s) dict_keys(['example_task_group_decorator']) retrieved from /home/airflow/.local/lib/python3.6/site-packages/airflow/example_dags/example_task_group_decorator.py
[2025-05-19 19:34:37,038] {logging_mixin.py:109} INFO - [2025-05-19 19:34:37,037] {dag.py:2396} INFO - Sync 1 DAGs
[2025-05-19 19:34:37,121] {logging_mixin.py:109} INFO - [2025-05-19 19:34:37,120] {dag.py:2935} INFO - Setting next_dagrun for example_task_group_decorator to 2025-05-18T19:34:37.120121+00:00
[2025-05-19 19:34:37,220] {processor.py:171} INFO - Processing /home/airflow/.local/lib/python3.6/site-packages/airflow/example_dags/example_task_group_decorator.py took 1.792 seconds
[2025-05-19 19:35:08,124] {processor.py:163} INFO - Started process (PID=188) to work on /home/airflow/.local/lib/python3.6/site-packages/airflow/example_dags/example_task_group_decorator.py
[2025-05-19 19:35:08,126] {processor.py:642} INFO - Processing file /home/airflow/.local/lib/python3.6/site-packages/airflow/example_dags/example_task_group_decorator.py for tasks to queue
[2025-05-19 19:35:08,128] {logging_mixin.py:109} INFO - [2025-05-19 19:35:08,128] {dagbag.py:500} INFO - Filling up the DagBag from /home/airflow/.local/lib/python3.6/site-packages/airflow/example_dags/example_task_group_decorator.py
[2025-05-19 19:35:08,228] {processor.py:654} INFO - DAG(s) dict_keys(['example_task_group_decorator']) retrieved from /home/airflow/.local/lib/python3.6/site-packages/airflow/example_dags/example_task_group_decorator.py
[2025-05-19 19:35:08,835] {logging_mixin.py:109} INFO - [2025-05-19 19:35:08,835] {dag.py:2396} INFO - Sync 1 DAGs
[2025-05-19 19:35:08,880] {logging_mixin.py:109} INFO - [2025-05-19 19:35:08,880] {dag.py:2935} INFO - Setting next_dagrun for example_task_group_decorator to 2025-05-18T19:35:08.879921+00:00
[2025-05-19 19:35:08,905] {processor.py:171} INFO - Processing /home/airflow/.local/lib/python3.6/site-packages/airflow/example_dags/example_task_group_decorator.py took 0.788 seconds
[2025-05-19 19:35:39,324] {processor.py:163} INFO - Started process (PID=244) to work on /home/airflow/.local/lib/python3.6/site-packages/airflow/example_dags/example_task_group_decorator.py
[2025-05-19 19:35:39,328] {processor.py:642} INFO - Processing file /home/airflow/.local/lib/python3.6/site-packages/airflow/example_dags/example_task_group_decorator.py for tasks to queue
[2025-05-19 19:35:39,330] {logging_mixin.py:109} INFO - [2025-05-19 19:35:39,329] {dagbag.py:500} INFO - Filling up the DagBag from /home/airflow/.local/lib/python3.6/site-packages/airflow/example_dags/example_task_group_decorator.py
[2025-05-19 19:35:39,423] {processor.py:654} INFO - DAG(s) dict_keys(['example_task_group_decorator']) retrieved from /home/airflow/.local/lib/python3.6/site-packages/airflow/example_dags/example_task_group_decorator.py
[2025-05-19 19:35:40,047] {logging_mixin.py:109} INFO - [2025-05-19 19:35:40,047] {dag.py:2396} INFO - Sync 1 DAGs
[2025-05-19 19:35:40,090] {logging_mixin.py:109} INFO - [2025-05-19 19:35:40,089] {dag.py:2935} INFO - Setting next_dagrun for example_task_group_decorator to 2025-05-18T19:35:40.089149+00:00
[2025-05-19 19:35:40,116] {processor.py:171} INFO - Processing /home/airflow/.local/lib/python3.6/site-packages/airflow/example_dags/example_task_group_decorator.py took 0.801 seconds
[2025-05-19 19:36:11,103] {processor.py:163} INFO - Started process (PID=296) to work on /home/airflow/.local/lib/python3.6/site-packages/airflow/example_dags/example_task_group_decorator.py
[2025-05-19 19:36:11,105] {processor.py:642} INFO - Processing file /home/airflow/.local/lib/python3.6/site-packages/airflow/example_dags/example_task_group_decorator.py for tasks to queue
[2025-05-19 19:36:11,106] {logging_mixin.py:109} INFO - [2025-05-19 19:36:11,106] {dagbag.py:500} INFO - Filling up the DagBag from /home/airflow/.local/lib/python3.6/site-packages/airflow/example_dags/example_task_group_decorator.py
[2025-05-19 19:36:11,172] {processor.py:654} INFO - DAG(s) dict_keys(['example_task_group_decorator']) retrieved from /home/airflow/.local/lib/python3.6/site-packages/airflow/example_dags/example_task_group_decorator.py
[2025-05-19 19:36:11,543] {logging_mixin.py:109} INFO - [2025-05-19 19:36:11,543] {dag.py:2396} INFO - Sync 1 DAGs
[2025-05-19 19:36:11,569] {logging_mixin.py:109} INFO - [2025-05-19 19:36:11,569] {dag.py:2935} INFO - Setting next_dagrun for example_task_group_decorator to 2025-05-18T19:36:11.569464+00:00
[2025-05-19 19:36:11,589] {processor.py:171} INFO - Processing /home/airflow/.local/lib/python3.6/site-packages/airflow/example_dags/example_task_group_decorator.py took 0.490 seconds
[2025-05-19 19:36:41,635] {processor.py:163} INFO - Started process (PID=348) to work on /home/airflow/.local/lib/python3.6/site-packages/airflow/example_dags/example_task_group_decorator.py
[2025-05-19 19:36:41,636] {processor.py:642} INFO - Processing file /home/airflow/.local/lib/python3.6/site-packages/airflow/example_dags/example_task_group_decorator.py for tasks to queue
[2025-05-19 19:36:41,638] {logging_mixin.py:109} INFO - [2025-05-19 19:36:41,637] {dagbag.py:500} INFO - Filling up the DagBag from /home/airflow/.local/lib/python3.6/site-packages/airflow/example_dags/example_task_group_decorator.py
[2025-05-19 19:36:41,688] {processor.py:654} INFO - DAG(s) dict_keys(['example_task_group_decorator']) retrieved from /home/airflow/.local/lib/python3.6/site-packages/airflow/example_dags/example_task_group_decorator.py
[2025-05-19 19:36:41,960] {logging_mixin.py:109} INFO - [2025-05-19 19:36:41,960] {dag.py:2396} INFO - Sync 1 DAGs
[2025-05-19 19:36:41,979] {logging_mixin.py:109} INFO - [2025-05-19 19:36:41,979] {dag.py:2935} INFO - Setting next_dagrun for example_task_group_decorator to 2025-05-18T19:36:41.979151+00:00
[2025-05-19 19:36:41,993] {processor.py:171} INFO - Processing /home/airflow/.local/lib/python3.6/site-packages/airflow/example_dags/example_task_group_decorator.py took 0.361 seconds
[2025-05-19 19:37:12,389] {processor.py:163} INFO - Started process (PID=402) to work on /home/airflow/.local/lib/python3.6/site-packages/airflow/example_dags/example_task_group_decorator.py
[2025-05-19 19:37:12,390] {processor.py:642} INFO - Processing file /home/airflow/.local/lib/python3.6/site-packages/airflow/example_dags/example_task_group_decorator.py for tasks to queue
[2025-05-19 19:37:12,392] {logging_mixin.py:109} INFO - [2025-05-19 19:37:12,392] {dagbag.py:500} INFO - Filling up the DagBag from /home/airflow/.local/lib/python3.6/site-packages/airflow/example_dags/example_task_group_decorator.py
[2025-05-19 19:37:12,443] {processor.py:654} INFO - DAG(s) dict_keys(['example_task_group_decorator']) retrieved from /home/airflow/.local/lib/python3.6/site-packages/airflow/example_dags/example_task_group_decorator.py
[2025-05-19 19:37:12,728] {logging_mixin.py:109} INFO - [2025-05-19 19:37:12,728] {dag.py:2396} INFO - Sync 1 DAGs
[2025-05-19 19:37:12,749] {logging_mixin.py:109} INFO - [2025-05-19 19:37:12,749] {dag.py:2935} INFO - Setting next_dagrun for example_task_group_decorator to 2025-05-18T19:37:12.749204+00:00
[2025-05-19 19:37:12,764] {processor.py:171} INFO - Processing /home/airflow/.local/lib/python3.6/site-packages/airflow/example_dags/example_task_group_decorator.py took 0.379 seconds
