[2025-05-19 08:55:05,005] {processor.py:163} INFO - Started process (PID=404) to work on /home/airflow/.local/lib/python3.6/site-packages/airflow/example_dags/example_trigger_target_dag.py
[2025-05-19 08:55:05,015] {processor.py:642} INFO - Processing file /home/airflow/.local/lib/python3.6/site-packages/airflow/example_dags/example_trigger_target_dag.py for tasks to queue
[2025-05-19 08:55:05,019] {logging_mixin.py:109} INFO - [2025-05-19 08:55:05,018] {dagbag.py:500} INFO - Filling up the DagBag from /home/airflow/.local/lib/python3.6/site-packages/airflow/example_dags/example_trigger_target_dag.py
[2025-05-19 08:55:05,177] {processor.py:654} INFO - DAG(s) dict_keys(['example_trigger_target_dag']) retrieved from /home/airflow/.local/lib/python3.6/site-packages/airflow/example_dags/example_trigger_target_dag.py
[2025-05-19 08:55:15,263] {logging_mixin.py:109} INFO - [2025-05-19 08:55:15,263] {manager.py:496} INFO - Created Permission View: can read on DAG:example_trigger_target_dag
[2025-05-19 08:55:15,307] {logging_mixin.py:109} INFO - [2025-05-19 08:55:15,307] {manager.py:496} INFO - Created Permission View: can edit on DAG:example_trigger_target_dag
[2025-05-19 08:55:15,345] {logging_mixin.py:109} INFO - [2025-05-19 08:55:15,339] {dag.py:2396} INFO - Sync 1 DAGs
[2025-05-19 08:55:15,471] {logging_mixin.py:109} INFO - [2025-05-19 08:55:15,455] {dag.py:2415} INFO - Creating ORM DAG for example_trigger_target_dag
[2025-05-19 08:55:15,551] {logging_mixin.py:109} INFO - [2025-05-19 08:55:15,551] {dag.py:2935} INFO - Setting next_dagrun for example_trigger_target_dag to None
[2025-05-19 08:55:15,626] {processor.py:171} INFO - Processing /home/airflow/.local/lib/python3.6/site-packages/airflow/example_dags/example_trigger_target_dag.py took 12.528 seconds
[2025-05-19 08:55:46,473] {processor.py:163} INFO - Started process (PID=480) to work on /home/airflow/.local/lib/python3.6/site-packages/airflow/example_dags/example_trigger_target_dag.py
[2025-05-19 08:55:46,495] {processor.py:642} INFO - Processing file /home/airflow/.local/lib/python3.6/site-packages/airflow/example_dags/example_trigger_target_dag.py for tasks to queue
[2025-05-19 08:55:46,512] {logging_mixin.py:109} INFO - [2025-05-19 08:55:46,511] {dagbag.py:500} INFO - Filling up the DagBag from /home/airflow/.local/lib/python3.6/site-packages/airflow/example_dags/example_trigger_target_dag.py
[2025-05-19 08:55:46,734] {processor.py:654} INFO - DAG(s) dict_keys(['example_trigger_target_dag']) retrieved from /home/airflow/.local/lib/python3.6/site-packages/airflow/example_dags/example_trigger_target_dag.py
[2025-05-19 08:55:46,819] {logging_mixin.py:109} INFO - [2025-05-19 08:55:46,818] {dag.py:2396} INFO - Sync 1 DAGs
[2025-05-19 08:55:46,935] {logging_mixin.py:109} INFO - [2025-05-19 08:55:46,935] {dag.py:2935} INFO - Setting next_dagrun for example_trigger_target_dag to None
[2025-05-19 08:55:46,990] {processor.py:171} INFO - Processing /home/airflow/.local/lib/python3.6/site-packages/airflow/example_dags/example_trigger_target_dag.py took 0.549 seconds
[2025-05-19 08:56:17,280] {processor.py:163} INFO - Started process (PID=523) to work on /home/airflow/.local/lib/python3.6/site-packages/airflow/example_dags/example_trigger_target_dag.py
[2025-05-19 08:56:17,282] {processor.py:642} INFO - Processing file /home/airflow/.local/lib/python3.6/site-packages/airflow/example_dags/example_trigger_target_dag.py for tasks to queue
[2025-05-19 08:56:17,284] {logging_mixin.py:109} INFO - [2025-05-19 08:56:17,284] {dagbag.py:500} INFO - Filling up the DagBag from /home/airflow/.local/lib/python3.6/site-packages/airflow/example_dags/example_trigger_target_dag.py
[2025-05-19 08:56:17,363] {processor.py:654} INFO - DAG(s) dict_keys(['example_trigger_target_dag']) retrieved from /home/airflow/.local/lib/python3.6/site-packages/airflow/example_dags/example_trigger_target_dag.py
[2025-05-19 08:56:17,391] {logging_mixin.py:109} INFO - [2025-05-19 08:56:17,391] {dag.py:2396} INFO - Sync 1 DAGs
[2025-05-19 08:56:17,437] {logging_mixin.py:109} INFO - [2025-05-19 08:56:17,436] {dag.py:2935} INFO - Setting next_dagrun for example_trigger_target_dag to None
[2025-05-19 08:56:17,464] {processor.py:171} INFO - Processing /home/airflow/.local/lib/python3.6/site-packages/airflow/example_dags/example_trigger_target_dag.py took 0.191 seconds
[2025-05-19 08:56:47,573] {processor.py:163} INFO - Started process (PID=575) to work on /home/airflow/.local/lib/python3.6/site-packages/airflow/example_dags/example_trigger_target_dag.py
[2025-05-19 08:56:47,576] {processor.py:642} INFO - Processing file /home/airflow/.local/lib/python3.6/site-packages/airflow/example_dags/example_trigger_target_dag.py for tasks to queue
[2025-05-19 08:56:47,578] {logging_mixin.py:109} INFO - [2025-05-19 08:56:47,577] {dagbag.py:500} INFO - Filling up the DagBag from /home/airflow/.local/lib/python3.6/site-packages/airflow/example_dags/example_trigger_target_dag.py
[2025-05-19 08:56:47,658] {processor.py:654} INFO - DAG(s) dict_keys(['example_trigger_target_dag']) retrieved from /home/airflow/.local/lib/python3.6/site-packages/airflow/example_dags/example_trigger_target_dag.py
[2025-05-19 08:56:47,684] {logging_mixin.py:109} INFO - [2025-05-19 08:56:47,683] {dag.py:2396} INFO - Sync 1 DAGs
[2025-05-19 08:56:47,721] {logging_mixin.py:109} INFO - [2025-05-19 08:56:47,720] {dag.py:2935} INFO - Setting next_dagrun for example_trigger_target_dag to None
[2025-05-19 08:56:47,742] {processor.py:171} INFO - Processing /home/airflow/.local/lib/python3.6/site-packages/airflow/example_dags/example_trigger_target_dag.py took 0.177 seconds
[2025-05-19 08:57:17,881] {processor.py:163} INFO - Started process (PID=627) to work on /home/airflow/.local/lib/python3.6/site-packages/airflow/example_dags/example_trigger_target_dag.py
[2025-05-19 08:57:17,891] {processor.py:642} INFO - Processing file /home/airflow/.local/lib/python3.6/site-packages/airflow/example_dags/example_trigger_target_dag.py for tasks to queue
[2025-05-19 08:57:17,899] {logging_mixin.py:109} INFO - [2025-05-19 08:57:17,898] {dagbag.py:500} INFO - Filling up the DagBag from /home/airflow/.local/lib/python3.6/site-packages/airflow/example_dags/example_trigger_target_dag.py
[2025-05-19 08:57:17,982] {processor.py:654} INFO - DAG(s) dict_keys(['example_trigger_target_dag']) retrieved from /home/airflow/.local/lib/python3.6/site-packages/airflow/example_dags/example_trigger_target_dag.py
[2025-05-19 08:57:18,012] {logging_mixin.py:109} INFO - [2025-05-19 08:57:18,012] {dag.py:2396} INFO - Sync 1 DAGs
[2025-05-19 08:57:18,057] {logging_mixin.py:109} INFO - [2025-05-19 08:57:18,056] {dag.py:2935} INFO - Setting next_dagrun for example_trigger_target_dag to None
[2025-05-19 08:57:18,082] {processor.py:171} INFO - Processing /home/airflow/.local/lib/python3.6/site-packages/airflow/example_dags/example_trigger_target_dag.py took 0.211 seconds
[2025-05-19 08:57:48,613] {processor.py:163} INFO - Started process (PID=679) to work on /home/airflow/.local/lib/python3.6/site-packages/airflow/example_dags/example_trigger_target_dag.py
[2025-05-19 08:57:48,616] {processor.py:642} INFO - Processing file /home/airflow/.local/lib/python3.6/site-packages/airflow/example_dags/example_trigger_target_dag.py for tasks to queue
[2025-05-19 08:57:48,618] {logging_mixin.py:109} INFO - [2025-05-19 08:57:48,618] {dagbag.py:500} INFO - Filling up the DagBag from /home/airflow/.local/lib/python3.6/site-packages/airflow/example_dags/example_trigger_target_dag.py
[2025-05-19 08:57:48,711] {processor.py:654} INFO - DAG(s) dict_keys(['example_trigger_target_dag']) retrieved from /home/airflow/.local/lib/python3.6/site-packages/airflow/example_dags/example_trigger_target_dag.py
[2025-05-19 08:57:48,741] {logging_mixin.py:109} INFO - [2025-05-19 08:57:48,740] {dag.py:2396} INFO - Sync 1 DAGs
[2025-05-19 08:57:48,786] {logging_mixin.py:109} INFO - [2025-05-19 08:57:48,786] {dag.py:2935} INFO - Setting next_dagrun for example_trigger_target_dag to None
[2025-05-19 08:57:48,806] {processor.py:171} INFO - Processing /home/airflow/.local/lib/python3.6/site-packages/airflow/example_dags/example_trigger_target_dag.py took 0.201 seconds
[2025-05-19 08:58:19,184] {processor.py:163} INFO - Started process (PID=731) to work on /home/airflow/.local/lib/python3.6/site-packages/airflow/example_dags/example_trigger_target_dag.py
[2025-05-19 08:58:19,188] {processor.py:642} INFO - Processing file /home/airflow/.local/lib/python3.6/site-packages/airflow/example_dags/example_trigger_target_dag.py for tasks to queue
[2025-05-19 08:58:19,191] {logging_mixin.py:109} INFO - [2025-05-19 08:58:19,190] {dagbag.py:500} INFO - Filling up the DagBag from /home/airflow/.local/lib/python3.6/site-packages/airflow/example_dags/example_trigger_target_dag.py
[2025-05-19 08:58:19,302] {processor.py:654} INFO - DAG(s) dict_keys(['example_trigger_target_dag']) retrieved from /home/airflow/.local/lib/python3.6/site-packages/airflow/example_dags/example_trigger_target_dag.py
[2025-05-19 08:58:19,338] {logging_mixin.py:109} INFO - [2025-05-19 08:58:19,337] {dag.py:2396} INFO - Sync 1 DAGs
[2025-05-19 08:58:19,383] {logging_mixin.py:109} INFO - [2025-05-19 08:58:19,383] {dag.py:2935} INFO - Setting next_dagrun for example_trigger_target_dag to None
[2025-05-19 08:58:19,420] {processor.py:171} INFO - Processing /home/airflow/.local/lib/python3.6/site-packages/airflow/example_dags/example_trigger_target_dag.py took 0.247 seconds
[2025-05-19 08:58:49,684] {processor.py:163} INFO - Started process (PID=783) to work on /home/airflow/.local/lib/python3.6/site-packages/airflow/example_dags/example_trigger_target_dag.py
[2025-05-19 08:58:49,687] {processor.py:642} INFO - Processing file /home/airflow/.local/lib/python3.6/site-packages/airflow/example_dags/example_trigger_target_dag.py for tasks to queue
[2025-05-19 08:58:49,689] {logging_mixin.py:109} INFO - [2025-05-19 08:58:49,689] {dagbag.py:500} INFO - Filling up the DagBag from /home/airflow/.local/lib/python3.6/site-packages/airflow/example_dags/example_trigger_target_dag.py
[2025-05-19 08:58:49,764] {processor.py:654} INFO - DAG(s) dict_keys(['example_trigger_target_dag']) retrieved from /home/airflow/.local/lib/python3.6/site-packages/airflow/example_dags/example_trigger_target_dag.py
[2025-05-19 08:58:49,787] {logging_mixin.py:109} INFO - [2025-05-19 08:58:49,787] {dag.py:2396} INFO - Sync 1 DAGs
[2025-05-19 08:58:49,823] {logging_mixin.py:109} INFO - [2025-05-19 08:58:49,823] {dag.py:2935} INFO - Setting next_dagrun for example_trigger_target_dag to None
[2025-05-19 08:58:49,843] {processor.py:171} INFO - Processing /home/airflow/.local/lib/python3.6/site-packages/airflow/example_dags/example_trigger_target_dag.py took 0.167 seconds
[2025-05-19 08:59:20,394] {processor.py:163} INFO - Started process (PID=844) to work on /home/airflow/.local/lib/python3.6/site-packages/airflow/example_dags/example_trigger_target_dag.py
[2025-05-19 08:59:20,397] {processor.py:642} INFO - Processing file /home/airflow/.local/lib/python3.6/site-packages/airflow/example_dags/example_trigger_target_dag.py for tasks to queue
[2025-05-19 08:59:20,399] {logging_mixin.py:109} INFO - [2025-05-19 08:59:20,399] {dagbag.py:500} INFO - Filling up the DagBag from /home/airflow/.local/lib/python3.6/site-packages/airflow/example_dags/example_trigger_target_dag.py
[2025-05-19 08:59:20,509] {processor.py:654} INFO - DAG(s) dict_keys(['example_trigger_target_dag']) retrieved from /home/airflow/.local/lib/python3.6/site-packages/airflow/example_dags/example_trigger_target_dag.py
[2025-05-19 08:59:20,550] {logging_mixin.py:109} INFO - [2025-05-19 08:59:20,550] {dag.py:2396} INFO - Sync 1 DAGs
[2025-05-19 08:59:20,613] {logging_mixin.py:109} INFO - [2025-05-19 08:59:20,612] {dag.py:2935} INFO - Setting next_dagrun for example_trigger_target_dag to None
[2025-05-19 08:59:20,637] {processor.py:171} INFO - Processing /home/airflow/.local/lib/python3.6/site-packages/airflow/example_dags/example_trigger_target_dag.py took 0.255 seconds
[2025-05-19 08:59:51,095] {processor.py:163} INFO - Started process (PID=898) to work on /home/airflow/.local/lib/python3.6/site-packages/airflow/example_dags/example_trigger_target_dag.py
[2025-05-19 08:59:51,100] {processor.py:642} INFO - Processing file /home/airflow/.local/lib/python3.6/site-packages/airflow/example_dags/example_trigger_target_dag.py for tasks to queue
[2025-05-19 08:59:51,103] {logging_mixin.py:109} INFO - [2025-05-19 08:59:51,103] {dagbag.py:500} INFO - Filling up the DagBag from /home/airflow/.local/lib/python3.6/site-packages/airflow/example_dags/example_trigger_target_dag.py
[2025-05-19 08:59:51,238] {processor.py:654} INFO - DAG(s) dict_keys(['example_trigger_target_dag']) retrieved from /home/airflow/.local/lib/python3.6/site-packages/airflow/example_dags/example_trigger_target_dag.py
[2025-05-19 08:59:51,269] {logging_mixin.py:109} INFO - [2025-05-19 08:59:51,269] {dag.py:2396} INFO - Sync 1 DAGs
[2025-05-19 08:59:51,356] {logging_mixin.py:109} INFO - [2025-05-19 08:59:51,356] {dag.py:2935} INFO - Setting next_dagrun for example_trigger_target_dag to None
[2025-05-19 08:59:51,394] {processor.py:171} INFO - Processing /home/airflow/.local/lib/python3.6/site-packages/airflow/example_dags/example_trigger_target_dag.py took 0.307 seconds
[2025-05-19 09:00:21,689] {processor.py:163} INFO - Started process (PID=951) to work on /home/airflow/.local/lib/python3.6/site-packages/airflow/example_dags/example_trigger_target_dag.py
[2025-05-19 09:00:21,692] {processor.py:642} INFO - Processing file /home/airflow/.local/lib/python3.6/site-packages/airflow/example_dags/example_trigger_target_dag.py for tasks to queue
[2025-05-19 09:00:21,695] {logging_mixin.py:109} INFO - [2025-05-19 09:00:21,695] {dagbag.py:500} INFO - Filling up the DagBag from /home/airflow/.local/lib/python3.6/site-packages/airflow/example_dags/example_trigger_target_dag.py
[2025-05-19 09:00:21,783] {processor.py:654} INFO - DAG(s) dict_keys(['example_trigger_target_dag']) retrieved from /home/airflow/.local/lib/python3.6/site-packages/airflow/example_dags/example_trigger_target_dag.py
[2025-05-19 09:00:21,814] {logging_mixin.py:109} INFO - [2025-05-19 09:00:21,813] {dag.py:2396} INFO - Sync 1 DAGs
[2025-05-19 09:00:21,860] {logging_mixin.py:109} INFO - [2025-05-19 09:00:21,860] {dag.py:2935} INFO - Setting next_dagrun for example_trigger_target_dag to None
[2025-05-19 09:00:21,882] {processor.py:171} INFO - Processing /home/airflow/.local/lib/python3.6/site-packages/airflow/example_dags/example_trigger_target_dag.py took 0.203 seconds
[2025-05-19 09:00:52,830] {processor.py:163} INFO - Started process (PID=1003) to work on /home/airflow/.local/lib/python3.6/site-packages/airflow/example_dags/example_trigger_target_dag.py
[2025-05-19 09:00:52,834] {processor.py:642} INFO - Processing file /home/airflow/.local/lib/python3.6/site-packages/airflow/example_dags/example_trigger_target_dag.py for tasks to queue
[2025-05-19 09:00:52,837] {logging_mixin.py:109} INFO - [2025-05-19 09:00:52,836] {dagbag.py:500} INFO - Filling up the DagBag from /home/airflow/.local/lib/python3.6/site-packages/airflow/example_dags/example_trigger_target_dag.py
[2025-05-19 09:00:52,932] {processor.py:654} INFO - DAG(s) dict_keys(['example_trigger_target_dag']) retrieved from /home/airflow/.local/lib/python3.6/site-packages/airflow/example_dags/example_trigger_target_dag.py
[2025-05-19 09:00:52,957] {logging_mixin.py:109} INFO - [2025-05-19 09:00:52,957] {dag.py:2396} INFO - Sync 1 DAGs
[2025-05-19 09:00:53,004] {logging_mixin.py:109} INFO - [2025-05-19 09:00:53,004] {dag.py:2935} INFO - Setting next_dagrun for example_trigger_target_dag to None
[2025-05-19 09:00:53,025] {processor.py:171} INFO - Processing /home/airflow/.local/lib/python3.6/site-packages/airflow/example_dags/example_trigger_target_dag.py took 0.208 seconds
[2025-05-19 09:01:23,408] {processor.py:163} INFO - Started process (PID=1045) to work on /home/airflow/.local/lib/python3.6/site-packages/airflow/example_dags/example_trigger_target_dag.py
[2025-05-19 09:01:23,412] {processor.py:642} INFO - Processing file /home/airflow/.local/lib/python3.6/site-packages/airflow/example_dags/example_trigger_target_dag.py for tasks to queue
[2025-05-19 09:01:23,414] {logging_mixin.py:109} INFO - [2025-05-19 09:01:23,414] {dagbag.py:500} INFO - Filling up the DagBag from /home/airflow/.local/lib/python3.6/site-packages/airflow/example_dags/example_trigger_target_dag.py
[2025-05-19 09:01:23,569] {processor.py:654} INFO - DAG(s) dict_keys(['example_trigger_target_dag']) retrieved from /home/airflow/.local/lib/python3.6/site-packages/airflow/example_dags/example_trigger_target_dag.py
[2025-05-19 09:01:23,609] {logging_mixin.py:109} INFO - [2025-05-19 09:01:23,608] {dag.py:2396} INFO - Sync 1 DAGs
[2025-05-19 09:01:23,654] {logging_mixin.py:109} INFO - [2025-05-19 09:01:23,653] {dag.py:2935} INFO - Setting next_dagrun for example_trigger_target_dag to None
[2025-05-19 09:01:23,670] {processor.py:171} INFO - Processing /home/airflow/.local/lib/python3.6/site-packages/airflow/example_dags/example_trigger_target_dag.py took 0.277 seconds
[2025-05-19 09:01:54,373] {processor.py:163} INFO - Started process (PID=1097) to work on /home/airflow/.local/lib/python3.6/site-packages/airflow/example_dags/example_trigger_target_dag.py
[2025-05-19 09:01:54,376] {processor.py:642} INFO - Processing file /home/airflow/.local/lib/python3.6/site-packages/airflow/example_dags/example_trigger_target_dag.py for tasks to queue
[2025-05-19 09:01:54,379] {logging_mixin.py:109} INFO - [2025-05-19 09:01:54,378] {dagbag.py:500} INFO - Filling up the DagBag from /home/airflow/.local/lib/python3.6/site-packages/airflow/example_dags/example_trigger_target_dag.py
[2025-05-19 09:01:54,454] {processor.py:654} INFO - DAG(s) dict_keys(['example_trigger_target_dag']) retrieved from /home/airflow/.local/lib/python3.6/site-packages/airflow/example_dags/example_trigger_target_dag.py
[2025-05-19 09:01:54,487] {logging_mixin.py:109} INFO - [2025-05-19 09:01:54,487] {dag.py:2396} INFO - Sync 1 DAGs
[2025-05-19 09:01:54,528] {logging_mixin.py:109} INFO - [2025-05-19 09:01:54,527] {dag.py:2935} INFO - Setting next_dagrun for example_trigger_target_dag to None
[2025-05-19 09:01:54,549] {processor.py:171} INFO - Processing /home/airflow/.local/lib/python3.6/site-packages/airflow/example_dags/example_trigger_target_dag.py took 0.183 seconds
[2025-05-19 09:02:24,850] {processor.py:163} INFO - Started process (PID=1150) to work on /home/airflow/.local/lib/python3.6/site-packages/airflow/example_dags/example_trigger_target_dag.py
[2025-05-19 09:02:24,859] {processor.py:642} INFO - Processing file /home/airflow/.local/lib/python3.6/site-packages/airflow/example_dags/example_trigger_target_dag.py for tasks to queue
[2025-05-19 09:02:24,874] {logging_mixin.py:109} INFO - [2025-05-19 09:02:24,873] {dagbag.py:500} INFO - Filling up the DagBag from /home/airflow/.local/lib/python3.6/site-packages/airflow/example_dags/example_trigger_target_dag.py
[2025-05-19 09:02:25,138] {processor.py:654} INFO - DAG(s) dict_keys(['example_trigger_target_dag']) retrieved from /home/airflow/.local/lib/python3.6/site-packages/airflow/example_dags/example_trigger_target_dag.py
[2025-05-19 09:02:25,244] {logging_mixin.py:109} INFO - [2025-05-19 09:02:25,244] {dag.py:2396} INFO - Sync 1 DAGs
[2025-05-19 09:02:25,406] {logging_mixin.py:109} INFO - [2025-05-19 09:02:25,405] {dag.py:2935} INFO - Setting next_dagrun for example_trigger_target_dag to None
[2025-05-19 09:02:25,515] {processor.py:171} INFO - Processing /home/airflow/.local/lib/python3.6/site-packages/airflow/example_dags/example_trigger_target_dag.py took 0.676 seconds
[2025-05-19 09:02:56,290] {processor.py:163} INFO - Started process (PID=1193) to work on /home/airflow/.local/lib/python3.6/site-packages/airflow/example_dags/example_trigger_target_dag.py
[2025-05-19 09:02:56,292] {processor.py:642} INFO - Processing file /home/airflow/.local/lib/python3.6/site-packages/airflow/example_dags/example_trigger_target_dag.py for tasks to queue
[2025-05-19 09:02:56,293] {logging_mixin.py:109} INFO - [2025-05-19 09:02:56,293] {dagbag.py:500} INFO - Filling up the DagBag from /home/airflow/.local/lib/python3.6/site-packages/airflow/example_dags/example_trigger_target_dag.py
[2025-05-19 09:02:56,354] {processor.py:654} INFO - DAG(s) dict_keys(['example_trigger_target_dag']) retrieved from /home/airflow/.local/lib/python3.6/site-packages/airflow/example_dags/example_trigger_target_dag.py
[2025-05-19 09:02:56,374] {logging_mixin.py:109} INFO - [2025-05-19 09:02:56,373] {dag.py:2396} INFO - Sync 1 DAGs
[2025-05-19 09:02:56,410] {logging_mixin.py:109} INFO - [2025-05-19 09:02:56,410] {dag.py:2935} INFO - Setting next_dagrun for example_trigger_target_dag to None
[2025-05-19 09:02:56,427] {processor.py:171} INFO - Processing /home/airflow/.local/lib/python3.6/site-packages/airflow/example_dags/example_trigger_target_dag.py took 0.144 seconds
[2025-05-19 09:03:26,946] {processor.py:163} INFO - Started process (PID=1245) to work on /home/airflow/.local/lib/python3.6/site-packages/airflow/example_dags/example_trigger_target_dag.py
[2025-05-19 09:03:26,949] {processor.py:642} INFO - Processing file /home/airflow/.local/lib/python3.6/site-packages/airflow/example_dags/example_trigger_target_dag.py for tasks to queue
[2025-05-19 09:03:26,951] {logging_mixin.py:109} INFO - [2025-05-19 09:03:26,951] {dagbag.py:500} INFO - Filling up the DagBag from /home/airflow/.local/lib/python3.6/site-packages/airflow/example_dags/example_trigger_target_dag.py
[2025-05-19 09:03:27,029] {processor.py:654} INFO - DAG(s) dict_keys(['example_trigger_target_dag']) retrieved from /home/airflow/.local/lib/python3.6/site-packages/airflow/example_dags/example_trigger_target_dag.py
[2025-05-19 09:03:27,055] {logging_mixin.py:109} INFO - [2025-05-19 09:03:27,055] {dag.py:2396} INFO - Sync 1 DAGs
[2025-05-19 09:03:27,098] {logging_mixin.py:109} INFO - [2025-05-19 09:03:27,098] {dag.py:2935} INFO - Setting next_dagrun for example_trigger_target_dag to None
[2025-05-19 09:03:27,123] {processor.py:171} INFO - Processing /home/airflow/.local/lib/python3.6/site-packages/airflow/example_dags/example_trigger_target_dag.py took 0.183 seconds
[2025-05-19 09:03:57,233] {processor.py:163} INFO - Started process (PID=1297) to work on /home/airflow/.local/lib/python3.6/site-packages/airflow/example_dags/example_trigger_target_dag.py
[2025-05-19 09:03:57,236] {processor.py:642} INFO - Processing file /home/airflow/.local/lib/python3.6/site-packages/airflow/example_dags/example_trigger_target_dag.py for tasks to queue
[2025-05-19 09:03:57,238] {logging_mixin.py:109} INFO - [2025-05-19 09:03:57,238] {dagbag.py:500} INFO - Filling up the DagBag from /home/airflow/.local/lib/python3.6/site-packages/airflow/example_dags/example_trigger_target_dag.py
[2025-05-19 09:03:57,310] {processor.py:654} INFO - DAG(s) dict_keys(['example_trigger_target_dag']) retrieved from /home/airflow/.local/lib/python3.6/site-packages/airflow/example_dags/example_trigger_target_dag.py
[2025-05-19 09:03:57,329] {logging_mixin.py:109} INFO - [2025-05-19 09:03:57,329] {dag.py:2396} INFO - Sync 1 DAGs
[2025-05-19 09:03:57,362] {logging_mixin.py:109} INFO - [2025-05-19 09:03:57,361] {dag.py:2935} INFO - Setting next_dagrun for example_trigger_target_dag to None
[2025-05-19 09:03:57,380] {processor.py:171} INFO - Processing /home/airflow/.local/lib/python3.6/site-packages/airflow/example_dags/example_trigger_target_dag.py took 0.157 seconds
[2025-05-19 09:04:27,610] {processor.py:163} INFO - Started process (PID=1349) to work on /home/airflow/.local/lib/python3.6/site-packages/airflow/example_dags/example_trigger_target_dag.py
[2025-05-19 09:04:27,613] {processor.py:642} INFO - Processing file /home/airflow/.local/lib/python3.6/site-packages/airflow/example_dags/example_trigger_target_dag.py for tasks to queue
[2025-05-19 09:04:27,616] {logging_mixin.py:109} INFO - [2025-05-19 09:04:27,615] {dagbag.py:500} INFO - Filling up the DagBag from /home/airflow/.local/lib/python3.6/site-packages/airflow/example_dags/example_trigger_target_dag.py
[2025-05-19 09:04:27,704] {processor.py:654} INFO - DAG(s) dict_keys(['example_trigger_target_dag']) retrieved from /home/airflow/.local/lib/python3.6/site-packages/airflow/example_dags/example_trigger_target_dag.py
[2025-05-19 09:04:27,732] {logging_mixin.py:109} INFO - [2025-05-19 09:04:27,732] {dag.py:2396} INFO - Sync 1 DAGs
[2025-05-19 09:04:27,791] {logging_mixin.py:109} INFO - [2025-05-19 09:04:27,790] {dag.py:2935} INFO - Setting next_dagrun for example_trigger_target_dag to None
[2025-05-19 09:04:27,821] {processor.py:171} INFO - Processing /home/airflow/.local/lib/python3.6/site-packages/airflow/example_dags/example_trigger_target_dag.py took 0.220 seconds
[2025-05-19 09:04:58,778] {processor.py:163} INFO - Started process (PID=1402) to work on /home/airflow/.local/lib/python3.6/site-packages/airflow/example_dags/example_trigger_target_dag.py
[2025-05-19 09:04:58,784] {processor.py:642} INFO - Processing file /home/airflow/.local/lib/python3.6/site-packages/airflow/example_dags/example_trigger_target_dag.py for tasks to queue
[2025-05-19 09:04:58,787] {logging_mixin.py:109} INFO - [2025-05-19 09:04:58,786] {dagbag.py:500} INFO - Filling up the DagBag from /home/airflow/.local/lib/python3.6/site-packages/airflow/example_dags/example_trigger_target_dag.py
[2025-05-19 09:04:58,901] {processor.py:654} INFO - DAG(s) dict_keys(['example_trigger_target_dag']) retrieved from /home/airflow/.local/lib/python3.6/site-packages/airflow/example_dags/example_trigger_target_dag.py
[2025-05-19 09:04:58,932] {logging_mixin.py:109} INFO - [2025-05-19 09:04:58,932] {dag.py:2396} INFO - Sync 1 DAGs
[2025-05-19 09:04:58,995] {logging_mixin.py:109} INFO - [2025-05-19 09:04:58,995] {dag.py:2935} INFO - Setting next_dagrun for example_trigger_target_dag to None
[2025-05-19 09:04:59,021] {processor.py:171} INFO - Processing /home/airflow/.local/lib/python3.6/site-packages/airflow/example_dags/example_trigger_target_dag.py took 0.253 seconds
[2025-05-19 09:05:29,116] {processor.py:163} INFO - Started process (PID=1454) to work on /home/airflow/.local/lib/python3.6/site-packages/airflow/example_dags/example_trigger_target_dag.py
[2025-05-19 09:05:29,124] {processor.py:642} INFO - Processing file /home/airflow/.local/lib/python3.6/site-packages/airflow/example_dags/example_trigger_target_dag.py for tasks to queue
[2025-05-19 09:05:29,127] {logging_mixin.py:109} INFO - [2025-05-19 09:05:29,127] {dagbag.py:500} INFO - Filling up the DagBag from /home/airflow/.local/lib/python3.6/site-packages/airflow/example_dags/example_trigger_target_dag.py
[2025-05-19 09:05:29,251] {processor.py:654} INFO - DAG(s) dict_keys(['example_trigger_target_dag']) retrieved from /home/airflow/.local/lib/python3.6/site-packages/airflow/example_dags/example_trigger_target_dag.py
[2025-05-19 09:05:29,285] {logging_mixin.py:109} INFO - [2025-05-19 09:05:29,284] {dag.py:2396} INFO - Sync 1 DAGs
[2025-05-19 09:05:29,353] {logging_mixin.py:109} INFO - [2025-05-19 09:05:29,353] {dag.py:2935} INFO - Setting next_dagrun for example_trigger_target_dag to None
[2025-05-19 09:05:29,378] {processor.py:171} INFO - Processing /home/airflow/.local/lib/python3.6/site-packages/airflow/example_dags/example_trigger_target_dag.py took 0.275 seconds
[2025-05-19 09:05:59,846] {processor.py:163} INFO - Started process (PID=1506) to work on /home/airflow/.local/lib/python3.6/site-packages/airflow/example_dags/example_trigger_target_dag.py
[2025-05-19 09:05:59,849] {processor.py:642} INFO - Processing file /home/airflow/.local/lib/python3.6/site-packages/airflow/example_dags/example_trigger_target_dag.py for tasks to queue
[2025-05-19 09:05:59,851] {logging_mixin.py:109} INFO - [2025-05-19 09:05:59,850] {dagbag.py:500} INFO - Filling up the DagBag from /home/airflow/.local/lib/python3.6/site-packages/airflow/example_dags/example_trigger_target_dag.py
[2025-05-19 09:05:59,903] {processor.py:654} INFO - DAG(s) dict_keys(['example_trigger_target_dag']) retrieved from /home/airflow/.local/lib/python3.6/site-packages/airflow/example_dags/example_trigger_target_dag.py
[2025-05-19 09:05:59,920] {logging_mixin.py:109} INFO - [2025-05-19 09:05:59,920] {dag.py:2396} INFO - Sync 1 DAGs
[2025-05-19 09:05:59,950] {logging_mixin.py:109} INFO - [2025-05-19 09:05:59,950] {dag.py:2935} INFO - Setting next_dagrun for example_trigger_target_dag to None
[2025-05-19 09:05:59,980] {processor.py:171} INFO - Processing /home/airflow/.local/lib/python3.6/site-packages/airflow/example_dags/example_trigger_target_dag.py took 0.138 seconds
[2025-05-19 09:06:30,958] {processor.py:163} INFO - Started process (PID=1558) to work on /home/airflow/.local/lib/python3.6/site-packages/airflow/example_dags/example_trigger_target_dag.py
[2025-05-19 09:06:30,960] {processor.py:642} INFO - Processing file /home/airflow/.local/lib/python3.6/site-packages/airflow/example_dags/example_trigger_target_dag.py for tasks to queue
[2025-05-19 09:06:30,961] {logging_mixin.py:109} INFO - [2025-05-19 09:06:30,960] {dagbag.py:500} INFO - Filling up the DagBag from /home/airflow/.local/lib/python3.6/site-packages/airflow/example_dags/example_trigger_target_dag.py
[2025-05-19 09:06:30,995] {processor.py:654} INFO - DAG(s) dict_keys(['example_trigger_target_dag']) retrieved from /home/airflow/.local/lib/python3.6/site-packages/airflow/example_dags/example_trigger_target_dag.py
[2025-05-19 09:06:31,013] {logging_mixin.py:109} INFO - [2025-05-19 09:06:31,013] {dag.py:2396} INFO - Sync 1 DAGs
[2025-05-19 09:06:31,041] {logging_mixin.py:109} INFO - [2025-05-19 09:06:31,041] {dag.py:2935} INFO - Setting next_dagrun for example_trigger_target_dag to None
[2025-05-19 09:06:31,052] {processor.py:171} INFO - Processing /home/airflow/.local/lib/python3.6/site-packages/airflow/example_dags/example_trigger_target_dag.py took 0.098 seconds
[2025-05-19 09:07:01,826] {processor.py:163} INFO - Started process (PID=1620) to work on /home/airflow/.local/lib/python3.6/site-packages/airflow/example_dags/example_trigger_target_dag.py
[2025-05-19 09:07:01,827] {processor.py:642} INFO - Processing file /home/airflow/.local/lib/python3.6/site-packages/airflow/example_dags/example_trigger_target_dag.py for tasks to queue
[2025-05-19 09:07:01,828] {logging_mixin.py:109} INFO - [2025-05-19 09:07:01,828] {dagbag.py:500} INFO - Filling up the DagBag from /home/airflow/.local/lib/python3.6/site-packages/airflow/example_dags/example_trigger_target_dag.py
[2025-05-19 09:07:01,867] {processor.py:654} INFO - DAG(s) dict_keys(['example_trigger_target_dag']) retrieved from /home/airflow/.local/lib/python3.6/site-packages/airflow/example_dags/example_trigger_target_dag.py
[2025-05-19 09:07:01,881] {logging_mixin.py:109} INFO - [2025-05-19 09:07:01,881] {dag.py:2396} INFO - Sync 1 DAGs
[2025-05-19 09:07:01,906] {logging_mixin.py:109} INFO - [2025-05-19 09:07:01,906] {dag.py:2935} INFO - Setting next_dagrun for example_trigger_target_dag to None
[2025-05-19 09:07:01,917] {processor.py:171} INFO - Processing /home/airflow/.local/lib/python3.6/site-packages/airflow/example_dags/example_trigger_target_dag.py took 0.096 seconds
[2025-05-19 09:07:32,243] {processor.py:163} INFO - Started process (PID=1672) to work on /home/airflow/.local/lib/python3.6/site-packages/airflow/example_dags/example_trigger_target_dag.py
[2025-05-19 09:07:32,244] {processor.py:642} INFO - Processing file /home/airflow/.local/lib/python3.6/site-packages/airflow/example_dags/example_trigger_target_dag.py for tasks to queue
[2025-05-19 09:07:32,246] {logging_mixin.py:109} INFO - [2025-05-19 09:07:32,245] {dagbag.py:500} INFO - Filling up the DagBag from /home/airflow/.local/lib/python3.6/site-packages/airflow/example_dags/example_trigger_target_dag.py
[2025-05-19 09:07:32,289] {processor.py:654} INFO - DAG(s) dict_keys(['example_trigger_target_dag']) retrieved from /home/airflow/.local/lib/python3.6/site-packages/airflow/example_dags/example_trigger_target_dag.py
[2025-05-19 09:07:32,304] {logging_mixin.py:109} INFO - [2025-05-19 09:07:32,304] {dag.py:2396} INFO - Sync 1 DAGs
[2025-05-19 09:07:32,329] {logging_mixin.py:109} INFO - [2025-05-19 09:07:32,329] {dag.py:2935} INFO - Setting next_dagrun for example_trigger_target_dag to None
[2025-05-19 09:07:32,344] {processor.py:171} INFO - Processing /home/airflow/.local/lib/python3.6/site-packages/airflow/example_dags/example_trigger_target_dag.py took 0.105 seconds
[2025-05-19 09:08:02,961] {processor.py:163} INFO - Started process (PID=1734) to work on /home/airflow/.local/lib/python3.6/site-packages/airflow/example_dags/example_trigger_target_dag.py
[2025-05-19 09:08:02,964] {processor.py:642} INFO - Processing file /home/airflow/.local/lib/python3.6/site-packages/airflow/example_dags/example_trigger_target_dag.py for tasks to queue
[2025-05-19 09:08:02,965] {logging_mixin.py:109} INFO - [2025-05-19 09:08:02,965] {dagbag.py:500} INFO - Filling up the DagBag from /home/airflow/.local/lib/python3.6/site-packages/airflow/example_dags/example_trigger_target_dag.py
[2025-05-19 09:08:03,009] {processor.py:654} INFO - DAG(s) dict_keys(['example_trigger_target_dag']) retrieved from /home/airflow/.local/lib/python3.6/site-packages/airflow/example_dags/example_trigger_target_dag.py
[2025-05-19 09:08:03,025] {logging_mixin.py:109} INFO - [2025-05-19 09:08:03,025] {dag.py:2396} INFO - Sync 1 DAGs
[2025-05-19 09:08:03,051] {logging_mixin.py:109} INFO - [2025-05-19 09:08:03,051] {dag.py:2935} INFO - Setting next_dagrun for example_trigger_target_dag to None
[2025-05-19 09:08:03,066] {processor.py:171} INFO - Processing /home/airflow/.local/lib/python3.6/site-packages/airflow/example_dags/example_trigger_target_dag.py took 0.109 seconds
[2025-05-19 09:08:33,215] {processor.py:163} INFO - Started process (PID=1786) to work on /home/airflow/.local/lib/python3.6/site-packages/airflow/example_dags/example_trigger_target_dag.py
[2025-05-19 09:08:33,217] {processor.py:642} INFO - Processing file /home/airflow/.local/lib/python3.6/site-packages/airflow/example_dags/example_trigger_target_dag.py for tasks to queue
[2025-05-19 09:08:33,218] {logging_mixin.py:109} INFO - [2025-05-19 09:08:33,218] {dagbag.py:500} INFO - Filling up the DagBag from /home/airflow/.local/lib/python3.6/site-packages/airflow/example_dags/example_trigger_target_dag.py
[2025-05-19 09:08:33,258] {processor.py:654} INFO - DAG(s) dict_keys(['example_trigger_target_dag']) retrieved from /home/airflow/.local/lib/python3.6/site-packages/airflow/example_dags/example_trigger_target_dag.py
[2025-05-19 09:08:33,275] {logging_mixin.py:109} INFO - [2025-05-19 09:08:33,275] {dag.py:2396} INFO - Sync 1 DAGs
[2025-05-19 09:08:33,298] {logging_mixin.py:109} INFO - [2025-05-19 09:08:33,298] {dag.py:2935} INFO - Setting next_dagrun for example_trigger_target_dag to None
[2025-05-19 09:08:33,310] {processor.py:171} INFO - Processing /home/airflow/.local/lib/python3.6/site-packages/airflow/example_dags/example_trigger_target_dag.py took 0.099 seconds
[2025-05-19 09:09:03,377] {processor.py:163} INFO - Started process (PID=1838) to work on /home/airflow/.local/lib/python3.6/site-packages/airflow/example_dags/example_trigger_target_dag.py
[2025-05-19 09:09:03,379] {processor.py:642} INFO - Processing file /home/airflow/.local/lib/python3.6/site-packages/airflow/example_dags/example_trigger_target_dag.py for tasks to queue
[2025-05-19 09:09:03,380] {logging_mixin.py:109} INFO - [2025-05-19 09:09:03,380] {dagbag.py:500} INFO - Filling up the DagBag from /home/airflow/.local/lib/python3.6/site-packages/airflow/example_dags/example_trigger_target_dag.py
[2025-05-19 09:09:03,424] {processor.py:654} INFO - DAG(s) dict_keys(['example_trigger_target_dag']) retrieved from /home/airflow/.local/lib/python3.6/site-packages/airflow/example_dags/example_trigger_target_dag.py
[2025-05-19 09:09:03,441] {logging_mixin.py:109} INFO - [2025-05-19 09:09:03,441] {dag.py:2396} INFO - Sync 1 DAGs
[2025-05-19 09:09:03,465] {logging_mixin.py:109} INFO - [2025-05-19 09:09:03,465] {dag.py:2935} INFO - Setting next_dagrun for example_trigger_target_dag to None
[2025-05-19 09:09:03,478] {processor.py:171} INFO - Processing /home/airflow/.local/lib/python3.6/site-packages/airflow/example_dags/example_trigger_target_dag.py took 0.105 seconds
[2025-05-19 09:09:34,080] {processor.py:163} INFO - Started process (PID=1900) to work on /home/airflow/.local/lib/python3.6/site-packages/airflow/example_dags/example_trigger_target_dag.py
[2025-05-19 09:09:34,082] {processor.py:642} INFO - Processing file /home/airflow/.local/lib/python3.6/site-packages/airflow/example_dags/example_trigger_target_dag.py for tasks to queue
[2025-05-19 09:09:34,083] {logging_mixin.py:109} INFO - [2025-05-19 09:09:34,082] {dagbag.py:500} INFO - Filling up the DagBag from /home/airflow/.local/lib/python3.6/site-packages/airflow/example_dags/example_trigger_target_dag.py
[2025-05-19 09:09:34,119] {processor.py:654} INFO - DAG(s) dict_keys(['example_trigger_target_dag']) retrieved from /home/airflow/.local/lib/python3.6/site-packages/airflow/example_dags/example_trigger_target_dag.py
[2025-05-19 09:09:34,132] {logging_mixin.py:109} INFO - [2025-05-19 09:09:34,132] {dag.py:2396} INFO - Sync 1 DAGs
[2025-05-19 09:09:34,153] {logging_mixin.py:109} INFO - [2025-05-19 09:09:34,153] {dag.py:2935} INFO - Setting next_dagrun for example_trigger_target_dag to None
[2025-05-19 09:09:34,165] {processor.py:171} INFO - Processing /home/airflow/.local/lib/python3.6/site-packages/airflow/example_dags/example_trigger_target_dag.py took 0.089 seconds
[2025-05-19 09:10:05,041] {processor.py:163} INFO - Started process (PID=1952) to work on /home/airflow/.local/lib/python3.6/site-packages/airflow/example_dags/example_trigger_target_dag.py
[2025-05-19 09:10:05,044] {processor.py:642} INFO - Processing file /home/airflow/.local/lib/python3.6/site-packages/airflow/example_dags/example_trigger_target_dag.py for tasks to queue
[2025-05-19 09:10:05,046] {logging_mixin.py:109} INFO - [2025-05-19 09:10:05,045] {dagbag.py:500} INFO - Filling up the DagBag from /home/airflow/.local/lib/python3.6/site-packages/airflow/example_dags/example_trigger_target_dag.py
[2025-05-19 09:10:05,157] {processor.py:654} INFO - DAG(s) dict_keys(['example_trigger_target_dag']) retrieved from /home/airflow/.local/lib/python3.6/site-packages/airflow/example_dags/example_trigger_target_dag.py
[2025-05-19 09:10:05,196] {logging_mixin.py:109} INFO - [2025-05-19 09:10:05,196] {dag.py:2396} INFO - Sync 1 DAGs
[2025-05-19 09:10:05,264] {logging_mixin.py:109} INFO - [2025-05-19 09:10:05,264] {dag.py:2935} INFO - Setting next_dagrun for example_trigger_target_dag to None
[2025-05-19 09:10:05,306] {processor.py:171} INFO - Processing /home/airflow/.local/lib/python3.6/site-packages/airflow/example_dags/example_trigger_target_dag.py took 0.271 seconds
[2025-05-19 09:10:35,665] {processor.py:163} INFO - Started process (PID=2004) to work on /home/airflow/.local/lib/python3.6/site-packages/airflow/example_dags/example_trigger_target_dag.py
[2025-05-19 09:10:35,668] {processor.py:642} INFO - Processing file /home/airflow/.local/lib/python3.6/site-packages/airflow/example_dags/example_trigger_target_dag.py for tasks to queue
[2025-05-19 09:10:35,671] {logging_mixin.py:109} INFO - [2025-05-19 09:10:35,671] {dagbag.py:500} INFO - Filling up the DagBag from /home/airflow/.local/lib/python3.6/site-packages/airflow/example_dags/example_trigger_target_dag.py
[2025-05-19 09:10:35,801] {processor.py:654} INFO - DAG(s) dict_keys(['example_trigger_target_dag']) retrieved from /home/airflow/.local/lib/python3.6/site-packages/airflow/example_dags/example_trigger_target_dag.py
[2025-05-19 09:10:35,824] {logging_mixin.py:109} INFO - [2025-05-19 09:10:35,824] {dag.py:2396} INFO - Sync 1 DAGs
[2025-05-19 09:10:35,885] {logging_mixin.py:109} INFO - [2025-05-19 09:10:35,885] {dag.py:2935} INFO - Setting next_dagrun for example_trigger_target_dag to None
[2025-05-19 09:10:35,908] {processor.py:171} INFO - Processing /home/airflow/.local/lib/python3.6/site-packages/airflow/example_dags/example_trigger_target_dag.py took 0.250 seconds
[2025-05-19 09:11:06,857] {processor.py:163} INFO - Started process (PID=2066) to work on /home/airflow/.local/lib/python3.6/site-packages/airflow/example_dags/example_trigger_target_dag.py
[2025-05-19 09:11:06,860] {processor.py:642} INFO - Processing file /home/airflow/.local/lib/python3.6/site-packages/airflow/example_dags/example_trigger_target_dag.py for tasks to queue
[2025-05-19 09:11:06,861] {logging_mixin.py:109} INFO - [2025-05-19 09:11:06,861] {dagbag.py:500} INFO - Filling up the DagBag from /home/airflow/.local/lib/python3.6/site-packages/airflow/example_dags/example_trigger_target_dag.py
[2025-05-19 09:11:06,915] {processor.py:654} INFO - DAG(s) dict_keys(['example_trigger_target_dag']) retrieved from /home/airflow/.local/lib/python3.6/site-packages/airflow/example_dags/example_trigger_target_dag.py
[2025-05-19 09:11:06,937] {logging_mixin.py:109} INFO - [2025-05-19 09:11:06,936] {dag.py:2396} INFO - Sync 1 DAGs
[2025-05-19 09:11:06,969] {logging_mixin.py:109} INFO - [2025-05-19 09:11:06,969] {dag.py:2935} INFO - Setting next_dagrun for example_trigger_target_dag to None
[2025-05-19 09:11:06,987] {processor.py:171} INFO - Processing /home/airflow/.local/lib/python3.6/site-packages/airflow/example_dags/example_trigger_target_dag.py took 0.135 seconds
[2025-05-19 09:11:37,846] {processor.py:163} INFO - Started process (PID=2122) to work on /home/airflow/.local/lib/python3.6/site-packages/airflow/example_dags/example_trigger_target_dag.py
[2025-05-19 09:11:37,852] {processor.py:642} INFO - Processing file /home/airflow/.local/lib/python3.6/site-packages/airflow/example_dags/example_trigger_target_dag.py for tasks to queue
[2025-05-19 09:11:37,854] {logging_mixin.py:109} INFO - [2025-05-19 09:11:37,854] {dagbag.py:500} INFO - Filling up the DagBag from /home/airflow/.local/lib/python3.6/site-packages/airflow/example_dags/example_trigger_target_dag.py
[2025-05-19 09:11:37,953] {processor.py:654} INFO - DAG(s) dict_keys(['example_trigger_target_dag']) retrieved from /home/airflow/.local/lib/python3.6/site-packages/airflow/example_dags/example_trigger_target_dag.py
[2025-05-19 09:11:37,968] {logging_mixin.py:109} INFO - [2025-05-19 09:11:37,968] {dag.py:2396} INFO - Sync 1 DAGs
[2025-05-19 09:11:37,998] {logging_mixin.py:109} INFO - [2025-05-19 09:11:37,998] {dag.py:2935} INFO - Setting next_dagrun for example_trigger_target_dag to None
[2025-05-19 09:11:38,011] {processor.py:171} INFO - Processing /home/airflow/.local/lib/python3.6/site-packages/airflow/example_dags/example_trigger_target_dag.py took 0.177 seconds
[2025-05-19 09:12:08,869] {processor.py:163} INFO - Started process (PID=2174) to work on /home/airflow/.local/lib/python3.6/site-packages/airflow/example_dags/example_trigger_target_dag.py
[2025-05-19 09:12:08,871] {processor.py:642} INFO - Processing file /home/airflow/.local/lib/python3.6/site-packages/airflow/example_dags/example_trigger_target_dag.py for tasks to queue
[2025-05-19 09:12:08,873] {logging_mixin.py:109} INFO - [2025-05-19 09:12:08,873] {dagbag.py:500} INFO - Filling up the DagBag from /home/airflow/.local/lib/python3.6/site-packages/airflow/example_dags/example_trigger_target_dag.py
[2025-05-19 09:12:08,926] {processor.py:654} INFO - DAG(s) dict_keys(['example_trigger_target_dag']) retrieved from /home/airflow/.local/lib/python3.6/site-packages/airflow/example_dags/example_trigger_target_dag.py
[2025-05-19 09:12:08,957] {logging_mixin.py:109} INFO - [2025-05-19 09:12:08,956] {dag.py:2396} INFO - Sync 1 DAGs
[2025-05-19 09:12:08,994] {logging_mixin.py:109} INFO - [2025-05-19 09:12:08,994] {dag.py:2935} INFO - Setting next_dagrun for example_trigger_target_dag to None
[2025-05-19 09:12:09,013] {processor.py:171} INFO - Processing /home/airflow/.local/lib/python3.6/site-packages/airflow/example_dags/example_trigger_target_dag.py took 0.152 seconds
[2025-05-19 09:12:39,852] {processor.py:163} INFO - Started process (PID=2226) to work on /home/airflow/.local/lib/python3.6/site-packages/airflow/example_dags/example_trigger_target_dag.py
[2025-05-19 09:12:39,855] {processor.py:642} INFO - Processing file /home/airflow/.local/lib/python3.6/site-packages/airflow/example_dags/example_trigger_target_dag.py for tasks to queue
[2025-05-19 09:12:39,856] {logging_mixin.py:109} INFO - [2025-05-19 09:12:39,856] {dagbag.py:500} INFO - Filling up the DagBag from /home/airflow/.local/lib/python3.6/site-packages/airflow/example_dags/example_trigger_target_dag.py
[2025-05-19 09:12:39,903] {processor.py:654} INFO - DAG(s) dict_keys(['example_trigger_target_dag']) retrieved from /home/airflow/.local/lib/python3.6/site-packages/airflow/example_dags/example_trigger_target_dag.py
[2025-05-19 09:12:39,918] {logging_mixin.py:109} INFO - [2025-05-19 09:12:39,917] {dag.py:2396} INFO - Sync 1 DAGs
[2025-05-19 09:12:39,941] {logging_mixin.py:109} INFO - [2025-05-19 09:12:39,941] {dag.py:2935} INFO - Setting next_dagrun for example_trigger_target_dag to None
[2025-05-19 09:12:39,956] {processor.py:171} INFO - Processing /home/airflow/.local/lib/python3.6/site-packages/airflow/example_dags/example_trigger_target_dag.py took 0.109 seconds
[2025-05-19 09:13:10,195] {processor.py:163} INFO - Started process (PID=2278) to work on /home/airflow/.local/lib/python3.6/site-packages/airflow/example_dags/example_trigger_target_dag.py
[2025-05-19 09:13:10,197] {processor.py:642} INFO - Processing file /home/airflow/.local/lib/python3.6/site-packages/airflow/example_dags/example_trigger_target_dag.py for tasks to queue
[2025-05-19 09:13:10,198] {logging_mixin.py:109} INFO - [2025-05-19 09:13:10,198] {dagbag.py:500} INFO - Filling up the DagBag from /home/airflow/.local/lib/python3.6/site-packages/airflow/example_dags/example_trigger_target_dag.py
[2025-05-19 09:13:10,229] {processor.py:654} INFO - DAG(s) dict_keys(['example_trigger_target_dag']) retrieved from /home/airflow/.local/lib/python3.6/site-packages/airflow/example_dags/example_trigger_target_dag.py
[2025-05-19 09:13:10,240] {logging_mixin.py:109} INFO - [2025-05-19 09:13:10,240] {dag.py:2396} INFO - Sync 1 DAGs
[2025-05-19 09:13:10,258] {logging_mixin.py:109} INFO - [2025-05-19 09:13:10,258] {dag.py:2935} INFO - Setting next_dagrun for example_trigger_target_dag to None
[2025-05-19 09:13:10,270] {processor.py:171} INFO - Processing /home/airflow/.local/lib/python3.6/site-packages/airflow/example_dags/example_trigger_target_dag.py took 0.078 seconds
[2025-05-19 09:13:43,047] {processor.py:163} INFO - Started process (PID=2332) to work on /home/airflow/.local/lib/python3.6/site-packages/airflow/example_dags/example_trigger_target_dag.py
[2025-05-19 09:13:43,053] {processor.py:642} INFO - Processing file /home/airflow/.local/lib/python3.6/site-packages/airflow/example_dags/example_trigger_target_dag.py for tasks to queue
[2025-05-19 09:13:43,059] {logging_mixin.py:109} INFO - [2025-05-19 09:13:43,058] {dagbag.py:500} INFO - Filling up the DagBag from /home/airflow/.local/lib/python3.6/site-packages/airflow/example_dags/example_trigger_target_dag.py
[2025-05-19 09:13:43,212] {processor.py:654} INFO - DAG(s) dict_keys(['example_trigger_target_dag']) retrieved from /home/airflow/.local/lib/python3.6/site-packages/airflow/example_dags/example_trigger_target_dag.py
[2025-05-19 09:13:43,251] {logging_mixin.py:109} INFO - [2025-05-19 09:13:43,251] {dag.py:2396} INFO - Sync 1 DAGs
[2025-05-19 09:13:43,315] {logging_mixin.py:109} INFO - [2025-05-19 09:13:43,315] {dag.py:2935} INFO - Setting next_dagrun for example_trigger_target_dag to None
[2025-05-19 09:13:43,348] {processor.py:171} INFO - Processing /home/airflow/.local/lib/python3.6/site-packages/airflow/example_dags/example_trigger_target_dag.py took 0.310 seconds
[2025-05-19 09:14:13,655] {processor.py:163} INFO - Started process (PID=2384) to work on /home/airflow/.local/lib/python3.6/site-packages/airflow/example_dags/example_trigger_target_dag.py
[2025-05-19 09:14:13,666] {processor.py:642} INFO - Processing file /home/airflow/.local/lib/python3.6/site-packages/airflow/example_dags/example_trigger_target_dag.py for tasks to queue
[2025-05-19 09:14:13,679] {logging_mixin.py:109} INFO - [2025-05-19 09:14:13,679] {dagbag.py:500} INFO - Filling up the DagBag from /home/airflow/.local/lib/python3.6/site-packages/airflow/example_dags/example_trigger_target_dag.py
[2025-05-19 09:14:13,807] {processor.py:654} INFO - DAG(s) dict_keys(['example_trigger_target_dag']) retrieved from /home/airflow/.local/lib/python3.6/site-packages/airflow/example_dags/example_trigger_target_dag.py
[2025-05-19 09:14:13,845] {logging_mixin.py:109} INFO - [2025-05-19 09:14:13,845] {dag.py:2396} INFO - Sync 1 DAGs
[2025-05-19 09:14:13,923] {logging_mixin.py:109} INFO - [2025-05-19 09:14:13,923] {dag.py:2935} INFO - Setting next_dagrun for example_trigger_target_dag to None
[2025-05-19 09:14:13,948] {processor.py:171} INFO - Processing /home/airflow/.local/lib/python3.6/site-packages/airflow/example_dags/example_trigger_target_dag.py took 0.299 seconds
[2025-05-19 19:33:59,005] {processor.py:163} INFO - Started process (PID=83) to work on /home/airflow/.local/lib/python3.6/site-packages/airflow/example_dags/example_trigger_target_dag.py
[2025-05-19 19:33:59,008] {processor.py:642} INFO - Processing file /home/airflow/.local/lib/python3.6/site-packages/airflow/example_dags/example_trigger_target_dag.py for tasks to queue
[2025-05-19 19:33:59,010] {logging_mixin.py:109} INFO - [2025-05-19 19:33:59,009] {dagbag.py:500} INFO - Filling up the DagBag from /home/airflow/.local/lib/python3.6/site-packages/airflow/example_dags/example_trigger_target_dag.py
[2025-05-19 19:33:59,088] {processor.py:654} INFO - DAG(s) dict_keys(['example_trigger_target_dag']) retrieved from /home/airflow/.local/lib/python3.6/site-packages/airflow/example_dags/example_trigger_target_dag.py
[2025-05-19 19:33:59,111] {logging_mixin.py:109} INFO - [2025-05-19 19:33:59,111] {dag.py:2396} INFO - Sync 1 DAGs
[2025-05-19 19:33:59,153] {logging_mixin.py:109} INFO - [2025-05-19 19:33:59,153] {dag.py:2935} INFO - Setting next_dagrun for example_trigger_target_dag to None
[2025-05-19 19:33:59,173] {processor.py:171} INFO - Processing /home/airflow/.local/lib/python3.6/site-packages/airflow/example_dags/example_trigger_target_dag.py took 0.176 seconds
[2025-05-19 19:34:37,009] {processor.py:163} INFO - Started process (PID=135) to work on /home/airflow/.local/lib/python3.6/site-packages/airflow/example_dags/example_trigger_target_dag.py
[2025-05-19 19:34:37,024] {processor.py:642} INFO - Processing file /home/airflow/.local/lib/python3.6/site-packages/airflow/example_dags/example_trigger_target_dag.py for tasks to queue
[2025-05-19 19:34:37,030] {logging_mixin.py:109} INFO - [2025-05-19 19:34:37,029] {dagbag.py:500} INFO - Filling up the DagBag from /home/airflow/.local/lib/python3.6/site-packages/airflow/example_dags/example_trigger_target_dag.py
[2025-05-19 19:34:37,173] {processor.py:654} INFO - DAG(s) dict_keys(['example_trigger_target_dag']) retrieved from /home/airflow/.local/lib/python3.6/site-packages/airflow/example_dags/example_trigger_target_dag.py
[2025-05-19 19:34:37,271] {logging_mixin.py:109} INFO - [2025-05-19 19:34:37,271] {dag.py:2396} INFO - Sync 1 DAGs
[2025-05-19 19:34:37,437] {logging_mixin.py:109} INFO - [2025-05-19 19:34:37,437] {dag.py:2935} INFO - Setting next_dagrun for example_trigger_target_dag to None
[2025-05-19 19:34:37,590] {processor.py:171} INFO - Processing /home/airflow/.local/lib/python3.6/site-packages/airflow/example_dags/example_trigger_target_dag.py took 0.600 seconds
[2025-05-19 19:35:08,124] {processor.py:163} INFO - Started process (PID=189) to work on /home/airflow/.local/lib/python3.6/site-packages/airflow/example_dags/example_trigger_target_dag.py
[2025-05-19 19:35:08,126] {processor.py:642} INFO - Processing file /home/airflow/.local/lib/python3.6/site-packages/airflow/example_dags/example_trigger_target_dag.py for tasks to queue
[2025-05-19 19:35:08,128] {logging_mixin.py:109} INFO - [2025-05-19 19:35:08,128] {dagbag.py:500} INFO - Filling up the DagBag from /home/airflow/.local/lib/python3.6/site-packages/airflow/example_dags/example_trigger_target_dag.py
[2025-05-19 19:35:08,199] {processor.py:654} INFO - DAG(s) dict_keys(['example_trigger_target_dag']) retrieved from /home/airflow/.local/lib/python3.6/site-packages/airflow/example_dags/example_trigger_target_dag.py
[2025-05-19 19:35:08,231] {logging_mixin.py:109} INFO - [2025-05-19 19:35:08,230] {dag.py:2396} INFO - Sync 1 DAGs
[2025-05-19 19:35:08,273] {logging_mixin.py:109} INFO - [2025-05-19 19:35:08,273] {dag.py:2935} INFO - Setting next_dagrun for example_trigger_target_dag to None
[2025-05-19 19:35:08,301] {processor.py:171} INFO - Processing /home/airflow/.local/lib/python3.6/site-packages/airflow/example_dags/example_trigger_target_dag.py took 0.183 seconds
[2025-05-19 19:35:38,830] {processor.py:163} INFO - Started process (PID=240) to work on /home/airflow/.local/lib/python3.6/site-packages/airflow/example_dags/example_trigger_target_dag.py
[2025-05-19 19:35:38,836] {processor.py:642} INFO - Processing file /home/airflow/.local/lib/python3.6/site-packages/airflow/example_dags/example_trigger_target_dag.py for tasks to queue
[2025-05-19 19:35:38,840] {logging_mixin.py:109} INFO - [2025-05-19 19:35:38,839] {dagbag.py:500} INFO - Filling up the DagBag from /home/airflow/.local/lib/python3.6/site-packages/airflow/example_dags/example_trigger_target_dag.py
[2025-05-19 19:35:38,954] {processor.py:654} INFO - DAG(s) dict_keys(['example_trigger_target_dag']) retrieved from /home/airflow/.local/lib/python3.6/site-packages/airflow/example_dags/example_trigger_target_dag.py
[2025-05-19 19:35:39,053] {logging_mixin.py:109} INFO - [2025-05-19 19:35:39,052] {dag.py:2396} INFO - Sync 1 DAGs
[2025-05-19 19:35:39,141] {logging_mixin.py:109} INFO - [2025-05-19 19:35:39,141] {dag.py:2935} INFO - Setting next_dagrun for example_trigger_target_dag to None
[2025-05-19 19:35:39,177] {processor.py:171} INFO - Processing /home/airflow/.local/lib/python3.6/site-packages/airflow/example_dags/example_trigger_target_dag.py took 0.353 seconds
[2025-05-19 19:36:09,793] {processor.py:163} INFO - Started process (PID=292) to work on /home/airflow/.local/lib/python3.6/site-packages/airflow/example_dags/example_trigger_target_dag.py
[2025-05-19 19:36:09,796] {processor.py:642} INFO - Processing file /home/airflow/.local/lib/python3.6/site-packages/airflow/example_dags/example_trigger_target_dag.py for tasks to queue
[2025-05-19 19:36:09,797] {logging_mixin.py:109} INFO - [2025-05-19 19:36:09,797] {dagbag.py:500} INFO - Filling up the DagBag from /home/airflow/.local/lib/python3.6/site-packages/airflow/example_dags/example_trigger_target_dag.py
[2025-05-19 19:36:09,864] {processor.py:654} INFO - DAG(s) dict_keys(['example_trigger_target_dag']) retrieved from /home/airflow/.local/lib/python3.6/site-packages/airflow/example_dags/example_trigger_target_dag.py
[2025-05-19 19:36:09,895] {logging_mixin.py:109} INFO - [2025-05-19 19:36:09,895] {dag.py:2396} INFO - Sync 1 DAGs
[2025-05-19 19:36:09,939] {logging_mixin.py:109} INFO - [2025-05-19 19:36:09,939] {dag.py:2935} INFO - Setting next_dagrun for example_trigger_target_dag to None
[2025-05-19 19:36:09,961] {processor.py:171} INFO - Processing /home/airflow/.local/lib/python3.6/site-packages/airflow/example_dags/example_trigger_target_dag.py took 0.174 seconds
[2025-05-19 19:36:40,145] {processor.py:163} INFO - Started process (PID=344) to work on /home/airflow/.local/lib/python3.6/site-packages/airflow/example_dags/example_trigger_target_dag.py
[2025-05-19 19:36:40,147] {processor.py:642} INFO - Processing file /home/airflow/.local/lib/python3.6/site-packages/airflow/example_dags/example_trigger_target_dag.py for tasks to queue
[2025-05-19 19:36:40,149] {logging_mixin.py:109} INFO - [2025-05-19 19:36:40,149] {dagbag.py:500} INFO - Filling up the DagBag from /home/airflow/.local/lib/python3.6/site-packages/airflow/example_dags/example_trigger_target_dag.py
[2025-05-19 19:36:40,212] {processor.py:654} INFO - DAG(s) dict_keys(['example_trigger_target_dag']) retrieved from /home/airflow/.local/lib/python3.6/site-packages/airflow/example_dags/example_trigger_target_dag.py
[2025-05-19 19:36:40,248] {logging_mixin.py:109} INFO - [2025-05-19 19:36:40,247] {dag.py:2396} INFO - Sync 1 DAGs
[2025-05-19 19:36:40,302] {logging_mixin.py:109} INFO - [2025-05-19 19:36:40,302] {dag.py:2935} INFO - Setting next_dagrun for example_trigger_target_dag to None
[2025-05-19 19:36:40,322] {processor.py:171} INFO - Processing /home/airflow/.local/lib/python3.6/site-packages/airflow/example_dags/example_trigger_target_dag.py took 0.181 seconds
[2025-05-19 19:37:11,028] {processor.py:163} INFO - Started process (PID=398) to work on /home/airflow/.local/lib/python3.6/site-packages/airflow/example_dags/example_trigger_target_dag.py
[2025-05-19 19:37:11,031] {processor.py:642} INFO - Processing file /home/airflow/.local/lib/python3.6/site-packages/airflow/example_dags/example_trigger_target_dag.py for tasks to queue
[2025-05-19 19:37:11,032] {logging_mixin.py:109} INFO - [2025-05-19 19:37:11,032] {dagbag.py:500} INFO - Filling up the DagBag from /home/airflow/.local/lib/python3.6/site-packages/airflow/example_dags/example_trigger_target_dag.py
[2025-05-19 19:37:11,086] {processor.py:654} INFO - DAG(s) dict_keys(['example_trigger_target_dag']) retrieved from /home/airflow/.local/lib/python3.6/site-packages/airflow/example_dags/example_trigger_target_dag.py
[2025-05-19 19:37:11,106] {logging_mixin.py:109} INFO - [2025-05-19 19:37:11,105] {dag.py:2396} INFO - Sync 1 DAGs
[2025-05-19 19:37:11,135] {logging_mixin.py:109} INFO - [2025-05-19 19:37:11,135] {dag.py:2935} INFO - Setting next_dagrun for example_trigger_target_dag to None
[2025-05-19 19:37:11,150] {processor.py:171} INFO - Processing /home/airflow/.local/lib/python3.6/site-packages/airflow/example_dags/example_trigger_target_dag.py took 0.128 seconds
