[2025-05-19 08:53:52,380] {processor.py:163} INFO - Started process (PID=269) to work on /home/airflow/.local/lib/python3.6/site-packages/airflow/example_dags/example_latest_only.py
[2025-05-19 08:53:52,392] {processor.py:642} INFO - Processing file /home/airflow/.local/lib/python3.6/site-packages/airflow/example_dags/example_latest_only.py for tasks to queue
[2025-05-19 08:53:52,401] {logging_mixin.py:109} INFO - [2025-05-19 08:53:52,396] {dagbag.py:500} INFO - Filling up the DagBag from /home/airflow/.local/lib/python3.6/site-packages/airflow/example_dags/example_latest_only.py
[2025-05-19 08:53:52,591] {processor.py:654} INFO - DAG(s) dict_keys(['latest_only']) retrieved from /home/airflow/.local/lib/python3.6/site-packages/airflow/example_dags/example_latest_only.py
[2025-05-19 08:54:05,990] {logging_mixin.py:109} INFO - [2025-05-19 08:54:05,989] {manager.py:496} INFO - Created Permission View: can read on DAG:latest_only
[2025-05-19 08:54:06,031] {logging_mixin.py:109} INFO - [2025-05-19 08:54:06,028] {manager.py:496} INFO - Created Permission View: can edit on DAG:latest_only
[2025-05-19 08:54:06,040] {logging_mixin.py:109} INFO - [2025-05-19 08:54:06,032] {dag.py:2396} INFO - Sync 1 DAGs
[2025-05-19 08:54:06,127] {logging_mixin.py:109} INFO - [2025-05-19 08:54:06,110] {dag.py:2415} INFO - Creating ORM DAG for latest_only
[2025-05-19 08:54:06,166] {logging_mixin.py:109} INFO - [2025-05-19 08:54:06,166] {dag.py:2935} INFO - Setting next_dagrun for latest_only to 2025-05-19T04:54:06.165184+00:00
[2025-05-19 08:54:06,250] {processor.py:171} INFO - Processing /home/airflow/.local/lib/python3.6/site-packages/airflow/example_dags/example_latest_only.py took 13.885 seconds
[2025-05-19 08:55:26,209] {processor.py:163} INFO - Started process (PID=459) to work on /home/airflow/.local/lib/python3.6/site-packages/airflow/example_dags/example_latest_only.py
[2025-05-19 08:55:26,217] {processor.py:642} INFO - Processing file /home/airflow/.local/lib/python3.6/site-packages/airflow/example_dags/example_latest_only.py for tasks to queue
[2025-05-19 08:55:26,221] {logging_mixin.py:109} INFO - [2025-05-19 08:55:26,220] {dagbag.py:500} INFO - Filling up the DagBag from /home/airflow/.local/lib/python3.6/site-packages/airflow/example_dags/example_latest_only.py
[2025-05-19 08:55:26,347] {processor.py:654} INFO - DAG(s) dict_keys(['latest_only']) retrieved from /home/airflow/.local/lib/python3.6/site-packages/airflow/example_dags/example_latest_only.py
[2025-05-19 08:55:26,427] {logging_mixin.py:109} INFO - [2025-05-19 08:55:26,426] {dag.py:2396} INFO - Sync 1 DAGs
[2025-05-19 08:55:26,516] {logging_mixin.py:109} INFO - [2025-05-19 08:55:26,516] {dag.py:2935} INFO - Setting next_dagrun for latest_only to 2025-05-19T04:55:26.515695+00:00
[2025-05-19 08:55:26,558] {processor.py:171} INFO - Processing /home/airflow/.local/lib/python3.6/site-packages/airflow/example_dags/example_latest_only.py took 0.364 seconds
[2025-05-19 08:55:59,178] {processor.py:163} INFO - Started process (PID=502) to work on /home/airflow/.local/lib/python3.6/site-packages/airflow/example_dags/example_latest_only.py
[2025-05-19 08:55:59,195] {processor.py:642} INFO - Processing file /home/airflow/.local/lib/python3.6/site-packages/airflow/example_dags/example_latest_only.py for tasks to queue
[2025-05-19 08:55:59,203] {logging_mixin.py:109} INFO - [2025-05-19 08:55:59,198] {dagbag.py:500} INFO - Filling up the DagBag from /home/airflow/.local/lib/python3.6/site-packages/airflow/example_dags/example_latest_only.py
[2025-05-19 08:55:59,349] {processor.py:654} INFO - DAG(s) dict_keys(['latest_only']) retrieved from /home/airflow/.local/lib/python3.6/site-packages/airflow/example_dags/example_latest_only.py
[2025-05-19 08:55:59,389] {logging_mixin.py:109} INFO - [2025-05-19 08:55:59,388] {dag.py:2396} INFO - Sync 1 DAGs
[2025-05-19 08:55:59,512] {logging_mixin.py:109} INFO - [2025-05-19 08:55:59,512] {dag.py:2935} INFO - Setting next_dagrun for latest_only to 2025-05-19T04:55:59.511481+00:00
[2025-05-19 08:55:59,601] {processor.py:171} INFO - Processing /home/airflow/.local/lib/python3.6/site-packages/airflow/example_dags/example_latest_only.py took 0.434 seconds
[2025-05-19 08:56:29,977] {processor.py:163} INFO - Started process (PID=554) to work on /home/airflow/.local/lib/python3.6/site-packages/airflow/example_dags/example_latest_only.py
[2025-05-19 08:56:29,981] {processor.py:642} INFO - Processing file /home/airflow/.local/lib/python3.6/site-packages/airflow/example_dags/example_latest_only.py for tasks to queue
[2025-05-19 08:56:29,983] {logging_mixin.py:109} INFO - [2025-05-19 08:56:29,982] {dagbag.py:500} INFO - Filling up the DagBag from /home/airflow/.local/lib/python3.6/site-packages/airflow/example_dags/example_latest_only.py
[2025-05-19 08:56:30,057] {processor.py:654} INFO - DAG(s) dict_keys(['latest_only']) retrieved from /home/airflow/.local/lib/python3.6/site-packages/airflow/example_dags/example_latest_only.py
[2025-05-19 08:56:30,085] {logging_mixin.py:109} INFO - [2025-05-19 08:56:30,085] {dag.py:2396} INFO - Sync 1 DAGs
[2025-05-19 08:56:30,151] {logging_mixin.py:109} INFO - [2025-05-19 08:56:30,150] {dag.py:2935} INFO - Setting next_dagrun for latest_only to 2025-05-19T04:56:30.150232+00:00
[2025-05-19 08:56:30,189] {processor.py:171} INFO - Processing /home/airflow/.local/lib/python3.6/site-packages/airflow/example_dags/example_latest_only.py took 0.222 seconds
[2025-05-19 08:57:00,410] {processor.py:163} INFO - Started process (PID=605) to work on /home/airflow/.local/lib/python3.6/site-packages/airflow/example_dags/example_latest_only.py
[2025-05-19 08:57:00,412] {processor.py:642} INFO - Processing file /home/airflow/.local/lib/python3.6/site-packages/airflow/example_dags/example_latest_only.py for tasks to queue
[2025-05-19 08:57:00,414] {logging_mixin.py:109} INFO - [2025-05-19 08:57:00,414] {dagbag.py:500} INFO - Filling up the DagBag from /home/airflow/.local/lib/python3.6/site-packages/airflow/example_dags/example_latest_only.py
[2025-05-19 08:57:00,469] {processor.py:654} INFO - DAG(s) dict_keys(['latest_only']) retrieved from /home/airflow/.local/lib/python3.6/site-packages/airflow/example_dags/example_latest_only.py
[2025-05-19 08:57:00,496] {logging_mixin.py:109} INFO - [2025-05-19 08:57:00,496] {dag.py:2396} INFO - Sync 1 DAGs
[2025-05-19 08:57:00,545] {logging_mixin.py:109} INFO - [2025-05-19 08:57:00,544] {dag.py:2935} INFO - Setting next_dagrun for latest_only to 2025-05-19T04:57:00.544200+00:00
[2025-05-19 08:57:00,570] {processor.py:171} INFO - Processing /home/airflow/.local/lib/python3.6/site-packages/airflow/example_dags/example_latest_only.py took 0.167 seconds
[2025-05-19 08:57:31,945] {processor.py:163} INFO - Started process (PID=659) to work on /home/airflow/.local/lib/python3.6/site-packages/airflow/example_dags/example_latest_only.py
[2025-05-19 08:57:31,949] {processor.py:642} INFO - Processing file /home/airflow/.local/lib/python3.6/site-packages/airflow/example_dags/example_latest_only.py for tasks to queue
[2025-05-19 08:57:31,952] {logging_mixin.py:109} INFO - [2025-05-19 08:57:31,952] {dagbag.py:500} INFO - Filling up the DagBag from /home/airflow/.local/lib/python3.6/site-packages/airflow/example_dags/example_latest_only.py
[2025-05-19 08:57:32,036] {processor.py:654} INFO - DAG(s) dict_keys(['latest_only']) retrieved from /home/airflow/.local/lib/python3.6/site-packages/airflow/example_dags/example_latest_only.py
[2025-05-19 08:57:32,067] {logging_mixin.py:109} INFO - [2025-05-19 08:57:32,066] {dag.py:2396} INFO - Sync 1 DAGs
[2025-05-19 08:57:32,126] {logging_mixin.py:109} INFO - [2025-05-19 08:57:32,125] {dag.py:2935} INFO - Setting next_dagrun for latest_only to 2025-05-19T04:57:32.125028+00:00
[2025-05-19 08:57:32,153] {processor.py:171} INFO - Processing /home/airflow/.local/lib/python3.6/site-packages/airflow/example_dags/example_latest_only.py took 0.219 seconds
[2025-05-19 08:58:02,583] {processor.py:163} INFO - Started process (PID=710) to work on /home/airflow/.local/lib/python3.6/site-packages/airflow/example_dags/example_latest_only.py
[2025-05-19 08:58:02,585] {processor.py:642} INFO - Processing file /home/airflow/.local/lib/python3.6/site-packages/airflow/example_dags/example_latest_only.py for tasks to queue
[2025-05-19 08:58:02,587] {logging_mixin.py:109} INFO - [2025-05-19 08:58:02,587] {dagbag.py:500} INFO - Filling up the DagBag from /home/airflow/.local/lib/python3.6/site-packages/airflow/example_dags/example_latest_only.py
[2025-05-19 08:58:02,634] {processor.py:654} INFO - DAG(s) dict_keys(['latest_only']) retrieved from /home/airflow/.local/lib/python3.6/site-packages/airflow/example_dags/example_latest_only.py
[2025-05-19 08:58:02,655] {logging_mixin.py:109} INFO - [2025-05-19 08:58:02,655] {dag.py:2396} INFO - Sync 1 DAGs
[2025-05-19 08:58:02,696] {logging_mixin.py:109} INFO - [2025-05-19 08:58:02,695] {dag.py:2935} INFO - Setting next_dagrun for latest_only to 2025-05-19T04:58:02.695225+00:00
[2025-05-19 08:58:02,715] {processor.py:171} INFO - Processing /home/airflow/.local/lib/python3.6/site-packages/airflow/example_dags/example_latest_only.py took 0.139 seconds
[2025-05-19 08:58:32,914] {processor.py:163} INFO - Started process (PID=762) to work on /home/airflow/.local/lib/python3.6/site-packages/airflow/example_dags/example_latest_only.py
[2025-05-19 08:58:32,918] {processor.py:642} INFO - Processing file /home/airflow/.local/lib/python3.6/site-packages/airflow/example_dags/example_latest_only.py for tasks to queue
[2025-05-19 08:58:32,920] {logging_mixin.py:109} INFO - [2025-05-19 08:58:32,920] {dagbag.py:500} INFO - Filling up the DagBag from /home/airflow/.local/lib/python3.6/site-packages/airflow/example_dags/example_latest_only.py
[2025-05-19 08:58:32,973] {processor.py:654} INFO - DAG(s) dict_keys(['latest_only']) retrieved from /home/airflow/.local/lib/python3.6/site-packages/airflow/example_dags/example_latest_only.py
[2025-05-19 08:58:32,992] {logging_mixin.py:109} INFO - [2025-05-19 08:58:32,992] {dag.py:2396} INFO - Sync 1 DAGs
[2025-05-19 08:58:33,025] {logging_mixin.py:109} INFO - [2025-05-19 08:58:33,025] {dag.py:2935} INFO - Setting next_dagrun for latest_only to 2025-05-19T04:58:33.024584+00:00
[2025-05-19 08:58:33,041] {processor.py:171} INFO - Processing /home/airflow/.local/lib/python3.6/site-packages/airflow/example_dags/example_latest_only.py took 0.136 seconds
[2025-05-19 08:59:03,120] {processor.py:163} INFO - Started process (PID=814) to work on /home/airflow/.local/lib/python3.6/site-packages/airflow/example_dags/example_latest_only.py
[2025-05-19 08:59:03,123] {processor.py:642} INFO - Processing file /home/airflow/.local/lib/python3.6/site-packages/airflow/example_dags/example_latest_only.py for tasks to queue
[2025-05-19 08:59:03,124] {logging_mixin.py:109} INFO - [2025-05-19 08:59:03,124] {dagbag.py:500} INFO - Filling up the DagBag from /home/airflow/.local/lib/python3.6/site-packages/airflow/example_dags/example_latest_only.py
[2025-05-19 08:59:03,173] {processor.py:654} INFO - DAG(s) dict_keys(['latest_only']) retrieved from /home/airflow/.local/lib/python3.6/site-packages/airflow/example_dags/example_latest_only.py
[2025-05-19 08:59:03,192] {logging_mixin.py:109} INFO - [2025-05-19 08:59:03,192] {dag.py:2396} INFO - Sync 1 DAGs
[2025-05-19 08:59:03,223] {logging_mixin.py:109} INFO - [2025-05-19 08:59:03,223] {dag.py:2935} INFO - Setting next_dagrun for latest_only to 2025-05-19T04:59:03.223211+00:00
[2025-05-19 08:59:03,240] {processor.py:171} INFO - Processing /home/airflow/.local/lib/python3.6/site-packages/airflow/example_dags/example_latest_only.py took 0.128 seconds
[2025-05-19 08:59:33,907] {processor.py:163} INFO - Started process (PID=866) to work on /home/airflow/.local/lib/python3.6/site-packages/airflow/example_dags/example_latest_only.py
[2025-05-19 08:59:33,912] {processor.py:642} INFO - Processing file /home/airflow/.local/lib/python3.6/site-packages/airflow/example_dags/example_latest_only.py for tasks to queue
[2025-05-19 08:59:33,915] {logging_mixin.py:109} INFO - [2025-05-19 08:59:33,915] {dagbag.py:500} INFO - Filling up the DagBag from /home/airflow/.local/lib/python3.6/site-packages/airflow/example_dags/example_latest_only.py
[2025-05-19 08:59:33,986] {processor.py:654} INFO - DAG(s) dict_keys(['latest_only']) retrieved from /home/airflow/.local/lib/python3.6/site-packages/airflow/example_dags/example_latest_only.py
[2025-05-19 08:59:34,021] {logging_mixin.py:109} INFO - [2025-05-19 08:59:34,020] {dag.py:2396} INFO - Sync 1 DAGs
[2025-05-19 08:59:34,072] {logging_mixin.py:109} INFO - [2025-05-19 08:59:34,071] {dag.py:2935} INFO - Setting next_dagrun for latest_only to 2025-05-19T04:59:34.070995+00:00
[2025-05-19 08:59:34,095] {processor.py:171} INFO - Processing /home/airflow/.local/lib/python3.6/site-packages/airflow/example_dags/example_latest_only.py took 0.197 seconds
[2025-05-19 09:00:04,535] {processor.py:163} INFO - Started process (PID=919) to work on /home/airflow/.local/lib/python3.6/site-packages/airflow/example_dags/example_latest_only.py
[2025-05-19 09:00:04,537] {processor.py:642} INFO - Processing file /home/airflow/.local/lib/python3.6/site-packages/airflow/example_dags/example_latest_only.py for tasks to queue
[2025-05-19 09:00:04,539] {logging_mixin.py:109} INFO - [2025-05-19 09:00:04,539] {dagbag.py:500} INFO - Filling up the DagBag from /home/airflow/.local/lib/python3.6/site-packages/airflow/example_dags/example_latest_only.py
[2025-05-19 09:00:04,598] {processor.py:654} INFO - DAG(s) dict_keys(['latest_only']) retrieved from /home/airflow/.local/lib/python3.6/site-packages/airflow/example_dags/example_latest_only.py
[2025-05-19 09:00:04,617] {logging_mixin.py:109} INFO - [2025-05-19 09:00:04,617] {dag.py:2396} INFO - Sync 1 DAGs
[2025-05-19 09:00:04,656] {logging_mixin.py:109} INFO - [2025-05-19 09:00:04,656] {dag.py:2935} INFO - Setting next_dagrun for latest_only to 2025-05-19T05:00:04.655285+00:00
[2025-05-19 09:00:04,675] {processor.py:171} INFO - Processing /home/airflow/.local/lib/python3.6/site-packages/airflow/example_dags/example_latest_only.py took 0.147 seconds
[2025-05-19 09:00:36,099] {processor.py:163} INFO - Started process (PID=970) to work on /home/airflow/.local/lib/python3.6/site-packages/airflow/example_dags/example_latest_only.py
[2025-05-19 09:00:36,101] {processor.py:642} INFO - Processing file /home/airflow/.local/lib/python3.6/site-packages/airflow/example_dags/example_latest_only.py for tasks to queue
[2025-05-19 09:00:36,104] {logging_mixin.py:109} INFO - [2025-05-19 09:00:36,103] {dagbag.py:500} INFO - Filling up the DagBag from /home/airflow/.local/lib/python3.6/site-packages/airflow/example_dags/example_latest_only.py
[2025-05-19 09:00:36,171] {processor.py:654} INFO - DAG(s) dict_keys(['latest_only']) retrieved from /home/airflow/.local/lib/python3.6/site-packages/airflow/example_dags/example_latest_only.py
[2025-05-19 09:00:36,206] {logging_mixin.py:109} INFO - [2025-05-19 09:00:36,206] {dag.py:2396} INFO - Sync 1 DAGs
[2025-05-19 09:00:36,263] {logging_mixin.py:109} INFO - [2025-05-19 09:00:36,262] {dag.py:2935} INFO - Setting next_dagrun for latest_only to 2025-05-19T05:00:36.262202+00:00
[2025-05-19 09:00:36,287] {processor.py:171} INFO - Processing /home/airflow/.local/lib/python3.6/site-packages/airflow/example_dags/example_latest_only.py took 0.197 seconds
[2025-05-19 09:01:07,462] {processor.py:163} INFO - Started process (PID=1022) to work on /home/airflow/.local/lib/python3.6/site-packages/airflow/example_dags/example_latest_only.py
[2025-05-19 09:01:07,465] {processor.py:642} INFO - Processing file /home/airflow/.local/lib/python3.6/site-packages/airflow/example_dags/example_latest_only.py for tasks to queue
[2025-05-19 09:01:07,468] {logging_mixin.py:109} INFO - [2025-05-19 09:01:07,468] {dagbag.py:500} INFO - Filling up the DagBag from /home/airflow/.local/lib/python3.6/site-packages/airflow/example_dags/example_latest_only.py
[2025-05-19 09:01:07,576] {processor.py:654} INFO - DAG(s) dict_keys(['latest_only']) retrieved from /home/airflow/.local/lib/python3.6/site-packages/airflow/example_dags/example_latest_only.py
[2025-05-19 09:01:07,612] {logging_mixin.py:109} INFO - [2025-05-19 09:01:07,612] {dag.py:2396} INFO - Sync 1 DAGs
[2025-05-19 09:01:07,683] {logging_mixin.py:109} INFO - [2025-05-19 09:01:07,682] {dag.py:2935} INFO - Setting next_dagrun for latest_only to 2025-05-19T05:01:07.682033+00:00
[2025-05-19 09:01:07,714] {processor.py:171} INFO - Processing /home/airflow/.local/lib/python3.6/site-packages/airflow/example_dags/example_latest_only.py took 0.263 seconds
[2025-05-19 09:01:39,167] {processor.py:163} INFO - Started process (PID=1074) to work on /home/airflow/.local/lib/python3.6/site-packages/airflow/example_dags/example_latest_only.py
[2025-05-19 09:01:39,176] {processor.py:642} INFO - Processing file /home/airflow/.local/lib/python3.6/site-packages/airflow/example_dags/example_latest_only.py for tasks to queue
[2025-05-19 09:01:39,183] {logging_mixin.py:109} INFO - [2025-05-19 09:01:39,181] {dagbag.py:500} INFO - Filling up the DagBag from /home/airflow/.local/lib/python3.6/site-packages/airflow/example_dags/example_latest_only.py
[2025-05-19 09:01:39,333] {processor.py:654} INFO - DAG(s) dict_keys(['latest_only']) retrieved from /home/airflow/.local/lib/python3.6/site-packages/airflow/example_dags/example_latest_only.py
[2025-05-19 09:01:39,372] {logging_mixin.py:109} INFO - [2025-05-19 09:01:39,371] {dag.py:2396} INFO - Sync 1 DAGs
[2025-05-19 09:01:39,440] {logging_mixin.py:109} INFO - [2025-05-19 09:01:39,439] {dag.py:2935} INFO - Setting next_dagrun for latest_only to 2025-05-19T05:01:39.439046+00:00
[2025-05-19 09:01:39,467] {processor.py:171} INFO - Processing /home/airflow/.local/lib/python3.6/site-packages/airflow/example_dags/example_latest_only.py took 0.328 seconds
[2025-05-19 09:02:11,922] {processor.py:163} INFO - Started process (PID=1127) to work on /home/airflow/.local/lib/python3.6/site-packages/airflow/example_dags/example_latest_only.py
[2025-05-19 09:02:11,925] {processor.py:642} INFO - Processing file /home/airflow/.local/lib/python3.6/site-packages/airflow/example_dags/example_latest_only.py for tasks to queue
[2025-05-19 09:02:11,927] {logging_mixin.py:109} INFO - [2025-05-19 09:02:11,927] {dagbag.py:500} INFO - Filling up the DagBag from /home/airflow/.local/lib/python3.6/site-packages/airflow/example_dags/example_latest_only.py
[2025-05-19 09:02:12,030] {processor.py:654} INFO - DAG(s) dict_keys(['latest_only']) retrieved from /home/airflow/.local/lib/python3.6/site-packages/airflow/example_dags/example_latest_only.py
[2025-05-19 09:02:12,069] {logging_mixin.py:109} INFO - [2025-05-19 09:02:12,069] {dag.py:2396} INFO - Sync 1 DAGs
[2025-05-19 09:02:12,140] {logging_mixin.py:109} INFO - [2025-05-19 09:02:12,140] {dag.py:2935} INFO - Setting next_dagrun for latest_only to 2025-05-19T05:02:12.139193+00:00
[2025-05-19 09:02:12,180] {processor.py:171} INFO - Processing /home/airflow/.local/lib/python3.6/site-packages/airflow/example_dags/example_latest_only.py took 0.272 seconds
[2025-05-19 09:02:44,326] {processor.py:163} INFO - Started process (PID=1179) to work on /home/airflow/.local/lib/python3.6/site-packages/airflow/example_dags/example_latest_only.py
[2025-05-19 09:02:44,331] {processor.py:642} INFO - Processing file /home/airflow/.local/lib/python3.6/site-packages/airflow/example_dags/example_latest_only.py for tasks to queue
[2025-05-19 09:02:44,333] {logging_mixin.py:109} INFO - [2025-05-19 09:02:44,333] {dagbag.py:500} INFO - Filling up the DagBag from /home/airflow/.local/lib/python3.6/site-packages/airflow/example_dags/example_latest_only.py
[2025-05-19 09:02:44,441] {processor.py:654} INFO - DAG(s) dict_keys(['latest_only']) retrieved from /home/airflow/.local/lib/python3.6/site-packages/airflow/example_dags/example_latest_only.py
[2025-05-19 09:02:44,516] {logging_mixin.py:109} INFO - [2025-05-19 09:02:44,516] {dag.py:2396} INFO - Sync 1 DAGs
[2025-05-19 09:02:44,662] {logging_mixin.py:109} INFO - [2025-05-19 09:02:44,662] {dag.py:2935} INFO - Setting next_dagrun for latest_only to 2025-05-19T05:02:44.661500+00:00
[2025-05-19 09:02:44,896] {processor.py:171} INFO - Processing /home/airflow/.local/lib/python3.6/site-packages/airflow/example_dags/example_latest_only.py took 0.580 seconds
[2025-05-19 09:03:15,090] {processor.py:163} INFO - Started process (PID=1230) to work on /home/airflow/.local/lib/python3.6/site-packages/airflow/example_dags/example_latest_only.py
[2025-05-19 09:03:15,100] {processor.py:642} INFO - Processing file /home/airflow/.local/lib/python3.6/site-packages/airflow/example_dags/example_latest_only.py for tasks to queue
[2025-05-19 09:03:15,103] {logging_mixin.py:109} INFO - [2025-05-19 09:03:15,103] {dagbag.py:500} INFO - Filling up the DagBag from /home/airflow/.local/lib/python3.6/site-packages/airflow/example_dags/example_latest_only.py
[2025-05-19 09:03:15,190] {processor.py:654} INFO - DAG(s) dict_keys(['latest_only']) retrieved from /home/airflow/.local/lib/python3.6/site-packages/airflow/example_dags/example_latest_only.py
[2025-05-19 09:03:15,249] {logging_mixin.py:109} INFO - [2025-05-19 09:03:15,246] {dag.py:2396} INFO - Sync 1 DAGs
[2025-05-19 09:03:15,321] {logging_mixin.py:109} INFO - [2025-05-19 09:03:15,321] {dag.py:2935} INFO - Setting next_dagrun for latest_only to 2025-05-19T05:03:15.320276+00:00
[2025-05-19 09:03:15,346] {processor.py:171} INFO - Processing /home/airflow/.local/lib/python3.6/site-packages/airflow/example_dags/example_latest_only.py took 0.264 seconds
[2025-05-19 09:03:45,541] {processor.py:163} INFO - Started process (PID=1272) to work on /home/airflow/.local/lib/python3.6/site-packages/airflow/example_dags/example_latest_only.py
[2025-05-19 09:03:45,544] {processor.py:642} INFO - Processing file /home/airflow/.local/lib/python3.6/site-packages/airflow/example_dags/example_latest_only.py for tasks to queue
[2025-05-19 09:03:45,546] {logging_mixin.py:109} INFO - [2025-05-19 09:03:45,546] {dagbag.py:500} INFO - Filling up the DagBag from /home/airflow/.local/lib/python3.6/site-packages/airflow/example_dags/example_latest_only.py
[2025-05-19 09:03:45,602] {processor.py:654} INFO - DAG(s) dict_keys(['latest_only']) retrieved from /home/airflow/.local/lib/python3.6/site-packages/airflow/example_dags/example_latest_only.py
[2025-05-19 09:03:45,623] {logging_mixin.py:109} INFO - [2025-05-19 09:03:45,622] {dag.py:2396} INFO - Sync 1 DAGs
[2025-05-19 09:03:45,661] {logging_mixin.py:109} INFO - [2025-05-19 09:03:45,661] {dag.py:2935} INFO - Setting next_dagrun for latest_only to 2025-05-19T05:03:45.660891+00:00
[2025-05-19 09:03:45,683] {processor.py:171} INFO - Processing /home/airflow/.local/lib/python3.6/site-packages/airflow/example_dags/example_latest_only.py took 0.148 seconds
[2025-05-19 09:04:15,909] {processor.py:163} INFO - Started process (PID=1323) to work on /home/airflow/.local/lib/python3.6/site-packages/airflow/example_dags/example_latest_only.py
[2025-05-19 09:04:15,913] {processor.py:642} INFO - Processing file /home/airflow/.local/lib/python3.6/site-packages/airflow/example_dags/example_latest_only.py for tasks to queue
[2025-05-19 09:04:15,915] {logging_mixin.py:109} INFO - [2025-05-19 09:04:15,915] {dagbag.py:500} INFO - Filling up the DagBag from /home/airflow/.local/lib/python3.6/site-packages/airflow/example_dags/example_latest_only.py
[2025-05-19 09:04:15,992] {processor.py:654} INFO - DAG(s) dict_keys(['latest_only']) retrieved from /home/airflow/.local/lib/python3.6/site-packages/airflow/example_dags/example_latest_only.py
[2025-05-19 09:04:16,021] {logging_mixin.py:109} INFO - [2025-05-19 09:04:16,021] {dag.py:2396} INFO - Sync 1 DAGs
[2025-05-19 09:04:16,064] {logging_mixin.py:109} INFO - [2025-05-19 09:04:16,063] {dag.py:2935} INFO - Setting next_dagrun for latest_only to 2025-05-19T05:04:16.063260+00:00
[2025-05-19 09:04:16,084] {processor.py:171} INFO - Processing /home/airflow/.local/lib/python3.6/site-packages/airflow/example_dags/example_latest_only.py took 0.184 seconds
[2025-05-19 09:04:46,412] {processor.py:163} INFO - Started process (PID=1375) to work on /home/airflow/.local/lib/python3.6/site-packages/airflow/example_dags/example_latest_only.py
[2025-05-19 09:04:46,417] {processor.py:642} INFO - Processing file /home/airflow/.local/lib/python3.6/site-packages/airflow/example_dags/example_latest_only.py for tasks to queue
[2025-05-19 09:04:46,419] {logging_mixin.py:109} INFO - [2025-05-19 09:04:46,419] {dagbag.py:500} INFO - Filling up the DagBag from /home/airflow/.local/lib/python3.6/site-packages/airflow/example_dags/example_latest_only.py
[2025-05-19 09:04:46,507] {processor.py:654} INFO - DAG(s) dict_keys(['latest_only']) retrieved from /home/airflow/.local/lib/python3.6/site-packages/airflow/example_dags/example_latest_only.py
[2025-05-19 09:04:46,543] {logging_mixin.py:109} INFO - [2025-05-19 09:04:46,543] {dag.py:2396} INFO - Sync 1 DAGs
[2025-05-19 09:04:46,594] {logging_mixin.py:109} INFO - [2025-05-19 09:04:46,594] {dag.py:2935} INFO - Setting next_dagrun for latest_only to 2025-05-19T05:04:46.593833+00:00
[2025-05-19 09:04:46,623] {processor.py:171} INFO - Processing /home/airflow/.local/lib/python3.6/site-packages/airflow/example_dags/example_latest_only.py took 0.223 seconds
[2025-05-19 09:05:17,130] {processor.py:163} INFO - Started process (PID=1428) to work on /home/airflow/.local/lib/python3.6/site-packages/airflow/example_dags/example_latest_only.py
[2025-05-19 09:05:17,134] {processor.py:642} INFO - Processing file /home/airflow/.local/lib/python3.6/site-packages/airflow/example_dags/example_latest_only.py for tasks to queue
[2025-05-19 09:05:17,139] {logging_mixin.py:109} INFO - [2025-05-19 09:05:17,138] {dagbag.py:500} INFO - Filling up the DagBag from /home/airflow/.local/lib/python3.6/site-packages/airflow/example_dags/example_latest_only.py
[2025-05-19 09:05:17,235] {processor.py:654} INFO - DAG(s) dict_keys(['latest_only']) retrieved from /home/airflow/.local/lib/python3.6/site-packages/airflow/example_dags/example_latest_only.py
[2025-05-19 09:05:17,267] {logging_mixin.py:109} INFO - [2025-05-19 09:05:17,267] {dag.py:2396} INFO - Sync 1 DAGs
[2025-05-19 09:05:17,361] {logging_mixin.py:109} INFO - [2025-05-19 09:05:17,361] {dag.py:2935} INFO - Setting next_dagrun for latest_only to 2025-05-19T05:05:17.360278+00:00
[2025-05-19 09:05:17,402] {processor.py:171} INFO - Processing /home/airflow/.local/lib/python3.6/site-packages/airflow/example_dags/example_latest_only.py took 0.282 seconds
[2025-05-19 09:05:48,317] {processor.py:163} INFO - Started process (PID=1480) to work on /home/airflow/.local/lib/python3.6/site-packages/airflow/example_dags/example_latest_only.py
[2025-05-19 09:05:48,319] {processor.py:642} INFO - Processing file /home/airflow/.local/lib/python3.6/site-packages/airflow/example_dags/example_latest_only.py for tasks to queue
[2025-05-19 09:05:48,320] {logging_mixin.py:109} INFO - [2025-05-19 09:05:48,320] {dagbag.py:500} INFO - Filling up the DagBag from /home/airflow/.local/lib/python3.6/site-packages/airflow/example_dags/example_latest_only.py
[2025-05-19 09:05:48,376] {processor.py:654} INFO - DAG(s) dict_keys(['latest_only']) retrieved from /home/airflow/.local/lib/python3.6/site-packages/airflow/example_dags/example_latest_only.py
[2025-05-19 09:05:48,397] {logging_mixin.py:109} INFO - [2025-05-19 09:05:48,396] {dag.py:2396} INFO - Sync 1 DAGs
[2025-05-19 09:05:48,431] {logging_mixin.py:109} INFO - [2025-05-19 09:05:48,430] {dag.py:2935} INFO - Setting next_dagrun for latest_only to 2025-05-19T05:05:48.430321+00:00
[2025-05-19 09:05:48,450] {processor.py:171} INFO - Processing /home/airflow/.local/lib/python3.6/site-packages/airflow/example_dags/example_latest_only.py took 0.137 seconds
[2025-05-19 09:06:18,503] {processor.py:163} INFO - Started process (PID=1531) to work on /home/airflow/.local/lib/python3.6/site-packages/airflow/example_dags/example_latest_only.py
[2025-05-19 09:06:18,505] {processor.py:642} INFO - Processing file /home/airflow/.local/lib/python3.6/site-packages/airflow/example_dags/example_latest_only.py for tasks to queue
[2025-05-19 09:06:18,506] {logging_mixin.py:109} INFO - [2025-05-19 09:06:18,506] {dagbag.py:500} INFO - Filling up the DagBag from /home/airflow/.local/lib/python3.6/site-packages/airflow/example_dags/example_latest_only.py
[2025-05-19 09:06:18,550] {processor.py:654} INFO - DAG(s) dict_keys(['latest_only']) retrieved from /home/airflow/.local/lib/python3.6/site-packages/airflow/example_dags/example_latest_only.py
[2025-05-19 09:06:18,565] {logging_mixin.py:109} INFO - [2025-05-19 09:06:18,565] {dag.py:2396} INFO - Sync 1 DAGs
[2025-05-19 09:06:18,594] {logging_mixin.py:109} INFO - [2025-05-19 09:06:18,594] {dag.py:2935} INFO - Setting next_dagrun for latest_only to 2025-05-19T05:06:18.594271+00:00
[2025-05-19 09:06:18,608] {processor.py:171} INFO - Processing /home/airflow/.local/lib/python3.6/site-packages/airflow/example_dags/example_latest_only.py took 0.111 seconds
[2025-05-19 09:06:49,175] {processor.py:163} INFO - Started process (PID=1593) to work on /home/airflow/.local/lib/python3.6/site-packages/airflow/example_dags/example_latest_only.py
[2025-05-19 09:06:49,177] {processor.py:642} INFO - Processing file /home/airflow/.local/lib/python3.6/site-packages/airflow/example_dags/example_latest_only.py for tasks to queue
[2025-05-19 09:06:49,179] {logging_mixin.py:109} INFO - [2025-05-19 09:06:49,178] {dagbag.py:500} INFO - Filling up the DagBag from /home/airflow/.local/lib/python3.6/site-packages/airflow/example_dags/example_latest_only.py
[2025-05-19 09:06:49,226] {processor.py:654} INFO - DAG(s) dict_keys(['latest_only']) retrieved from /home/airflow/.local/lib/python3.6/site-packages/airflow/example_dags/example_latest_only.py
[2025-05-19 09:06:49,243] {logging_mixin.py:109} INFO - [2025-05-19 09:06:49,242] {dag.py:2396} INFO - Sync 1 DAGs
[2025-05-19 09:06:49,277] {logging_mixin.py:109} INFO - [2025-05-19 09:06:49,277] {dag.py:2935} INFO - Setting next_dagrun for latest_only to 2025-05-19T05:06:49.277089+00:00
[2025-05-19 09:06:49,294] {processor.py:171} INFO - Processing /home/airflow/.local/lib/python3.6/site-packages/airflow/example_dags/example_latest_only.py took 0.126 seconds
[2025-05-19 09:07:19,515] {processor.py:163} INFO - Started process (PID=1645) to work on /home/airflow/.local/lib/python3.6/site-packages/airflow/example_dags/example_latest_only.py
[2025-05-19 09:07:19,517] {processor.py:642} INFO - Processing file /home/airflow/.local/lib/python3.6/site-packages/airflow/example_dags/example_latest_only.py for tasks to queue
[2025-05-19 09:07:19,518] {logging_mixin.py:109} INFO - [2025-05-19 09:07:19,518] {dagbag.py:500} INFO - Filling up the DagBag from /home/airflow/.local/lib/python3.6/site-packages/airflow/example_dags/example_latest_only.py
[2025-05-19 09:07:19,557] {processor.py:654} INFO - DAG(s) dict_keys(['latest_only']) retrieved from /home/airflow/.local/lib/python3.6/site-packages/airflow/example_dags/example_latest_only.py
[2025-05-19 09:07:19,573] {logging_mixin.py:109} INFO - [2025-05-19 09:07:19,573] {dag.py:2396} INFO - Sync 1 DAGs
[2025-05-19 09:07:19,601] {logging_mixin.py:109} INFO - [2025-05-19 09:07:19,600] {dag.py:2935} INFO - Setting next_dagrun for latest_only to 2025-05-19T05:07:19.600519+00:00
[2025-05-19 09:07:19,616] {processor.py:171} INFO - Processing /home/airflow/.local/lib/python3.6/site-packages/airflow/example_dags/example_latest_only.py took 0.108 seconds
[2025-05-19 09:07:50,272] {processor.py:163} INFO - Started process (PID=1704) to work on /home/airflow/.local/lib/python3.6/site-packages/airflow/example_dags/example_latest_only.py
[2025-05-19 09:07:50,274] {processor.py:642} INFO - Processing file /home/airflow/.local/lib/python3.6/site-packages/airflow/example_dags/example_latest_only.py for tasks to queue
[2025-05-19 09:07:50,275] {logging_mixin.py:109} INFO - [2025-05-19 09:07:50,275] {dagbag.py:500} INFO - Filling up the DagBag from /home/airflow/.local/lib/python3.6/site-packages/airflow/example_dags/example_latest_only.py
[2025-05-19 09:07:50,312] {processor.py:654} INFO - DAG(s) dict_keys(['latest_only']) retrieved from /home/airflow/.local/lib/python3.6/site-packages/airflow/example_dags/example_latest_only.py
[2025-05-19 09:07:50,326] {logging_mixin.py:109} INFO - [2025-05-19 09:07:50,326] {dag.py:2396} INFO - Sync 1 DAGs
[2025-05-19 09:07:50,350] {logging_mixin.py:109} INFO - [2025-05-19 09:07:50,350] {dag.py:2935} INFO - Setting next_dagrun for latest_only to 2025-05-19T05:07:50.350058+00:00
[2025-05-19 09:07:50,362] {processor.py:171} INFO - Processing /home/airflow/.local/lib/python3.6/site-packages/airflow/example_dags/example_latest_only.py took 0.095 seconds
[2025-05-19 09:08:20,495] {processor.py:163} INFO - Started process (PID=1759) to work on /home/airflow/.local/lib/python3.6/site-packages/airflow/example_dags/example_latest_only.py
[2025-05-19 09:08:20,496] {processor.py:642} INFO - Processing file /home/airflow/.local/lib/python3.6/site-packages/airflow/example_dags/example_latest_only.py for tasks to queue
[2025-05-19 09:08:20,497] {logging_mixin.py:109} INFO - [2025-05-19 09:08:20,497] {dagbag.py:500} INFO - Filling up the DagBag from /home/airflow/.local/lib/python3.6/site-packages/airflow/example_dags/example_latest_only.py
[2025-05-19 09:08:20,526] {processor.py:654} INFO - DAG(s) dict_keys(['latest_only']) retrieved from /home/airflow/.local/lib/python3.6/site-packages/airflow/example_dags/example_latest_only.py
[2025-05-19 09:08:20,538] {logging_mixin.py:109} INFO - [2025-05-19 09:08:20,538] {dag.py:2396} INFO - Sync 1 DAGs
[2025-05-19 09:08:20,557] {logging_mixin.py:109} INFO - [2025-05-19 09:08:20,557] {dag.py:2935} INFO - Setting next_dagrun for latest_only to 2025-05-19T05:08:20.556792+00:00
[2025-05-19 09:08:20,569] {processor.py:171} INFO - Processing /home/airflow/.local/lib/python3.6/site-packages/airflow/example_dags/example_latest_only.py took 0.078 seconds
[2025-05-19 09:08:51,263] {processor.py:163} INFO - Started process (PID=1820) to work on /home/airflow/.local/lib/python3.6/site-packages/airflow/example_dags/example_latest_only.py
[2025-05-19 09:08:51,266] {processor.py:642} INFO - Processing file /home/airflow/.local/lib/python3.6/site-packages/airflow/example_dags/example_latest_only.py for tasks to queue
[2025-05-19 09:08:51,267] {logging_mixin.py:109} INFO - [2025-05-19 09:08:51,267] {dagbag.py:500} INFO - Filling up the DagBag from /home/airflow/.local/lib/python3.6/site-packages/airflow/example_dags/example_latest_only.py
[2025-05-19 09:08:51,305] {processor.py:654} INFO - DAG(s) dict_keys(['latest_only']) retrieved from /home/airflow/.local/lib/python3.6/site-packages/airflow/example_dags/example_latest_only.py
[2025-05-19 09:08:51,320] {logging_mixin.py:109} INFO - [2025-05-19 09:08:51,320] {dag.py:2396} INFO - Sync 1 DAGs
[2025-05-19 09:08:51,346] {logging_mixin.py:109} INFO - [2025-05-19 09:08:51,346] {dag.py:2935} INFO - Setting next_dagrun for latest_only to 2025-05-19T05:08:51.346396+00:00
[2025-05-19 09:08:51,361] {processor.py:171} INFO - Processing /home/airflow/.local/lib/python3.6/site-packages/airflow/example_dags/example_latest_only.py took 0.102 seconds
[2025-05-19 09:09:21,959] {processor.py:163} INFO - Started process (PID=1873) to work on /home/airflow/.local/lib/python3.6/site-packages/airflow/example_dags/example_latest_only.py
[2025-05-19 09:09:21,960] {processor.py:642} INFO - Processing file /home/airflow/.local/lib/python3.6/site-packages/airflow/example_dags/example_latest_only.py for tasks to queue
[2025-05-19 09:09:21,961] {logging_mixin.py:109} INFO - [2025-05-19 09:09:21,961] {dagbag.py:500} INFO - Filling up the DagBag from /home/airflow/.local/lib/python3.6/site-packages/airflow/example_dags/example_latest_only.py
[2025-05-19 09:09:21,990] {processor.py:654} INFO - DAG(s) dict_keys(['latest_only']) retrieved from /home/airflow/.local/lib/python3.6/site-packages/airflow/example_dags/example_latest_only.py
[2025-05-19 09:09:22,001] {logging_mixin.py:109} INFO - [2025-05-19 09:09:22,001] {dag.py:2396} INFO - Sync 1 DAGs
[2025-05-19 09:09:22,022] {logging_mixin.py:109} INFO - [2025-05-19 09:09:22,021] {dag.py:2935} INFO - Setting next_dagrun for latest_only to 2025-05-19T05:09:22.021600+00:00
[2025-05-19 09:09:22,033] {processor.py:171} INFO - Processing /home/airflow/.local/lib/python3.6/site-packages/airflow/example_dags/example_latest_only.py took 0.078 seconds
[2025-05-19 09:09:52,136] {processor.py:163} INFO - Started process (PID=1925) to work on /home/airflow/.local/lib/python3.6/site-packages/airflow/example_dags/example_latest_only.py
[2025-05-19 09:09:52,138] {processor.py:642} INFO - Processing file /home/airflow/.local/lib/python3.6/site-packages/airflow/example_dags/example_latest_only.py for tasks to queue
[2025-05-19 09:09:52,139] {logging_mixin.py:109} INFO - [2025-05-19 09:09:52,139] {dagbag.py:500} INFO - Filling up the DagBag from /home/airflow/.local/lib/python3.6/site-packages/airflow/example_dags/example_latest_only.py
[2025-05-19 09:09:52,174] {processor.py:654} INFO - DAG(s) dict_keys(['latest_only']) retrieved from /home/airflow/.local/lib/python3.6/site-packages/airflow/example_dags/example_latest_only.py
[2025-05-19 09:09:52,187] {logging_mixin.py:109} INFO - [2025-05-19 09:09:52,187] {dag.py:2396} INFO - Sync 1 DAGs
[2025-05-19 09:09:52,209] {logging_mixin.py:109} INFO - [2025-05-19 09:09:52,209] {dag.py:2935} INFO - Setting next_dagrun for latest_only to 2025-05-19T05:09:52.209402+00:00
[2025-05-19 09:09:52,222] {processor.py:171} INFO - Processing /home/airflow/.local/lib/python3.6/site-packages/airflow/example_dags/example_latest_only.py took 0.091 seconds
[2025-05-19 09:10:22,638] {processor.py:163} INFO - Started process (PID=1977) to work on /home/airflow/.local/lib/python3.6/site-packages/airflow/example_dags/example_latest_only.py
[2025-05-19 09:10:22,639] {processor.py:642} INFO - Processing file /home/airflow/.local/lib/python3.6/site-packages/airflow/example_dags/example_latest_only.py for tasks to queue
[2025-05-19 09:10:22,641] {logging_mixin.py:109} INFO - [2025-05-19 09:10:22,640] {dagbag.py:500} INFO - Filling up the DagBag from /home/airflow/.local/lib/python3.6/site-packages/airflow/example_dags/example_latest_only.py
[2025-05-19 09:10:22,679] {processor.py:654} INFO - DAG(s) dict_keys(['latest_only']) retrieved from /home/airflow/.local/lib/python3.6/site-packages/airflow/example_dags/example_latest_only.py
[2025-05-19 09:10:22,693] {logging_mixin.py:109} INFO - [2025-05-19 09:10:22,693] {dag.py:2396} INFO - Sync 1 DAGs
[2025-05-19 09:10:22,719] {logging_mixin.py:109} INFO - [2025-05-19 09:10:22,719] {dag.py:2935} INFO - Setting next_dagrun for latest_only to 2025-05-19T05:10:22.719061+00:00
[2025-05-19 09:10:22,734] {processor.py:171} INFO - Processing /home/airflow/.local/lib/python3.6/site-packages/airflow/example_dags/example_latest_only.py took 0.101 seconds
[2025-05-19 09:10:52,835] {processor.py:163} INFO - Started process (PID=2029) to work on /home/airflow/.local/lib/python3.6/site-packages/airflow/example_dags/example_latest_only.py
[2025-05-19 09:10:52,838] {processor.py:642} INFO - Processing file /home/airflow/.local/lib/python3.6/site-packages/airflow/example_dags/example_latest_only.py for tasks to queue
[2025-05-19 09:10:52,840] {logging_mixin.py:109} INFO - [2025-05-19 09:10:52,840] {dagbag.py:500} INFO - Filling up the DagBag from /home/airflow/.local/lib/python3.6/site-packages/airflow/example_dags/example_latest_only.py
[2025-05-19 09:10:52,873] {processor.py:654} INFO - DAG(s) dict_keys(['latest_only']) retrieved from /home/airflow/.local/lib/python3.6/site-packages/airflow/example_dags/example_latest_only.py
[2025-05-19 09:10:52,886] {logging_mixin.py:109} INFO - [2025-05-19 09:10:52,886] {dag.py:2396} INFO - Sync 1 DAGs
[2025-05-19 09:10:52,911] {logging_mixin.py:109} INFO - [2025-05-19 09:10:52,911] {dag.py:2935} INFO - Setting next_dagrun for latest_only to 2025-05-19T05:10:52.911151+00:00
[2025-05-19 09:10:52,924] {processor.py:171} INFO - Processing /home/airflow/.local/lib/python3.6/site-packages/airflow/example_dags/example_latest_only.py took 0.094 seconds
[2025-05-19 09:11:23,066] {processor.py:163} INFO - Started process (PID=2092) to work on /home/airflow/.local/lib/python3.6/site-packages/airflow/example_dags/example_latest_only.py
[2025-05-19 09:11:23,070] {processor.py:642} INFO - Processing file /home/airflow/.local/lib/python3.6/site-packages/airflow/example_dags/example_latest_only.py for tasks to queue
[2025-05-19 09:11:23,072] {logging_mixin.py:109} INFO - [2025-05-19 09:11:23,072] {dagbag.py:500} INFO - Filling up the DagBag from /home/airflow/.local/lib/python3.6/site-packages/airflow/example_dags/example_latest_only.py
[2025-05-19 09:11:23,147] {processor.py:654} INFO - DAG(s) dict_keys(['latest_only']) retrieved from /home/airflow/.local/lib/python3.6/site-packages/airflow/example_dags/example_latest_only.py
[2025-05-19 09:11:23,184] {logging_mixin.py:109} INFO - [2025-05-19 09:11:23,183] {dag.py:2396} INFO - Sync 1 DAGs
[2025-05-19 09:11:23,251] {logging_mixin.py:109} INFO - [2025-05-19 09:11:23,251] {dag.py:2935} INFO - Setting next_dagrun for latest_only to 2025-05-19T05:11:23.250821+00:00
[2025-05-19 09:11:23,279] {processor.py:171} INFO - Processing /home/airflow/.local/lib/python3.6/site-packages/airflow/example_dags/example_latest_only.py took 0.232 seconds
[2025-05-19 09:11:53,752] {processor.py:163} INFO - Started process (PID=2144) to work on /home/airflow/.local/lib/python3.6/site-packages/airflow/example_dags/example_latest_only.py
[2025-05-19 09:11:53,754] {processor.py:642} INFO - Processing file /home/airflow/.local/lib/python3.6/site-packages/airflow/example_dags/example_latest_only.py for tasks to queue
[2025-05-19 09:11:53,755] {logging_mixin.py:109} INFO - [2025-05-19 09:11:53,755] {dagbag.py:500} INFO - Filling up the DagBag from /home/airflow/.local/lib/python3.6/site-packages/airflow/example_dags/example_latest_only.py
[2025-05-19 09:11:53,801] {processor.py:654} INFO - DAG(s) dict_keys(['latest_only']) retrieved from /home/airflow/.local/lib/python3.6/site-packages/airflow/example_dags/example_latest_only.py
[2025-05-19 09:11:53,832] {logging_mixin.py:109} INFO - [2025-05-19 09:11:53,832] {dag.py:2396} INFO - Sync 1 DAGs
[2025-05-19 09:11:53,864] {logging_mixin.py:109} INFO - [2025-05-19 09:11:53,864] {dag.py:2935} INFO - Setting next_dagrun for latest_only to 2025-05-19T05:11:53.864388+00:00
[2025-05-19 09:11:53,879] {processor.py:171} INFO - Processing /home/airflow/.local/lib/python3.6/site-packages/airflow/example_dags/example_latest_only.py took 0.133 seconds
[2025-05-19 09:12:24,592] {processor.py:163} INFO - Started process (PID=2196) to work on /home/airflow/.local/lib/python3.6/site-packages/airflow/example_dags/example_latest_only.py
[2025-05-19 09:12:24,594] {processor.py:642} INFO - Processing file /home/airflow/.local/lib/python3.6/site-packages/airflow/example_dags/example_latest_only.py for tasks to queue
[2025-05-19 09:12:24,596] {logging_mixin.py:109} INFO - [2025-05-19 09:12:24,596] {dagbag.py:500} INFO - Filling up the DagBag from /home/airflow/.local/lib/python3.6/site-packages/airflow/example_dags/example_latest_only.py
[2025-05-19 09:12:24,645] {processor.py:654} INFO - DAG(s) dict_keys(['latest_only']) retrieved from /home/airflow/.local/lib/python3.6/site-packages/airflow/example_dags/example_latest_only.py
[2025-05-19 09:12:24,669] {logging_mixin.py:109} INFO - [2025-05-19 09:12:24,669] {dag.py:2396} INFO - Sync 1 DAGs
[2025-05-19 09:12:24,705] {logging_mixin.py:109} INFO - [2025-05-19 09:12:24,705] {dag.py:2935} INFO - Setting next_dagrun for latest_only to 2025-05-19T05:12:24.705148+00:00
[2025-05-19 09:12:24,724] {processor.py:171} INFO - Processing /home/airflow/.local/lib/python3.6/site-packages/airflow/example_dags/example_latest_only.py took 0.140 seconds
[2025-05-19 09:12:55,199] {processor.py:163} INFO - Started process (PID=2248) to work on /home/airflow/.local/lib/python3.6/site-packages/airflow/example_dags/example_latest_only.py
[2025-05-19 09:12:55,208] {processor.py:642} INFO - Processing file /home/airflow/.local/lib/python3.6/site-packages/airflow/example_dags/example_latest_only.py for tasks to queue
[2025-05-19 09:12:55,210] {logging_mixin.py:109} INFO - [2025-05-19 09:12:55,210] {dagbag.py:500} INFO - Filling up the DagBag from /home/airflow/.local/lib/python3.6/site-packages/airflow/example_dags/example_latest_only.py
[2025-05-19 09:12:55,313] {processor.py:654} INFO - DAG(s) dict_keys(['latest_only']) retrieved from /home/airflow/.local/lib/python3.6/site-packages/airflow/example_dags/example_latest_only.py
[2025-05-19 09:12:55,342] {logging_mixin.py:109} INFO - [2025-05-19 09:12:55,341] {dag.py:2396} INFO - Sync 1 DAGs
[2025-05-19 09:12:55,393] {logging_mixin.py:109} INFO - [2025-05-19 09:12:55,393] {dag.py:2935} INFO - Setting next_dagrun for latest_only to 2025-05-19T05:12:55.392783+00:00
[2025-05-19 09:12:55,416] {processor.py:171} INFO - Processing /home/airflow/.local/lib/python3.6/site-packages/airflow/example_dags/example_latest_only.py took 0.226 seconds
[2025-05-19 09:13:25,738] {processor.py:163} INFO - Started process (PID=2299) to work on /home/airflow/.local/lib/python3.6/site-packages/airflow/example_dags/example_latest_only.py
[2025-05-19 09:13:25,742] {processor.py:642} INFO - Processing file /home/airflow/.local/lib/python3.6/site-packages/airflow/example_dags/example_latest_only.py for tasks to queue
[2025-05-19 09:13:25,748] {logging_mixin.py:109} INFO - [2025-05-19 09:13:25,748] {dagbag.py:500} INFO - Filling up the DagBag from /home/airflow/.local/lib/python3.6/site-packages/airflow/example_dags/example_latest_only.py
[2025-05-19 09:13:25,876] {processor.py:654} INFO - DAG(s) dict_keys(['latest_only']) retrieved from /home/airflow/.local/lib/python3.6/site-packages/airflow/example_dags/example_latest_only.py
[2025-05-19 09:13:25,917] {logging_mixin.py:109} INFO - [2025-05-19 09:13:25,916] {dag.py:2396} INFO - Sync 1 DAGs
[2025-05-19 09:13:26,014] {logging_mixin.py:109} INFO - [2025-05-19 09:13:26,014] {dag.py:2935} INFO - Setting next_dagrun for latest_only to 2025-05-19T05:13:26.012922+00:00
[2025-05-19 09:13:26,048] {processor.py:171} INFO - Processing /home/airflow/.local/lib/python3.6/site-packages/airflow/example_dags/example_latest_only.py took 0.328 seconds
[2025-05-19 09:13:56,461] {processor.py:163} INFO - Started process (PID=2351) to work on /home/airflow/.local/lib/python3.6/site-packages/airflow/example_dags/example_latest_only.py
[2025-05-19 09:13:55,890] {processor.py:642} INFO - Processing file /home/airflow/.local/lib/python3.6/site-packages/airflow/example_dags/example_latest_only.py for tasks to queue
[2025-05-19 09:13:55,893] {logging_mixin.py:109} INFO - [2025-05-19 09:13:55,893] {dagbag.py:500} INFO - Filling up the DagBag from /home/airflow/.local/lib/python3.6/site-packages/airflow/example_dags/example_latest_only.py
[2025-05-19 09:13:54,703] {processor.py:654} INFO - DAG(s) dict_keys(['latest_only']) retrieved from /home/airflow/.local/lib/python3.6/site-packages/airflow/example_dags/example_latest_only.py
[2025-05-19 09:13:54,729] {logging_mixin.py:109} INFO - [2025-05-19 09:13:54,729] {dag.py:2396} INFO - Sync 1 DAGs
[2025-05-19 09:13:54,775] {logging_mixin.py:109} INFO - [2025-05-19 09:13:54,775] {dag.py:2935} INFO - Setting next_dagrun for latest_only to 2025-05-19T05:13:54.774635+00:00
[2025-05-19 09:13:54,798] {processor.py:171} INFO - Processing /home/airflow/.local/lib/python3.6/site-packages/airflow/example_dags/example_latest_only.py took 0.184 seconds
[2025-05-19 09:14:25,701] {processor.py:163} INFO - Started process (PID=2400) to work on /home/airflow/.local/lib/python3.6/site-packages/airflow/example_dags/example_latest_only.py
[2025-05-19 09:14:25,703] {processor.py:642} INFO - Processing file /home/airflow/.local/lib/python3.6/site-packages/airflow/example_dags/example_latest_only.py for tasks to queue
[2025-05-19 09:14:25,705] {logging_mixin.py:109} INFO - [2025-05-19 09:14:25,705] {dagbag.py:500} INFO - Filling up the DagBag from /home/airflow/.local/lib/python3.6/site-packages/airflow/example_dags/example_latest_only.py
[2025-05-19 09:14:25,767] {processor.py:654} INFO - DAG(s) dict_keys(['latest_only']) retrieved from /home/airflow/.local/lib/python3.6/site-packages/airflow/example_dags/example_latest_only.py
[2025-05-19 09:14:25,791] {logging_mixin.py:109} INFO - [2025-05-19 09:14:25,790] {dag.py:2396} INFO - Sync 1 DAGs
[2025-05-19 09:14:25,827] {logging_mixin.py:109} INFO - [2025-05-19 09:14:25,827] {dag.py:2935} INFO - Setting next_dagrun for latest_only to 2025-05-19T05:14:25.827011+00:00
[2025-05-19 09:14:25,848] {processor.py:171} INFO - Processing /home/airflow/.local/lib/python3.6/site-packages/airflow/example_dags/example_latest_only.py took 0.155 seconds
[2025-05-19 19:33:57,113] {processor.py:163} INFO - Started process (PID=72) to work on /home/airflow/.local/lib/python3.6/site-packages/airflow/example_dags/example_latest_only.py
[2025-05-19 19:33:57,120] {processor.py:642} INFO - Processing file /home/airflow/.local/lib/python3.6/site-packages/airflow/example_dags/example_latest_only.py for tasks to queue
[2025-05-19 19:33:57,123] {logging_mixin.py:109} INFO - [2025-05-19 19:33:57,122] {dagbag.py:500} INFO - Filling up the DagBag from /home/airflow/.local/lib/python3.6/site-packages/airflow/example_dags/example_latest_only.py
[2025-05-19 19:33:57,016] {processor.py:654} INFO - DAG(s) dict_keys(['latest_only']) retrieved from /home/airflow/.local/lib/python3.6/site-packages/airflow/example_dags/example_latest_only.py
[2025-05-19 19:33:57,065] {logging_mixin.py:109} INFO - [2025-05-19 19:33:57,065] {dag.py:2396} INFO - Sync 1 DAGs
[2025-05-19 19:33:57,118] {logging_mixin.py:109} INFO - [2025-05-19 19:33:57,118] {dag.py:2935} INFO - Setting next_dagrun for latest_only to 2025-05-19T15:33:57.117825+00:00
[2025-05-19 19:33:57,146] {processor.py:171} INFO - Processing /home/airflow/.local/lib/python3.6/site-packages/airflow/example_dags/example_latest_only.py took 0.525 seconds
[2025-05-19 19:34:32,421] {processor.py:163} INFO - Started process (PID=124) to work on /home/airflow/.local/lib/python3.6/site-packages/airflow/example_dags/example_latest_only.py
[2025-05-19 19:34:32,440] {processor.py:642} INFO - Processing file /home/airflow/.local/lib/python3.6/site-packages/airflow/example_dags/example_latest_only.py for tasks to queue
[2025-05-19 19:34:32,445] {logging_mixin.py:109} INFO - [2025-05-19 19:34:32,444] {dagbag.py:500} INFO - Filling up the DagBag from /home/airflow/.local/lib/python3.6/site-packages/airflow/example_dags/example_latest_only.py
[2025-05-19 19:34:32,604] {processor.py:654} INFO - DAG(s) dict_keys(['latest_only']) retrieved from /home/airflow/.local/lib/python3.6/site-packages/airflow/example_dags/example_latest_only.py
[2025-05-19 19:34:32,674] {logging_mixin.py:109} INFO - [2025-05-19 19:34:32,674] {dag.py:2396} INFO - Sync 1 DAGs
[2025-05-19 19:34:32,768] {logging_mixin.py:109} INFO - [2025-05-19 19:34:32,767] {dag.py:2935} INFO - Setting next_dagrun for latest_only to 2025-05-19T15:34:32.766954+00:00
[2025-05-19 19:34:32,882] {processor.py:171} INFO - Processing /home/airflow/.local/lib/python3.6/site-packages/airflow/example_dags/example_latest_only.py took 0.477 seconds
[2025-05-19 19:35:03,021] {processor.py:163} INFO - Started process (PID=178) to work on /home/airflow/.local/lib/python3.6/site-packages/airflow/example_dags/example_latest_only.py
[2025-05-19 19:35:03,024] {processor.py:642} INFO - Processing file /home/airflow/.local/lib/python3.6/site-packages/airflow/example_dags/example_latest_only.py for tasks to queue
[2025-05-19 19:35:03,026] {logging_mixin.py:109} INFO - [2025-05-19 19:35:03,026] {dagbag.py:500} INFO - Filling up the DagBag from /home/airflow/.local/lib/python3.6/site-packages/airflow/example_dags/example_latest_only.py
[2025-05-19 19:35:03,140] {processor.py:654} INFO - DAG(s) dict_keys(['latest_only']) retrieved from /home/airflow/.local/lib/python3.6/site-packages/airflow/example_dags/example_latest_only.py
[2025-05-19 19:35:03,175] {logging_mixin.py:109} INFO - [2025-05-19 19:35:03,175] {dag.py:2396} INFO - Sync 1 DAGs
[2025-05-19 19:35:03,243] {logging_mixin.py:109} INFO - [2025-05-19 19:35:03,243] {dag.py:2935} INFO - Setting next_dagrun for latest_only to 2025-05-19T15:35:03.242120+00:00
[2025-05-19 19:35:03,273] {processor.py:171} INFO - Processing /home/airflow/.local/lib/python3.6/site-packages/airflow/example_dags/example_latest_only.py took 0.269 seconds
[2025-05-19 19:35:33,646] {processor.py:163} INFO - Started process (PID=220) to work on /home/airflow/.local/lib/python3.6/site-packages/airflow/example_dags/example_latest_only.py
[2025-05-19 19:35:33,649] {processor.py:642} INFO - Processing file /home/airflow/.local/lib/python3.6/site-packages/airflow/example_dags/example_latest_only.py for tasks to queue
[2025-05-19 19:35:33,652] {logging_mixin.py:109} INFO - [2025-05-19 19:35:33,652] {dagbag.py:500} INFO - Filling up the DagBag from /home/airflow/.local/lib/python3.6/site-packages/airflow/example_dags/example_latest_only.py
[2025-05-19 19:35:33,710] {processor.py:654} INFO - DAG(s) dict_keys(['latest_only']) retrieved from /home/airflow/.local/lib/python3.6/site-packages/airflow/example_dags/example_latest_only.py
[2025-05-19 19:35:33,733] {logging_mixin.py:109} INFO - [2025-05-19 19:35:33,733] {dag.py:2396} INFO - Sync 1 DAGs
[2025-05-19 19:35:33,774] {logging_mixin.py:109} INFO - [2025-05-19 19:35:33,774] {dag.py:2935} INFO - Setting next_dagrun for latest_only to 2025-05-19T15:35:33.773863+00:00
[2025-05-19 19:35:33,795] {processor.py:171} INFO - Processing /home/airflow/.local/lib/python3.6/site-packages/airflow/example_dags/example_latest_only.py took 0.157 seconds
[2025-05-19 19:36:03,927] {processor.py:163} INFO - Started process (PID=271) to work on /home/airflow/.local/lib/python3.6/site-packages/airflow/example_dags/example_latest_only.py
[2025-05-19 19:36:03,929] {processor.py:642} INFO - Processing file /home/airflow/.local/lib/python3.6/site-packages/airflow/example_dags/example_latest_only.py for tasks to queue
[2025-05-19 19:36:03,930] {logging_mixin.py:109} INFO - [2025-05-19 19:36:03,930] {dagbag.py:500} INFO - Filling up the DagBag from /home/airflow/.local/lib/python3.6/site-packages/airflow/example_dags/example_latest_only.py
[2025-05-19 19:36:03,968] {processor.py:654} INFO - DAG(s) dict_keys(['latest_only']) retrieved from /home/airflow/.local/lib/python3.6/site-packages/airflow/example_dags/example_latest_only.py
[2025-05-19 19:36:03,984] {logging_mixin.py:109} INFO - [2025-05-19 19:36:03,984] {dag.py:2396} INFO - Sync 1 DAGs
[2025-05-19 19:36:04,016] {logging_mixin.py:109} INFO - [2025-05-19 19:36:04,016] {dag.py:2935} INFO - Setting next_dagrun for latest_only to 2025-05-19T15:36:04.015610+00:00
[2025-05-19 19:36:04,031] {processor.py:171} INFO - Processing /home/airflow/.local/lib/python3.6/site-packages/airflow/example_dags/example_latest_only.py took 0.110 seconds
[2025-05-19 19:36:34,417] {processor.py:163} INFO - Started process (PID=333) to work on /home/airflow/.local/lib/python3.6/site-packages/airflow/example_dags/example_latest_only.py
[2025-05-19 19:36:34,423] {processor.py:642} INFO - Processing file /home/airflow/.local/lib/python3.6/site-packages/airflow/example_dags/example_latest_only.py for tasks to queue
[2025-05-19 19:36:34,425] {logging_mixin.py:109} INFO - [2025-05-19 19:36:34,424] {dagbag.py:500} INFO - Filling up the DagBag from /home/airflow/.local/lib/python3.6/site-packages/airflow/example_dags/example_latest_only.py
[2025-05-19 19:36:34,494] {processor.py:654} INFO - DAG(s) dict_keys(['latest_only']) retrieved from /home/airflow/.local/lib/python3.6/site-packages/airflow/example_dags/example_latest_only.py
[2025-05-19 19:36:34,526] {logging_mixin.py:109} INFO - [2025-05-19 19:36:34,525] {dag.py:2396} INFO - Sync 1 DAGs
[2025-05-19 19:36:34,572] {logging_mixin.py:109} INFO - [2025-05-19 19:36:34,572] {dag.py:2935} INFO - Setting next_dagrun for latest_only to 2025-05-19T15:36:34.571597+00:00
[2025-05-19 19:36:34,593] {processor.py:171} INFO - Processing /home/airflow/.local/lib/python3.6/site-packages/airflow/example_dags/example_latest_only.py took 0.187 seconds
[2025-05-19 19:37:04,733] {processor.py:163} INFO - Started process (PID=387) to work on /home/airflow/.local/lib/python3.6/site-packages/airflow/example_dags/example_latest_only.py
[2025-05-19 19:37:04,735] {processor.py:642} INFO - Processing file /home/airflow/.local/lib/python3.6/site-packages/airflow/example_dags/example_latest_only.py for tasks to queue
[2025-05-19 19:37:04,737] {logging_mixin.py:109} INFO - [2025-05-19 19:37:04,737] {dagbag.py:500} INFO - Filling up the DagBag from /home/airflow/.local/lib/python3.6/site-packages/airflow/example_dags/example_latest_only.py
[2025-05-19 19:37:04,813] {processor.py:654} INFO - DAG(s) dict_keys(['latest_only']) retrieved from /home/airflow/.local/lib/python3.6/site-packages/airflow/example_dags/example_latest_only.py
[2025-05-19 19:37:04,851] {logging_mixin.py:109} INFO - [2025-05-19 19:37:04,851] {dag.py:2396} INFO - Sync 1 DAGs
[2025-05-19 19:37:04,906] {logging_mixin.py:109} INFO - [2025-05-19 19:37:04,905] {dag.py:2935} INFO - Setting next_dagrun for latest_only to 2025-05-19T15:37:04.904900+00:00
[2025-05-19 19:37:04,934] {processor.py:171} INFO - Processing /home/airflow/.local/lib/python3.6/site-packages/airflow/example_dags/example_latest_only.py took 0.206 seconds
