[2025-05-19 08:54:16,527] {processor.py:163} INFO - Started process (PID=313) to work on /home/airflow/.local/lib/python3.6/site-packages/airflow/example_dags/example_complex.py
[2025-05-19 08:54:16,532] {processor.py:642} INFO - Processing file /home/airflow/.local/lib/python3.6/site-packages/airflow/example_dags/example_complex.py for tasks to queue
[2025-05-19 08:54:16,541] {logging_mixin.py:109} INFO - [2025-05-19 08:54:16,540] {dagbag.py:500} INFO - Filling up the DagBag from /home/airflow/.local/lib/python3.6/site-packages/airflow/example_dags/example_complex.py
[2025-05-19 08:54:16,872] {processor.py:654} INFO - DAG(s) dict_keys(['example_complex']) retrieved from /home/airflow/.local/lib/python3.6/site-packages/airflow/example_dags/example_complex.py
[2025-05-19 08:54:28,881] {logging_mixin.py:109} INFO - [2025-05-19 08:54:28,880] {manager.py:496} INFO - Created Permission View: can read on DAG:example_complex
[2025-05-19 08:54:28,918] {logging_mixin.py:109} INFO - [2025-05-19 08:54:28,918] {manager.py:496} INFO - Created Permission View: can edit on DAG:example_complex
[2025-05-19 08:54:28,924] {logging_mixin.py:109} INFO - [2025-05-19 08:54:28,921] {dag.py:2396} INFO - Sync 1 DAGs
[2025-05-19 08:54:29,002] {logging_mixin.py:109} INFO - [2025-05-19 08:54:28,996] {dag.py:2415} INFO - Creating ORM DAG for example_complex
[2025-05-19 08:54:29,068] {logging_mixin.py:109} INFO - [2025-05-19 08:54:29,068] {dag.py:2935} INFO - Setting next_dagrun for example_complex to None
[2025-05-19 08:54:29,165] {processor.py:171} INFO - Processing /home/airflow/.local/lib/python3.6/site-packages/airflow/example_dags/example_complex.py took 12.654 seconds
[2025-05-19 08:55:26,938] {processor.py:163} INFO - Started process (PID=462) to work on /home/airflow/.local/lib/python3.6/site-packages/airflow/example_dags/example_complex.py
[2025-05-19 08:55:26,947] {processor.py:642} INFO - Processing file /home/airflow/.local/lib/python3.6/site-packages/airflow/example_dags/example_complex.py for tasks to queue
[2025-05-19 08:55:26,954] {logging_mixin.py:109} INFO - [2025-05-19 08:55:26,954] {dagbag.py:500} INFO - Filling up the DagBag from /home/airflow/.local/lib/python3.6/site-packages/airflow/example_dags/example_complex.py
[2025-05-19 08:55:27,293] {processor.py:654} INFO - DAG(s) dict_keys(['example_complex']) retrieved from /home/airflow/.local/lib/python3.6/site-packages/airflow/example_dags/example_complex.py
[2025-05-19 08:55:27,440] {logging_mixin.py:109} INFO - [2025-05-19 08:55:27,439] {dag.py:2396} INFO - Sync 1 DAGs
[2025-05-19 08:55:27,544] {logging_mixin.py:109} INFO - [2025-05-19 08:55:27,544] {dag.py:2935} INFO - Setting next_dagrun for example_complex to None
[2025-05-19 08:55:27,609] {processor.py:171} INFO - Processing /home/airflow/.local/lib/python3.6/site-packages/airflow/example_dags/example_complex.py took 0.683 seconds
[2025-05-19 08:55:59,848] {processor.py:163} INFO - Started process (PID=505) to work on /home/airflow/.local/lib/python3.6/site-packages/airflow/example_dags/example_complex.py
[2025-05-19 08:55:59,863] {processor.py:642} INFO - Processing file /home/airflow/.local/lib/python3.6/site-packages/airflow/example_dags/example_complex.py for tasks to queue
[2025-05-19 08:55:59,878] {logging_mixin.py:109} INFO - [2025-05-19 08:55:59,875] {dagbag.py:500} INFO - Filling up the DagBag from /home/airflow/.local/lib/python3.6/site-packages/airflow/example_dags/example_complex.py
[2025-05-19 08:56:00,049] {processor.py:654} INFO - DAG(s) dict_keys(['example_complex']) retrieved from /home/airflow/.local/lib/python3.6/site-packages/airflow/example_dags/example_complex.py
[2025-05-19 08:56:00,156] {logging_mixin.py:109} INFO - [2025-05-19 08:56:00,155] {dag.py:2396} INFO - Sync 1 DAGs
[2025-05-19 08:56:00,246] {logging_mixin.py:109} INFO - [2025-05-19 08:56:00,246] {dag.py:2935} INFO - Setting next_dagrun for example_complex to None
[2025-05-19 08:56:00,284] {processor.py:171} INFO - Processing /home/airflow/.local/lib/python3.6/site-packages/airflow/example_dags/example_complex.py took 0.453 seconds
[2025-05-19 08:56:30,754] {processor.py:163} INFO - Started process (PID=557) to work on /home/airflow/.local/lib/python3.6/site-packages/airflow/example_dags/example_complex.py
[2025-05-19 08:56:30,759] {processor.py:642} INFO - Processing file /home/airflow/.local/lib/python3.6/site-packages/airflow/example_dags/example_complex.py for tasks to queue
[2025-05-19 08:56:30,761] {logging_mixin.py:109} INFO - [2025-05-19 08:56:30,761] {dagbag.py:500} INFO - Filling up the DagBag from /home/airflow/.local/lib/python3.6/site-packages/airflow/example_dags/example_complex.py
[2025-05-19 08:56:30,898] {processor.py:654} INFO - DAG(s) dict_keys(['example_complex']) retrieved from /home/airflow/.local/lib/python3.6/site-packages/airflow/example_dags/example_complex.py
[2025-05-19 08:56:30,945] {logging_mixin.py:109} INFO - [2025-05-19 08:56:30,944] {dag.py:2396} INFO - Sync 1 DAGs
[2025-05-19 08:56:31,023] {logging_mixin.py:109} INFO - [2025-05-19 08:56:31,023] {dag.py:2935} INFO - Setting next_dagrun for example_complex to None
[2025-05-19 08:56:31,073] {processor.py:171} INFO - Processing /home/airflow/.local/lib/python3.6/site-packages/airflow/example_dags/example_complex.py took 0.329 seconds
[2025-05-19 08:57:01,242] {processor.py:163} INFO - Started process (PID=609) to work on /home/airflow/.local/lib/python3.6/site-packages/airflow/example_dags/example_complex.py
[2025-05-19 08:57:01,245] {processor.py:642} INFO - Processing file /home/airflow/.local/lib/python3.6/site-packages/airflow/example_dags/example_complex.py for tasks to queue
[2025-05-19 08:57:01,246] {logging_mixin.py:109} INFO - [2025-05-19 08:57:01,246] {dagbag.py:500} INFO - Filling up the DagBag from /home/airflow/.local/lib/python3.6/site-packages/airflow/example_dags/example_complex.py
[2025-05-19 08:57:01,328] {processor.py:654} INFO - DAG(s) dict_keys(['example_complex']) retrieved from /home/airflow/.local/lib/python3.6/site-packages/airflow/example_dags/example_complex.py
[2025-05-19 08:57:01,357] {logging_mixin.py:109} INFO - [2025-05-19 08:57:01,357] {dag.py:2396} INFO - Sync 1 DAGs
[2025-05-19 08:57:01,394] {logging_mixin.py:109} INFO - [2025-05-19 08:57:01,394] {dag.py:2935} INFO - Setting next_dagrun for example_complex to None
[2025-05-19 08:57:01,412] {processor.py:171} INFO - Processing /home/airflow/.local/lib/python3.6/site-packages/airflow/example_dags/example_complex.py took 0.177 seconds
[2025-05-19 08:57:32,403] {processor.py:163} INFO - Started process (PID=661) to work on /home/airflow/.local/lib/python3.6/site-packages/airflow/example_dags/example_complex.py
[2025-05-19 08:57:32,408] {processor.py:642} INFO - Processing file /home/airflow/.local/lib/python3.6/site-packages/airflow/example_dags/example_complex.py for tasks to queue
[2025-05-19 08:57:32,411] {logging_mixin.py:109} INFO - [2025-05-19 08:57:32,411] {dagbag.py:500} INFO - Filling up the DagBag from /home/airflow/.local/lib/python3.6/site-packages/airflow/example_dags/example_complex.py
[2025-05-19 08:57:32,579] {processor.py:654} INFO - DAG(s) dict_keys(['example_complex']) retrieved from /home/airflow/.local/lib/python3.6/site-packages/airflow/example_dags/example_complex.py
[2025-05-19 08:57:32,637] {logging_mixin.py:109} INFO - [2025-05-19 08:57:32,637] {dag.py:2396} INFO - Sync 1 DAGs
[2025-05-19 08:57:32,697] {logging_mixin.py:109} INFO - [2025-05-19 08:57:32,697] {dag.py:2935} INFO - Setting next_dagrun for example_complex to None
[2025-05-19 08:57:32,728] {processor.py:171} INFO - Processing /home/airflow/.local/lib/python3.6/site-packages/airflow/example_dags/example_complex.py took 0.334 seconds
[2025-05-19 08:58:02,960] {processor.py:163} INFO - Started process (PID=713) to work on /home/airflow/.local/lib/python3.6/site-packages/airflow/example_dags/example_complex.py
[2025-05-19 08:58:02,962] {processor.py:642} INFO - Processing file /home/airflow/.local/lib/python3.6/site-packages/airflow/example_dags/example_complex.py for tasks to queue
[2025-05-19 08:58:02,964] {logging_mixin.py:109} INFO - [2025-05-19 08:58:02,964] {dagbag.py:500} INFO - Filling up the DagBag from /home/airflow/.local/lib/python3.6/site-packages/airflow/example_dags/example_complex.py
[2025-05-19 08:58:03,031] {processor.py:654} INFO - DAG(s) dict_keys(['example_complex']) retrieved from /home/airflow/.local/lib/python3.6/site-packages/airflow/example_dags/example_complex.py
[2025-05-19 08:58:03,063] {logging_mixin.py:109} INFO - [2025-05-19 08:58:03,063] {dag.py:2396} INFO - Sync 1 DAGs
[2025-05-19 08:58:03,099] {logging_mixin.py:109} INFO - [2025-05-19 08:58:03,099] {dag.py:2935} INFO - Setting next_dagrun for example_complex to None
[2025-05-19 08:58:03,117] {processor.py:171} INFO - Processing /home/airflow/.local/lib/python3.6/site-packages/airflow/example_dags/example_complex.py took 0.163 seconds
[2025-05-19 08:58:33,320] {processor.py:163} INFO - Started process (PID=764) to work on /home/airflow/.local/lib/python3.6/site-packages/airflow/example_dags/example_complex.py
[2025-05-19 08:58:33,323] {processor.py:642} INFO - Processing file /home/airflow/.local/lib/python3.6/site-packages/airflow/example_dags/example_complex.py for tasks to queue
[2025-05-19 08:58:33,325] {logging_mixin.py:109} INFO - [2025-05-19 08:58:33,324] {dagbag.py:500} INFO - Filling up the DagBag from /home/airflow/.local/lib/python3.6/site-packages/airflow/example_dags/example_complex.py
[2025-05-19 08:58:33,393] {processor.py:654} INFO - DAG(s) dict_keys(['example_complex']) retrieved from /home/airflow/.local/lib/python3.6/site-packages/airflow/example_dags/example_complex.py
[2025-05-19 08:58:33,423] {logging_mixin.py:109} INFO - [2025-05-19 08:58:33,423] {dag.py:2396} INFO - Sync 1 DAGs
[2025-05-19 08:58:33,458] {logging_mixin.py:109} INFO - [2025-05-19 08:58:33,457] {dag.py:2935} INFO - Setting next_dagrun for example_complex to None
[2025-05-19 08:58:33,476] {processor.py:171} INFO - Processing /home/airflow/.local/lib/python3.6/site-packages/airflow/example_dags/example_complex.py took 0.162 seconds
[2025-05-19 08:59:04,422] {processor.py:163} INFO - Started process (PID=817) to work on /home/airflow/.local/lib/python3.6/site-packages/airflow/example_dags/example_complex.py
[2025-05-19 08:59:04,430] {processor.py:642} INFO - Processing file /home/airflow/.local/lib/python3.6/site-packages/airflow/example_dags/example_complex.py for tasks to queue
[2025-05-19 08:59:04,435] {logging_mixin.py:109} INFO - [2025-05-19 08:59:04,434] {dagbag.py:500} INFO - Filling up the DagBag from /home/airflow/.local/lib/python3.6/site-packages/airflow/example_dags/example_complex.py
[2025-05-19 08:59:04,510] {processor.py:654} INFO - DAG(s) dict_keys(['example_complex']) retrieved from /home/airflow/.local/lib/python3.6/site-packages/airflow/example_dags/example_complex.py
[2025-05-19 08:59:04,546] {logging_mixin.py:109} INFO - [2025-05-19 08:59:04,546] {dag.py:2396} INFO - Sync 1 DAGs
[2025-05-19 08:59:04,587] {logging_mixin.py:109} INFO - [2025-05-19 08:59:04,587] {dag.py:2935} INFO - Setting next_dagrun for example_complex to None
[2025-05-19 08:59:04,603] {processor.py:171} INFO - Processing /home/airflow/.local/lib/python3.6/site-packages/airflow/example_dags/example_complex.py took 0.215 seconds
[2025-05-19 08:59:35,173] {processor.py:163} INFO - Started process (PID=878) to work on /home/airflow/.local/lib/python3.6/site-packages/airflow/example_dags/example_complex.py
[2025-05-19 08:59:35,177] {processor.py:642} INFO - Processing file /home/airflow/.local/lib/python3.6/site-packages/airflow/example_dags/example_complex.py for tasks to queue
[2025-05-19 08:59:35,180] {logging_mixin.py:109} INFO - [2025-05-19 08:59:35,179] {dagbag.py:500} INFO - Filling up the DagBag from /home/airflow/.local/lib/python3.6/site-packages/airflow/example_dags/example_complex.py
[2025-05-19 08:59:35,289] {processor.py:654} INFO - DAG(s) dict_keys(['example_complex']) retrieved from /home/airflow/.local/lib/python3.6/site-packages/airflow/example_dags/example_complex.py
[2025-05-19 08:59:35,348] {logging_mixin.py:109} INFO - [2025-05-19 08:59:35,348] {dag.py:2396} INFO - Sync 1 DAGs
[2025-05-19 08:59:35,408] {logging_mixin.py:109} INFO - [2025-05-19 08:59:35,408] {dag.py:2935} INFO - Setting next_dagrun for example_complex to None
[2025-05-19 08:59:35,439] {processor.py:171} INFO - Processing /home/airflow/.local/lib/python3.6/site-packages/airflow/example_dags/example_complex.py took 0.276 seconds
[2025-05-19 09:00:05,738] {processor.py:163} INFO - Started process (PID=921) to work on /home/airflow/.local/lib/python3.6/site-packages/airflow/example_dags/example_complex.py
[2025-05-19 09:00:05,741] {processor.py:642} INFO - Processing file /home/airflow/.local/lib/python3.6/site-packages/airflow/example_dags/example_complex.py for tasks to queue
[2025-05-19 09:00:05,743] {logging_mixin.py:109} INFO - [2025-05-19 09:00:05,743] {dagbag.py:500} INFO - Filling up the DagBag from /home/airflow/.local/lib/python3.6/site-packages/airflow/example_dags/example_complex.py
[2025-05-19 09:00:05,817] {processor.py:654} INFO - DAG(s) dict_keys(['example_complex']) retrieved from /home/airflow/.local/lib/python3.6/site-packages/airflow/example_dags/example_complex.py
[2025-05-19 09:00:05,855] {logging_mixin.py:109} INFO - [2025-05-19 09:00:05,855] {dag.py:2396} INFO - Sync 1 DAGs
[2025-05-19 09:00:05,894] {logging_mixin.py:109} INFO - [2025-05-19 09:00:05,894] {dag.py:2935} INFO - Setting next_dagrun for example_complex to None
[2025-05-19 09:00:05,917] {processor.py:171} INFO - Processing /home/airflow/.local/lib/python3.6/site-packages/airflow/example_dags/example_complex.py took 0.184 seconds
[2025-05-19 09:00:36,373] {processor.py:163} INFO - Started process (PID=973) to work on /home/airflow/.local/lib/python3.6/site-packages/airflow/example_dags/example_complex.py
[2025-05-19 09:00:36,376] {processor.py:642} INFO - Processing file /home/airflow/.local/lib/python3.6/site-packages/airflow/example_dags/example_complex.py for tasks to queue
[2025-05-19 09:00:36,378] {logging_mixin.py:109} INFO - [2025-05-19 09:00:36,378] {dagbag.py:500} INFO - Filling up the DagBag from /home/airflow/.local/lib/python3.6/site-packages/airflow/example_dags/example_complex.py
[2025-05-19 09:00:36,477] {processor.py:654} INFO - DAG(s) dict_keys(['example_complex']) retrieved from /home/airflow/.local/lib/python3.6/site-packages/airflow/example_dags/example_complex.py
[2025-05-19 09:00:36,534] {logging_mixin.py:109} INFO - [2025-05-19 09:00:36,533] {dag.py:2396} INFO - Sync 1 DAGs
[2025-05-19 09:00:36,588] {logging_mixin.py:109} INFO - [2025-05-19 09:00:36,587] {dag.py:2935} INFO - Setting next_dagrun for example_complex to None
[2025-05-19 09:00:36,612] {processor.py:171} INFO - Processing /home/airflow/.local/lib/python3.6/site-packages/airflow/example_dags/example_complex.py took 0.246 seconds
[2025-05-19 09:01:07,839] {processor.py:163} INFO - Started process (PID=1025) to work on /home/airflow/.local/lib/python3.6/site-packages/airflow/example_dags/example_complex.py
[2025-05-19 09:01:07,844] {processor.py:642} INFO - Processing file /home/airflow/.local/lib/python3.6/site-packages/airflow/example_dags/example_complex.py for tasks to queue
[2025-05-19 09:01:07,847] {logging_mixin.py:109} INFO - [2025-05-19 09:01:07,847] {dagbag.py:500} INFO - Filling up the DagBag from /home/airflow/.local/lib/python3.6/site-packages/airflow/example_dags/example_complex.py
[2025-05-19 09:01:07,956] {processor.py:654} INFO - DAG(s) dict_keys(['example_complex']) retrieved from /home/airflow/.local/lib/python3.6/site-packages/airflow/example_dags/example_complex.py
[2025-05-19 09:01:08,020] {logging_mixin.py:109} INFO - [2025-05-19 09:01:08,020] {dag.py:2396} INFO - Sync 1 DAGs
[2025-05-19 09:01:08,081] {logging_mixin.py:109} INFO - [2025-05-19 09:01:08,081] {dag.py:2935} INFO - Setting next_dagrun for example_complex to None
[2025-05-19 09:01:08,111] {processor.py:171} INFO - Processing /home/airflow/.local/lib/python3.6/site-packages/airflow/example_dags/example_complex.py took 0.284 seconds
[2025-05-19 09:01:39,861] {processor.py:163} INFO - Started process (PID=1077) to work on /home/airflow/.local/lib/python3.6/site-packages/airflow/example_dags/example_complex.py
[2025-05-19 09:01:39,864] {processor.py:642} INFO - Processing file /home/airflow/.local/lib/python3.6/site-packages/airflow/example_dags/example_complex.py for tasks to queue
[2025-05-19 09:01:39,866] {logging_mixin.py:109} INFO - [2025-05-19 09:01:39,866] {dagbag.py:500} INFO - Filling up the DagBag from /home/airflow/.local/lib/python3.6/site-packages/airflow/example_dags/example_complex.py
[2025-05-19 09:01:39,981] {processor.py:654} INFO - DAG(s) dict_keys(['example_complex']) retrieved from /home/airflow/.local/lib/python3.6/site-packages/airflow/example_dags/example_complex.py
[2025-05-19 09:01:40,034] {logging_mixin.py:109} INFO - [2025-05-19 09:01:40,034] {dag.py:2396} INFO - Sync 1 DAGs
[2025-05-19 09:01:40,111] {logging_mixin.py:109} INFO - [2025-05-19 09:01:40,111] {dag.py:2935} INFO - Setting next_dagrun for example_complex to None
[2025-05-19 09:01:40,140] {processor.py:171} INFO - Processing /home/airflow/.local/lib/python3.6/site-packages/airflow/example_dags/example_complex.py took 0.288 seconds
[2025-05-19 09:02:12,557] {processor.py:163} INFO - Started process (PID=1130) to work on /home/airflow/.local/lib/python3.6/site-packages/airflow/example_dags/example_complex.py
[2025-05-19 09:02:12,560] {processor.py:642} INFO - Processing file /home/airflow/.local/lib/python3.6/site-packages/airflow/example_dags/example_complex.py for tasks to queue
[2025-05-19 09:02:12,563] {logging_mixin.py:109} INFO - [2025-05-19 09:02:12,563] {dagbag.py:500} INFO - Filling up the DagBag from /home/airflow/.local/lib/python3.6/site-packages/airflow/example_dags/example_complex.py
[2025-05-19 09:02:12,777] {processor.py:654} INFO - DAG(s) dict_keys(['example_complex']) retrieved from /home/airflow/.local/lib/python3.6/site-packages/airflow/example_dags/example_complex.py
[2025-05-19 09:02:12,911] {logging_mixin.py:109} INFO - [2025-05-19 09:02:12,911] {dag.py:2396} INFO - Sync 1 DAGs
[2025-05-19 09:02:13,011] {logging_mixin.py:109} INFO - [2025-05-19 09:02:13,010] {dag.py:2935} INFO - Setting next_dagrun for example_complex to None
[2025-05-19 09:02:13,050] {processor.py:171} INFO - Processing /home/airflow/.local/lib/python3.6/site-packages/airflow/example_dags/example_complex.py took 0.510 seconds
[2025-05-19 09:02:45,296] {processor.py:163} INFO - Started process (PID=1182) to work on /home/airflow/.local/lib/python3.6/site-packages/airflow/example_dags/example_complex.py
[2025-05-19 09:02:45,306] {processor.py:642} INFO - Processing file /home/airflow/.local/lib/python3.6/site-packages/airflow/example_dags/example_complex.py for tasks to queue
[2025-05-19 09:02:45,316] {logging_mixin.py:109} INFO - [2025-05-19 09:02:45,315] {dagbag.py:500} INFO - Filling up the DagBag from /home/airflow/.local/lib/python3.6/site-packages/airflow/example_dags/example_complex.py
[2025-05-19 09:02:45,538] {processor.py:654} INFO - DAG(s) dict_keys(['example_complex']) retrieved from /home/airflow/.local/lib/python3.6/site-packages/airflow/example_dags/example_complex.py
[2025-05-19 09:02:45,610] {logging_mixin.py:109} INFO - [2025-05-19 09:02:45,610] {dag.py:2396} INFO - Sync 1 DAGs
[2025-05-19 09:02:45,717] {logging_mixin.py:109} INFO - [2025-05-19 09:02:45,717] {dag.py:2935} INFO - Setting next_dagrun for example_complex to None
[2025-05-19 09:02:45,776] {processor.py:171} INFO - Processing /home/airflow/.local/lib/python3.6/site-packages/airflow/example_dags/example_complex.py took 0.494 seconds
[2025-05-19 09:03:16,045] {processor.py:163} INFO - Started process (PID=1234) to work on /home/airflow/.local/lib/python3.6/site-packages/airflow/example_dags/example_complex.py
[2025-05-19 09:03:16,048] {processor.py:642} INFO - Processing file /home/airflow/.local/lib/python3.6/site-packages/airflow/example_dags/example_complex.py for tasks to queue
[2025-05-19 09:03:16,050] {logging_mixin.py:109} INFO - [2025-05-19 09:03:16,049] {dagbag.py:500} INFO - Filling up the DagBag from /home/airflow/.local/lib/python3.6/site-packages/airflow/example_dags/example_complex.py
[2025-05-19 09:03:16,152] {processor.py:654} INFO - DAG(s) dict_keys(['example_complex']) retrieved from /home/airflow/.local/lib/python3.6/site-packages/airflow/example_dags/example_complex.py
[2025-05-19 09:03:16,208] {logging_mixin.py:109} INFO - [2025-05-19 09:03:16,208] {dag.py:2396} INFO - Sync 1 DAGs
[2025-05-19 09:03:16,263] {logging_mixin.py:109} INFO - [2025-05-19 09:03:16,263] {dag.py:2935} INFO - Setting next_dagrun for example_complex to None
[2025-05-19 09:03:16,292] {processor.py:171} INFO - Processing /home/airflow/.local/lib/python3.6/site-packages/airflow/example_dags/example_complex.py took 0.252 seconds
[2025-05-19 09:03:46,585] {processor.py:163} INFO - Started process (PID=1276) to work on /home/airflow/.local/lib/python3.6/site-packages/airflow/example_dags/example_complex.py
[2025-05-19 09:03:46,589] {processor.py:642} INFO - Processing file /home/airflow/.local/lib/python3.6/site-packages/airflow/example_dags/example_complex.py for tasks to queue
[2025-05-19 09:03:46,591] {logging_mixin.py:109} INFO - [2025-05-19 09:03:46,591] {dagbag.py:500} INFO - Filling up the DagBag from /home/airflow/.local/lib/python3.6/site-packages/airflow/example_dags/example_complex.py
[2025-05-19 09:03:46,678] {processor.py:654} INFO - DAG(s) dict_keys(['example_complex']) retrieved from /home/airflow/.local/lib/python3.6/site-packages/airflow/example_dags/example_complex.py
[2025-05-19 09:03:46,714] {logging_mixin.py:109} INFO - [2025-05-19 09:03:46,714] {dag.py:2396} INFO - Sync 1 DAGs
[2025-05-19 09:03:46,752] {logging_mixin.py:109} INFO - [2025-05-19 09:03:46,752] {dag.py:2935} INFO - Setting next_dagrun for example_complex to None
[2025-05-19 09:03:46,776] {processor.py:171} INFO - Processing /home/airflow/.local/lib/python3.6/site-packages/airflow/example_dags/example_complex.py took 0.197 seconds
[2025-05-19 09:04:17,494] {processor.py:163} INFO - Started process (PID=1335) to work on /home/airflow/.local/lib/python3.6/site-packages/airflow/example_dags/example_complex.py
[2025-05-19 09:04:17,498] {processor.py:642} INFO - Processing file /home/airflow/.local/lib/python3.6/site-packages/airflow/example_dags/example_complex.py for tasks to queue
[2025-05-19 09:04:17,501] {logging_mixin.py:109} INFO - [2025-05-19 09:04:17,500] {dagbag.py:500} INFO - Filling up the DagBag from /home/airflow/.local/lib/python3.6/site-packages/airflow/example_dags/example_complex.py
[2025-05-19 09:04:17,622] {processor.py:654} INFO - DAG(s) dict_keys(['example_complex']) retrieved from /home/airflow/.local/lib/python3.6/site-packages/airflow/example_dags/example_complex.py
[2025-05-19 09:04:17,674] {logging_mixin.py:109} INFO - [2025-05-19 09:04:17,674] {dag.py:2396} INFO - Sync 1 DAGs
[2025-05-19 09:04:17,737] {logging_mixin.py:109} INFO - [2025-05-19 09:04:17,737] {dag.py:2935} INFO - Setting next_dagrun for example_complex to None
[2025-05-19 09:04:17,761] {processor.py:171} INFO - Processing /home/airflow/.local/lib/python3.6/site-packages/airflow/example_dags/example_complex.py took 0.289 seconds
[2025-05-19 09:04:48,312] {processor.py:163} INFO - Started process (PID=1380) to work on /home/airflow/.local/lib/python3.6/site-packages/airflow/example_dags/example_complex.py
[2025-05-19 09:04:48,317] {processor.py:642} INFO - Processing file /home/airflow/.local/lib/python3.6/site-packages/airflow/example_dags/example_complex.py for tasks to queue
[2025-05-19 09:04:48,320] {logging_mixin.py:109} INFO - [2025-05-19 09:04:48,319] {dagbag.py:500} INFO - Filling up the DagBag from /home/airflow/.local/lib/python3.6/site-packages/airflow/example_dags/example_complex.py
[2025-05-19 09:04:48,514] {processor.py:654} INFO - DAG(s) dict_keys(['example_complex']) retrieved from /home/airflow/.local/lib/python3.6/site-packages/airflow/example_dags/example_complex.py
[2025-05-19 09:04:48,587] {logging_mixin.py:109} INFO - [2025-05-19 09:04:48,586] {dag.py:2396} INFO - Sync 1 DAGs
[2025-05-19 09:04:48,658] {logging_mixin.py:109} INFO - [2025-05-19 09:04:48,657] {dag.py:2935} INFO - Setting next_dagrun for example_complex to None
[2025-05-19 09:04:48,689] {processor.py:171} INFO - Processing /home/airflow/.local/lib/python3.6/site-packages/airflow/example_dags/example_complex.py took 0.394 seconds
[2025-05-19 09:05:19,097] {processor.py:163} INFO - Started process (PID=1432) to work on /home/airflow/.local/lib/python3.6/site-packages/airflow/example_dags/example_complex.py
[2025-05-19 09:05:19,100] {processor.py:642} INFO - Processing file /home/airflow/.local/lib/python3.6/site-packages/airflow/example_dags/example_complex.py for tasks to queue
[2025-05-19 09:05:19,103] {logging_mixin.py:109} INFO - [2025-05-19 09:05:19,103] {dagbag.py:500} INFO - Filling up the DagBag from /home/airflow/.local/lib/python3.6/site-packages/airflow/example_dags/example_complex.py
[2025-05-19 09:05:19,197] {processor.py:654} INFO - DAG(s) dict_keys(['example_complex']) retrieved from /home/airflow/.local/lib/python3.6/site-packages/airflow/example_dags/example_complex.py
[2025-05-19 09:05:19,240] {logging_mixin.py:109} INFO - [2025-05-19 09:05:19,239] {dag.py:2396} INFO - Sync 1 DAGs
[2025-05-19 09:05:19,291] {logging_mixin.py:109} INFO - [2025-05-19 09:05:19,290] {dag.py:2935} INFO - Setting next_dagrun for example_complex to None
[2025-05-19 09:05:19,312] {processor.py:171} INFO - Processing /home/airflow/.local/lib/python3.6/site-packages/airflow/example_dags/example_complex.py took 0.226 seconds
[2025-05-19 09:05:49,900] {processor.py:163} INFO - Started process (PID=1484) to work on /home/airflow/.local/lib/python3.6/site-packages/airflow/example_dags/example_complex.py
[2025-05-19 09:05:49,902] {processor.py:642} INFO - Processing file /home/airflow/.local/lib/python3.6/site-packages/airflow/example_dags/example_complex.py for tasks to queue
[2025-05-19 09:05:49,903] {logging_mixin.py:109} INFO - [2025-05-19 09:05:49,903] {dagbag.py:500} INFO - Filling up the DagBag from /home/airflow/.local/lib/python3.6/site-packages/airflow/example_dags/example_complex.py
[2025-05-19 09:05:49,996] {processor.py:654} INFO - DAG(s) dict_keys(['example_complex']) retrieved from /home/airflow/.local/lib/python3.6/site-packages/airflow/example_dags/example_complex.py
[2025-05-19 09:05:50,030] {logging_mixin.py:109} INFO - [2025-05-19 09:05:50,028] {dag.py:2396} INFO - Sync 1 DAGs
[2025-05-19 09:05:50,067] {logging_mixin.py:109} INFO - [2025-05-19 09:05:50,066] {dag.py:2935} INFO - Setting next_dagrun for example_complex to None
[2025-05-19 09:05:50,087] {processor.py:171} INFO - Processing /home/airflow/.local/lib/python3.6/site-packages/airflow/example_dags/example_complex.py took 0.195 seconds
[2025-05-19 09:06:20,744] {processor.py:163} INFO - Started process (PID=1536) to work on /home/airflow/.local/lib/python3.6/site-packages/airflow/example_dags/example_complex.py
[2025-05-19 09:06:20,746] {processor.py:642} INFO - Processing file /home/airflow/.local/lib/python3.6/site-packages/airflow/example_dags/example_complex.py for tasks to queue
[2025-05-19 09:06:20,747] {logging_mixin.py:109} INFO - [2025-05-19 09:06:20,747] {dagbag.py:500} INFO - Filling up the DagBag from /home/airflow/.local/lib/python3.6/site-packages/airflow/example_dags/example_complex.py
[2025-05-19 09:06:20,800] {processor.py:654} INFO - DAG(s) dict_keys(['example_complex']) retrieved from /home/airflow/.local/lib/python3.6/site-packages/airflow/example_dags/example_complex.py
[2025-05-19 09:06:20,831] {logging_mixin.py:109} INFO - [2025-05-19 09:06:20,830] {dag.py:2396} INFO - Sync 1 DAGs
[2025-05-19 09:06:20,856] {logging_mixin.py:109} INFO - [2025-05-19 09:06:20,856] {dag.py:2935} INFO - Setting next_dagrun for example_complex to None
[2025-05-19 09:06:20,867] {processor.py:171} INFO - Processing /home/airflow/.local/lib/python3.6/site-packages/airflow/example_dags/example_complex.py took 0.127 seconds
[2025-05-19 09:06:51,052] {processor.py:163} INFO - Started process (PID=1598) to work on /home/airflow/.local/lib/python3.6/site-packages/airflow/example_dags/example_complex.py
[2025-05-19 09:06:51,055] {processor.py:642} INFO - Processing file /home/airflow/.local/lib/python3.6/site-packages/airflow/example_dags/example_complex.py for tasks to queue
[2025-05-19 09:06:51,056] {logging_mixin.py:109} INFO - [2025-05-19 09:06:51,056] {dagbag.py:500} INFO - Filling up the DagBag from /home/airflow/.local/lib/python3.6/site-packages/airflow/example_dags/example_complex.py
[2025-05-19 09:06:51,127] {processor.py:654} INFO - DAG(s) dict_keys(['example_complex']) retrieved from /home/airflow/.local/lib/python3.6/site-packages/airflow/example_dags/example_complex.py
[2025-05-19 09:06:51,158] {logging_mixin.py:109} INFO - [2025-05-19 09:06:51,157] {dag.py:2396} INFO - Sync 1 DAGs
[2025-05-19 09:06:51,195] {logging_mixin.py:109} INFO - [2025-05-19 09:06:51,194] {dag.py:2935} INFO - Setting next_dagrun for example_complex to None
[2025-05-19 09:06:51,212] {processor.py:171} INFO - Processing /home/airflow/.local/lib/python3.6/site-packages/airflow/example_dags/example_complex.py took 0.167 seconds
[2025-05-19 09:07:21,786] {processor.py:163} INFO - Started process (PID=1649) to work on /home/airflow/.local/lib/python3.6/site-packages/airflow/example_dags/example_complex.py
[2025-05-19 09:07:21,788] {processor.py:642} INFO - Processing file /home/airflow/.local/lib/python3.6/site-packages/airflow/example_dags/example_complex.py for tasks to queue
[2025-05-19 09:07:21,789] {logging_mixin.py:109} INFO - [2025-05-19 09:07:21,789] {dagbag.py:500} INFO - Filling up the DagBag from /home/airflow/.local/lib/python3.6/site-packages/airflow/example_dags/example_complex.py
[2025-05-19 09:07:21,835] {processor.py:654} INFO - DAG(s) dict_keys(['example_complex']) retrieved from /home/airflow/.local/lib/python3.6/site-packages/airflow/example_dags/example_complex.py
[2025-05-19 09:07:21,857] {logging_mixin.py:109} INFO - [2025-05-19 09:07:21,857] {dag.py:2396} INFO - Sync 1 DAGs
[2025-05-19 09:07:21,879] {logging_mixin.py:109} INFO - [2025-05-19 09:07:21,879] {dag.py:2935} INFO - Setting next_dagrun for example_complex to None
[2025-05-19 09:07:21,892] {processor.py:171} INFO - Processing /home/airflow/.local/lib/python3.6/site-packages/airflow/example_dags/example_complex.py took 0.111 seconds
[2025-05-19 09:07:53,215] {processor.py:163} INFO - Started process (PID=1714) to work on /home/airflow/.local/lib/python3.6/site-packages/airflow/example_dags/example_complex.py
[2025-05-19 09:07:53,216] {processor.py:642} INFO - Processing file /home/airflow/.local/lib/python3.6/site-packages/airflow/example_dags/example_complex.py for tasks to queue
[2025-05-19 09:07:53,217] {logging_mixin.py:109} INFO - [2025-05-19 09:07:53,217] {dagbag.py:500} INFO - Filling up the DagBag from /home/airflow/.local/lib/python3.6/site-packages/airflow/example_dags/example_complex.py
[2025-05-19 09:07:53,266] {processor.py:654} INFO - DAG(s) dict_keys(['example_complex']) retrieved from /home/airflow/.local/lib/python3.6/site-packages/airflow/example_dags/example_complex.py
[2025-05-19 09:07:53,289] {logging_mixin.py:109} INFO - [2025-05-19 09:07:53,289] {dag.py:2396} INFO - Sync 1 DAGs
[2025-05-19 09:07:53,315] {logging_mixin.py:109} INFO - [2025-05-19 09:07:53,314] {dag.py:2935} INFO - Setting next_dagrun for example_complex to None
[2025-05-19 09:07:53,329] {processor.py:171} INFO - Processing /home/airflow/.local/lib/python3.6/site-packages/airflow/example_dags/example_complex.py took 0.119 seconds
[2025-05-19 09:08:24,254] {processor.py:163} INFO - Started process (PID=1766) to work on /home/airflow/.local/lib/python3.6/site-packages/airflow/example_dags/example_complex.py
[2025-05-19 09:08:24,257] {processor.py:642} INFO - Processing file /home/airflow/.local/lib/python3.6/site-packages/airflow/example_dags/example_complex.py for tasks to queue
[2025-05-19 09:08:24,258] {logging_mixin.py:109} INFO - [2025-05-19 09:08:24,258] {dagbag.py:500} INFO - Filling up the DagBag from /home/airflow/.local/lib/python3.6/site-packages/airflow/example_dags/example_complex.py
[2025-05-19 09:08:24,315] {processor.py:654} INFO - DAG(s) dict_keys(['example_complex']) retrieved from /home/airflow/.local/lib/python3.6/site-packages/airflow/example_dags/example_complex.py
[2025-05-19 09:08:24,350] {logging_mixin.py:109} INFO - [2025-05-19 09:08:24,350] {dag.py:2396} INFO - Sync 1 DAGs
[2025-05-19 09:08:24,381] {logging_mixin.py:109} INFO - [2025-05-19 09:08:24,381] {dag.py:2935} INFO - Setting next_dagrun for example_complex to None
[2025-05-19 09:08:24,393] {processor.py:171} INFO - Processing /home/airflow/.local/lib/python3.6/site-packages/airflow/example_dags/example_complex.py took 0.147 seconds
[2025-05-19 09:08:55,250] {processor.py:163} INFO - Started process (PID=1828) to work on /home/airflow/.local/lib/python3.6/site-packages/airflow/example_dags/example_complex.py
[2025-05-19 09:08:55,252] {processor.py:642} INFO - Processing file /home/airflow/.local/lib/python3.6/site-packages/airflow/example_dags/example_complex.py for tasks to queue
[2025-05-19 09:08:55,253] {logging_mixin.py:109} INFO - [2025-05-19 09:08:55,253] {dagbag.py:500} INFO - Filling up the DagBag from /home/airflow/.local/lib/python3.6/site-packages/airflow/example_dags/example_complex.py
[2025-05-19 09:08:55,324] {processor.py:654} INFO - DAG(s) dict_keys(['example_complex']) retrieved from /home/airflow/.local/lib/python3.6/site-packages/airflow/example_dags/example_complex.py
[2025-05-19 09:08:55,358] {logging_mixin.py:109} INFO - [2025-05-19 09:08:55,358] {dag.py:2396} INFO - Sync 1 DAGs
[2025-05-19 09:08:55,398] {logging_mixin.py:109} INFO - [2025-05-19 09:08:55,398] {dag.py:2935} INFO - Setting next_dagrun for example_complex to None
[2025-05-19 09:08:55,411] {processor.py:171} INFO - Processing /home/airflow/.local/lib/python3.6/site-packages/airflow/example_dags/example_complex.py took 0.167 seconds
[2025-05-19 09:09:25,883] {processor.py:163} INFO - Started process (PID=1880) to work on /home/airflow/.local/lib/python3.6/site-packages/airflow/example_dags/example_complex.py
[2025-05-19 09:09:25,886] {processor.py:642} INFO - Processing file /home/airflow/.local/lib/python3.6/site-packages/airflow/example_dags/example_complex.py for tasks to queue
[2025-05-19 09:09:25,888] {logging_mixin.py:109} INFO - [2025-05-19 09:09:25,887] {dagbag.py:500} INFO - Filling up the DagBag from /home/airflow/.local/lib/python3.6/site-packages/airflow/example_dags/example_complex.py
[2025-05-19 09:09:25,949] {processor.py:654} INFO - DAG(s) dict_keys(['example_complex']) retrieved from /home/airflow/.local/lib/python3.6/site-packages/airflow/example_dags/example_complex.py
[2025-05-19 09:09:25,975] {logging_mixin.py:109} INFO - [2025-05-19 09:09:25,975] {dag.py:2396} INFO - Sync 1 DAGs
[2025-05-19 09:09:26,001] {logging_mixin.py:109} INFO - [2025-05-19 09:09:26,001] {dag.py:2935} INFO - Setting next_dagrun for example_complex to None
[2025-05-19 09:09:26,016] {processor.py:171} INFO - Processing /home/airflow/.local/lib/python3.6/site-packages/airflow/example_dags/example_complex.py took 0.139 seconds
[2025-05-19 09:09:56,606] {processor.py:163} INFO - Started process (PID=1942) to work on /home/airflow/.local/lib/python3.6/site-packages/airflow/example_dags/example_complex.py
[2025-05-19 09:09:56,611] {processor.py:642} INFO - Processing file /home/airflow/.local/lib/python3.6/site-packages/airflow/example_dags/example_complex.py for tasks to queue
[2025-05-19 09:09:56,620] {logging_mixin.py:109} INFO - [2025-05-19 09:09:56,619] {dagbag.py:500} INFO - Filling up the DagBag from /home/airflow/.local/lib/python3.6/site-packages/airflow/example_dags/example_complex.py
[2025-05-19 09:09:56,795] {processor.py:654} INFO - DAG(s) dict_keys(['example_complex']) retrieved from /home/airflow/.local/lib/python3.6/site-packages/airflow/example_dags/example_complex.py
[2025-05-19 09:09:56,852] {logging_mixin.py:109} INFO - [2025-05-19 09:09:56,852] {dag.py:2396} INFO - Sync 1 DAGs
[2025-05-19 09:09:56,909] {logging_mixin.py:109} INFO - [2025-05-19 09:09:56,909] {dag.py:2935} INFO - Setting next_dagrun for example_complex to None
[2025-05-19 09:09:56,930] {processor.py:171} INFO - Processing /home/airflow/.local/lib/python3.6/site-packages/airflow/example_dags/example_complex.py took 0.331 seconds
[2025-05-19 09:10:28,112] {processor.py:163} INFO - Started process (PID=1994) to work on /home/airflow/.local/lib/python3.6/site-packages/airflow/example_dags/example_complex.py
[2025-05-19 09:10:28,114] {processor.py:642} INFO - Processing file /home/airflow/.local/lib/python3.6/site-packages/airflow/example_dags/example_complex.py for tasks to queue
[2025-05-19 09:10:28,117] {logging_mixin.py:109} INFO - [2025-05-19 09:10:28,117] {dagbag.py:500} INFO - Filling up the DagBag from /home/airflow/.local/lib/python3.6/site-packages/airflow/example_dags/example_complex.py
[2025-05-19 09:10:28,213] {processor.py:654} INFO - DAG(s) dict_keys(['example_complex']) retrieved from /home/airflow/.local/lib/python3.6/site-packages/airflow/example_dags/example_complex.py
[2025-05-19 09:10:28,270] {logging_mixin.py:109} INFO - [2025-05-19 09:10:28,270] {dag.py:2396} INFO - Sync 1 DAGs
[2025-05-19 09:10:28,320] {logging_mixin.py:109} INFO - [2025-05-19 09:10:28,319] {dag.py:2935} INFO - Setting next_dagrun for example_complex to None
[2025-05-19 09:10:28,344] {processor.py:171} INFO - Processing /home/airflow/.local/lib/python3.6/site-packages/airflow/example_dags/example_complex.py took 0.240 seconds
[2025-05-19 09:10:58,822] {processor.py:163} INFO - Started process (PID=2046) to work on /home/airflow/.local/lib/python3.6/site-packages/airflow/example_dags/example_complex.py
[2025-05-19 09:10:58,824] {processor.py:642} INFO - Processing file /home/airflow/.local/lib/python3.6/site-packages/airflow/example_dags/example_complex.py for tasks to queue
[2025-05-19 09:10:58,825] {logging_mixin.py:109} INFO - [2025-05-19 09:10:58,825] {dagbag.py:500} INFO - Filling up the DagBag from /home/airflow/.local/lib/python3.6/site-packages/airflow/example_dags/example_complex.py
[2025-05-19 09:10:58,881] {processor.py:654} INFO - DAG(s) dict_keys(['example_complex']) retrieved from /home/airflow/.local/lib/python3.6/site-packages/airflow/example_dags/example_complex.py
[2025-05-19 09:10:58,905] {logging_mixin.py:109} INFO - [2025-05-19 09:10:58,905] {dag.py:2396} INFO - Sync 1 DAGs
[2025-05-19 09:10:58,967] {logging_mixin.py:109} INFO - [2025-05-19 09:10:58,967] {dag.py:2935} INFO - Setting next_dagrun for example_complex to None
[2025-05-19 09:10:58,985] {processor.py:171} INFO - Processing /home/airflow/.local/lib/python3.6/site-packages/airflow/example_dags/example_complex.py took 0.169 seconds
[2025-05-19 09:11:29,666] {processor.py:163} INFO - Started process (PID=2099) to work on /home/airflow/.local/lib/python3.6/site-packages/airflow/example_dags/example_complex.py
[2025-05-19 09:11:29,679] {processor.py:642} INFO - Processing file /home/airflow/.local/lib/python3.6/site-packages/airflow/example_dags/example_complex.py for tasks to queue
[2025-05-19 09:11:29,682] {logging_mixin.py:109} INFO - [2025-05-19 09:11:29,681] {dagbag.py:500} INFO - Filling up the DagBag from /home/airflow/.local/lib/python3.6/site-packages/airflow/example_dags/example_complex.py
[2025-05-19 09:11:29,858] {processor.py:654} INFO - DAG(s) dict_keys(['example_complex']) retrieved from /home/airflow/.local/lib/python3.6/site-packages/airflow/example_dags/example_complex.py
[2025-05-19 09:11:29,919] {logging_mixin.py:109} INFO - [2025-05-19 09:11:29,919] {dag.py:2396} INFO - Sync 1 DAGs
[2025-05-19 09:11:29,989] {logging_mixin.py:109} INFO - [2025-05-19 09:11:29,989] {dag.py:2935} INFO - Setting next_dagrun for example_complex to None
[2025-05-19 09:11:30,014] {processor.py:171} INFO - Processing /home/airflow/.local/lib/python3.6/site-packages/airflow/example_dags/example_complex.py took 0.363 seconds
[2025-05-19 09:12:00,953] {processor.py:163} INFO - Started process (PID=2150) to work on /home/airflow/.local/lib/python3.6/site-packages/airflow/example_dags/example_complex.py
[2025-05-19 09:12:00,955] {processor.py:642} INFO - Processing file /home/airflow/.local/lib/python3.6/site-packages/airflow/example_dags/example_complex.py for tasks to queue
[2025-05-19 09:12:00,957] {logging_mixin.py:109} INFO - [2025-05-19 09:12:00,957] {dagbag.py:500} INFO - Filling up the DagBag from /home/airflow/.local/lib/python3.6/site-packages/airflow/example_dags/example_complex.py
[2025-05-19 09:12:01,024] {processor.py:654} INFO - DAG(s) dict_keys(['example_complex']) retrieved from /home/airflow/.local/lib/python3.6/site-packages/airflow/example_dags/example_complex.py
[2025-05-19 09:12:01,057] {logging_mixin.py:109} INFO - [2025-05-19 09:12:01,057] {dag.py:2396} INFO - Sync 1 DAGs
[2025-05-19 09:12:01,091] {logging_mixin.py:109} INFO - [2025-05-19 09:12:01,091] {dag.py:2935} INFO - Setting next_dagrun for example_complex to None
[2025-05-19 09:12:01,104] {processor.py:171} INFO - Processing /home/airflow/.local/lib/python3.6/site-packages/airflow/example_dags/example_complex.py took 0.157 seconds
[2025-05-19 09:12:30,545] {processor.py:163} INFO - Started process (PID=2213) to work on /home/airflow/.local/lib/python3.6/site-packages/airflow/example_dags/example_complex.py
[2025-05-19 09:12:30,549] {processor.py:642} INFO - Processing file /home/airflow/.local/lib/python3.6/site-packages/airflow/example_dags/example_complex.py for tasks to queue
[2025-05-19 09:12:30,551] {logging_mixin.py:109} INFO - [2025-05-19 09:12:30,550] {dagbag.py:500} INFO - Filling up the DagBag from /home/airflow/.local/lib/python3.6/site-packages/airflow/example_dags/example_complex.py
[2025-05-19 09:12:30,660] {processor.py:654} INFO - DAG(s) dict_keys(['example_complex']) retrieved from /home/airflow/.local/lib/python3.6/site-packages/airflow/example_dags/example_complex.py
[2025-05-19 09:12:30,715] {logging_mixin.py:109} INFO - [2025-05-19 09:12:30,715] {dag.py:2396} INFO - Sync 1 DAGs
[2025-05-19 09:12:30,762] {logging_mixin.py:109} INFO - [2025-05-19 09:12:30,762] {dag.py:2935} INFO - Setting next_dagrun for example_complex to None
[2025-05-19 09:12:30,786] {processor.py:171} INFO - Processing /home/airflow/.local/lib/python3.6/site-packages/airflow/example_dags/example_complex.py took 0.261 seconds
[2025-05-19 09:13:01,294] {processor.py:163} INFO - Started process (PID=2263) to work on /home/airflow/.local/lib/python3.6/site-packages/airflow/example_dags/example_complex.py
[2025-05-19 09:13:01,296] {processor.py:642} INFO - Processing file /home/airflow/.local/lib/python3.6/site-packages/airflow/example_dags/example_complex.py for tasks to queue
[2025-05-19 09:13:01,298] {logging_mixin.py:109} INFO - [2025-05-19 09:13:01,298] {dagbag.py:500} INFO - Filling up the DagBag from /home/airflow/.local/lib/python3.6/site-packages/airflow/example_dags/example_complex.py
[2025-05-19 09:13:01,409] {processor.py:654} INFO - DAG(s) dict_keys(['example_complex']) retrieved from /home/airflow/.local/lib/python3.6/site-packages/airflow/example_dags/example_complex.py
[2025-05-19 09:13:01,486] {logging_mixin.py:109} INFO - [2025-05-19 09:13:01,486] {dag.py:2396} INFO - Sync 1 DAGs
[2025-05-19 09:13:01,562] {logging_mixin.py:109} INFO - [2025-05-19 09:13:01,561] {dag.py:2935} INFO - Setting next_dagrun for example_complex to None
[2025-05-19 09:13:01,582] {processor.py:171} INFO - Processing /home/airflow/.local/lib/python3.6/site-packages/airflow/example_dags/example_complex.py took 0.295 seconds
[2025-05-19 09:13:31,639] {processor.py:163} INFO - Started process (PID=2314) to work on /home/airflow/.local/lib/python3.6/site-packages/airflow/example_dags/example_complex.py
[2025-05-19 09:13:31,643] {processor.py:642} INFO - Processing file /home/airflow/.local/lib/python3.6/site-packages/airflow/example_dags/example_complex.py for tasks to queue
[2025-05-19 09:13:31,646] {logging_mixin.py:109} INFO - [2025-05-19 09:13:31,646] {dagbag.py:500} INFO - Filling up the DagBag from /home/airflow/.local/lib/python3.6/site-packages/airflow/example_dags/example_complex.py
[2025-05-19 09:13:31,779] {processor.py:654} INFO - DAG(s) dict_keys(['example_complex']) retrieved from /home/airflow/.local/lib/python3.6/site-packages/airflow/example_dags/example_complex.py
[2025-05-19 09:13:31,827] {logging_mixin.py:109} INFO - [2025-05-19 09:13:31,827] {dag.py:2396} INFO - Sync 1 DAGs
[2025-05-19 09:13:31,879] {logging_mixin.py:109} INFO - [2025-05-19 09:13:31,879] {dag.py:2935} INFO - Setting next_dagrun for example_complex to None
[2025-05-19 09:13:31,905] {processor.py:171} INFO - Processing /home/airflow/.local/lib/python3.6/site-packages/airflow/example_dags/example_complex.py took 0.281 seconds
[2025-05-19 09:14:02,026] {processor.py:163} INFO - Started process (PID=2366) to work on /home/airflow/.local/lib/python3.6/site-packages/airflow/example_dags/example_complex.py
[2025-05-19 09:14:02,029] {processor.py:642} INFO - Processing file /home/airflow/.local/lib/python3.6/site-packages/airflow/example_dags/example_complex.py for tasks to queue
[2025-05-19 09:14:02,030] {logging_mixin.py:109} INFO - [2025-05-19 09:14:02,030] {dagbag.py:500} INFO - Filling up the DagBag from /home/airflow/.local/lib/python3.6/site-packages/airflow/example_dags/example_complex.py
[2025-05-19 09:14:02,129] {processor.py:654} INFO - DAG(s) dict_keys(['example_complex']) retrieved from /home/airflow/.local/lib/python3.6/site-packages/airflow/example_dags/example_complex.py
[2025-05-19 09:14:02,188] {logging_mixin.py:109} INFO - [2025-05-19 09:14:02,188] {dag.py:2396} INFO - Sync 1 DAGs
[2025-05-19 09:14:02,233] {logging_mixin.py:109} INFO - [2025-05-19 09:14:02,233] {dag.py:2935} INFO - Setting next_dagrun for example_complex to None
[2025-05-19 09:14:02,253] {processor.py:171} INFO - Processing /home/airflow/.local/lib/python3.6/site-packages/airflow/example_dags/example_complex.py took 0.232 seconds
[2025-05-19 09:14:32,301] {processor.py:163} INFO - Started process (PID=2419) to work on /home/airflow/.local/lib/python3.6/site-packages/airflow/example_dags/example_complex.py
[2025-05-19 09:14:32,304] {processor.py:642} INFO - Processing file /home/airflow/.local/lib/python3.6/site-packages/airflow/example_dags/example_complex.py for tasks to queue
[2025-05-19 09:14:32,306] {logging_mixin.py:109} INFO - [2025-05-19 09:14:32,306] {dagbag.py:500} INFO - Filling up the DagBag from /home/airflow/.local/lib/python3.6/site-packages/airflow/example_dags/example_complex.py
[2025-05-19 09:14:32,370] {processor.py:654} INFO - DAG(s) dict_keys(['example_complex']) retrieved from /home/airflow/.local/lib/python3.6/site-packages/airflow/example_dags/example_complex.py
[2025-05-19 09:14:32,402] {logging_mixin.py:109} INFO - [2025-05-19 09:14:32,401] {dag.py:2396} INFO - Sync 1 DAGs
[2025-05-19 09:14:32,437] {logging_mixin.py:109} INFO - [2025-05-19 09:14:32,437] {dag.py:2935} INFO - Setting next_dagrun for example_complex to None
[2025-05-19 09:14:32,452] {processor.py:171} INFO - Processing /home/airflow/.local/lib/python3.6/site-packages/airflow/example_dags/example_complex.py took 0.156 seconds
[2025-05-19 19:33:57,406] {processor.py:163} INFO - Started process (PID=75) to work on /home/airflow/.local/lib/python3.6/site-packages/airflow/example_dags/example_complex.py
[2025-05-19 19:33:57,408] {processor.py:642} INFO - Processing file /home/airflow/.local/lib/python3.6/site-packages/airflow/example_dags/example_complex.py for tasks to queue
[2025-05-19 19:33:57,410] {logging_mixin.py:109} INFO - [2025-05-19 19:33:57,410] {dagbag.py:500} INFO - Filling up the DagBag from /home/airflow/.local/lib/python3.6/site-packages/airflow/example_dags/example_complex.py
[2025-05-19 19:33:57,653] {processor.py:654} INFO - DAG(s) dict_keys(['example_complex']) retrieved from /home/airflow/.local/lib/python3.6/site-packages/airflow/example_dags/example_complex.py
[2025-05-19 19:33:57,703] {logging_mixin.py:109} INFO - [2025-05-19 19:33:57,703] {dag.py:2396} INFO - Sync 1 DAGs
[2025-05-19 19:33:57,755] {logging_mixin.py:109} INFO - [2025-05-19 19:33:57,754] {dag.py:2935} INFO - Setting next_dagrun for example_complex to None
[2025-05-19 19:33:57,777] {processor.py:171} INFO - Processing /home/airflow/.local/lib/python3.6/site-packages/airflow/example_dags/example_complex.py took 0.377 seconds
[2025-05-19 19:34:33,354] {processor.py:163} INFO - Started process (PID=127) to work on /home/airflow/.local/lib/python3.6/site-packages/airflow/example_dags/example_complex.py
[2025-05-19 19:34:33,358] {processor.py:642} INFO - Processing file /home/airflow/.local/lib/python3.6/site-packages/airflow/example_dags/example_complex.py for tasks to queue
[2025-05-19 19:34:33,360] {logging_mixin.py:109} INFO - [2025-05-19 19:34:33,360] {dagbag.py:500} INFO - Filling up the DagBag from /home/airflow/.local/lib/python3.6/site-packages/airflow/example_dags/example_complex.py
[2025-05-19 19:34:33,674] {processor.py:654} INFO - DAG(s) dict_keys(['example_complex']) retrieved from /home/airflow/.local/lib/python3.6/site-packages/airflow/example_dags/example_complex.py
[2025-05-19 19:34:33,911] {logging_mixin.py:109} INFO - [2025-05-19 19:34:33,911] {dag.py:2396} INFO - Sync 1 DAGs
[2025-05-19 19:34:34,048] {logging_mixin.py:109} INFO - [2025-05-19 19:34:34,047] {dag.py:2935} INFO - Setting next_dagrun for example_complex to None
[2025-05-19 19:34:34,103] {processor.py:171} INFO - Processing /home/airflow/.local/lib/python3.6/site-packages/airflow/example_dags/example_complex.py took 0.781 seconds
[2025-05-19 19:35:04,352] {processor.py:163} INFO - Started process (PID=181) to work on /home/airflow/.local/lib/python3.6/site-packages/airflow/example_dags/example_complex.py
[2025-05-19 19:35:04,356] {processor.py:642} INFO - Processing file /home/airflow/.local/lib/python3.6/site-packages/airflow/example_dags/example_complex.py for tasks to queue
[2025-05-19 19:35:04,358] {logging_mixin.py:109} INFO - [2025-05-19 19:35:04,358] {dagbag.py:500} INFO - Filling up the DagBag from /home/airflow/.local/lib/python3.6/site-packages/airflow/example_dags/example_complex.py
[2025-05-19 19:35:04,497] {processor.py:654} INFO - DAG(s) dict_keys(['example_complex']) retrieved from /home/airflow/.local/lib/python3.6/site-packages/airflow/example_dags/example_complex.py
[2025-05-19 19:35:04,573] {logging_mixin.py:109} INFO - [2025-05-19 19:35:04,572] {dag.py:2396} INFO - Sync 1 DAGs
[2025-05-19 19:35:04,625] {logging_mixin.py:109} INFO - [2025-05-19 19:35:04,625] {dag.py:2935} INFO - Setting next_dagrun for example_complex to None
[2025-05-19 19:35:04,654] {processor.py:171} INFO - Processing /home/airflow/.local/lib/python3.6/site-packages/airflow/example_dags/example_complex.py took 0.308 seconds
[2025-05-19 19:35:35,002] {processor.py:163} INFO - Started process (PID=232) to work on /home/airflow/.local/lib/python3.6/site-packages/airflow/example_dags/example_complex.py
[2025-05-19 19:35:35,005] {processor.py:642} INFO - Processing file /home/airflow/.local/lib/python3.6/site-packages/airflow/example_dags/example_complex.py for tasks to queue
[2025-05-19 19:35:35,010] {logging_mixin.py:109} INFO - [2025-05-19 19:35:35,010] {dagbag.py:500} INFO - Filling up the DagBag from /home/airflow/.local/lib/python3.6/site-packages/airflow/example_dags/example_complex.py
[2025-05-19 19:35:35,172] {processor.py:654} INFO - DAG(s) dict_keys(['example_complex']) retrieved from /home/airflow/.local/lib/python3.6/site-packages/airflow/example_dags/example_complex.py
[2025-05-19 19:35:35,281] {logging_mixin.py:109} INFO - [2025-05-19 19:35:35,281] {dag.py:2396} INFO - Sync 1 DAGs
[2025-05-19 19:35:35,367] {logging_mixin.py:109} INFO - [2025-05-19 19:35:35,367] {dag.py:2935} INFO - Setting next_dagrun for example_complex to None
[2025-05-19 19:35:35,404] {processor.py:171} INFO - Processing /home/airflow/.local/lib/python3.6/site-packages/airflow/example_dags/example_complex.py took 0.411 seconds
[2025-05-19 19:36:05,900] {processor.py:163} INFO - Started process (PID=285) to work on /home/airflow/.local/lib/python3.6/site-packages/airflow/example_dags/example_complex.py
[2025-05-19 19:36:05,904] {processor.py:642} INFO - Processing file /home/airflow/.local/lib/python3.6/site-packages/airflow/example_dags/example_complex.py for tasks to queue
[2025-05-19 19:36:05,917] {logging_mixin.py:109} INFO - [2025-05-19 19:36:05,917] {dagbag.py:500} INFO - Filling up the DagBag from /home/airflow/.local/lib/python3.6/site-packages/airflow/example_dags/example_complex.py
[2025-05-19 19:36:06,095] {processor.py:654} INFO - DAG(s) dict_keys(['example_complex']) retrieved from /home/airflow/.local/lib/python3.6/site-packages/airflow/example_dags/example_complex.py
[2025-05-19 19:36:06,158] {logging_mixin.py:109} INFO - [2025-05-19 19:36:06,158] {dag.py:2396} INFO - Sync 1 DAGs
[2025-05-19 19:36:06,236] {logging_mixin.py:109} INFO - [2025-05-19 19:36:06,236] {dag.py:2935} INFO - Setting next_dagrun for example_complex to None
[2025-05-19 19:36:06,275] {processor.py:171} INFO - Processing /home/airflow/.local/lib/python3.6/site-packages/airflow/example_dags/example_complex.py took 0.404 seconds
[2025-05-19 19:36:36,370] {processor.py:163} INFO - Started process (PID=337) to work on /home/airflow/.local/lib/python3.6/site-packages/airflow/example_dags/example_complex.py
[2025-05-19 19:36:36,372] {processor.py:642} INFO - Processing file /home/airflow/.local/lib/python3.6/site-packages/airflow/example_dags/example_complex.py for tasks to queue
[2025-05-19 19:36:36,373] {logging_mixin.py:109} INFO - [2025-05-19 19:36:36,373] {dagbag.py:500} INFO - Filling up the DagBag from /home/airflow/.local/lib/python3.6/site-packages/airflow/example_dags/example_complex.py
[2025-05-19 19:36:36,442] {processor.py:654} INFO - DAG(s) dict_keys(['example_complex']) retrieved from /home/airflow/.local/lib/python3.6/site-packages/airflow/example_dags/example_complex.py
[2025-05-19 19:36:36,473] {logging_mixin.py:109} INFO - [2025-05-19 19:36:36,473] {dag.py:2396} INFO - Sync 1 DAGs
[2025-05-19 19:36:36,508] {logging_mixin.py:109} INFO - [2025-05-19 19:36:36,507] {dag.py:2935} INFO - Setting next_dagrun for example_complex to None
[2025-05-19 19:36:36,525] {processor.py:171} INFO - Processing /home/airflow/.local/lib/python3.6/site-packages/airflow/example_dags/example_complex.py took 0.159 seconds
[2025-05-19 19:37:07,105] {processor.py:163} INFO - Started process (PID=391) to work on /home/airflow/.local/lib/python3.6/site-packages/airflow/example_dags/example_complex.py
[2025-05-19 19:37:07,107] {processor.py:642} INFO - Processing file /home/airflow/.local/lib/python3.6/site-packages/airflow/example_dags/example_complex.py for tasks to queue
[2025-05-19 19:37:07,109] {logging_mixin.py:109} INFO - [2025-05-19 19:37:07,108] {dagbag.py:500} INFO - Filling up the DagBag from /home/airflow/.local/lib/python3.6/site-packages/airflow/example_dags/example_complex.py
[2025-05-19 19:37:07,169] {processor.py:654} INFO - DAG(s) dict_keys(['example_complex']) retrieved from /home/airflow/.local/lib/python3.6/site-packages/airflow/example_dags/example_complex.py
[2025-05-19 19:37:07,213] {logging_mixin.py:109} INFO - [2025-05-19 19:37:07,212] {dag.py:2396} INFO - Sync 1 DAGs
[2025-05-19 19:37:07,257] {logging_mixin.py:109} INFO - [2025-05-19 19:37:07,256] {dag.py:2935} INFO - Setting next_dagrun for example_complex to None
[2025-05-19 19:37:07,280] {processor.py:171} INFO - Processing /home/airflow/.local/lib/python3.6/site-packages/airflow/example_dags/example_complex.py took 0.180 seconds
