[2025-05-19 08:53:03,427] {processor.py:163} INFO - Started process (PID=167) to work on /home/airflow/.local/lib/python3.6/site-packages/airflow/example_dags/example_branch_day_of_week_operator.py
[2025-05-19 08:53:03,432] {processor.py:642} INFO - Processing file /home/airflow/.local/lib/python3.6/site-packages/airflow/example_dags/example_branch_day_of_week_operator.py for tasks to queue
[2025-05-19 08:53:03,435] {logging_mixin.py:109} INFO - [2025-05-19 08:53:03,434] {dagbag.py:500} INFO - Filling up the DagBag from /home/airflow/.local/lib/python3.6/site-packages/airflow/example_dags/example_branch_day_of_week_operator.py
[2025-05-19 08:53:03,690] {processor.py:654} INFO - DAG(s) dict_keys(['example_weekday_branch_operator']) retrieved from /home/airflow/.local/lib/python3.6/site-packages/airflow/example_dags/example_branch_day_of_week_operator.py
[2025-05-19 08:53:14,183] {logging_mixin.py:109} INFO - [2025-05-19 08:53:14,182] {manager.py:496} INFO - Created Permission View: can read on DAG:example_weekday_branch_operator
[2025-05-19 08:53:14,231] {logging_mixin.py:109} INFO - [2025-05-19 08:53:14,231] {manager.py:496} INFO - Created Permission View: can edit on DAG:example_weekday_branch_operator
[2025-05-19 08:53:14,237] {logging_mixin.py:109} INFO - [2025-05-19 08:53:14,232] {dag.py:2396} INFO - Sync 1 DAGs
[2025-05-19 08:53:14,278] {logging_mixin.py:109} INFO - [2025-05-19 08:53:14,274] {dag.py:2415} INFO - Creating ORM DAG for example_weekday_branch_operator
[2025-05-19 08:53:14,310] {logging_mixin.py:109} INFO - [2025-05-19 08:53:14,309] {dag.py:2935} INFO - Setting next_dagrun for example_weekday_branch_operator to 2025-05-18 00:00:00+00:00
[2025-05-19 08:53:14,405] {processor.py:171} INFO - Processing /home/airflow/.local/lib/python3.6/site-packages/airflow/example_dags/example_branch_day_of_week_operator.py took 12.788 seconds
[2025-05-19 08:55:22,863] {processor.py:163} INFO - Started process (PID=443) to work on /home/airflow/.local/lib/python3.6/site-packages/airflow/example_dags/example_branch_day_of_week_operator.py
[2025-05-19 08:55:22,868] {processor.py:642} INFO - Processing file /home/airflow/.local/lib/python3.6/site-packages/airflow/example_dags/example_branch_day_of_week_operator.py for tasks to queue
[2025-05-19 08:55:22,876] {logging_mixin.py:109} INFO - [2025-05-19 08:55:22,876] {dagbag.py:500} INFO - Filling up the DagBag from /home/airflow/.local/lib/python3.6/site-packages/airflow/example_dags/example_branch_day_of_week_operator.py
[2025-05-19 08:55:22,993] {processor.py:654} INFO - DAG(s) dict_keys(['example_weekday_branch_operator']) retrieved from /home/airflow/.local/lib/python3.6/site-packages/airflow/example_dags/example_branch_day_of_week_operator.py
[2025-05-19 08:55:23,062] {logging_mixin.py:109} INFO - [2025-05-19 08:55:23,062] {dag.py:2396} INFO - Sync 1 DAGs
[2025-05-19 08:55:23,166] {logging_mixin.py:109} INFO - [2025-05-19 08:55:23,166] {dag.py:2935} INFO - Setting next_dagrun for example_weekday_branch_operator to 2025-05-18 00:00:00+00:00
[2025-05-19 08:55:23,214] {processor.py:171} INFO - Processing /home/airflow/.local/lib/python3.6/site-packages/airflow/example_dags/example_branch_day_of_week_operator.py took 0.373 seconds
[2025-05-19 08:55:54,370] {processor.py:163} INFO - Started process (PID=493) to work on /home/airflow/.local/lib/python3.6/site-packages/airflow/example_dags/example_branch_day_of_week_operator.py
[2025-05-19 08:55:54,374] {processor.py:642} INFO - Processing file /home/airflow/.local/lib/python3.6/site-packages/airflow/example_dags/example_branch_day_of_week_operator.py for tasks to queue
[2025-05-19 08:55:54,377] {logging_mixin.py:109} INFO - [2025-05-19 08:55:54,377] {dagbag.py:500} INFO - Filling up the DagBag from /home/airflow/.local/lib/python3.6/site-packages/airflow/example_dags/example_branch_day_of_week_operator.py
[2025-05-19 08:55:54,567] {processor.py:654} INFO - DAG(s) dict_keys(['example_weekday_branch_operator']) retrieved from /home/airflow/.local/lib/python3.6/site-packages/airflow/example_dags/example_branch_day_of_week_operator.py
[2025-05-19 08:55:54,676] {logging_mixin.py:109} INFO - [2025-05-19 08:55:54,676] {dag.py:2396} INFO - Sync 1 DAGs
[2025-05-19 08:55:54,870] {logging_mixin.py:109} INFO - [2025-05-19 08:55:54,870] {dag.py:2935} INFO - Setting next_dagrun for example_weekday_branch_operator to 2025-05-18 00:00:00+00:00
[2025-05-19 08:55:54,933] {processor.py:171} INFO - Processing /home/airflow/.local/lib/python3.6/site-packages/airflow/example_dags/example_branch_day_of_week_operator.py took 0.582 seconds
[2025-05-19 08:56:25,304] {processor.py:163} INFO - Started process (PID=545) to work on /home/airflow/.local/lib/python3.6/site-packages/airflow/example_dags/example_branch_day_of_week_operator.py
[2025-05-19 08:56:25,308] {processor.py:642} INFO - Processing file /home/airflow/.local/lib/python3.6/site-packages/airflow/example_dags/example_branch_day_of_week_operator.py for tasks to queue
[2025-05-19 08:56:25,310] {logging_mixin.py:109} INFO - [2025-05-19 08:56:25,310] {dagbag.py:500} INFO - Filling up the DagBag from /home/airflow/.local/lib/python3.6/site-packages/airflow/example_dags/example_branch_day_of_week_operator.py
[2025-05-19 08:56:25,394] {processor.py:654} INFO - DAG(s) dict_keys(['example_weekday_branch_operator']) retrieved from /home/airflow/.local/lib/python3.6/site-packages/airflow/example_dags/example_branch_day_of_week_operator.py
[2025-05-19 08:56:25,419] {logging_mixin.py:109} INFO - [2025-05-19 08:56:25,419] {dag.py:2396} INFO - Sync 1 DAGs
[2025-05-19 08:56:25,472] {logging_mixin.py:109} INFO - [2025-05-19 08:56:25,472] {dag.py:2935} INFO - Setting next_dagrun for example_weekday_branch_operator to 2025-05-18 00:00:00+00:00
[2025-05-19 08:56:25,493] {processor.py:171} INFO - Processing /home/airflow/.local/lib/python3.6/site-packages/airflow/example_dags/example_branch_day_of_week_operator.py took 0.198 seconds
[2025-05-19 08:56:55,592] {processor.py:163} INFO - Started process (PID=596) to work on /home/airflow/.local/lib/python3.6/site-packages/airflow/example_dags/example_branch_day_of_week_operator.py
[2025-05-19 08:56:55,595] {processor.py:642} INFO - Processing file /home/airflow/.local/lib/python3.6/site-packages/airflow/example_dags/example_branch_day_of_week_operator.py for tasks to queue
[2025-05-19 08:56:55,598] {logging_mixin.py:109} INFO - [2025-05-19 08:56:55,598] {dagbag.py:500} INFO - Filling up the DagBag from /home/airflow/.local/lib/python3.6/site-packages/airflow/example_dags/example_branch_day_of_week_operator.py
[2025-05-19 08:56:55,675] {processor.py:654} INFO - DAG(s) dict_keys(['example_weekday_branch_operator']) retrieved from /home/airflow/.local/lib/python3.6/site-packages/airflow/example_dags/example_branch_day_of_week_operator.py
[2025-05-19 08:56:55,701] {logging_mixin.py:109} INFO - [2025-05-19 08:56:55,700] {dag.py:2396} INFO - Sync 1 DAGs
[2025-05-19 08:56:55,757] {logging_mixin.py:109} INFO - [2025-05-19 08:56:55,757] {dag.py:2935} INFO - Setting next_dagrun for example_weekday_branch_operator to 2025-05-18 00:00:00+00:00
[2025-05-19 08:56:55,779] {processor.py:171} INFO - Processing /home/airflow/.local/lib/python3.6/site-packages/airflow/example_dags/example_branch_day_of_week_operator.py took 0.195 seconds
[2025-05-19 08:57:26,718] {processor.py:163} INFO - Started process (PID=648) to work on /home/airflow/.local/lib/python3.6/site-packages/airflow/example_dags/example_branch_day_of_week_operator.py
[2025-05-19 08:57:26,722] {processor.py:642} INFO - Processing file /home/airflow/.local/lib/python3.6/site-packages/airflow/example_dags/example_branch_day_of_week_operator.py for tasks to queue
[2025-05-19 08:57:26,725] {logging_mixin.py:109} INFO - [2025-05-19 08:57:26,725] {dagbag.py:500} INFO - Filling up the DagBag from /home/airflow/.local/lib/python3.6/site-packages/airflow/example_dags/example_branch_day_of_week_operator.py
[2025-05-19 08:57:26,786] {processor.py:654} INFO - DAG(s) dict_keys(['example_weekday_branch_operator']) retrieved from /home/airflow/.local/lib/python3.6/site-packages/airflow/example_dags/example_branch_day_of_week_operator.py
[2025-05-19 08:57:26,811] {logging_mixin.py:109} INFO - [2025-05-19 08:57:26,811] {dag.py:2396} INFO - Sync 1 DAGs
[2025-05-19 08:57:26,852] {logging_mixin.py:109} INFO - [2025-05-19 08:57:26,852] {dag.py:2935} INFO - Setting next_dagrun for example_weekday_branch_operator to 2025-05-18 00:00:00+00:00
[2025-05-19 08:57:26,875] {processor.py:171} INFO - Processing /home/airflow/.local/lib/python3.6/site-packages/airflow/example_dags/example_branch_day_of_week_operator.py took 0.168 seconds
[2025-05-19 08:57:57,331] {processor.py:163} INFO - Started process (PID=699) to work on /home/airflow/.local/lib/python3.6/site-packages/airflow/example_dags/example_branch_day_of_week_operator.py
[2025-05-19 08:57:57,335] {processor.py:642} INFO - Processing file /home/airflow/.local/lib/python3.6/site-packages/airflow/example_dags/example_branch_day_of_week_operator.py for tasks to queue
[2025-05-19 08:57:57,338] {logging_mixin.py:109} INFO - [2025-05-19 08:57:57,337] {dagbag.py:500} INFO - Filling up the DagBag from /home/airflow/.local/lib/python3.6/site-packages/airflow/example_dags/example_branch_day_of_week_operator.py
[2025-05-19 08:57:57,407] {processor.py:654} INFO - DAG(s) dict_keys(['example_weekday_branch_operator']) retrieved from /home/airflow/.local/lib/python3.6/site-packages/airflow/example_dags/example_branch_day_of_week_operator.py
[2025-05-19 08:57:57,437] {logging_mixin.py:109} INFO - [2025-05-19 08:57:57,436] {dag.py:2396} INFO - Sync 1 DAGs
[2025-05-19 08:57:57,481] {logging_mixin.py:109} INFO - [2025-05-19 08:57:57,480] {dag.py:2935} INFO - Setting next_dagrun for example_weekday_branch_operator to 2025-05-18 00:00:00+00:00
[2025-05-19 08:57:57,501] {processor.py:171} INFO - Processing /home/airflow/.local/lib/python3.6/site-packages/airflow/example_dags/example_branch_day_of_week_operator.py took 0.179 seconds
[2025-05-19 08:58:27,716] {processor.py:163} INFO - Started process (PID=751) to work on /home/airflow/.local/lib/python3.6/site-packages/airflow/example_dags/example_branch_day_of_week_operator.py
[2025-05-19 08:58:27,719] {processor.py:642} INFO - Processing file /home/airflow/.local/lib/python3.6/site-packages/airflow/example_dags/example_branch_day_of_week_operator.py for tasks to queue
[2025-05-19 08:58:27,721] {logging_mixin.py:109} INFO - [2025-05-19 08:58:27,721] {dagbag.py:500} INFO - Filling up the DagBag from /home/airflow/.local/lib/python3.6/site-packages/airflow/example_dags/example_branch_day_of_week_operator.py
[2025-05-19 08:58:27,792] {processor.py:654} INFO - DAG(s) dict_keys(['example_weekday_branch_operator']) retrieved from /home/airflow/.local/lib/python3.6/site-packages/airflow/example_dags/example_branch_day_of_week_operator.py
[2025-05-19 08:58:27,837] {logging_mixin.py:109} INFO - [2025-05-19 08:58:27,837] {dag.py:2396} INFO - Sync 1 DAGs
[2025-05-19 08:58:27,882] {logging_mixin.py:109} INFO - [2025-05-19 08:58:27,882] {dag.py:2935} INFO - Setting next_dagrun for example_weekday_branch_operator to 2025-05-18 00:00:00+00:00
[2025-05-19 08:58:27,904] {processor.py:171} INFO - Processing /home/airflow/.local/lib/python3.6/site-packages/airflow/example_dags/example_branch_day_of_week_operator.py took 0.200 seconds
[2025-05-19 08:58:58,309] {processor.py:163} INFO - Started process (PID=803) to work on /home/airflow/.local/lib/python3.6/site-packages/airflow/example_dags/example_branch_day_of_week_operator.py
[2025-05-19 08:58:58,311] {processor.py:642} INFO - Processing file /home/airflow/.local/lib/python3.6/site-packages/airflow/example_dags/example_branch_day_of_week_operator.py for tasks to queue
[2025-05-19 08:58:58,313] {logging_mixin.py:109} INFO - [2025-05-19 08:58:58,313] {dagbag.py:500} INFO - Filling up the DagBag from /home/airflow/.local/lib/python3.6/site-packages/airflow/example_dags/example_branch_day_of_week_operator.py
[2025-05-19 08:58:58,367] {processor.py:654} INFO - DAG(s) dict_keys(['example_weekday_branch_operator']) retrieved from /home/airflow/.local/lib/python3.6/site-packages/airflow/example_dags/example_branch_day_of_week_operator.py
[2025-05-19 08:58:58,390] {logging_mixin.py:109} INFO - [2025-05-19 08:58:58,390] {dag.py:2396} INFO - Sync 1 DAGs
[2025-05-19 08:58:58,430] {logging_mixin.py:109} INFO - [2025-05-19 08:58:58,430] {dag.py:2935} INFO - Setting next_dagrun for example_weekday_branch_operator to 2025-05-18 00:00:00+00:00
[2025-05-19 08:58:58,449] {processor.py:171} INFO - Processing /home/airflow/.local/lib/python3.6/site-packages/airflow/example_dags/example_branch_day_of_week_operator.py took 0.150 seconds
[2025-05-19 08:59:28,791] {processor.py:163} INFO - Started process (PID=855) to work on /home/airflow/.local/lib/python3.6/site-packages/airflow/example_dags/example_branch_day_of_week_operator.py
[2025-05-19 08:59:28,794] {processor.py:642} INFO - Processing file /home/airflow/.local/lib/python3.6/site-packages/airflow/example_dags/example_branch_day_of_week_operator.py for tasks to queue
[2025-05-19 08:59:28,795] {logging_mixin.py:109} INFO - [2025-05-19 08:59:28,795] {dagbag.py:500} INFO - Filling up the DagBag from /home/airflow/.local/lib/python3.6/site-packages/airflow/example_dags/example_branch_day_of_week_operator.py
[2025-05-19 08:59:28,867] {processor.py:654} INFO - DAG(s) dict_keys(['example_weekday_branch_operator']) retrieved from /home/airflow/.local/lib/python3.6/site-packages/airflow/example_dags/example_branch_day_of_week_operator.py
[2025-05-19 08:59:28,893] {logging_mixin.py:109} INFO - [2025-05-19 08:59:28,892] {dag.py:2396} INFO - Sync 1 DAGs
[2025-05-19 08:59:28,925] {logging_mixin.py:109} INFO - [2025-05-19 08:59:28,925] {dag.py:2935} INFO - Setting next_dagrun for example_weekday_branch_operator to 2025-05-18 00:00:00+00:00
[2025-05-19 08:59:28,941] {processor.py:171} INFO - Processing /home/airflow/.local/lib/python3.6/site-packages/airflow/example_dags/example_branch_day_of_week_operator.py took 0.156 seconds
[2025-05-19 08:59:59,115] {processor.py:163} INFO - Started process (PID=907) to work on /home/airflow/.local/lib/python3.6/site-packages/airflow/example_dags/example_branch_day_of_week_operator.py
[2025-05-19 08:59:59,121] {processor.py:642} INFO - Processing file /home/airflow/.local/lib/python3.6/site-packages/airflow/example_dags/example_branch_day_of_week_operator.py for tasks to queue
[2025-05-19 08:59:59,123] {logging_mixin.py:109} INFO - [2025-05-19 08:59:59,123] {dagbag.py:500} INFO - Filling up the DagBag from /home/airflow/.local/lib/python3.6/site-packages/airflow/example_dags/example_branch_day_of_week_operator.py
[2025-05-19 08:59:59,196] {processor.py:654} INFO - DAG(s) dict_keys(['example_weekday_branch_operator']) retrieved from /home/airflow/.local/lib/python3.6/site-packages/airflow/example_dags/example_branch_day_of_week_operator.py
[2025-05-19 08:59:59,229] {logging_mixin.py:109} INFO - [2025-05-19 08:59:59,229] {dag.py:2396} INFO - Sync 1 DAGs
[2025-05-19 08:59:59,314] {logging_mixin.py:109} INFO - [2025-05-19 08:59:59,313] {dag.py:2935} INFO - Setting next_dagrun for example_weekday_branch_operator to 2025-05-18 00:00:00+00:00
[2025-05-19 08:59:59,372] {processor.py:171} INFO - Processing /home/airflow/.local/lib/python3.6/site-packages/airflow/example_dags/example_branch_day_of_week_operator.py took 0.266 seconds
[2025-05-19 09:00:29,794] {processor.py:163} INFO - Started process (PID=959) to work on /home/airflow/.local/lib/python3.6/site-packages/airflow/example_dags/example_branch_day_of_week_operator.py
[2025-05-19 09:00:29,797] {processor.py:642} INFO - Processing file /home/airflow/.local/lib/python3.6/site-packages/airflow/example_dags/example_branch_day_of_week_operator.py for tasks to queue
[2025-05-19 09:00:29,799] {logging_mixin.py:109} INFO - [2025-05-19 09:00:29,798] {dagbag.py:500} INFO - Filling up the DagBag from /home/airflow/.local/lib/python3.6/site-packages/airflow/example_dags/example_branch_day_of_week_operator.py
[2025-05-19 09:00:29,867] {processor.py:654} INFO - DAG(s) dict_keys(['example_weekday_branch_operator']) retrieved from /home/airflow/.local/lib/python3.6/site-packages/airflow/example_dags/example_branch_day_of_week_operator.py
[2025-05-19 09:00:29,893] {logging_mixin.py:109} INFO - [2025-05-19 09:00:29,892] {dag.py:2396} INFO - Sync 1 DAGs
[2025-05-19 09:00:29,941] {logging_mixin.py:109} INFO - [2025-05-19 09:00:29,940] {dag.py:2935} INFO - Setting next_dagrun for example_weekday_branch_operator to 2025-05-18 00:00:00+00:00
[2025-05-19 09:00:29,963] {processor.py:171} INFO - Processing /home/airflow/.local/lib/python3.6/site-packages/airflow/example_dags/example_branch_day_of_week_operator.py took 0.176 seconds
[2025-05-19 09:01:00,077] {processor.py:163} INFO - Started process (PID=1011) to work on /home/airflow/.local/lib/python3.6/site-packages/airflow/example_dags/example_branch_day_of_week_operator.py
[2025-05-19 09:01:00,080] {processor.py:642} INFO - Processing file /home/airflow/.local/lib/python3.6/site-packages/airflow/example_dags/example_branch_day_of_week_operator.py for tasks to queue
[2025-05-19 09:01:00,083] {logging_mixin.py:109} INFO - [2025-05-19 09:01:00,083] {dagbag.py:500} INFO - Filling up the DagBag from /home/airflow/.local/lib/python3.6/site-packages/airflow/example_dags/example_branch_day_of_week_operator.py
[2025-05-19 09:01:00,142] {processor.py:654} INFO - DAG(s) dict_keys(['example_weekday_branch_operator']) retrieved from /home/airflow/.local/lib/python3.6/site-packages/airflow/example_dags/example_branch_day_of_week_operator.py
[2025-05-19 09:01:00,174] {logging_mixin.py:109} INFO - [2025-05-19 09:01:00,174] {dag.py:2396} INFO - Sync 1 DAGs
[2025-05-19 09:01:00,218] {logging_mixin.py:109} INFO - [2025-05-19 09:01:00,218] {dag.py:2935} INFO - Setting next_dagrun for example_weekday_branch_operator to 2025-05-18 00:00:00+00:00
[2025-05-19 09:01:00,242] {processor.py:171} INFO - Processing /home/airflow/.local/lib/python3.6/site-packages/airflow/example_dags/example_branch_day_of_week_operator.py took 0.172 seconds
[2025-05-19 09:01:30,454] {processor.py:163} INFO - Started process (PID=1063) to work on /home/airflow/.local/lib/python3.6/site-packages/airflow/example_dags/example_branch_day_of_week_operator.py
[2025-05-19 09:01:30,459] {processor.py:642} INFO - Processing file /home/airflow/.local/lib/python3.6/site-packages/airflow/example_dags/example_branch_day_of_week_operator.py for tasks to queue
[2025-05-19 09:01:30,463] {logging_mixin.py:109} INFO - [2025-05-19 09:01:30,462] {dagbag.py:500} INFO - Filling up the DagBag from /home/airflow/.local/lib/python3.6/site-packages/airflow/example_dags/example_branch_day_of_week_operator.py
[2025-05-19 09:01:30,645] {processor.py:654} INFO - DAG(s) dict_keys(['example_weekday_branch_operator']) retrieved from /home/airflow/.local/lib/python3.6/site-packages/airflow/example_dags/example_branch_day_of_week_operator.py
[2025-05-19 09:01:30,723] {logging_mixin.py:109} INFO - [2025-05-19 09:01:30,723] {dag.py:2396} INFO - Sync 1 DAGs
[2025-05-19 09:01:30,860] {logging_mixin.py:109} INFO - [2025-05-19 09:01:30,860] {dag.py:2935} INFO - Setting next_dagrun for example_weekday_branch_operator to 2025-05-18 00:00:00+00:00
[2025-05-19 09:01:30,896] {processor.py:171} INFO - Processing /home/airflow/.local/lib/python3.6/site-packages/airflow/example_dags/example_branch_day_of_week_operator.py took 0.457 seconds
[2025-05-19 09:02:01,289] {processor.py:163} INFO - Started process (PID=1114) to work on /home/airflow/.local/lib/python3.6/site-packages/airflow/example_dags/example_branch_day_of_week_operator.py
[2025-05-19 09:02:01,299] {processor.py:642} INFO - Processing file /home/airflow/.local/lib/python3.6/site-packages/airflow/example_dags/example_branch_day_of_week_operator.py for tasks to queue
[2025-05-19 09:02:01,306] {logging_mixin.py:109} INFO - [2025-05-19 09:02:01,301] {dagbag.py:500} INFO - Filling up the DagBag from /home/airflow/.local/lib/python3.6/site-packages/airflow/example_dags/example_branch_day_of_week_operator.py
[2025-05-19 09:02:01,511] {processor.py:654} INFO - DAG(s) dict_keys(['example_weekday_branch_operator']) retrieved from /home/airflow/.local/lib/python3.6/site-packages/airflow/example_dags/example_branch_day_of_week_operator.py
[2025-05-19 09:02:01,563] {logging_mixin.py:109} INFO - [2025-05-19 09:02:01,562] {dag.py:2396} INFO - Sync 1 DAGs
[2025-05-19 09:02:01,688] {logging_mixin.py:109} INFO - [2025-05-19 09:02:01,686] {dag.py:2935} INFO - Setting next_dagrun for example_weekday_branch_operator to 2025-05-18 00:00:00+00:00
[2025-05-19 09:02:01,731] {processor.py:171} INFO - Processing /home/airflow/.local/lib/python3.6/site-packages/airflow/example_dags/example_branch_day_of_week_operator.py took 0.461 seconds
[2025-05-19 09:02:32,754] {processor.py:163} INFO - Started process (PID=1159) to work on /home/airflow/.local/lib/python3.6/site-packages/airflow/example_dags/example_branch_day_of_week_operator.py
[2025-05-19 09:02:32,757] {processor.py:642} INFO - Processing file /home/airflow/.local/lib/python3.6/site-packages/airflow/example_dags/example_branch_day_of_week_operator.py for tasks to queue
[2025-05-19 09:02:32,759] {logging_mixin.py:109} INFO - [2025-05-19 09:02:32,759] {dagbag.py:500} INFO - Filling up the DagBag from /home/airflow/.local/lib/python3.6/site-packages/airflow/example_dags/example_branch_day_of_week_operator.py
[2025-05-19 09:02:32,840] {processor.py:654} INFO - DAG(s) dict_keys(['example_weekday_branch_operator']) retrieved from /home/airflow/.local/lib/python3.6/site-packages/airflow/example_dags/example_branch_day_of_week_operator.py
[2025-05-19 09:02:32,870] {logging_mixin.py:109} INFO - [2025-05-19 09:02:32,869] {dag.py:2396} INFO - Sync 1 DAGs
[2025-05-19 09:02:32,935] {logging_mixin.py:109} INFO - [2025-05-19 09:02:32,934] {dag.py:2935} INFO - Setting next_dagrun for example_weekday_branch_operator to 2025-05-18 00:00:00+00:00
[2025-05-19 09:02:32,960] {processor.py:171} INFO - Processing /home/airflow/.local/lib/python3.6/site-packages/airflow/example_dags/example_branch_day_of_week_operator.py took 0.213 seconds
[2025-05-19 09:03:03,635] {processor.py:163} INFO - Started process (PID=1211) to work on /home/airflow/.local/lib/python3.6/site-packages/airflow/example_dags/example_branch_day_of_week_operator.py
[2025-05-19 09:03:03,640] {processor.py:642} INFO - Processing file /home/airflow/.local/lib/python3.6/site-packages/airflow/example_dags/example_branch_day_of_week_operator.py for tasks to queue
[2025-05-19 09:03:03,643] {logging_mixin.py:109} INFO - [2025-05-19 09:03:03,643] {dagbag.py:500} INFO - Filling up the DagBag from /home/airflow/.local/lib/python3.6/site-packages/airflow/example_dags/example_branch_day_of_week_operator.py
[2025-05-19 09:03:03,767] {processor.py:654} INFO - DAG(s) dict_keys(['example_weekday_branch_operator']) retrieved from /home/airflow/.local/lib/python3.6/site-packages/airflow/example_dags/example_branch_day_of_week_operator.py
[2025-05-19 09:03:03,818] {logging_mixin.py:109} INFO - [2025-05-19 09:03:03,816] {dag.py:2396} INFO - Sync 1 DAGs
[2025-05-19 09:03:03,876] {logging_mixin.py:109} INFO - [2025-05-19 09:03:03,876] {dag.py:2935} INFO - Setting next_dagrun for example_weekday_branch_operator to 2025-05-18 00:00:00+00:00
[2025-05-19 09:03:03,899] {processor.py:171} INFO - Processing /home/airflow/.local/lib/python3.6/site-packages/airflow/example_dags/example_branch_day_of_week_operator.py took 0.281 seconds
[2025-05-19 09:03:34,021] {processor.py:163} INFO - Started process (PID=1262) to work on /home/airflow/.local/lib/python3.6/site-packages/airflow/example_dags/example_branch_day_of_week_operator.py
[2025-05-19 09:03:34,024] {processor.py:642} INFO - Processing file /home/airflow/.local/lib/python3.6/site-packages/airflow/example_dags/example_branch_day_of_week_operator.py for tasks to queue
[2025-05-19 09:03:34,026] {logging_mixin.py:109} INFO - [2025-05-19 09:03:34,026] {dagbag.py:500} INFO - Filling up the DagBag from /home/airflow/.local/lib/python3.6/site-packages/airflow/example_dags/example_branch_day_of_week_operator.py
[2025-05-19 09:03:34,100] {processor.py:654} INFO - DAG(s) dict_keys(['example_weekday_branch_operator']) retrieved from /home/airflow/.local/lib/python3.6/site-packages/airflow/example_dags/example_branch_day_of_week_operator.py
[2025-05-19 09:03:34,130] {logging_mixin.py:109} INFO - [2025-05-19 09:03:34,130] {dag.py:2396} INFO - Sync 1 DAGs
[2025-05-19 09:03:34,186] {logging_mixin.py:109} INFO - [2025-05-19 09:03:34,186] {dag.py:2935} INFO - Setting next_dagrun for example_weekday_branch_operator to 2025-05-18 00:00:00+00:00
[2025-05-19 09:03:34,207] {processor.py:171} INFO - Processing /home/airflow/.local/lib/python3.6/site-packages/airflow/example_dags/example_branch_day_of_week_operator.py took 0.195 seconds
[2025-05-19 09:04:04,317] {processor.py:163} INFO - Started process (PID=1315) to work on /home/airflow/.local/lib/python3.6/site-packages/airflow/example_dags/example_branch_day_of_week_operator.py
[2025-05-19 09:04:04,319] {processor.py:642} INFO - Processing file /home/airflow/.local/lib/python3.6/site-packages/airflow/example_dags/example_branch_day_of_week_operator.py for tasks to queue
[2025-05-19 09:04:04,322] {logging_mixin.py:109} INFO - [2025-05-19 09:04:04,321] {dagbag.py:500} INFO - Filling up the DagBag from /home/airflow/.local/lib/python3.6/site-packages/airflow/example_dags/example_branch_day_of_week_operator.py
[2025-05-19 09:04:04,399] {processor.py:654} INFO - DAG(s) dict_keys(['example_weekday_branch_operator']) retrieved from /home/airflow/.local/lib/python3.6/site-packages/airflow/example_dags/example_branch_day_of_week_operator.py
[2025-05-19 09:04:04,425] {logging_mixin.py:109} INFO - [2025-05-19 09:04:04,424] {dag.py:2396} INFO - Sync 1 DAGs
[2025-05-19 09:04:04,464] {logging_mixin.py:109} INFO - [2025-05-19 09:04:04,464] {dag.py:2935} INFO - Setting next_dagrun for example_weekday_branch_operator to 2025-05-18 00:00:00+00:00
[2025-05-19 09:04:04,489] {processor.py:171} INFO - Processing /home/airflow/.local/lib/python3.6/site-packages/airflow/example_dags/example_branch_day_of_week_operator.py took 0.180 seconds
[2025-05-19 09:04:35,228] {processor.py:163} INFO - Started process (PID=1366) to work on /home/airflow/.local/lib/python3.6/site-packages/airflow/example_dags/example_branch_day_of_week_operator.py
[2025-05-19 09:04:35,231] {processor.py:642} INFO - Processing file /home/airflow/.local/lib/python3.6/site-packages/airflow/example_dags/example_branch_day_of_week_operator.py for tasks to queue
[2025-05-19 09:04:35,237] {logging_mixin.py:109} INFO - [2025-05-19 09:04:35,234] {dagbag.py:500} INFO - Filling up the DagBag from /home/airflow/.local/lib/python3.6/site-packages/airflow/example_dags/example_branch_day_of_week_operator.py
[2025-05-19 09:04:35,355] {processor.py:654} INFO - DAG(s) dict_keys(['example_weekday_branch_operator']) retrieved from /home/airflow/.local/lib/python3.6/site-packages/airflow/example_dags/example_branch_day_of_week_operator.py
[2025-05-19 09:04:35,397] {logging_mixin.py:109} INFO - [2025-05-19 09:04:35,397] {dag.py:2396} INFO - Sync 1 DAGs
[2025-05-19 09:04:35,489] {logging_mixin.py:109} INFO - [2025-05-19 09:04:35,487] {dag.py:2935} INFO - Setting next_dagrun for example_weekday_branch_operator to 2025-05-18 00:00:00+00:00
[2025-05-19 09:04:35,529] {processor.py:171} INFO - Processing /home/airflow/.local/lib/python3.6/site-packages/airflow/example_dags/example_branch_day_of_week_operator.py took 0.318 seconds
[2025-05-19 09:05:05,958] {processor.py:163} INFO - Started process (PID=1410) to work on /home/airflow/.local/lib/python3.6/site-packages/airflow/example_dags/example_branch_day_of_week_operator.py
[2025-05-19 09:05:05,962] {processor.py:642} INFO - Processing file /home/airflow/.local/lib/python3.6/site-packages/airflow/example_dags/example_branch_day_of_week_operator.py for tasks to queue
[2025-05-19 09:05:05,964] {logging_mixin.py:109} INFO - [2025-05-19 09:05:05,964] {dagbag.py:500} INFO - Filling up the DagBag from /home/airflow/.local/lib/python3.6/site-packages/airflow/example_dags/example_branch_day_of_week_operator.py
[2025-05-19 09:05:06,044] {processor.py:654} INFO - DAG(s) dict_keys(['example_weekday_branch_operator']) retrieved from /home/airflow/.local/lib/python3.6/site-packages/airflow/example_dags/example_branch_day_of_week_operator.py
[2025-05-19 09:05:06,078] {logging_mixin.py:109} INFO - [2025-05-19 09:05:06,078] {dag.py:2396} INFO - Sync 1 DAGs
[2025-05-19 09:05:06,137] {logging_mixin.py:109} INFO - [2025-05-19 09:05:06,136] {dag.py:2935} INFO - Setting next_dagrun for example_weekday_branch_operator to 2025-05-18 00:00:00+00:00
[2025-05-19 09:05:06,164] {processor.py:171} INFO - Processing /home/airflow/.local/lib/python3.6/site-packages/airflow/example_dags/example_branch_day_of_week_operator.py took 0.216 seconds
[2025-05-19 09:05:36,647] {processor.py:163} INFO - Started process (PID=1462) to work on /home/airflow/.local/lib/python3.6/site-packages/airflow/example_dags/example_branch_day_of_week_operator.py
[2025-05-19 09:05:36,649] {processor.py:642} INFO - Processing file /home/airflow/.local/lib/python3.6/site-packages/airflow/example_dags/example_branch_day_of_week_operator.py for tasks to queue
[2025-05-19 09:05:36,651] {logging_mixin.py:109} INFO - [2025-05-19 09:05:36,651] {dagbag.py:500} INFO - Filling up the DagBag from /home/airflow/.local/lib/python3.6/site-packages/airflow/example_dags/example_branch_day_of_week_operator.py
[2025-05-19 09:05:36,701] {processor.py:654} INFO - DAG(s) dict_keys(['example_weekday_branch_operator']) retrieved from /home/airflow/.local/lib/python3.6/site-packages/airflow/example_dags/example_branch_day_of_week_operator.py
[2025-05-19 09:05:36,716] {logging_mixin.py:109} INFO - [2025-05-19 09:05:36,716] {dag.py:2396} INFO - Sync 1 DAGs
[2025-05-19 09:05:36,744] {logging_mixin.py:109} INFO - [2025-05-19 09:05:36,744] {dag.py:2935} INFO - Setting next_dagrun for example_weekday_branch_operator to 2025-05-18 00:00:00+00:00
[2025-05-19 09:05:36,758] {processor.py:171} INFO - Processing /home/airflow/.local/lib/python3.6/site-packages/airflow/example_dags/example_branch_day_of_week_operator.py took 0.116 seconds
[2025-05-19 09:06:06,860] {processor.py:163} INFO - Started process (PID=1514) to work on /home/airflow/.local/lib/python3.6/site-packages/airflow/example_dags/example_branch_day_of_week_operator.py
[2025-05-19 09:06:06,861] {processor.py:642} INFO - Processing file /home/airflow/.local/lib/python3.6/site-packages/airflow/example_dags/example_branch_day_of_week_operator.py for tasks to queue
[2025-05-19 09:06:06,863] {logging_mixin.py:109} INFO - [2025-05-19 09:06:06,863] {dagbag.py:500} INFO - Filling up the DagBag from /home/airflow/.local/lib/python3.6/site-packages/airflow/example_dags/example_branch_day_of_week_operator.py
[2025-05-19 09:06:06,910] {processor.py:654} INFO - DAG(s) dict_keys(['example_weekday_branch_operator']) retrieved from /home/airflow/.local/lib/python3.6/site-packages/airflow/example_dags/example_branch_day_of_week_operator.py
[2025-05-19 09:06:06,927] {logging_mixin.py:109} INFO - [2025-05-19 09:06:06,927] {dag.py:2396} INFO - Sync 1 DAGs
[2025-05-19 09:06:06,978] {logging_mixin.py:109} INFO - [2025-05-19 09:06:06,978] {dag.py:2935} INFO - Setting next_dagrun for example_weekday_branch_operator to 2025-05-18 00:00:00+00:00
[2025-05-19 09:06:07,000] {processor.py:171} INFO - Processing /home/airflow/.local/lib/python3.6/site-packages/airflow/example_dags/example_branch_day_of_week_operator.py took 0.146 seconds
[2025-05-19 09:06:37,403] {processor.py:163} INFO - Started process (PID=1576) to work on /home/airflow/.local/lib/python3.6/site-packages/airflow/example_dags/example_branch_day_of_week_operator.py
[2025-05-19 09:06:37,404] {processor.py:642} INFO - Processing file /home/airflow/.local/lib/python3.6/site-packages/airflow/example_dags/example_branch_day_of_week_operator.py for tasks to queue
[2025-05-19 09:06:37,406] {logging_mixin.py:109} INFO - [2025-05-19 09:06:37,406] {dagbag.py:500} INFO - Filling up the DagBag from /home/airflow/.local/lib/python3.6/site-packages/airflow/example_dags/example_branch_day_of_week_operator.py
[2025-05-19 09:06:37,451] {processor.py:654} INFO - DAG(s) dict_keys(['example_weekday_branch_operator']) retrieved from /home/airflow/.local/lib/python3.6/site-packages/airflow/example_dags/example_branch_day_of_week_operator.py
[2025-05-19 09:06:37,466] {logging_mixin.py:109} INFO - [2025-05-19 09:06:37,466] {dag.py:2396} INFO - Sync 1 DAGs
[2025-05-19 09:06:37,499] {logging_mixin.py:109} INFO - [2025-05-19 09:06:37,499] {dag.py:2935} INFO - Setting next_dagrun for example_weekday_branch_operator to 2025-05-18 00:00:00+00:00
[2025-05-19 09:06:37,512] {processor.py:171} INFO - Processing /home/airflow/.local/lib/python3.6/site-packages/airflow/example_dags/example_branch_day_of_week_operator.py took 0.114 seconds
[2025-05-19 09:07:08,313] {processor.py:163} INFO - Started process (PID=1628) to work on /home/airflow/.local/lib/python3.6/site-packages/airflow/example_dags/example_branch_day_of_week_operator.py
[2025-05-19 09:07:08,314] {processor.py:642} INFO - Processing file /home/airflow/.local/lib/python3.6/site-packages/airflow/example_dags/example_branch_day_of_week_operator.py for tasks to queue
[2025-05-19 09:07:08,315] {logging_mixin.py:109} INFO - [2025-05-19 09:07:08,315] {dagbag.py:500} INFO - Filling up the DagBag from /home/airflow/.local/lib/python3.6/site-packages/airflow/example_dags/example_branch_day_of_week_operator.py
[2025-05-19 09:07:08,344] {processor.py:654} INFO - DAG(s) dict_keys(['example_weekday_branch_operator']) retrieved from /home/airflow/.local/lib/python3.6/site-packages/airflow/example_dags/example_branch_day_of_week_operator.py
[2025-05-19 09:07:08,355] {logging_mixin.py:109} INFO - [2025-05-19 09:07:08,355] {dag.py:2396} INFO - Sync 1 DAGs
[2025-05-19 09:07:08,374] {logging_mixin.py:109} INFO - [2025-05-19 09:07:08,374] {dag.py:2935} INFO - Setting next_dagrun for example_weekday_branch_operator to 2025-05-18 00:00:00+00:00
[2025-05-19 09:07:08,385] {processor.py:171} INFO - Processing /home/airflow/.local/lib/python3.6/site-packages/airflow/example_dags/example_branch_day_of_week_operator.py took 0.076 seconds
[2025-05-19 09:07:38,655] {processor.py:163} INFO - Started process (PID=1690) to work on /home/airflow/.local/lib/python3.6/site-packages/airflow/example_dags/example_branch_day_of_week_operator.py
[2025-05-19 09:07:38,657] {processor.py:642} INFO - Processing file /home/airflow/.local/lib/python3.6/site-packages/airflow/example_dags/example_branch_day_of_week_operator.py for tasks to queue
[2025-05-19 09:07:38,658] {logging_mixin.py:109} INFO - [2025-05-19 09:07:38,658] {dagbag.py:500} INFO - Filling up the DagBag from /home/airflow/.local/lib/python3.6/site-packages/airflow/example_dags/example_branch_day_of_week_operator.py
[2025-05-19 09:07:38,694] {processor.py:654} INFO - DAG(s) dict_keys(['example_weekday_branch_operator']) retrieved from /home/airflow/.local/lib/python3.6/site-packages/airflow/example_dags/example_branch_day_of_week_operator.py
[2025-05-19 09:07:38,707] {logging_mixin.py:109} INFO - [2025-05-19 09:07:38,707] {dag.py:2396} INFO - Sync 1 DAGs
[2025-05-19 09:07:38,732] {logging_mixin.py:109} INFO - [2025-05-19 09:07:38,731] {dag.py:2935} INFO - Setting next_dagrun for example_weekday_branch_operator to 2025-05-18 00:00:00+00:00
[2025-05-19 09:07:38,745] {processor.py:171} INFO - Processing /home/airflow/.local/lib/python3.6/site-packages/airflow/example_dags/example_branch_day_of_week_operator.py took 0.093 seconds
[2025-05-19 09:08:09,501] {processor.py:163} INFO - Started process (PID=1742) to work on /home/airflow/.local/lib/python3.6/site-packages/airflow/example_dags/example_branch_day_of_week_operator.py
[2025-05-19 09:08:09,503] {processor.py:642} INFO - Processing file /home/airflow/.local/lib/python3.6/site-packages/airflow/example_dags/example_branch_day_of_week_operator.py for tasks to queue
[2025-05-19 09:08:09,505] {logging_mixin.py:109} INFO - [2025-05-19 09:08:09,505] {dagbag.py:500} INFO - Filling up the DagBag from /home/airflow/.local/lib/python3.6/site-packages/airflow/example_dags/example_branch_day_of_week_operator.py
[2025-05-19 09:08:09,555] {processor.py:654} INFO - DAG(s) dict_keys(['example_weekday_branch_operator']) retrieved from /home/airflow/.local/lib/python3.6/site-packages/airflow/example_dags/example_branch_day_of_week_operator.py
[2025-05-19 09:08:09,575] {logging_mixin.py:109} INFO - [2025-05-19 09:08:09,574] {dag.py:2396} INFO - Sync 1 DAGs
[2025-05-19 09:08:09,611] {logging_mixin.py:109} INFO - [2025-05-19 09:08:09,611] {dag.py:2935} INFO - Setting next_dagrun for example_weekday_branch_operator to 2025-05-18 00:00:00+00:00
[2025-05-19 09:08:09,626] {processor.py:171} INFO - Processing /home/airflow/.local/lib/python3.6/site-packages/airflow/example_dags/example_branch_day_of_week_operator.py took 0.132 seconds
[2025-05-19 09:08:39,686] {processor.py:163} INFO - Started process (PID=1803) to work on /home/airflow/.local/lib/python3.6/site-packages/airflow/example_dags/example_branch_day_of_week_operator.py
[2025-05-19 09:08:39,688] {processor.py:642} INFO - Processing file /home/airflow/.local/lib/python3.6/site-packages/airflow/example_dags/example_branch_day_of_week_operator.py for tasks to queue
[2025-05-19 09:08:39,689] {logging_mixin.py:109} INFO - [2025-05-19 09:08:39,689] {dagbag.py:500} INFO - Filling up the DagBag from /home/airflow/.local/lib/python3.6/site-packages/airflow/example_dags/example_branch_day_of_week_operator.py
[2025-05-19 09:08:39,728] {processor.py:654} INFO - DAG(s) dict_keys(['example_weekday_branch_operator']) retrieved from /home/airflow/.local/lib/python3.6/site-packages/airflow/example_dags/example_branch_day_of_week_operator.py
[2025-05-19 09:08:39,746] {logging_mixin.py:109} INFO - [2025-05-19 09:08:39,745] {dag.py:2396} INFO - Sync 1 DAGs
[2025-05-19 09:08:39,773] {logging_mixin.py:109} INFO - [2025-05-19 09:08:39,773] {dag.py:2935} INFO - Setting next_dagrun for example_weekday_branch_operator to 2025-05-18 00:00:00+00:00
[2025-05-19 09:08:39,787] {processor.py:171} INFO - Processing /home/airflow/.local/lib/python3.6/site-packages/airflow/example_dags/example_branch_day_of_week_operator.py took 0.105 seconds
[2025-05-19 09:09:09,921] {processor.py:163} INFO - Started process (PID=1856) to work on /home/airflow/.local/lib/python3.6/site-packages/airflow/example_dags/example_branch_day_of_week_operator.py
[2025-05-19 09:09:09,923] {processor.py:642} INFO - Processing file /home/airflow/.local/lib/python3.6/site-packages/airflow/example_dags/example_branch_day_of_week_operator.py for tasks to queue
[2025-05-19 09:09:09,924] {logging_mixin.py:109} INFO - [2025-05-19 09:09:09,924] {dagbag.py:500} INFO - Filling up the DagBag from /home/airflow/.local/lib/python3.6/site-packages/airflow/example_dags/example_branch_day_of_week_operator.py
[2025-05-19 09:09:09,969] {processor.py:654} INFO - DAG(s) dict_keys(['example_weekday_branch_operator']) retrieved from /home/airflow/.local/lib/python3.6/site-packages/airflow/example_dags/example_branch_day_of_week_operator.py
[2025-05-19 09:09:09,985] {logging_mixin.py:109} INFO - [2025-05-19 09:09:09,985] {dag.py:2396} INFO - Sync 1 DAGs
[2025-05-19 09:09:10,013] {logging_mixin.py:109} INFO - [2025-05-19 09:09:10,013] {dag.py:2935} INFO - Setting next_dagrun for example_weekday_branch_operator to 2025-05-18 00:00:00+00:00
[2025-05-19 09:09:10,027] {processor.py:171} INFO - Processing /home/airflow/.local/lib/python3.6/site-packages/airflow/example_dags/example_branch_day_of_week_operator.py took 0.110 seconds
[2025-05-19 09:09:40,519] {processor.py:163} INFO - Started process (PID=1908) to work on /home/airflow/.local/lib/python3.6/site-packages/airflow/example_dags/example_branch_day_of_week_operator.py
[2025-05-19 09:09:40,521] {processor.py:642} INFO - Processing file /home/airflow/.local/lib/python3.6/site-packages/airflow/example_dags/example_branch_day_of_week_operator.py for tasks to queue
[2025-05-19 09:09:40,522] {logging_mixin.py:109} INFO - [2025-05-19 09:09:40,522] {dagbag.py:500} INFO - Filling up the DagBag from /home/airflow/.local/lib/python3.6/site-packages/airflow/example_dags/example_branch_day_of_week_operator.py
[2025-05-19 09:09:40,555] {processor.py:654} INFO - DAG(s) dict_keys(['example_weekday_branch_operator']) retrieved from /home/airflow/.local/lib/python3.6/site-packages/airflow/example_dags/example_branch_day_of_week_operator.py
[2025-05-19 09:09:40,569] {logging_mixin.py:109} INFO - [2025-05-19 09:09:40,569] {dag.py:2396} INFO - Sync 1 DAGs
[2025-05-19 09:09:40,591] {logging_mixin.py:109} INFO - [2025-05-19 09:09:40,591] {dag.py:2935} INFO - Setting next_dagrun for example_weekday_branch_operator to 2025-05-18 00:00:00+00:00
[2025-05-19 09:09:40,604] {processor.py:171} INFO - Processing /home/airflow/.local/lib/python3.6/site-packages/airflow/example_dags/example_branch_day_of_week_operator.py took 0.088 seconds
[2025-05-19 09:10:11,024] {processor.py:163} INFO - Started process (PID=1970) to work on /home/airflow/.local/lib/python3.6/site-packages/airflow/example_dags/example_branch_day_of_week_operator.py
[2025-05-19 09:10:11,027] {processor.py:642} INFO - Processing file /home/airflow/.local/lib/python3.6/site-packages/airflow/example_dags/example_branch_day_of_week_operator.py for tasks to queue
[2025-05-19 09:10:11,028] {logging_mixin.py:109} INFO - [2025-05-19 09:10:11,028] {dagbag.py:500} INFO - Filling up the DagBag from /home/airflow/.local/lib/python3.6/site-packages/airflow/example_dags/example_branch_day_of_week_operator.py
[2025-05-19 09:10:11,099] {processor.py:654} INFO - DAG(s) dict_keys(['example_weekday_branch_operator']) retrieved from /home/airflow/.local/lib/python3.6/site-packages/airflow/example_dags/example_branch_day_of_week_operator.py
[2025-05-19 09:10:11,139] {logging_mixin.py:109} INFO - [2025-05-19 09:10:11,139] {dag.py:2396} INFO - Sync 1 DAGs
[2025-05-19 09:10:11,204] {logging_mixin.py:109} INFO - [2025-05-19 09:10:11,204] {dag.py:2935} INFO - Setting next_dagrun for example_weekday_branch_operator to 2025-05-18 00:00:00+00:00
[2025-05-19 09:10:11,227] {processor.py:171} INFO - Processing /home/airflow/.local/lib/python3.6/site-packages/airflow/example_dags/example_branch_day_of_week_operator.py took 0.211 seconds
[2025-05-19 09:10:41,438] {processor.py:163} INFO - Started process (PID=2022) to work on /home/airflow/.local/lib/python3.6/site-packages/airflow/example_dags/example_branch_day_of_week_operator.py
[2025-05-19 09:10:41,440] {processor.py:642} INFO - Processing file /home/airflow/.local/lib/python3.6/site-packages/airflow/example_dags/example_branch_day_of_week_operator.py for tasks to queue
[2025-05-19 09:10:41,443] {logging_mixin.py:109} INFO - [2025-05-19 09:10:41,443] {dagbag.py:500} INFO - Filling up the DagBag from /home/airflow/.local/lib/python3.6/site-packages/airflow/example_dags/example_branch_day_of_week_operator.py
[2025-05-19 09:10:41,501] {processor.py:654} INFO - DAG(s) dict_keys(['example_weekday_branch_operator']) retrieved from /home/airflow/.local/lib/python3.6/site-packages/airflow/example_dags/example_branch_day_of_week_operator.py
[2025-05-19 09:10:41,524] {logging_mixin.py:109} INFO - [2025-05-19 09:10:41,523] {dag.py:2396} INFO - Sync 1 DAGs
[2025-05-19 09:10:41,563] {logging_mixin.py:109} INFO - [2025-05-19 09:10:41,563] {dag.py:2935} INFO - Setting next_dagrun for example_weekday_branch_operator to 2025-05-18 00:00:00+00:00
[2025-05-19 09:10:41,581] {processor.py:171} INFO - Processing /home/airflow/.local/lib/python3.6/site-packages/airflow/example_dags/example_branch_day_of_week_operator.py took 0.151 seconds
[2025-05-19 09:11:12,563] {processor.py:163} INFO - Started process (PID=2075) to work on /home/airflow/.local/lib/python3.6/site-packages/airflow/example_dags/example_branch_day_of_week_operator.py
[2025-05-19 09:11:12,566] {processor.py:642} INFO - Processing file /home/airflow/.local/lib/python3.6/site-packages/airflow/example_dags/example_branch_day_of_week_operator.py for tasks to queue
[2025-05-19 09:11:12,567] {logging_mixin.py:109} INFO - [2025-05-19 09:11:12,567] {dagbag.py:500} INFO - Filling up the DagBag from /home/airflow/.local/lib/python3.6/site-packages/airflow/example_dags/example_branch_day_of_week_operator.py
[2025-05-19 09:11:12,609] {processor.py:654} INFO - DAG(s) dict_keys(['example_weekday_branch_operator']) retrieved from /home/airflow/.local/lib/python3.6/site-packages/airflow/example_dags/example_branch_day_of_week_operator.py
[2025-05-19 09:11:12,624] {logging_mixin.py:109} INFO - [2025-05-19 09:11:12,624] {dag.py:2396} INFO - Sync 1 DAGs
[2025-05-19 09:11:12,652] {logging_mixin.py:109} INFO - [2025-05-19 09:11:12,652] {dag.py:2935} INFO - Setting next_dagrun for example_weekday_branch_operator to 2025-05-18 00:00:00+00:00
[2025-05-19 09:11:12,666] {processor.py:171} INFO - Processing /home/airflow/.local/lib/python3.6/site-packages/airflow/example_dags/example_branch_day_of_week_operator.py took 0.115 seconds
[2025-05-19 09:11:43,112] {processor.py:163} INFO - Started process (PID=2127) to work on /home/airflow/.local/lib/python3.6/site-packages/airflow/example_dags/example_branch_day_of_week_operator.py
[2025-05-19 09:11:43,115] {processor.py:642} INFO - Processing file /home/airflow/.local/lib/python3.6/site-packages/airflow/example_dags/example_branch_day_of_week_operator.py for tasks to queue
[2025-05-19 09:11:43,116] {logging_mixin.py:109} INFO - [2025-05-19 09:11:43,116] {dagbag.py:500} INFO - Filling up the DagBag from /home/airflow/.local/lib/python3.6/site-packages/airflow/example_dags/example_branch_day_of_week_operator.py
[2025-05-19 09:11:43,172] {processor.py:654} INFO - DAG(s) dict_keys(['example_weekday_branch_operator']) retrieved from /home/airflow/.local/lib/python3.6/site-packages/airflow/example_dags/example_branch_day_of_week_operator.py
[2025-05-19 09:11:43,200] {logging_mixin.py:109} INFO - [2025-05-19 09:11:43,200] {dag.py:2396} INFO - Sync 1 DAGs
[2025-05-19 09:11:43,223] {logging_mixin.py:109} INFO - [2025-05-19 09:11:43,223] {dag.py:2935} INFO - Setting next_dagrun for example_weekday_branch_operator to 2025-05-18 00:00:00+00:00
[2025-05-19 09:11:43,238] {processor.py:171} INFO - Processing /home/airflow/.local/lib/python3.6/site-packages/airflow/example_dags/example_branch_day_of_week_operator.py took 0.130 seconds
[2025-05-19 09:12:13,323] {processor.py:163} INFO - Started process (PID=2179) to work on /home/airflow/.local/lib/python3.6/site-packages/airflow/example_dags/example_branch_day_of_week_operator.py
[2025-05-19 09:12:13,326] {processor.py:642} INFO - Processing file /home/airflow/.local/lib/python3.6/site-packages/airflow/example_dags/example_branch_day_of_week_operator.py for tasks to queue
[2025-05-19 09:12:13,327] {logging_mixin.py:109} INFO - [2025-05-19 09:12:13,327] {dagbag.py:500} INFO - Filling up the DagBag from /home/airflow/.local/lib/python3.6/site-packages/airflow/example_dags/example_branch_day_of_week_operator.py
[2025-05-19 09:12:13,371] {processor.py:654} INFO - DAG(s) dict_keys(['example_weekday_branch_operator']) retrieved from /home/airflow/.local/lib/python3.6/site-packages/airflow/example_dags/example_branch_day_of_week_operator.py
[2025-05-19 09:12:13,388] {logging_mixin.py:109} INFO - [2025-05-19 09:12:13,387] {dag.py:2396} INFO - Sync 1 DAGs
[2025-05-19 09:12:13,417] {logging_mixin.py:109} INFO - [2025-05-19 09:12:13,417] {dag.py:2935} INFO - Setting next_dagrun for example_weekday_branch_operator to 2025-05-18 00:00:00+00:00
[2025-05-19 09:12:13,431] {processor.py:171} INFO - Processing /home/airflow/.local/lib/python3.6/site-packages/airflow/example_dags/example_branch_day_of_week_operator.py took 0.113 seconds
[2025-05-19 09:12:44,163] {processor.py:163} INFO - Started process (PID=2231) to work on /home/airflow/.local/lib/python3.6/site-packages/airflow/example_dags/example_branch_day_of_week_operator.py
[2025-05-19 09:12:44,164] {processor.py:642} INFO - Processing file /home/airflow/.local/lib/python3.6/site-packages/airflow/example_dags/example_branch_day_of_week_operator.py for tasks to queue
[2025-05-19 09:12:44,166] {logging_mixin.py:109} INFO - [2025-05-19 09:12:44,166] {dagbag.py:500} INFO - Filling up the DagBag from /home/airflow/.local/lib/python3.6/site-packages/airflow/example_dags/example_branch_day_of_week_operator.py
[2025-05-19 09:12:44,230] {processor.py:654} INFO - DAG(s) dict_keys(['example_weekday_branch_operator']) retrieved from /home/airflow/.local/lib/python3.6/site-packages/airflow/example_dags/example_branch_day_of_week_operator.py
[2025-05-19 09:12:44,249] {logging_mixin.py:109} INFO - [2025-05-19 09:12:44,249] {dag.py:2396} INFO - Sync 1 DAGs
[2025-05-19 09:12:44,285] {logging_mixin.py:109} INFO - [2025-05-19 09:12:44,285] {dag.py:2935} INFO - Setting next_dagrun for example_weekday_branch_operator to 2025-05-18 00:00:00+00:00
[2025-05-19 09:12:44,298] {processor.py:171} INFO - Processing /home/airflow/.local/lib/python3.6/site-packages/airflow/example_dags/example_branch_day_of_week_operator.py took 0.140 seconds
[2025-05-19 09:13:14,554] {processor.py:163} INFO - Started process (PID=2293) to work on /home/airflow/.local/lib/python3.6/site-packages/airflow/example_dags/example_branch_day_of_week_operator.py
[2025-05-19 09:13:14,556] {processor.py:642} INFO - Processing file /home/airflow/.local/lib/python3.6/site-packages/airflow/example_dags/example_branch_day_of_week_operator.py for tasks to queue
[2025-05-19 09:13:14,557] {logging_mixin.py:109} INFO - [2025-05-19 09:13:14,557] {dagbag.py:500} INFO - Filling up the DagBag from /home/airflow/.local/lib/python3.6/site-packages/airflow/example_dags/example_branch_day_of_week_operator.py
[2025-05-19 09:13:14,588] {processor.py:654} INFO - DAG(s) dict_keys(['example_weekday_branch_operator']) retrieved from /home/airflow/.local/lib/python3.6/site-packages/airflow/example_dags/example_branch_day_of_week_operator.py
[2025-05-19 09:13:14,599] {logging_mixin.py:109} INFO - [2025-05-19 09:13:14,599] {dag.py:2396} INFO - Sync 1 DAGs
[2025-05-19 09:13:14,621] {logging_mixin.py:109} INFO - [2025-05-19 09:13:14,621] {dag.py:2935} INFO - Setting next_dagrun for example_weekday_branch_operator to 2025-05-18 00:00:00+00:00
[2025-05-19 09:13:14,635] {processor.py:171} INFO - Processing /home/airflow/.local/lib/python3.6/site-packages/airflow/example_dags/example_branch_day_of_week_operator.py took 0.084 seconds
[2025-05-19 09:13:44,905] {processor.py:163} INFO - Started process (PID=2344) to work on /home/airflow/.local/lib/python3.6/site-packages/airflow/example_dags/example_branch_day_of_week_operator.py
[2025-05-19 09:13:44,912] {processor.py:642} INFO - Processing file /home/airflow/.local/lib/python3.6/site-packages/airflow/example_dags/example_branch_day_of_week_operator.py for tasks to queue
[2025-05-19 09:13:44,920] {logging_mixin.py:109} INFO - [2025-05-19 09:13:44,919] {dagbag.py:500} INFO - Filling up the DagBag from /home/airflow/.local/lib/python3.6/site-packages/airflow/example_dags/example_branch_day_of_week_operator.py
[2025-05-19 09:13:45,077] {processor.py:654} INFO - DAG(s) dict_keys(['example_weekday_branch_operator']) retrieved from /home/airflow/.local/lib/python3.6/site-packages/airflow/example_dags/example_branch_day_of_week_operator.py
[2025-05-19 09:13:45,147] {logging_mixin.py:109} INFO - [2025-05-19 09:13:45,146] {dag.py:2396} INFO - Sync 1 DAGs
[2025-05-19 09:13:45,245] {logging_mixin.py:109} INFO - [2025-05-19 09:13:45,245] {dag.py:2935} INFO - Setting next_dagrun for example_weekday_branch_operator to 2025-05-18 00:00:00+00:00
[2025-05-19 09:13:45,279] {processor.py:171} INFO - Processing /home/airflow/.local/lib/python3.6/site-packages/airflow/example_dags/example_branch_day_of_week_operator.py took 0.387 seconds
[2025-05-19 09:14:15,346] {processor.py:163} INFO - Started process (PID=2387) to work on /home/airflow/.local/lib/python3.6/site-packages/airflow/example_dags/example_branch_day_of_week_operator.py
[2025-05-19 09:14:15,347] {processor.py:642} INFO - Processing file /home/airflow/.local/lib/python3.6/site-packages/airflow/example_dags/example_branch_day_of_week_operator.py for tasks to queue
[2025-05-19 09:14:15,349] {logging_mixin.py:109} INFO - [2025-05-19 09:14:15,349] {dagbag.py:500} INFO - Filling up the DagBag from /home/airflow/.local/lib/python3.6/site-packages/airflow/example_dags/example_branch_day_of_week_operator.py
[2025-05-19 09:14:15,385] {processor.py:654} INFO - DAG(s) dict_keys(['example_weekday_branch_operator']) retrieved from /home/airflow/.local/lib/python3.6/site-packages/airflow/example_dags/example_branch_day_of_week_operator.py
[2025-05-19 09:14:15,399] {logging_mixin.py:109} INFO - [2025-05-19 09:14:15,399] {dag.py:2396} INFO - Sync 1 DAGs
[2025-05-19 09:14:15,427] {logging_mixin.py:109} INFO - [2025-05-19 09:14:15,427] {dag.py:2935} INFO - Setting next_dagrun for example_weekday_branch_operator to 2025-05-18 00:00:00+00:00
[2025-05-19 09:14:15,439] {processor.py:171} INFO - Processing /home/airflow/.local/lib/python3.6/site-packages/airflow/example_dags/example_branch_day_of_week_operator.py took 0.098 seconds
[2025-05-19 19:33:53,937] {processor.py:163} INFO - Started process (PID=64) to work on /home/airflow/.local/lib/python3.6/site-packages/airflow/example_dags/example_branch_day_of_week_operator.py
[2025-05-19 19:33:53,947] {processor.py:642} INFO - Processing file /home/airflow/.local/lib/python3.6/site-packages/airflow/example_dags/example_branch_day_of_week_operator.py for tasks to queue
[2025-05-19 19:33:53,950] {logging_mixin.py:109} INFO - [2025-05-19 19:33:53,950] {dagbag.py:500} INFO - Filling up the DagBag from /home/airflow/.local/lib/python3.6/site-packages/airflow/example_dags/example_branch_day_of_week_operator.py
[2025-05-19 19:33:54,474] {processor.py:654} INFO - DAG(s) dict_keys(['example_weekday_branch_operator']) retrieved from /home/airflow/.local/lib/python3.6/site-packages/airflow/example_dags/example_branch_day_of_week_operator.py
[2025-05-19 19:33:54,545] {logging_mixin.py:109} INFO - [2025-05-19 19:33:54,544] {dag.py:2396} INFO - Sync 1 DAGs
[2025-05-19 19:33:54,633] {logging_mixin.py:109} INFO - [2025-05-19 19:33:54,632] {dag.py:2935} INFO - Setting next_dagrun for example_weekday_branch_operator to 2025-05-18 00:00:00+00:00
[2025-05-19 19:33:54,672] {processor.py:171} INFO - Processing /home/airflow/.local/lib/python3.6/site-packages/airflow/example_dags/example_branch_day_of_week_operator.py took 0.757 seconds
[2025-05-19 19:34:26,746] {processor.py:163} INFO - Started process (PID=116) to work on /home/airflow/.local/lib/python3.6/site-packages/airflow/example_dags/example_branch_day_of_week_operator.py
[2025-05-19 19:34:26,757] {processor.py:642} INFO - Processing file /home/airflow/.local/lib/python3.6/site-packages/airflow/example_dags/example_branch_day_of_week_operator.py for tasks to queue
[2025-05-19 19:34:26,765] {logging_mixin.py:109} INFO - [2025-05-19 19:34:26,764] {dagbag.py:500} INFO - Filling up the DagBag from /home/airflow/.local/lib/python3.6/site-packages/airflow/example_dags/example_branch_day_of_week_operator.py
[2025-05-19 19:34:26,713] {processor.py:654} INFO - DAG(s) dict_keys(['example_weekday_branch_operator']) retrieved from /home/airflow/.local/lib/python3.6/site-packages/airflow/example_dags/example_branch_day_of_week_operator.py
[2025-05-19 19:34:26,767] {logging_mixin.py:109} INFO - [2025-05-19 19:34:26,766] {dag.py:2396} INFO - Sync 1 DAGs
[2025-05-19 19:34:26,868] {logging_mixin.py:109} INFO - [2025-05-19 19:34:26,868] {dag.py:2935} INFO - Setting next_dagrun for example_weekday_branch_operator to 2025-05-18 00:00:00+00:00
[2025-05-19 19:34:26,979] {processor.py:171} INFO - Processing /home/airflow/.local/lib/python3.6/site-packages/airflow/example_dags/example_branch_day_of_week_operator.py took 0.707 seconds
[2025-05-19 19:34:57,587] {processor.py:163} INFO - Started process (PID=166) to work on /home/airflow/.local/lib/python3.6/site-packages/airflow/example_dags/example_branch_day_of_week_operator.py
[2025-05-19 19:34:57,589] {processor.py:642} INFO - Processing file /home/airflow/.local/lib/python3.6/site-packages/airflow/example_dags/example_branch_day_of_week_operator.py for tasks to queue
[2025-05-19 19:34:57,603] {logging_mixin.py:109} INFO - [2025-05-19 19:34:57,602] {dagbag.py:500} INFO - Filling up the DagBag from /home/airflow/.local/lib/python3.6/site-packages/airflow/example_dags/example_branch_day_of_week_operator.py
[2025-05-19 19:34:57,750] {processor.py:654} INFO - DAG(s) dict_keys(['example_weekday_branch_operator']) retrieved from /home/airflow/.local/lib/python3.6/site-packages/airflow/example_dags/example_branch_day_of_week_operator.py
[2025-05-19 19:34:57,793] {logging_mixin.py:109} INFO - [2025-05-19 19:34:57,793] {dag.py:2396} INFO - Sync 1 DAGs
[2025-05-19 19:34:57,895] {logging_mixin.py:109} INFO - [2025-05-19 19:34:57,895] {dag.py:2935} INFO - Setting next_dagrun for example_weekday_branch_operator to 2025-05-18 00:00:00+00:00
[2025-05-19 19:34:57,922] {processor.py:171} INFO - Processing /home/airflow/.local/lib/python3.6/site-packages/airflow/example_dags/example_branch_day_of_week_operator.py took 0.353 seconds
[2025-05-19 19:35:28,046] {processor.py:163} INFO - Started process (PID=211) to work on /home/airflow/.local/lib/python3.6/site-packages/airflow/example_dags/example_branch_day_of_week_operator.py
[2025-05-19 19:35:28,052] {processor.py:642} INFO - Processing file /home/airflow/.local/lib/python3.6/site-packages/airflow/example_dags/example_branch_day_of_week_operator.py for tasks to queue
[2025-05-19 19:35:28,056] {logging_mixin.py:109} INFO - [2025-05-19 19:35:28,056] {dagbag.py:500} INFO - Filling up the DagBag from /home/airflow/.local/lib/python3.6/site-packages/airflow/example_dags/example_branch_day_of_week_operator.py
[2025-05-19 19:35:28,180] {processor.py:654} INFO - DAG(s) dict_keys(['example_weekday_branch_operator']) retrieved from /home/airflow/.local/lib/python3.6/site-packages/airflow/example_dags/example_branch_day_of_week_operator.py
[2025-05-19 19:35:28,244] {logging_mixin.py:109} INFO - [2025-05-19 19:35:28,243] {dag.py:2396} INFO - Sync 1 DAGs
[2025-05-19 19:35:28,309] {logging_mixin.py:109} INFO - [2025-05-19 19:35:28,309] {dag.py:2935} INFO - Setting next_dagrun for example_weekday_branch_operator to 2025-05-18 00:00:00+00:00
[2025-05-19 19:35:28,349] {processor.py:171} INFO - Processing /home/airflow/.local/lib/python3.6/site-packages/airflow/example_dags/example_branch_day_of_week_operator.py took 0.317 seconds
[2025-05-19 19:35:58,506] {processor.py:163} INFO - Started process (PID=262) to work on /home/airflow/.local/lib/python3.6/site-packages/airflow/example_dags/example_branch_day_of_week_operator.py
[2025-05-19 19:35:58,513] {processor.py:642} INFO - Processing file /home/airflow/.local/lib/python3.6/site-packages/airflow/example_dags/example_branch_day_of_week_operator.py for tasks to queue
[2025-05-19 19:35:58,516] {logging_mixin.py:109} INFO - [2025-05-19 19:35:58,515] {dagbag.py:500} INFO - Filling up the DagBag from /home/airflow/.local/lib/python3.6/site-packages/airflow/example_dags/example_branch_day_of_week_operator.py
[2025-05-19 19:35:58,604] {processor.py:654} INFO - DAG(s) dict_keys(['example_weekday_branch_operator']) retrieved from /home/airflow/.local/lib/python3.6/site-packages/airflow/example_dags/example_branch_day_of_week_operator.py
[2025-05-19 19:35:58,635] {logging_mixin.py:109} INFO - [2025-05-19 19:35:58,635] {dag.py:2396} INFO - Sync 1 DAGs
[2025-05-19 19:35:58,682] {logging_mixin.py:109} INFO - [2025-05-19 19:35:58,682] {dag.py:2935} INFO - Setting next_dagrun for example_weekday_branch_operator to 2025-05-18 00:00:00+00:00
[2025-05-19 19:35:58,706] {processor.py:171} INFO - Processing /home/airflow/.local/lib/python3.6/site-packages/airflow/example_dags/example_branch_day_of_week_operator.py took 0.210 seconds
[2025-05-19 19:36:28,831] {processor.py:163} INFO - Started process (PID=314) to work on /home/airflow/.local/lib/python3.6/site-packages/airflow/example_dags/example_branch_day_of_week_operator.py
[2025-05-19 19:36:28,834] {processor.py:642} INFO - Processing file /home/airflow/.local/lib/python3.6/site-packages/airflow/example_dags/example_branch_day_of_week_operator.py for tasks to queue
[2025-05-19 19:36:28,835] {logging_mixin.py:109} INFO - [2025-05-19 19:36:28,835] {dagbag.py:500} INFO - Filling up the DagBag from /home/airflow/.local/lib/python3.6/site-packages/airflow/example_dags/example_branch_day_of_week_operator.py
[2025-05-19 19:36:28,896] {processor.py:654} INFO - DAG(s) dict_keys(['example_weekday_branch_operator']) retrieved from /home/airflow/.local/lib/python3.6/site-packages/airflow/example_dags/example_branch_day_of_week_operator.py
[2025-05-19 19:36:28,919] {logging_mixin.py:109} INFO - [2025-05-19 19:36:28,918] {dag.py:2396} INFO - Sync 1 DAGs
[2025-05-19 19:36:28,967] {logging_mixin.py:109} INFO - [2025-05-19 19:36:28,967] {dag.py:2935} INFO - Setting next_dagrun for example_weekday_branch_operator to 2025-05-18 00:00:00+00:00
[2025-05-19 19:36:28,984] {processor.py:171} INFO - Processing /home/airflow/.local/lib/python3.6/site-packages/airflow/example_dags/example_branch_day_of_week_operator.py took 0.159 seconds
[2025-05-19 19:36:59,299] {processor.py:163} INFO - Started process (PID=367) to work on /home/airflow/.local/lib/python3.6/site-packages/airflow/example_dags/example_branch_day_of_week_operator.py
[2025-05-19 19:36:59,301] {processor.py:642} INFO - Processing file /home/airflow/.local/lib/python3.6/site-packages/airflow/example_dags/example_branch_day_of_week_operator.py for tasks to queue
[2025-05-19 19:36:59,304] {logging_mixin.py:109} INFO - [2025-05-19 19:36:59,303] {dagbag.py:500} INFO - Filling up the DagBag from /home/airflow/.local/lib/python3.6/site-packages/airflow/example_dags/example_branch_day_of_week_operator.py
[2025-05-19 19:36:59,352] {processor.py:654} INFO - DAG(s) dict_keys(['example_weekday_branch_operator']) retrieved from /home/airflow/.local/lib/python3.6/site-packages/airflow/example_dags/example_branch_day_of_week_operator.py
[2025-05-19 19:36:59,366] {logging_mixin.py:109} INFO - [2025-05-19 19:36:59,366] {dag.py:2396} INFO - Sync 1 DAGs
[2025-05-19 19:36:59,399] {logging_mixin.py:109} INFO - [2025-05-19 19:36:59,398] {dag.py:2935} INFO - Setting next_dagrun for example_weekday_branch_operator to 2025-05-18 00:00:00+00:00
[2025-05-19 19:36:59,414] {processor.py:171} INFO - Processing /home/airflow/.local/lib/python3.6/site-packages/airflow/example_dags/example_branch_day_of_week_operator.py took 0.128 seconds
