[2025-05-19 08:52:42,170] {processor.py:163} INFO - Started process (PID=139) to work on /home/airflow/.local/lib/python3.6/site-packages/airflow/example_dags/example_nested_branch_dag.py
[2025-05-19 08:52:42,201] {processor.py:642} INFO - Processing file /home/airflow/.local/lib/python3.6/site-packages/airflow/example_dags/example_nested_branch_dag.py for tasks to queue
[2025-05-19 08:52:42,235] {logging_mixin.py:109} INFO - [2025-05-19 08:52:42,234] {dagbag.py:500} INFO - Filling up the DagBag from /home/airflow/.local/lib/python3.6/site-packages/airflow/example_dags/example_nested_branch_dag.py
[2025-05-19 08:52:42,751] {processor.py:654} INFO - DAG(s) dict_keys(['example_nested_branch_dag']) retrieved from /home/airflow/.local/lib/python3.6/site-packages/airflow/example_dags/example_nested_branch_dag.py
[2025-05-19 08:53:02,802] {logging_mixin.py:109} INFO - [2025-05-19 08:53:02,801] {manager.py:496} INFO - Created Permission View: can read on DAG:example_nested_branch_dag
[2025-05-19 08:53:02,854] {logging_mixin.py:109} INFO - [2025-05-19 08:53:02,853] {manager.py:496} INFO - Created Permission View: can edit on DAG:example_nested_branch_dag
[2025-05-19 08:53:02,864] {logging_mixin.py:109} INFO - [2025-05-19 08:53:02,859] {dag.py:2396} INFO - Sync 1 DAGs
[2025-05-19 08:53:02,937] {logging_mixin.py:109} INFO - [2025-05-19 08:53:02,933] {dag.py:2415} INFO - Creating ORM DAG for example_nested_branch_dag
[2025-05-19 08:53:03,064] {logging_mixin.py:109} INFO - [2025-05-19 08:53:03,063] {dag.py:2935} INFO - Setting next_dagrun for example_nested_branch_dag to 2025-05-18 00:00:00+00:00
[2025-05-19 08:53:03,163] {processor.py:171} INFO - Processing /home/airflow/.local/lib/python3.6/site-packages/airflow/example_dags/example_nested_branch_dag.py took 22.646 seconds
[2025-05-19 08:55:21,093] {processor.py:163} INFO - Started process (PID=441) to work on /home/airflow/.local/lib/python3.6/site-packages/airflow/example_dags/example_nested_branch_dag.py
[2025-05-19 08:55:21,107] {processor.py:642} INFO - Processing file /home/airflow/.local/lib/python3.6/site-packages/airflow/example_dags/example_nested_branch_dag.py for tasks to queue
[2025-05-19 08:55:21,111] {logging_mixin.py:109} INFO - [2025-05-19 08:55:21,110] {dagbag.py:500} INFO - Filling up the DagBag from /home/airflow/.local/lib/python3.6/site-packages/airflow/example_dags/example_nested_branch_dag.py
[2025-05-19 08:55:21,350] {processor.py:654} INFO - DAG(s) dict_keys(['example_nested_branch_dag']) retrieved from /home/airflow/.local/lib/python3.6/site-packages/airflow/example_dags/example_nested_branch_dag.py
[2025-05-19 08:55:21,435] {logging_mixin.py:109} INFO - [2025-05-19 08:55:21,434] {dag.py:2396} INFO - Sync 1 DAGs
[2025-05-19 08:55:21,598] {logging_mixin.py:109} INFO - [2025-05-19 08:55:21,597] {dag.py:2935} INFO - Setting next_dagrun for example_nested_branch_dag to 2025-05-18 00:00:00+00:00
[2025-05-19 08:55:21,673] {processor.py:171} INFO - Processing /home/airflow/.local/lib/python3.6/site-packages/airflow/example_dags/example_nested_branch_dag.py took 0.605 seconds
[2025-05-19 08:55:52,042] {processor.py:163} INFO - Started process (PID=491) to work on /home/airflow/.local/lib/python3.6/site-packages/airflow/example_dags/example_nested_branch_dag.py
[2025-05-19 08:55:52,049] {processor.py:642} INFO - Processing file /home/airflow/.local/lib/python3.6/site-packages/airflow/example_dags/example_nested_branch_dag.py for tasks to queue
[2025-05-19 08:55:52,058] {logging_mixin.py:109} INFO - [2025-05-19 08:55:52,056] {dagbag.py:500} INFO - Filling up the DagBag from /home/airflow/.local/lib/python3.6/site-packages/airflow/example_dags/example_nested_branch_dag.py
[2025-05-19 08:55:52,232] {processor.py:654} INFO - DAG(s) dict_keys(['example_nested_branch_dag']) retrieved from /home/airflow/.local/lib/python3.6/site-packages/airflow/example_dags/example_nested_branch_dag.py
[2025-05-19 08:55:52,314] {logging_mixin.py:109} INFO - [2025-05-19 08:55:52,313] {dag.py:2396} INFO - Sync 1 DAGs
[2025-05-19 08:55:52,477] {logging_mixin.py:109} INFO - [2025-05-19 08:55:52,477] {dag.py:2935} INFO - Setting next_dagrun for example_nested_branch_dag to 2025-05-18 00:00:00+00:00
[2025-05-19 08:55:52,548] {processor.py:171} INFO - Processing /home/airflow/.local/lib/python3.6/site-packages/airflow/example_dags/example_nested_branch_dag.py took 0.535 seconds
[2025-05-19 08:56:22,660] {processor.py:163} INFO - Started process (PID=539) to work on /home/airflow/.local/lib/python3.6/site-packages/airflow/example_dags/example_nested_branch_dag.py
[2025-05-19 08:56:22,663] {processor.py:642} INFO - Processing file /home/airflow/.local/lib/python3.6/site-packages/airflow/example_dags/example_nested_branch_dag.py for tasks to queue
[2025-05-19 08:56:22,665] {logging_mixin.py:109} INFO - [2025-05-19 08:56:22,665] {dagbag.py:500} INFO - Filling up the DagBag from /home/airflow/.local/lib/python3.6/site-packages/airflow/example_dags/example_nested_branch_dag.py
[2025-05-19 08:56:22,727] {processor.py:654} INFO - DAG(s) dict_keys(['example_nested_branch_dag']) retrieved from /home/airflow/.local/lib/python3.6/site-packages/airflow/example_dags/example_nested_branch_dag.py
[2025-05-19 08:56:22,747] {logging_mixin.py:109} INFO - [2025-05-19 08:56:22,746] {dag.py:2396} INFO - Sync 1 DAGs
[2025-05-19 08:56:22,785] {logging_mixin.py:109} INFO - [2025-05-19 08:56:22,784] {dag.py:2935} INFO - Setting next_dagrun for example_nested_branch_dag to 2025-05-18 00:00:00+00:00
[2025-05-19 08:56:22,804] {processor.py:171} INFO - Processing /home/airflow/.local/lib/python3.6/site-packages/airflow/example_dags/example_nested_branch_dag.py took 0.152 seconds
[2025-05-19 08:56:53,366] {processor.py:163} INFO - Started process (PID=594) to work on /home/airflow/.local/lib/python3.6/site-packages/airflow/example_dags/example_nested_branch_dag.py
[2025-05-19 08:56:53,369] {processor.py:642} INFO - Processing file /home/airflow/.local/lib/python3.6/site-packages/airflow/example_dags/example_nested_branch_dag.py for tasks to queue
[2025-05-19 08:56:53,371] {logging_mixin.py:109} INFO - [2025-05-19 08:56:53,370] {dagbag.py:500} INFO - Filling up the DagBag from /home/airflow/.local/lib/python3.6/site-packages/airflow/example_dags/example_nested_branch_dag.py
[2025-05-19 08:56:53,439] {processor.py:654} INFO - DAG(s) dict_keys(['example_nested_branch_dag']) retrieved from /home/airflow/.local/lib/python3.6/site-packages/airflow/example_dags/example_nested_branch_dag.py
[2025-05-19 08:56:53,465] {logging_mixin.py:109} INFO - [2025-05-19 08:56:53,465] {dag.py:2396} INFO - Sync 1 DAGs
[2025-05-19 08:56:53,505] {logging_mixin.py:109} INFO - [2025-05-19 08:56:53,505] {dag.py:2935} INFO - Setting next_dagrun for example_nested_branch_dag to 2025-05-18 00:00:00+00:00
[2025-05-19 08:56:53,524] {processor.py:171} INFO - Processing /home/airflow/.local/lib/python3.6/site-packages/airflow/example_dags/example_nested_branch_dag.py took 0.164 seconds
[2025-05-19 08:57:23,683] {processor.py:163} INFO - Started process (PID=645) to work on /home/airflow/.local/lib/python3.6/site-packages/airflow/example_dags/example_nested_branch_dag.py
[2025-05-19 08:57:23,686] {processor.py:642} INFO - Processing file /home/airflow/.local/lib/python3.6/site-packages/airflow/example_dags/example_nested_branch_dag.py for tasks to queue
[2025-05-19 08:57:23,688] {logging_mixin.py:109} INFO - [2025-05-19 08:57:23,688] {dagbag.py:500} INFO - Filling up the DagBag from /home/airflow/.local/lib/python3.6/site-packages/airflow/example_dags/example_nested_branch_dag.py
[2025-05-19 08:57:23,743] {processor.py:654} INFO - DAG(s) dict_keys(['example_nested_branch_dag']) retrieved from /home/airflow/.local/lib/python3.6/site-packages/airflow/example_dags/example_nested_branch_dag.py
[2025-05-19 08:57:23,767] {logging_mixin.py:109} INFO - [2025-05-19 08:57:23,766] {dag.py:2396} INFO - Sync 1 DAGs
[2025-05-19 08:57:23,802] {logging_mixin.py:109} INFO - [2025-05-19 08:57:23,802] {dag.py:2935} INFO - Setting next_dagrun for example_nested_branch_dag to 2025-05-18 00:00:00+00:00
[2025-05-19 08:57:23,822] {processor.py:171} INFO - Processing /home/airflow/.local/lib/python3.6/site-packages/airflow/example_dags/example_nested_branch_dag.py took 0.145 seconds
[2025-05-19 08:57:54,133] {processor.py:163} INFO - Started process (PID=697) to work on /home/airflow/.local/lib/python3.6/site-packages/airflow/example_dags/example_nested_branch_dag.py
[2025-05-19 08:57:54,137] {processor.py:642} INFO - Processing file /home/airflow/.local/lib/python3.6/site-packages/airflow/example_dags/example_nested_branch_dag.py for tasks to queue
[2025-05-19 08:57:54,140] {logging_mixin.py:109} INFO - [2025-05-19 08:57:54,140] {dagbag.py:500} INFO - Filling up the DagBag from /home/airflow/.local/lib/python3.6/site-packages/airflow/example_dags/example_nested_branch_dag.py
[2025-05-19 08:57:54,249] {processor.py:654} INFO - DAG(s) dict_keys(['example_nested_branch_dag']) retrieved from /home/airflow/.local/lib/python3.6/site-packages/airflow/example_dags/example_nested_branch_dag.py
[2025-05-19 08:57:54,302] {logging_mixin.py:109} INFO - [2025-05-19 08:57:54,302] {dag.py:2396} INFO - Sync 1 DAGs
[2025-05-19 08:57:54,339] {logging_mixin.py:109} INFO - [2025-05-19 08:57:54,339] {dag.py:2935} INFO - Setting next_dagrun for example_nested_branch_dag to 2025-05-18 00:00:00+00:00
[2025-05-19 08:57:54,355] {processor.py:171} INFO - Processing /home/airflow/.local/lib/python3.6/site-packages/airflow/example_dags/example_nested_branch_dag.py took 0.237 seconds
[2025-05-19 08:58:25,024] {processor.py:163} INFO - Started process (PID=749) to work on /home/airflow/.local/lib/python3.6/site-packages/airflow/example_dags/example_nested_branch_dag.py
[2025-05-19 08:58:25,027] {processor.py:642} INFO - Processing file /home/airflow/.local/lib/python3.6/site-packages/airflow/example_dags/example_nested_branch_dag.py for tasks to queue
[2025-05-19 08:58:25,029] {logging_mixin.py:109} INFO - [2025-05-19 08:58:25,029] {dagbag.py:500} INFO - Filling up the DagBag from /home/airflow/.local/lib/python3.6/site-packages/airflow/example_dags/example_nested_branch_dag.py
[2025-05-19 08:58:25,088] {processor.py:654} INFO - DAG(s) dict_keys(['example_nested_branch_dag']) retrieved from /home/airflow/.local/lib/python3.6/site-packages/airflow/example_dags/example_nested_branch_dag.py
[2025-05-19 08:58:25,112] {logging_mixin.py:109} INFO - [2025-05-19 08:58:25,111] {dag.py:2396} INFO - Sync 1 DAGs
[2025-05-19 08:58:25,154] {logging_mixin.py:109} INFO - [2025-05-19 08:58:25,154] {dag.py:2935} INFO - Setting next_dagrun for example_nested_branch_dag to 2025-05-18 00:00:00+00:00
[2025-05-19 08:58:25,174] {processor.py:171} INFO - Processing /home/airflow/.local/lib/python3.6/site-packages/airflow/example_dags/example_nested_branch_dag.py took 0.159 seconds
[2025-05-19 08:58:55,546] {processor.py:163} INFO - Started process (PID=801) to work on /home/airflow/.local/lib/python3.6/site-packages/airflow/example_dags/example_nested_branch_dag.py
[2025-05-19 08:58:55,548] {processor.py:642} INFO - Processing file /home/airflow/.local/lib/python3.6/site-packages/airflow/example_dags/example_nested_branch_dag.py for tasks to queue
[2025-05-19 08:58:55,550] {logging_mixin.py:109} INFO - [2025-05-19 08:58:55,550] {dagbag.py:500} INFO - Filling up the DagBag from /home/airflow/.local/lib/python3.6/site-packages/airflow/example_dags/example_nested_branch_dag.py
[2025-05-19 08:58:55,602] {processor.py:654} INFO - DAG(s) dict_keys(['example_nested_branch_dag']) retrieved from /home/airflow/.local/lib/python3.6/site-packages/airflow/example_dags/example_nested_branch_dag.py
[2025-05-19 08:58:55,628] {logging_mixin.py:109} INFO - [2025-05-19 08:58:55,627] {dag.py:2396} INFO - Sync 1 DAGs
[2025-05-19 08:58:55,663] {logging_mixin.py:109} INFO - [2025-05-19 08:58:55,663] {dag.py:2935} INFO - Setting next_dagrun for example_nested_branch_dag to 2025-05-18 00:00:00+00:00
[2025-05-19 08:58:55,680] {processor.py:171} INFO - Processing /home/airflow/.local/lib/python3.6/site-packages/airflow/example_dags/example_nested_branch_dag.py took 0.139 seconds
[2025-05-19 08:59:25,766] {processor.py:163} INFO - Started process (PID=853) to work on /home/airflow/.local/lib/python3.6/site-packages/airflow/example_dags/example_nested_branch_dag.py
[2025-05-19 08:59:25,770] {processor.py:642} INFO - Processing file /home/airflow/.local/lib/python3.6/site-packages/airflow/example_dags/example_nested_branch_dag.py for tasks to queue
[2025-05-19 08:59:25,772] {logging_mixin.py:109} INFO - [2025-05-19 08:59:25,771] {dagbag.py:500} INFO - Filling up the DagBag from /home/airflow/.local/lib/python3.6/site-packages/airflow/example_dags/example_nested_branch_dag.py
[2025-05-19 08:59:25,844] {processor.py:654} INFO - DAG(s) dict_keys(['example_nested_branch_dag']) retrieved from /home/airflow/.local/lib/python3.6/site-packages/airflow/example_dags/example_nested_branch_dag.py
[2025-05-19 08:59:25,865] {logging_mixin.py:109} INFO - [2025-05-19 08:59:25,865] {dag.py:2396} INFO - Sync 1 DAGs
[2025-05-19 08:59:25,899] {logging_mixin.py:109} INFO - [2025-05-19 08:59:25,899] {dag.py:2935} INFO - Setting next_dagrun for example_nested_branch_dag to 2025-05-18 00:00:00+00:00
[2025-05-19 08:59:25,915] {processor.py:171} INFO - Processing /home/airflow/.local/lib/python3.6/site-packages/airflow/example_dags/example_nested_branch_dag.py took 0.157 seconds
[2025-05-19 08:59:56,079] {processor.py:163} INFO - Started process (PID=906) to work on /home/airflow/.local/lib/python3.6/site-packages/airflow/example_dags/example_nested_branch_dag.py
[2025-05-19 08:59:56,081] {processor.py:642} INFO - Processing file /home/airflow/.local/lib/python3.6/site-packages/airflow/example_dags/example_nested_branch_dag.py for tasks to queue
[2025-05-19 08:59:56,082] {logging_mixin.py:109} INFO - [2025-05-19 08:59:56,082] {dagbag.py:500} INFO - Filling up the DagBag from /home/airflow/.local/lib/python3.6/site-packages/airflow/example_dags/example_nested_branch_dag.py
[2025-05-19 08:59:56,149] {processor.py:654} INFO - DAG(s) dict_keys(['example_nested_branch_dag']) retrieved from /home/airflow/.local/lib/python3.6/site-packages/airflow/example_dags/example_nested_branch_dag.py
[2025-05-19 08:59:56,174] {logging_mixin.py:109} INFO - [2025-05-19 08:59:56,174] {dag.py:2396} INFO - Sync 1 DAGs
[2025-05-19 08:59:56,235] {logging_mixin.py:109} INFO - [2025-05-19 08:59:56,234] {dag.py:2935} INFO - Setting next_dagrun for example_nested_branch_dag to 2025-05-18 00:00:00+00:00
[2025-05-19 08:59:56,265] {processor.py:171} INFO - Processing /home/airflow/.local/lib/python3.6/site-packages/airflow/example_dags/example_nested_branch_dag.py took 0.194 seconds
[2025-05-19 09:00:26,423] {processor.py:163} INFO - Started process (PID=958) to work on /home/airflow/.local/lib/python3.6/site-packages/airflow/example_dags/example_nested_branch_dag.py
[2025-05-19 09:00:26,428] {processor.py:642} INFO - Processing file /home/airflow/.local/lib/python3.6/site-packages/airflow/example_dags/example_nested_branch_dag.py for tasks to queue
[2025-05-19 09:00:26,432] {logging_mixin.py:109} INFO - [2025-05-19 09:00:26,431] {dagbag.py:500} INFO - Filling up the DagBag from /home/airflow/.local/lib/python3.6/site-packages/airflow/example_dags/example_nested_branch_dag.py
[2025-05-19 09:00:26,543] {processor.py:654} INFO - DAG(s) dict_keys(['example_nested_branch_dag']) retrieved from /home/airflow/.local/lib/python3.6/site-packages/airflow/example_dags/example_nested_branch_dag.py
[2025-05-19 09:00:26,583] {logging_mixin.py:109} INFO - [2025-05-19 09:00:26,583] {dag.py:2396} INFO - Sync 1 DAGs
[2025-05-19 09:00:26,654] {logging_mixin.py:109} INFO - [2025-05-19 09:00:26,654] {dag.py:2935} INFO - Setting next_dagrun for example_nested_branch_dag to 2025-05-18 00:00:00+00:00
[2025-05-19 09:00:26,685] {processor.py:171} INFO - Processing /home/airflow/.local/lib/python3.6/site-packages/airflow/example_dags/example_nested_branch_dag.py took 0.274 seconds
[2025-05-19 09:00:56,807] {processor.py:163} INFO - Started process (PID=1009) to work on /home/airflow/.local/lib/python3.6/site-packages/airflow/example_dags/example_nested_branch_dag.py
[2025-05-19 09:00:56,810] {processor.py:642} INFO - Processing file /home/airflow/.local/lib/python3.6/site-packages/airflow/example_dags/example_nested_branch_dag.py for tasks to queue
[2025-05-19 09:00:56,813] {logging_mixin.py:109} INFO - [2025-05-19 09:00:56,813] {dagbag.py:500} INFO - Filling up the DagBag from /home/airflow/.local/lib/python3.6/site-packages/airflow/example_dags/example_nested_branch_dag.py
[2025-05-19 09:00:56,893] {processor.py:654} INFO - DAG(s) dict_keys(['example_nested_branch_dag']) retrieved from /home/airflow/.local/lib/python3.6/site-packages/airflow/example_dags/example_nested_branch_dag.py
[2025-05-19 09:00:56,926] {logging_mixin.py:109} INFO - [2025-05-19 09:00:56,926] {dag.py:2396} INFO - Sync 1 DAGs
[2025-05-19 09:00:56,977] {logging_mixin.py:109} INFO - [2025-05-19 09:00:56,977] {dag.py:2935} INFO - Setting next_dagrun for example_nested_branch_dag to 2025-05-18 00:00:00+00:00
[2025-05-19 09:00:57,004] {processor.py:171} INFO - Processing /home/airflow/.local/lib/python3.6/site-packages/airflow/example_dags/example_nested_branch_dag.py took 0.205 seconds
[2025-05-19 09:01:27,141] {processor.py:163} INFO - Started process (PID=1060) to work on /home/airflow/.local/lib/python3.6/site-packages/airflow/example_dags/example_nested_branch_dag.py
[2025-05-19 09:01:27,146] {processor.py:642} INFO - Processing file /home/airflow/.local/lib/python3.6/site-packages/airflow/example_dags/example_nested_branch_dag.py for tasks to queue
[2025-05-19 09:01:27,149] {logging_mixin.py:109} INFO - [2025-05-19 09:01:27,149] {dagbag.py:500} INFO - Filling up the DagBag from /home/airflow/.local/lib/python3.6/site-packages/airflow/example_dags/example_nested_branch_dag.py
[2025-05-19 09:01:27,244] {processor.py:654} INFO - DAG(s) dict_keys(['example_nested_branch_dag']) retrieved from /home/airflow/.local/lib/python3.6/site-packages/airflow/example_dags/example_nested_branch_dag.py
[2025-05-19 09:01:27,279] {logging_mixin.py:109} INFO - [2025-05-19 09:01:27,279] {dag.py:2396} INFO - Sync 1 DAGs
[2025-05-19 09:01:27,332] {logging_mixin.py:109} INFO - [2025-05-19 09:01:27,332] {dag.py:2935} INFO - Setting next_dagrun for example_nested_branch_dag to 2025-05-18 00:00:00+00:00
[2025-05-19 09:01:27,353] {processor.py:171} INFO - Processing /home/airflow/.local/lib/python3.6/site-packages/airflow/example_dags/example_nested_branch_dag.py took 0.225 seconds
[2025-05-19 09:01:57,484] {processor.py:163} INFO - Started process (PID=1103) to work on /home/airflow/.local/lib/python3.6/site-packages/airflow/example_dags/example_nested_branch_dag.py
[2025-05-19 09:01:57,487] {processor.py:642} INFO - Processing file /home/airflow/.local/lib/python3.6/site-packages/airflow/example_dags/example_nested_branch_dag.py for tasks to queue
[2025-05-19 09:01:57,489] {logging_mixin.py:109} INFO - [2025-05-19 09:01:57,489] {dagbag.py:500} INFO - Filling up the DagBag from /home/airflow/.local/lib/python3.6/site-packages/airflow/example_dags/example_nested_branch_dag.py
[2025-05-19 09:01:57,620] {processor.py:654} INFO - DAG(s) dict_keys(['example_nested_branch_dag']) retrieved from /home/airflow/.local/lib/python3.6/site-packages/airflow/example_dags/example_nested_branch_dag.py
[2025-05-19 09:01:57,686] {logging_mixin.py:109} INFO - [2025-05-19 09:01:57,685] {dag.py:2396} INFO - Sync 1 DAGs
[2025-05-19 09:01:57,782] {logging_mixin.py:109} INFO - [2025-05-19 09:01:57,782] {dag.py:2935} INFO - Setting next_dagrun for example_nested_branch_dag to 2025-05-18 00:00:00+00:00
[2025-05-19 09:01:57,828] {processor.py:171} INFO - Processing /home/airflow/.local/lib/python3.6/site-packages/airflow/example_dags/example_nested_branch_dag.py took 0.355 seconds
[2025-05-19 09:02:28,017] {processor.py:163} INFO - Started process (PID=1156) to work on /home/airflow/.local/lib/python3.6/site-packages/airflow/example_dags/example_nested_branch_dag.py
[2025-05-19 09:02:28,022] {processor.py:642} INFO - Processing file /home/airflow/.local/lib/python3.6/site-packages/airflow/example_dags/example_nested_branch_dag.py for tasks to queue
[2025-05-19 09:02:28,027] {logging_mixin.py:109} INFO - [2025-05-19 09:02:28,026] {dagbag.py:500} INFO - Filling up the DagBag from /home/airflow/.local/lib/python3.6/site-packages/airflow/example_dags/example_nested_branch_dag.py
[2025-05-19 09:02:28,158] {processor.py:654} INFO - DAG(s) dict_keys(['example_nested_branch_dag']) retrieved from /home/airflow/.local/lib/python3.6/site-packages/airflow/example_dags/example_nested_branch_dag.py
[2025-05-19 09:02:28,222] {logging_mixin.py:109} INFO - [2025-05-19 09:02:28,221] {dag.py:2396} INFO - Sync 1 DAGs
[2025-05-19 09:02:28,318] {logging_mixin.py:109} INFO - [2025-05-19 09:02:28,318] {dag.py:2935} INFO - Setting next_dagrun for example_nested_branch_dag to 2025-05-18 00:00:00+00:00
[2025-05-19 09:02:28,353] {processor.py:171} INFO - Processing /home/airflow/.local/lib/python3.6/site-packages/airflow/example_dags/example_nested_branch_dag.py took 0.354 seconds
[2025-05-19 09:02:58,927] {processor.py:163} INFO - Started process (PID=1206) to work on /home/airflow/.local/lib/python3.6/site-packages/airflow/example_dags/example_nested_branch_dag.py
[2025-05-19 09:02:58,931] {processor.py:642} INFO - Processing file /home/airflow/.local/lib/python3.6/site-packages/airflow/example_dags/example_nested_branch_dag.py for tasks to queue
[2025-05-19 09:02:58,938] {logging_mixin.py:109} INFO - [2025-05-19 09:02:58,938] {dagbag.py:500} INFO - Filling up the DagBag from /home/airflow/.local/lib/python3.6/site-packages/airflow/example_dags/example_nested_branch_dag.py
[2025-05-19 09:02:59,045] {processor.py:654} INFO - DAG(s) dict_keys(['example_nested_branch_dag']) retrieved from /home/airflow/.local/lib/python3.6/site-packages/airflow/example_dags/example_nested_branch_dag.py
[2025-05-19 09:02:59,087] {logging_mixin.py:109} INFO - [2025-05-19 09:02:59,087] {dag.py:2396} INFO - Sync 1 DAGs
[2025-05-19 09:02:59,169] {logging_mixin.py:109} INFO - [2025-05-19 09:02:59,169] {dag.py:2935} INFO - Setting next_dagrun for example_nested_branch_dag to 2025-05-18 00:00:00+00:00
[2025-05-19 09:02:59,196] {processor.py:171} INFO - Processing /home/airflow/.local/lib/python3.6/site-packages/airflow/example_dags/example_nested_branch_dag.py took 0.292 seconds
[2025-05-19 09:03:29,427] {processor.py:163} INFO - Started process (PID=1249) to work on /home/airflow/.local/lib/python3.6/site-packages/airflow/example_dags/example_nested_branch_dag.py
[2025-05-19 09:03:29,431] {processor.py:642} INFO - Processing file /home/airflow/.local/lib/python3.6/site-packages/airflow/example_dags/example_nested_branch_dag.py for tasks to queue
[2025-05-19 09:03:29,433] {logging_mixin.py:109} INFO - [2025-05-19 09:03:29,433] {dagbag.py:500} INFO - Filling up the DagBag from /home/airflow/.local/lib/python3.6/site-packages/airflow/example_dags/example_nested_branch_dag.py
[2025-05-19 09:03:29,518] {processor.py:654} INFO - DAG(s) dict_keys(['example_nested_branch_dag']) retrieved from /home/airflow/.local/lib/python3.6/site-packages/airflow/example_dags/example_nested_branch_dag.py
[2025-05-19 09:03:29,542] {logging_mixin.py:109} INFO - [2025-05-19 09:03:29,541] {dag.py:2396} INFO - Sync 1 DAGs
[2025-05-19 09:03:29,582] {logging_mixin.py:109} INFO - [2025-05-19 09:03:29,582] {dag.py:2935} INFO - Setting next_dagrun for example_nested_branch_dag to 2025-05-18 00:00:00+00:00
[2025-05-19 09:03:29,606] {processor.py:171} INFO - Processing /home/airflow/.local/lib/python3.6/site-packages/airflow/example_dags/example_nested_branch_dag.py took 0.190 seconds
[2025-05-19 09:04:00,669] {processor.py:163} INFO - Started process (PID=1302) to work on /home/airflow/.local/lib/python3.6/site-packages/airflow/example_dags/example_nested_branch_dag.py
[2025-05-19 09:04:00,672] {processor.py:642} INFO - Processing file /home/airflow/.local/lib/python3.6/site-packages/airflow/example_dags/example_nested_branch_dag.py for tasks to queue
[2025-05-19 09:04:00,674] {logging_mixin.py:109} INFO - [2025-05-19 09:04:00,674] {dagbag.py:500} INFO - Filling up the DagBag from /home/airflow/.local/lib/python3.6/site-packages/airflow/example_dags/example_nested_branch_dag.py
[2025-05-19 09:04:00,745] {processor.py:654} INFO - DAG(s) dict_keys(['example_nested_branch_dag']) retrieved from /home/airflow/.local/lib/python3.6/site-packages/airflow/example_dags/example_nested_branch_dag.py
[2025-05-19 09:04:00,768] {logging_mixin.py:109} INFO - [2025-05-19 09:04:00,768] {dag.py:2396} INFO - Sync 1 DAGs
[2025-05-19 09:04:00,804] {logging_mixin.py:109} INFO - [2025-05-19 09:04:00,804] {dag.py:2935} INFO - Setting next_dagrun for example_nested_branch_dag to 2025-05-18 00:00:00+00:00
[2025-05-19 09:04:00,824] {processor.py:171} INFO - Processing /home/airflow/.local/lib/python3.6/site-packages/airflow/example_dags/example_nested_branch_dag.py took 0.160 seconds
[2025-05-19 09:04:31,325] {processor.py:163} INFO - Started process (PID=1354) to work on /home/airflow/.local/lib/python3.6/site-packages/airflow/example_dags/example_nested_branch_dag.py
[2025-05-19 09:04:31,333] {processor.py:642} INFO - Processing file /home/airflow/.local/lib/python3.6/site-packages/airflow/example_dags/example_nested_branch_dag.py for tasks to queue
[2025-05-19 09:04:31,336] {logging_mixin.py:109} INFO - [2025-05-19 09:04:31,335] {dagbag.py:500} INFO - Filling up the DagBag from /home/airflow/.local/lib/python3.6/site-packages/airflow/example_dags/example_nested_branch_dag.py
[2025-05-19 09:04:31,443] {processor.py:654} INFO - DAG(s) dict_keys(['example_nested_branch_dag']) retrieved from /home/airflow/.local/lib/python3.6/site-packages/airflow/example_dags/example_nested_branch_dag.py
[2025-05-19 09:04:31,479] {logging_mixin.py:109} INFO - [2025-05-19 09:04:31,478] {dag.py:2396} INFO - Sync 1 DAGs
[2025-05-19 09:04:31,542] {logging_mixin.py:109} INFO - [2025-05-19 09:04:31,542] {dag.py:2935} INFO - Setting next_dagrun for example_nested_branch_dag to 2025-05-18 00:00:00+00:00
[2025-05-19 09:04:31,577] {processor.py:171} INFO - Processing /home/airflow/.local/lib/python3.6/site-packages/airflow/example_dags/example_nested_branch_dag.py took 0.262 seconds
[2025-05-19 09:05:01,875] {processor.py:163} INFO - Started process (PID=1407) to work on /home/airflow/.local/lib/python3.6/site-packages/airflow/example_dags/example_nested_branch_dag.py
[2025-05-19 09:05:01,880] {processor.py:642} INFO - Processing file /home/airflow/.local/lib/python3.6/site-packages/airflow/example_dags/example_nested_branch_dag.py for tasks to queue
[2025-05-19 09:05:01,885] {logging_mixin.py:109} INFO - [2025-05-19 09:05:01,885] {dagbag.py:500} INFO - Filling up the DagBag from /home/airflow/.local/lib/python3.6/site-packages/airflow/example_dags/example_nested_branch_dag.py
[2025-05-19 09:05:02,017] {processor.py:654} INFO - DAG(s) dict_keys(['example_nested_branch_dag']) retrieved from /home/airflow/.local/lib/python3.6/site-packages/airflow/example_dags/example_nested_branch_dag.py
[2025-05-19 09:05:02,063] {logging_mixin.py:109} INFO - [2025-05-19 09:05:02,062] {dag.py:2396} INFO - Sync 1 DAGs
[2025-05-19 09:05:02,124] {logging_mixin.py:109} INFO - [2025-05-19 09:05:02,124] {dag.py:2935} INFO - Setting next_dagrun for example_nested_branch_dag to 2025-05-18 00:00:00+00:00
[2025-05-19 09:05:02,146] {processor.py:171} INFO - Processing /home/airflow/.local/lib/python3.6/site-packages/airflow/example_dags/example_nested_branch_dag.py took 0.287 seconds
[2025-05-19 09:05:33,041] {processor.py:163} INFO - Started process (PID=1459) to work on /home/airflow/.local/lib/python3.6/site-packages/airflow/example_dags/example_nested_branch_dag.py
[2025-05-19 09:05:33,046] {processor.py:642} INFO - Processing file /home/airflow/.local/lib/python3.6/site-packages/airflow/example_dags/example_nested_branch_dag.py for tasks to queue
[2025-05-19 09:05:33,058] {logging_mixin.py:109} INFO - [2025-05-19 09:05:33,058] {dagbag.py:500} INFO - Filling up the DagBag from /home/airflow/.local/lib/python3.6/site-packages/airflow/example_dags/example_nested_branch_dag.py
[2025-05-19 09:05:33,228] {processor.py:654} INFO - DAG(s) dict_keys(['example_nested_branch_dag']) retrieved from /home/airflow/.local/lib/python3.6/site-packages/airflow/example_dags/example_nested_branch_dag.py
[2025-05-19 09:05:33,266] {logging_mixin.py:109} INFO - [2025-05-19 09:05:33,266] {dag.py:2396} INFO - Sync 1 DAGs
[2025-05-19 09:05:33,331] {logging_mixin.py:109} INFO - [2025-05-19 09:05:33,331] {dag.py:2935} INFO - Setting next_dagrun for example_nested_branch_dag to 2025-05-18 00:00:00+00:00
[2025-05-19 09:05:33,350] {processor.py:171} INFO - Processing /home/airflow/.local/lib/python3.6/site-packages/airflow/example_dags/example_nested_branch_dag.py took 0.326 seconds
[2025-05-19 09:06:04,215] {processor.py:163} INFO - Started process (PID=1511) to work on /home/airflow/.local/lib/python3.6/site-packages/airflow/example_dags/example_nested_branch_dag.py
[2025-05-19 09:06:04,246] {processor.py:642} INFO - Processing file /home/airflow/.local/lib/python3.6/site-packages/airflow/example_dags/example_nested_branch_dag.py for tasks to queue
[2025-05-19 09:06:04,258] {logging_mixin.py:109} INFO - [2025-05-19 09:06:04,258] {dagbag.py:500} INFO - Filling up the DagBag from /home/airflow/.local/lib/python3.6/site-packages/airflow/example_dags/example_nested_branch_dag.py
[2025-05-19 09:06:04,380] {processor.py:654} INFO - DAG(s) dict_keys(['example_nested_branch_dag']) retrieved from /home/airflow/.local/lib/python3.6/site-packages/airflow/example_dags/example_nested_branch_dag.py
[2025-05-19 09:06:04,432] {logging_mixin.py:109} INFO - [2025-05-19 09:06:04,431] {dag.py:2396} INFO - Sync 1 DAGs
[2025-05-19 09:06:04,488] {logging_mixin.py:109} INFO - [2025-05-19 09:06:04,488] {dag.py:2935} INFO - Setting next_dagrun for example_nested_branch_dag to 2025-05-18 00:00:00+00:00
[2025-05-19 09:06:04,506] {processor.py:171} INFO - Processing /home/airflow/.local/lib/python3.6/site-packages/airflow/example_dags/example_nested_branch_dag.py took 0.300 seconds
[2025-05-19 09:06:35,107] {processor.py:163} INFO - Started process (PID=1573) to work on /home/airflow/.local/lib/python3.6/site-packages/airflow/example_dags/example_nested_branch_dag.py
[2025-05-19 09:06:35,109] {processor.py:642} INFO - Processing file /home/airflow/.local/lib/python3.6/site-packages/airflow/example_dags/example_nested_branch_dag.py for tasks to queue
[2025-05-19 09:06:35,110] {logging_mixin.py:109} INFO - [2025-05-19 09:06:35,110] {dagbag.py:500} INFO - Filling up the DagBag from /home/airflow/.local/lib/python3.6/site-packages/airflow/example_dags/example_nested_branch_dag.py
[2025-05-19 09:06:35,162] {processor.py:654} INFO - DAG(s) dict_keys(['example_nested_branch_dag']) retrieved from /home/airflow/.local/lib/python3.6/site-packages/airflow/example_dags/example_nested_branch_dag.py
[2025-05-19 09:06:35,180] {logging_mixin.py:109} INFO - [2025-05-19 09:06:35,180] {dag.py:2396} INFO - Sync 1 DAGs
[2025-05-19 09:06:35,209] {logging_mixin.py:109} INFO - [2025-05-19 09:06:35,209] {dag.py:2935} INFO - Setting next_dagrun for example_nested_branch_dag to 2025-05-18 00:00:00+00:00
[2025-05-19 09:06:35,224] {processor.py:171} INFO - Processing /home/airflow/.local/lib/python3.6/site-packages/airflow/example_dags/example_nested_branch_dag.py took 0.122 seconds
[2025-05-19 09:07:06,075] {processor.py:163} INFO - Started process (PID=1625) to work on /home/airflow/.local/lib/python3.6/site-packages/airflow/example_dags/example_nested_branch_dag.py
[2025-05-19 09:07:06,077] {processor.py:642} INFO - Processing file /home/airflow/.local/lib/python3.6/site-packages/airflow/example_dags/example_nested_branch_dag.py for tasks to queue
[2025-05-19 09:07:06,078] {logging_mixin.py:109} INFO - [2025-05-19 09:07:06,078] {dagbag.py:500} INFO - Filling up the DagBag from /home/airflow/.local/lib/python3.6/site-packages/airflow/example_dags/example_nested_branch_dag.py
[2025-05-19 09:07:06,111] {processor.py:654} INFO - DAG(s) dict_keys(['example_nested_branch_dag']) retrieved from /home/airflow/.local/lib/python3.6/site-packages/airflow/example_dags/example_nested_branch_dag.py
[2025-05-19 09:07:06,124] {logging_mixin.py:109} INFO - [2025-05-19 09:07:06,124] {dag.py:2396} INFO - Sync 1 DAGs
[2025-05-19 09:07:06,143] {logging_mixin.py:109} INFO - [2025-05-19 09:07:06,143] {dag.py:2935} INFO - Setting next_dagrun for example_nested_branch_dag to 2025-05-18 00:00:00+00:00
[2025-05-19 09:07:06,155] {processor.py:171} INFO - Processing /home/airflow/.local/lib/python3.6/site-packages/airflow/example_dags/example_nested_branch_dag.py took 0.083 seconds
[2025-05-19 09:07:36,410] {processor.py:163} INFO - Started process (PID=1677) to work on /home/airflow/.local/lib/python3.6/site-packages/airflow/example_dags/example_nested_branch_dag.py
[2025-05-19 09:07:36,412] {processor.py:642} INFO - Processing file /home/airflow/.local/lib/python3.6/site-packages/airflow/example_dags/example_nested_branch_dag.py for tasks to queue
[2025-05-19 09:07:36,413] {logging_mixin.py:109} INFO - [2025-05-19 09:07:36,413] {dagbag.py:500} INFO - Filling up the DagBag from /home/airflow/.local/lib/python3.6/site-packages/airflow/example_dags/example_nested_branch_dag.py
[2025-05-19 09:07:36,450] {processor.py:654} INFO - DAG(s) dict_keys(['example_nested_branch_dag']) retrieved from /home/airflow/.local/lib/python3.6/site-packages/airflow/example_dags/example_nested_branch_dag.py
[2025-05-19 09:07:36,464] {logging_mixin.py:109} INFO - [2025-05-19 09:07:36,464] {dag.py:2396} INFO - Sync 1 DAGs
[2025-05-19 09:07:36,487] {logging_mixin.py:109} INFO - [2025-05-19 09:07:36,487] {dag.py:2935} INFO - Setting next_dagrun for example_nested_branch_dag to 2025-05-18 00:00:00+00:00
[2025-05-19 09:07:36,502] {processor.py:171} INFO - Processing /home/airflow/.local/lib/python3.6/site-packages/airflow/example_dags/example_nested_branch_dag.py took 0.096 seconds
[2025-05-19 09:08:07,181] {processor.py:163} INFO - Started process (PID=1739) to work on /home/airflow/.local/lib/python3.6/site-packages/airflow/example_dags/example_nested_branch_dag.py
[2025-05-19 09:08:07,183] {processor.py:642} INFO - Processing file /home/airflow/.local/lib/python3.6/site-packages/airflow/example_dags/example_nested_branch_dag.py for tasks to queue
[2025-05-19 09:08:07,184] {logging_mixin.py:109} INFO - [2025-05-19 09:08:07,184] {dagbag.py:500} INFO - Filling up the DagBag from /home/airflow/.local/lib/python3.6/site-packages/airflow/example_dags/example_nested_branch_dag.py
[2025-05-19 09:08:07,234] {processor.py:654} INFO - DAG(s) dict_keys(['example_nested_branch_dag']) retrieved from /home/airflow/.local/lib/python3.6/site-packages/airflow/example_dags/example_nested_branch_dag.py
[2025-05-19 09:08:07,255] {logging_mixin.py:109} INFO - [2025-05-19 09:08:07,254] {dag.py:2396} INFO - Sync 1 DAGs
[2025-05-19 09:08:07,289] {logging_mixin.py:109} INFO - [2025-05-19 09:08:07,288] {dag.py:2935} INFO - Setting next_dagrun for example_nested_branch_dag to 2025-05-18 00:00:00+00:00
[2025-05-19 09:08:07,306] {processor.py:171} INFO - Processing /home/airflow/.local/lib/python3.6/site-packages/airflow/example_dags/example_nested_branch_dag.py took 0.130 seconds
[2025-05-19 09:08:37,384] {processor.py:163} INFO - Started process (PID=1791) to work on /home/airflow/.local/lib/python3.6/site-packages/airflow/example_dags/example_nested_branch_dag.py
[2025-05-19 09:08:37,386] {processor.py:642} INFO - Processing file /home/airflow/.local/lib/python3.6/site-packages/airflow/example_dags/example_nested_branch_dag.py for tasks to queue
[2025-05-19 09:08:37,387] {logging_mixin.py:109} INFO - [2025-05-19 09:08:37,387] {dagbag.py:500} INFO - Filling up the DagBag from /home/airflow/.local/lib/python3.6/site-packages/airflow/example_dags/example_nested_branch_dag.py
[2025-05-19 09:08:37,440] {processor.py:654} INFO - DAG(s) dict_keys(['example_nested_branch_dag']) retrieved from /home/airflow/.local/lib/python3.6/site-packages/airflow/example_dags/example_nested_branch_dag.py
[2025-05-19 09:08:37,461] {logging_mixin.py:109} INFO - [2025-05-19 09:08:37,461] {dag.py:2396} INFO - Sync 1 DAGs
[2025-05-19 09:08:37,493] {logging_mixin.py:109} INFO - [2025-05-19 09:08:37,493] {dag.py:2935} INFO - Setting next_dagrun for example_nested_branch_dag to 2025-05-18 00:00:00+00:00
[2025-05-19 09:08:37,508] {processor.py:171} INFO - Processing /home/airflow/.local/lib/python3.6/site-packages/airflow/example_dags/example_nested_branch_dag.py took 0.130 seconds
[2025-05-19 09:09:07,633] {processor.py:163} INFO - Started process (PID=1853) to work on /home/airflow/.local/lib/python3.6/site-packages/airflow/example_dags/example_nested_branch_dag.py
[2025-05-19 09:09:07,635] {processor.py:642} INFO - Processing file /home/airflow/.local/lib/python3.6/site-packages/airflow/example_dags/example_nested_branch_dag.py for tasks to queue
[2025-05-19 09:09:07,636] {logging_mixin.py:109} INFO - [2025-05-19 09:09:07,636] {dagbag.py:500} INFO - Filling up the DagBag from /home/airflow/.local/lib/python3.6/site-packages/airflow/example_dags/example_nested_branch_dag.py
[2025-05-19 09:09:07,676] {processor.py:654} INFO - DAG(s) dict_keys(['example_nested_branch_dag']) retrieved from /home/airflow/.local/lib/python3.6/site-packages/airflow/example_dags/example_nested_branch_dag.py
[2025-05-19 09:09:07,699] {logging_mixin.py:109} INFO - [2025-05-19 09:09:07,698] {dag.py:2396} INFO - Sync 1 DAGs
[2025-05-19 09:09:07,729] {logging_mixin.py:109} INFO - [2025-05-19 09:09:07,729] {dag.py:2935} INFO - Setting next_dagrun for example_nested_branch_dag to 2025-05-18 00:00:00+00:00
[2025-05-19 09:09:07,741] {processor.py:171} INFO - Processing /home/airflow/.local/lib/python3.6/site-packages/airflow/example_dags/example_nested_branch_dag.py took 0.113 seconds
[2025-05-19 09:09:38,252] {processor.py:163} INFO - Started process (PID=1905) to work on /home/airflow/.local/lib/python3.6/site-packages/airflow/example_dags/example_nested_branch_dag.py
[2025-05-19 09:09:38,254] {processor.py:642} INFO - Processing file /home/airflow/.local/lib/python3.6/site-packages/airflow/example_dags/example_nested_branch_dag.py for tasks to queue
[2025-05-19 09:09:38,255] {logging_mixin.py:109} INFO - [2025-05-19 09:09:38,255] {dagbag.py:500} INFO - Filling up the DagBag from /home/airflow/.local/lib/python3.6/site-packages/airflow/example_dags/example_nested_branch_dag.py
[2025-05-19 09:09:38,309] {processor.py:654} INFO - DAG(s) dict_keys(['example_nested_branch_dag']) retrieved from /home/airflow/.local/lib/python3.6/site-packages/airflow/example_dags/example_nested_branch_dag.py
[2025-05-19 09:09:38,332] {logging_mixin.py:109} INFO - [2025-05-19 09:09:38,332] {dag.py:2396} INFO - Sync 1 DAGs
[2025-05-19 09:09:38,356] {logging_mixin.py:109} INFO - [2025-05-19 09:09:38,356] {dag.py:2935} INFO - Setting next_dagrun for example_nested_branch_dag to 2025-05-18 00:00:00+00:00
[2025-05-19 09:09:38,368] {processor.py:171} INFO - Processing /home/airflow/.local/lib/python3.6/site-packages/airflow/example_dags/example_nested_branch_dag.py took 0.119 seconds
[2025-05-19 09:10:08,787] {processor.py:163} INFO - Started process (PID=1957) to work on /home/airflow/.local/lib/python3.6/site-packages/airflow/example_dags/example_nested_branch_dag.py
[2025-05-19 09:10:08,789] {processor.py:642} INFO - Processing file /home/airflow/.local/lib/python3.6/site-packages/airflow/example_dags/example_nested_branch_dag.py for tasks to queue
[2025-05-19 09:10:08,791] {logging_mixin.py:109} INFO - [2025-05-19 09:10:08,790] {dagbag.py:500} INFO - Filling up the DagBag from /home/airflow/.local/lib/python3.6/site-packages/airflow/example_dags/example_nested_branch_dag.py
[2025-05-19 09:10:08,832] {processor.py:654} INFO - DAG(s) dict_keys(['example_nested_branch_dag']) retrieved from /home/airflow/.local/lib/python3.6/site-packages/airflow/example_dags/example_nested_branch_dag.py
[2025-05-19 09:10:08,849] {logging_mixin.py:109} INFO - [2025-05-19 09:10:08,849] {dag.py:2396} INFO - Sync 1 DAGs
[2025-05-19 09:10:08,886] {logging_mixin.py:109} INFO - [2025-05-19 09:10:08,886] {dag.py:2935} INFO - Setting next_dagrun for example_nested_branch_dag to 2025-05-18 00:00:00+00:00
[2025-05-19 09:10:08,907] {processor.py:171} INFO - Processing /home/airflow/.local/lib/python3.6/site-packages/airflow/example_dags/example_nested_branch_dag.py took 0.124 seconds
[2025-05-19 09:10:39,150] {processor.py:163} INFO - Started process (PID=2009) to work on /home/airflow/.local/lib/python3.6/site-packages/airflow/example_dags/example_nested_branch_dag.py
[2025-05-19 09:10:39,151] {processor.py:642} INFO - Processing file /home/airflow/.local/lib/python3.6/site-packages/airflow/example_dags/example_nested_branch_dag.py for tasks to queue
[2025-05-19 09:10:39,152] {logging_mixin.py:109} INFO - [2025-05-19 09:10:39,152] {dagbag.py:500} INFO - Filling up the DagBag from /home/airflow/.local/lib/python3.6/site-packages/airflow/example_dags/example_nested_branch_dag.py
[2025-05-19 09:10:39,189] {processor.py:654} INFO - DAG(s) dict_keys(['example_nested_branch_dag']) retrieved from /home/airflow/.local/lib/python3.6/site-packages/airflow/example_dags/example_nested_branch_dag.py
[2025-05-19 09:10:39,204] {logging_mixin.py:109} INFO - [2025-05-19 09:10:39,204] {dag.py:2396} INFO - Sync 1 DAGs
[2025-05-19 09:10:39,227] {logging_mixin.py:109} INFO - [2025-05-19 09:10:39,227] {dag.py:2935} INFO - Setting next_dagrun for example_nested_branch_dag to 2025-05-18 00:00:00+00:00
[2025-05-19 09:10:39,239] {processor.py:171} INFO - Processing /home/airflow/.local/lib/python3.6/site-packages/airflow/example_dags/example_nested_branch_dag.py took 0.093 seconds
[2025-05-19 09:11:10,230] {processor.py:163} INFO - Started process (PID=2072) to work on /home/airflow/.local/lib/python3.6/site-packages/airflow/example_dags/example_nested_branch_dag.py
[2025-05-19 09:11:10,232] {processor.py:642} INFO - Processing file /home/airflow/.local/lib/python3.6/site-packages/airflow/example_dags/example_nested_branch_dag.py for tasks to queue
[2025-05-19 09:11:10,234] {logging_mixin.py:109} INFO - [2025-05-19 09:11:10,234] {dagbag.py:500} INFO - Filling up the DagBag from /home/airflow/.local/lib/python3.6/site-packages/airflow/example_dags/example_nested_branch_dag.py
[2025-05-19 09:11:10,286] {processor.py:654} INFO - DAG(s) dict_keys(['example_nested_branch_dag']) retrieved from /home/airflow/.local/lib/python3.6/site-packages/airflow/example_dags/example_nested_branch_dag.py
[2025-05-19 09:11:10,306] {logging_mixin.py:109} INFO - [2025-05-19 09:11:10,306] {dag.py:2396} INFO - Sync 1 DAGs
[2025-05-19 09:11:10,339] {logging_mixin.py:109} INFO - [2025-05-19 09:11:10,339] {dag.py:2935} INFO - Setting next_dagrun for example_nested_branch_dag to 2025-05-18 00:00:00+00:00
[2025-05-19 09:11:10,352] {processor.py:171} INFO - Processing /home/airflow/.local/lib/python3.6/site-packages/airflow/example_dags/example_nested_branch_dag.py took 0.127 seconds
[2025-05-19 09:11:40,834] {processor.py:163} INFO - Started process (PID=2124) to work on /home/airflow/.local/lib/python3.6/site-packages/airflow/example_dags/example_nested_branch_dag.py
[2025-05-19 09:11:40,835] {processor.py:642} INFO - Processing file /home/airflow/.local/lib/python3.6/site-packages/airflow/example_dags/example_nested_branch_dag.py for tasks to queue
[2025-05-19 09:11:40,836] {logging_mixin.py:109} INFO - [2025-05-19 09:11:40,836] {dagbag.py:500} INFO - Filling up the DagBag from /home/airflow/.local/lib/python3.6/site-packages/airflow/example_dags/example_nested_branch_dag.py
[2025-05-19 09:11:40,871] {processor.py:654} INFO - DAG(s) dict_keys(['example_nested_branch_dag']) retrieved from /home/airflow/.local/lib/python3.6/site-packages/airflow/example_dags/example_nested_branch_dag.py
[2025-05-19 09:11:40,884] {logging_mixin.py:109} INFO - [2025-05-19 09:11:40,884] {dag.py:2396} INFO - Sync 1 DAGs
[2025-05-19 09:11:40,909] {logging_mixin.py:109} INFO - [2025-05-19 09:11:40,909] {dag.py:2935} INFO - Setting next_dagrun for example_nested_branch_dag to 2025-05-18 00:00:00+00:00
[2025-05-19 09:11:40,921] {processor.py:171} INFO - Processing /home/airflow/.local/lib/python3.6/site-packages/airflow/example_dags/example_nested_branch_dag.py took 0.091 seconds
[2025-05-19 09:12:10,981] {processor.py:163} INFO - Started process (PID=2176) to work on /home/airflow/.local/lib/python3.6/site-packages/airflow/example_dags/example_nested_branch_dag.py
[2025-05-19 09:12:10,983] {processor.py:642} INFO - Processing file /home/airflow/.local/lib/python3.6/site-packages/airflow/example_dags/example_nested_branch_dag.py for tasks to queue
[2025-05-19 09:12:10,985] {logging_mixin.py:109} INFO - [2025-05-19 09:12:10,984] {dagbag.py:500} INFO - Filling up the DagBag from /home/airflow/.local/lib/python3.6/site-packages/airflow/example_dags/example_nested_branch_dag.py
[2025-05-19 09:12:11,029] {processor.py:654} INFO - DAG(s) dict_keys(['example_nested_branch_dag']) retrieved from /home/airflow/.local/lib/python3.6/site-packages/airflow/example_dags/example_nested_branch_dag.py
[2025-05-19 09:12:11,048] {logging_mixin.py:109} INFO - [2025-05-19 09:12:11,048] {dag.py:2396} INFO - Sync 1 DAGs
[2025-05-19 09:12:11,077] {logging_mixin.py:109} INFO - [2025-05-19 09:12:11,077] {dag.py:2935} INFO - Setting next_dagrun for example_nested_branch_dag to 2025-05-18 00:00:00+00:00
[2025-05-19 09:12:11,092] {processor.py:171} INFO - Processing /home/airflow/.local/lib/python3.6/site-packages/airflow/example_dags/example_nested_branch_dag.py took 0.114 seconds
[2025-05-19 09:12:41,871] {processor.py:163} INFO - Started process (PID=2228) to work on /home/airflow/.local/lib/python3.6/site-packages/airflow/example_dags/example_nested_branch_dag.py
[2025-05-19 09:12:41,873] {processor.py:642} INFO - Processing file /home/airflow/.local/lib/python3.6/site-packages/airflow/example_dags/example_nested_branch_dag.py for tasks to queue
[2025-05-19 09:12:41,874] {logging_mixin.py:109} INFO - [2025-05-19 09:12:41,874] {dagbag.py:500} INFO - Filling up the DagBag from /home/airflow/.local/lib/python3.6/site-packages/airflow/example_dags/example_nested_branch_dag.py
[2025-05-19 09:12:41,917] {processor.py:654} INFO - DAG(s) dict_keys(['example_nested_branch_dag']) retrieved from /home/airflow/.local/lib/python3.6/site-packages/airflow/example_dags/example_nested_branch_dag.py
[2025-05-19 09:12:41,935] {logging_mixin.py:109} INFO - [2025-05-19 09:12:41,935] {dag.py:2396} INFO - Sync 1 DAGs
[2025-05-19 09:12:41,962] {logging_mixin.py:109} INFO - [2025-05-19 09:12:41,962] {dag.py:2935} INFO - Setting next_dagrun for example_nested_branch_dag to 2025-05-18 00:00:00+00:00
[2025-05-19 09:12:41,977] {processor.py:171} INFO - Processing /home/airflow/.local/lib/python3.6/site-packages/airflow/example_dags/example_nested_branch_dag.py took 0.111 seconds
[2025-05-19 09:13:12,297] {processor.py:163} INFO - Started process (PID=2280) to work on /home/airflow/.local/lib/python3.6/site-packages/airflow/example_dags/example_nested_branch_dag.py
[2025-05-19 09:13:12,298] {processor.py:642} INFO - Processing file /home/airflow/.local/lib/python3.6/site-packages/airflow/example_dags/example_nested_branch_dag.py for tasks to queue
[2025-05-19 09:13:12,300] {logging_mixin.py:109} INFO - [2025-05-19 09:13:12,300] {dagbag.py:500} INFO - Filling up the DagBag from /home/airflow/.local/lib/python3.6/site-packages/airflow/example_dags/example_nested_branch_dag.py
[2025-05-19 09:13:12,346] {processor.py:654} INFO - DAG(s) dict_keys(['example_nested_branch_dag']) retrieved from /home/airflow/.local/lib/python3.6/site-packages/airflow/example_dags/example_nested_branch_dag.py
[2025-05-19 09:13:12,374] {logging_mixin.py:109} INFO - [2025-05-19 09:13:12,374] {dag.py:2396} INFO - Sync 1 DAGs
[2025-05-19 09:13:12,407] {logging_mixin.py:109} INFO - [2025-05-19 09:13:12,407] {dag.py:2935} INFO - Setting next_dagrun for example_nested_branch_dag to 2025-05-18 00:00:00+00:00
[2025-05-19 09:13:12,418] {processor.py:171} INFO - Processing /home/airflow/.local/lib/python3.6/site-packages/airflow/example_dags/example_nested_branch_dag.py took 0.126 seconds
[2025-05-19 09:13:42,788] {processor.py:163} INFO - Started process (PID=2331) to work on /home/airflow/.local/lib/python3.6/site-packages/airflow/example_dags/example_nested_branch_dag.py
[2025-05-19 09:13:42,791] {processor.py:642} INFO - Processing file /home/airflow/.local/lib/python3.6/site-packages/airflow/example_dags/example_nested_branch_dag.py for tasks to queue
[2025-05-19 09:13:42,793] {logging_mixin.py:109} INFO - [2025-05-19 09:13:42,793] {dagbag.py:500} INFO - Filling up the DagBag from /home/airflow/.local/lib/python3.6/site-packages/airflow/example_dags/example_nested_branch_dag.py
[2025-05-19 09:13:42,870] {processor.py:654} INFO - DAG(s) dict_keys(['example_nested_branch_dag']) retrieved from /home/airflow/.local/lib/python3.6/site-packages/airflow/example_dags/example_nested_branch_dag.py
[2025-05-19 09:13:42,902] {logging_mixin.py:109} INFO - [2025-05-19 09:13:42,901] {dag.py:2396} INFO - Sync 1 DAGs
[2025-05-19 09:13:42,947] {logging_mixin.py:109} INFO - [2025-05-19 09:13:42,947] {dag.py:2935} INFO - Setting next_dagrun for example_nested_branch_dag to 2025-05-18 00:00:00+00:00
[2025-05-19 09:13:42,985] {processor.py:171} INFO - Processing /home/airflow/.local/lib/python3.6/site-packages/airflow/example_dags/example_nested_branch_dag.py took 0.206 seconds
[2025-05-19 09:14:13,256] {processor.py:163} INFO - Started process (PID=2380) to work on /home/airflow/.local/lib/python3.6/site-packages/airflow/example_dags/example_nested_branch_dag.py
[2025-05-19 09:14:13,259] {processor.py:642} INFO - Processing file /home/airflow/.local/lib/python3.6/site-packages/airflow/example_dags/example_nested_branch_dag.py for tasks to queue
[2025-05-19 09:14:13,261] {logging_mixin.py:109} INFO - [2025-05-19 09:14:13,260] {dagbag.py:500} INFO - Filling up the DagBag from /home/airflow/.local/lib/python3.6/site-packages/airflow/example_dags/example_nested_branch_dag.py
[2025-05-19 09:14:13,320] {processor.py:654} INFO - DAG(s) dict_keys(['example_nested_branch_dag']) retrieved from /home/airflow/.local/lib/python3.6/site-packages/airflow/example_dags/example_nested_branch_dag.py
[2025-05-19 09:14:13,344] {logging_mixin.py:109} INFO - [2025-05-19 09:14:13,343] {dag.py:2396} INFO - Sync 1 DAGs
[2025-05-19 09:14:13,386] {logging_mixin.py:109} INFO - [2025-05-19 09:14:13,385] {dag.py:2935} INFO - Setting next_dagrun for example_nested_branch_dag to 2025-05-18 00:00:00+00:00
[2025-05-19 09:14:13,403] {processor.py:171} INFO - Processing /home/airflow/.local/lib/python3.6/site-packages/airflow/example_dags/example_nested_branch_dag.py took 0.152 seconds
[2025-05-19 19:33:52,736] {processor.py:163} INFO - Started process (PID=62) to work on /home/airflow/.local/lib/python3.6/site-packages/airflow/example_dags/example_nested_branch_dag.py
[2025-05-19 19:33:52,749] {processor.py:642} INFO - Processing file /home/airflow/.local/lib/python3.6/site-packages/airflow/example_dags/example_nested_branch_dag.py for tasks to queue
[2025-05-19 19:33:52,753] {logging_mixin.py:109} INFO - [2025-05-19 19:33:52,752] {dagbag.py:500} INFO - Filling up the DagBag from /home/airflow/.local/lib/python3.6/site-packages/airflow/example_dags/example_nested_branch_dag.py
[2025-05-19 19:33:53,037] {processor.py:654} INFO - DAG(s) dict_keys(['example_nested_branch_dag']) retrieved from /home/airflow/.local/lib/python3.6/site-packages/airflow/example_dags/example_nested_branch_dag.py
[2025-05-19 19:33:53,102] {logging_mixin.py:109} INFO - [2025-05-19 19:33:53,102] {dag.py:2396} INFO - Sync 1 DAGs
[2025-05-19 19:33:53,142] {logging_mixin.py:109} INFO - [2025-05-19 19:33:53,142] {dag.py:2935} INFO - Setting next_dagrun for example_nested_branch_dag to 2025-05-18 00:00:00+00:00
[2025-05-19 19:33:53,165] {processor.py:171} INFO - Processing /home/airflow/.local/lib/python3.6/site-packages/airflow/example_dags/example_nested_branch_dag.py took 0.439 seconds
[2025-05-19 19:34:25,192] {processor.py:163} INFO - Started process (PID=114) to work on /home/airflow/.local/lib/python3.6/site-packages/airflow/example_dags/example_nested_branch_dag.py
[2025-05-19 19:34:25,206] {processor.py:642} INFO - Processing file /home/airflow/.local/lib/python3.6/site-packages/airflow/example_dags/example_nested_branch_dag.py for tasks to queue
[2025-05-19 19:34:25,210] {logging_mixin.py:109} INFO - [2025-05-19 19:34:25,210] {dagbag.py:500} INFO - Filling up the DagBag from /home/airflow/.local/lib/python3.6/site-packages/airflow/example_dags/example_nested_branch_dag.py
[2025-05-19 19:34:25,558] {processor.py:654} INFO - DAG(s) dict_keys(['example_nested_branch_dag']) retrieved from /home/airflow/.local/lib/python3.6/site-packages/airflow/example_dags/example_nested_branch_dag.py
[2025-05-19 19:34:25,646] {logging_mixin.py:109} INFO - [2025-05-19 19:34:25,646] {dag.py:2396} INFO - Sync 1 DAGs
[2025-05-19 19:34:25,768] {logging_mixin.py:109} INFO - [2025-05-19 19:34:25,767] {dag.py:2935} INFO - Setting next_dagrun for example_nested_branch_dag to 2025-05-18 00:00:00+00:00
[2025-05-19 19:34:25,890] {processor.py:171} INFO - Processing /home/airflow/.local/lib/python3.6/site-packages/airflow/example_dags/example_nested_branch_dag.py took 0.717 seconds
[2025-05-19 19:34:56,040] {processor.py:163} INFO - Started process (PID=155) to work on /home/airflow/.local/lib/python3.6/site-packages/airflow/example_dags/example_nested_branch_dag.py
[2025-05-19 19:34:56,042] {processor.py:642} INFO - Processing file /home/airflow/.local/lib/python3.6/site-packages/airflow/example_dags/example_nested_branch_dag.py for tasks to queue
[2025-05-19 19:34:56,043] {logging_mixin.py:109} INFO - [2025-05-19 19:34:56,043] {dagbag.py:500} INFO - Filling up the DagBag from /home/airflow/.local/lib/python3.6/site-packages/airflow/example_dags/example_nested_branch_dag.py
[2025-05-19 19:34:56,088] {processor.py:654} INFO - DAG(s) dict_keys(['example_nested_branch_dag']) retrieved from /home/airflow/.local/lib/python3.6/site-packages/airflow/example_dags/example_nested_branch_dag.py
[2025-05-19 19:34:56,107] {logging_mixin.py:109} INFO - [2025-05-19 19:34:56,107] {dag.py:2396} INFO - Sync 1 DAGs
[2025-05-19 19:34:56,137] {logging_mixin.py:109} INFO - [2025-05-19 19:34:56,137] {dag.py:2935} INFO - Setting next_dagrun for example_nested_branch_dag to 2025-05-18 00:00:00+00:00
[2025-05-19 19:34:56,153] {processor.py:171} INFO - Processing /home/airflow/.local/lib/python3.6/site-packages/airflow/example_dags/example_nested_branch_dag.py took 0.119 seconds
[2025-05-19 19:35:26,814] {processor.py:163} INFO - Started process (PID=209) to work on /home/airflow/.local/lib/python3.6/site-packages/airflow/example_dags/example_nested_branch_dag.py
[2025-05-19 19:35:26,817] {processor.py:642} INFO - Processing file /home/airflow/.local/lib/python3.6/site-packages/airflow/example_dags/example_nested_branch_dag.py for tasks to queue
[2025-05-19 19:35:26,819] {logging_mixin.py:109} INFO - [2025-05-19 19:35:26,818] {dagbag.py:500} INFO - Filling up the DagBag from /home/airflow/.local/lib/python3.6/site-packages/airflow/example_dags/example_nested_branch_dag.py
[2025-05-19 19:35:26,918] {processor.py:654} INFO - DAG(s) dict_keys(['example_nested_branch_dag']) retrieved from /home/airflow/.local/lib/python3.6/site-packages/airflow/example_dags/example_nested_branch_dag.py
[2025-05-19 19:35:26,973] {logging_mixin.py:109} INFO - [2025-05-19 19:35:26,973] {dag.py:2396} INFO - Sync 1 DAGs
[2025-05-19 19:35:27,047] {logging_mixin.py:109} INFO - [2025-05-19 19:35:27,046] {dag.py:2935} INFO - Setting next_dagrun for example_nested_branch_dag to 2025-05-18 00:00:00+00:00
[2025-05-19 19:35:27,073] {processor.py:171} INFO - Processing /home/airflow/.local/lib/python3.6/site-packages/airflow/example_dags/example_nested_branch_dag.py took 0.268 seconds
[2025-05-19 19:35:58,303] {processor.py:163} INFO - Started process (PID=261) to work on /home/airflow/.local/lib/python3.6/site-packages/airflow/example_dags/example_nested_branch_dag.py
[2025-05-19 19:35:58,313] {processor.py:642} INFO - Processing file /home/airflow/.local/lib/python3.6/site-packages/airflow/example_dags/example_nested_branch_dag.py for tasks to queue
[2025-05-19 19:35:58,314] {logging_mixin.py:109} INFO - [2025-05-19 19:35:58,314] {dagbag.py:500} INFO - Filling up the DagBag from /home/airflow/.local/lib/python3.6/site-packages/airflow/example_dags/example_nested_branch_dag.py
[2025-05-19 19:35:58,409] {processor.py:654} INFO - DAG(s) dict_keys(['example_nested_branch_dag']) retrieved from /home/airflow/.local/lib/python3.6/site-packages/airflow/example_dags/example_nested_branch_dag.py
[2025-05-19 19:35:58,457] {logging_mixin.py:109} INFO - [2025-05-19 19:35:58,456] {dag.py:2396} INFO - Sync 1 DAGs
[2025-05-19 19:35:58,521] {logging_mixin.py:109} INFO - [2025-05-19 19:35:58,521] {dag.py:2935} INFO - Setting next_dagrun for example_nested_branch_dag to 2025-05-18 00:00:00+00:00
[2025-05-19 19:35:58,544] {processor.py:171} INFO - Processing /home/airflow/.local/lib/python3.6/site-packages/airflow/example_dags/example_nested_branch_dag.py took 0.254 seconds
[2025-05-19 19:36:28,765] {processor.py:163} INFO - Started process (PID=313) to work on /home/airflow/.local/lib/python3.6/site-packages/airflow/example_dags/example_nested_branch_dag.py
[2025-05-19 19:36:28,768] {processor.py:642} INFO - Processing file /home/airflow/.local/lib/python3.6/site-packages/airflow/example_dags/example_nested_branch_dag.py for tasks to queue
[2025-05-19 19:36:28,770] {logging_mixin.py:109} INFO - [2025-05-19 19:36:28,769] {dagbag.py:500} INFO - Filling up the DagBag from /home/airflow/.local/lib/python3.6/site-packages/airflow/example_dags/example_nested_branch_dag.py
[2025-05-19 19:36:28,839] {processor.py:654} INFO - DAG(s) dict_keys(['example_nested_branch_dag']) retrieved from /home/airflow/.local/lib/python3.6/site-packages/airflow/example_dags/example_nested_branch_dag.py
[2025-05-19 19:36:28,866] {logging_mixin.py:109} INFO - [2025-05-19 19:36:28,866] {dag.py:2396} INFO - Sync 1 DAGs
[2025-05-19 19:36:28,909] {logging_mixin.py:109} INFO - [2025-05-19 19:36:28,909] {dag.py:2935} INFO - Setting next_dagrun for example_nested_branch_dag to 2025-05-18 00:00:00+00:00
[2025-05-19 19:36:28,931] {processor.py:171} INFO - Processing /home/airflow/.local/lib/python3.6/site-packages/airflow/example_dags/example_nested_branch_dag.py took 0.172 seconds
[2025-05-19 19:36:59,169] {processor.py:163} INFO - Started process (PID=366) to work on /home/airflow/.local/lib/python3.6/site-packages/airflow/example_dags/example_nested_branch_dag.py
[2025-05-19 19:36:59,171] {processor.py:642} INFO - Processing file /home/airflow/.local/lib/python3.6/site-packages/airflow/example_dags/example_nested_branch_dag.py for tasks to queue
[2025-05-19 19:36:59,172] {logging_mixin.py:109} INFO - [2025-05-19 19:36:59,172] {dagbag.py:500} INFO - Filling up the DagBag from /home/airflow/.local/lib/python3.6/site-packages/airflow/example_dags/example_nested_branch_dag.py
[2025-05-19 19:36:59,206] {processor.py:654} INFO - DAG(s) dict_keys(['example_nested_branch_dag']) retrieved from /home/airflow/.local/lib/python3.6/site-packages/airflow/example_dags/example_nested_branch_dag.py
[2025-05-19 19:36:59,223] {logging_mixin.py:109} INFO - [2025-05-19 19:36:59,223] {dag.py:2396} INFO - Sync 1 DAGs
[2025-05-19 19:36:59,247] {logging_mixin.py:109} INFO - [2025-05-19 19:36:59,247] {dag.py:2935} INFO - Setting next_dagrun for example_nested_branch_dag to 2025-05-18 00:00:00+00:00
[2025-05-19 19:36:59,260] {processor.py:171} INFO - Processing /home/airflow/.local/lib/python3.6/site-packages/airflow/example_dags/example_nested_branch_dag.py took 0.095 seconds
