[2025-05-19 08:54:39,939] {processor.py:163} INFO - Started process (PID=360) to work on /home/airflow/.local/lib/python3.6/site-packages/airflow/example_dags/example_skip_dag.py
[2025-05-19 08:54:39,946] {processor.py:642} INFO - Processing file /home/airflow/.local/lib/python3.6/site-packages/airflow/example_dags/example_skip_dag.py for tasks to queue
[2025-05-19 08:54:39,951] {logging_mixin.py:109} INFO - [2025-05-19 08:54:39,950] {dagbag.py:500} INFO - Filling up the DagBag from /home/airflow/.local/lib/python3.6/site-packages/airflow/example_dags/example_skip_dag.py
[2025-05-19 08:54:40,108] {processor.py:654} INFO - DAG(s) dict_keys(['example_skip_dag']) retrieved from /home/airflow/.local/lib/python3.6/site-packages/airflow/example_dags/example_skip_dag.py
[2025-05-19 08:54:51,095] {logging_mixin.py:109} INFO - [2025-05-19 08:54:51,095] {manager.py:496} INFO - Created Permission View: can read on DAG:example_skip_dag
[2025-05-19 08:54:51,144] {logging_mixin.py:109} INFO - [2025-05-19 08:54:51,143] {manager.py:496} INFO - Created Permission View: can edit on DAG:example_skip_dag
[2025-05-19 08:54:51,176] {logging_mixin.py:109} INFO - [2025-05-19 08:54:51,153] {dag.py:2396} INFO - Sync 1 DAGs
[2025-05-19 08:54:51,225] {logging_mixin.py:109} INFO - [2025-05-19 08:54:51,221] {dag.py:2415} INFO - Creating ORM DAG for example_skip_dag
[2025-05-19 08:54:51,267] {logging_mixin.py:109} INFO - [2025-05-19 08:54:51,266] {dag.py:2935} INFO - Setting next_dagrun for example_skip_dag to 2025-05-18T08:54:51.264565+00:00
[2025-05-19 08:54:51,358] {processor.py:171} INFO - Processing /home/airflow/.local/lib/python3.6/site-packages/airflow/example_dags/example_skip_dag.py took 11.452 seconds
[2025-05-19 08:55:28,530] {processor.py:163} INFO - Started process (PID=468) to work on /home/airflow/.local/lib/python3.6/site-packages/airflow/example_dags/example_skip_dag.py
[2025-05-19 08:55:28,538] {processor.py:642} INFO - Processing file /home/airflow/.local/lib/python3.6/site-packages/airflow/example_dags/example_skip_dag.py for tasks to queue
[2025-05-19 08:55:28,542] {logging_mixin.py:109} INFO - [2025-05-19 08:55:28,542] {dagbag.py:500} INFO - Filling up the DagBag from /home/airflow/.local/lib/python3.6/site-packages/airflow/example_dags/example_skip_dag.py
[2025-05-19 08:55:28,710] {processor.py:654} INFO - DAG(s) dict_keys(['example_skip_dag']) retrieved from /home/airflow/.local/lib/python3.6/site-packages/airflow/example_dags/example_skip_dag.py
[2025-05-19 08:55:28,759] {logging_mixin.py:109} INFO - [2025-05-19 08:55:28,759] {dag.py:2396} INFO - Sync 1 DAGs
[2025-05-19 08:55:28,846] {logging_mixin.py:109} INFO - [2025-05-19 08:55:28,845] {dag.py:2935} INFO - Setting next_dagrun for example_skip_dag to 2025-05-18T08:55:28.844626+00:00
[2025-05-19 08:55:28,894] {processor.py:171} INFO - Processing /home/airflow/.local/lib/python3.6/site-packages/airflow/example_dags/example_skip_dag.py took 0.385 seconds
[2025-05-19 08:56:00,975] {processor.py:163} INFO - Started process (PID=509) to work on /home/airflow/.local/lib/python3.6/site-packages/airflow/example_dags/example_skip_dag.py
[2025-05-19 08:56:00,988] {processor.py:642} INFO - Processing file /home/airflow/.local/lib/python3.6/site-packages/airflow/example_dags/example_skip_dag.py for tasks to queue
[2025-05-19 08:56:00,994] {logging_mixin.py:109} INFO - [2025-05-19 08:56:00,994] {dagbag.py:500} INFO - Filling up the DagBag from /home/airflow/.local/lib/python3.6/site-packages/airflow/example_dags/example_skip_dag.py
[2025-05-19 08:56:01,129] {processor.py:654} INFO - DAG(s) dict_keys(['example_skip_dag']) retrieved from /home/airflow/.local/lib/python3.6/site-packages/airflow/example_dags/example_skip_dag.py
[2025-05-19 08:56:01,176] {logging_mixin.py:109} INFO - [2025-05-19 08:56:01,176] {dag.py:2396} INFO - Sync 1 DAGs
[2025-05-19 08:56:01,256] {logging_mixin.py:109} INFO - [2025-05-19 08:56:01,256] {dag.py:2935} INFO - Setting next_dagrun for example_skip_dag to 2025-05-18T08:56:01.254681+00:00
[2025-05-19 08:56:01,302] {processor.py:171} INFO - Processing /home/airflow/.local/lib/python3.6/site-packages/airflow/example_dags/example_skip_dag.py took 0.342 seconds
[2025-05-19 08:56:31,661] {processor.py:163} INFO - Started process (PID=561) to work on /home/airflow/.local/lib/python3.6/site-packages/airflow/example_dags/example_skip_dag.py
[2025-05-19 08:56:31,665] {processor.py:642} INFO - Processing file /home/airflow/.local/lib/python3.6/site-packages/airflow/example_dags/example_skip_dag.py for tasks to queue
[2025-05-19 08:56:31,667] {logging_mixin.py:109} INFO - [2025-05-19 08:56:31,666] {dagbag.py:500} INFO - Filling up the DagBag from /home/airflow/.local/lib/python3.6/site-packages/airflow/example_dags/example_skip_dag.py
[2025-05-19 08:56:31,780] {processor.py:654} INFO - DAG(s) dict_keys(['example_skip_dag']) retrieved from /home/airflow/.local/lib/python3.6/site-packages/airflow/example_dags/example_skip_dag.py
[2025-05-19 08:56:31,859] {logging_mixin.py:109} INFO - [2025-05-19 08:56:31,858] {dag.py:2396} INFO - Sync 1 DAGs
[2025-05-19 08:56:31,963] {logging_mixin.py:109} INFO - [2025-05-19 08:56:31,963] {dag.py:2935} INFO - Setting next_dagrun for example_skip_dag to 2025-05-18T08:56:31.962270+00:00
[2025-05-19 08:56:32,008] {processor.py:171} INFO - Processing /home/airflow/.local/lib/python3.6/site-packages/airflow/example_dags/example_skip_dag.py took 0.356 seconds
[2025-05-19 08:57:02,183] {processor.py:163} INFO - Started process (PID=613) to work on /home/airflow/.local/lib/python3.6/site-packages/airflow/example_dags/example_skip_dag.py
[2025-05-19 08:57:02,186] {processor.py:642} INFO - Processing file /home/airflow/.local/lib/python3.6/site-packages/airflow/example_dags/example_skip_dag.py for tasks to queue
[2025-05-19 08:57:02,187] {logging_mixin.py:109} INFO - [2025-05-19 08:57:02,187] {dagbag.py:500} INFO - Filling up the DagBag from /home/airflow/.local/lib/python3.6/site-packages/airflow/example_dags/example_skip_dag.py
[2025-05-19 08:57:02,236] {processor.py:654} INFO - DAG(s) dict_keys(['example_skip_dag']) retrieved from /home/airflow/.local/lib/python3.6/site-packages/airflow/example_dags/example_skip_dag.py
[2025-05-19 08:57:02,257] {logging_mixin.py:109} INFO - [2025-05-19 08:57:02,257] {dag.py:2396} INFO - Sync 1 DAGs
[2025-05-19 08:57:02,291] {logging_mixin.py:109} INFO - [2025-05-19 08:57:02,290] {dag.py:2935} INFO - Setting next_dagrun for example_skip_dag to 2025-05-18T08:57:02.290433+00:00
[2025-05-19 08:57:02,316] {processor.py:171} INFO - Processing /home/airflow/.local/lib/python3.6/site-packages/airflow/example_dags/example_skip_dag.py took 0.139 seconds
[2025-05-19 08:57:33,090] {processor.py:163} INFO - Started process (PID=665) to work on /home/airflow/.local/lib/python3.6/site-packages/airflow/example_dags/example_skip_dag.py
[2025-05-19 08:57:33,096] {processor.py:642} INFO - Processing file /home/airflow/.local/lib/python3.6/site-packages/airflow/example_dags/example_skip_dag.py for tasks to queue
[2025-05-19 08:57:33,098] {logging_mixin.py:109} INFO - [2025-05-19 08:57:33,098] {dagbag.py:500} INFO - Filling up the DagBag from /home/airflow/.local/lib/python3.6/site-packages/airflow/example_dags/example_skip_dag.py
[2025-05-19 08:57:33,187] {processor.py:654} INFO - DAG(s) dict_keys(['example_skip_dag']) retrieved from /home/airflow/.local/lib/python3.6/site-packages/airflow/example_dags/example_skip_dag.py
[2025-05-19 08:57:33,223] {logging_mixin.py:109} INFO - [2025-05-19 08:57:33,222] {dag.py:2396} INFO - Sync 1 DAGs
[2025-05-19 08:57:33,292] {logging_mixin.py:109} INFO - [2025-05-19 08:57:33,291] {dag.py:2935} INFO - Setting next_dagrun for example_skip_dag to 2025-05-18T08:57:33.291497+00:00
[2025-05-19 08:57:33,314] {processor.py:171} INFO - Processing /home/airflow/.local/lib/python3.6/site-packages/airflow/example_dags/example_skip_dag.py took 0.232 seconds
[2025-05-19 08:58:03,592] {processor.py:163} INFO - Started process (PID=717) to work on /home/airflow/.local/lib/python3.6/site-packages/airflow/example_dags/example_skip_dag.py
[2025-05-19 08:58:03,594] {processor.py:642} INFO - Processing file /home/airflow/.local/lib/python3.6/site-packages/airflow/example_dags/example_skip_dag.py for tasks to queue
[2025-05-19 08:58:03,597] {logging_mixin.py:109} INFO - [2025-05-19 08:58:03,596] {dagbag.py:500} INFO - Filling up the DagBag from /home/airflow/.local/lib/python3.6/site-packages/airflow/example_dags/example_skip_dag.py
[2025-05-19 08:58:03,654] {processor.py:654} INFO - DAG(s) dict_keys(['example_skip_dag']) retrieved from /home/airflow/.local/lib/python3.6/site-packages/airflow/example_dags/example_skip_dag.py
[2025-05-19 08:58:03,676] {logging_mixin.py:109} INFO - [2025-05-19 08:58:03,676] {dag.py:2396} INFO - Sync 1 DAGs
[2025-05-19 08:58:03,711] {logging_mixin.py:109} INFO - [2025-05-19 08:58:03,711] {dag.py:2935} INFO - Setting next_dagrun for example_skip_dag to 2025-05-18T08:58:03.710780+00:00
[2025-05-19 08:58:03,729] {processor.py:171} INFO - Processing /home/airflow/.local/lib/python3.6/site-packages/airflow/example_dags/example_skip_dag.py took 0.144 seconds
[2025-05-19 08:58:34,141] {processor.py:163} INFO - Started process (PID=769) to work on /home/airflow/.local/lib/python3.6/site-packages/airflow/example_dags/example_skip_dag.py
[2025-05-19 08:58:34,144] {processor.py:642} INFO - Processing file /home/airflow/.local/lib/python3.6/site-packages/airflow/example_dags/example_skip_dag.py for tasks to queue
[2025-05-19 08:58:34,146] {logging_mixin.py:109} INFO - [2025-05-19 08:58:34,146] {dagbag.py:500} INFO - Filling up the DagBag from /home/airflow/.local/lib/python3.6/site-packages/airflow/example_dags/example_skip_dag.py
[2025-05-19 08:58:34,202] {processor.py:654} INFO - DAG(s) dict_keys(['example_skip_dag']) retrieved from /home/airflow/.local/lib/python3.6/site-packages/airflow/example_dags/example_skip_dag.py
[2025-05-19 08:58:34,225] {logging_mixin.py:109} INFO - [2025-05-19 08:58:34,225] {dag.py:2396} INFO - Sync 1 DAGs
[2025-05-19 08:58:34,258] {logging_mixin.py:109} INFO - [2025-05-19 08:58:34,257] {dag.py:2935} INFO - Setting next_dagrun for example_skip_dag to 2025-05-18T08:58:34.257383+00:00
[2025-05-19 08:58:34,274] {processor.py:171} INFO - Processing /home/airflow/.local/lib/python3.6/site-packages/airflow/example_dags/example_skip_dag.py took 0.139 seconds
[2025-05-19 08:59:05,205] {processor.py:163} INFO - Started process (PID=830) to work on /home/airflow/.local/lib/python3.6/site-packages/airflow/example_dags/example_skip_dag.py
[2025-05-19 08:59:05,208] {processor.py:642} INFO - Processing file /home/airflow/.local/lib/python3.6/site-packages/airflow/example_dags/example_skip_dag.py for tasks to queue
[2025-05-19 08:59:05,211] {logging_mixin.py:109} INFO - [2025-05-19 08:59:05,211] {dagbag.py:500} INFO - Filling up the DagBag from /home/airflow/.local/lib/python3.6/site-packages/airflow/example_dags/example_skip_dag.py
[2025-05-19 08:59:05,284] {processor.py:654} INFO - DAG(s) dict_keys(['example_skip_dag']) retrieved from /home/airflow/.local/lib/python3.6/site-packages/airflow/example_dags/example_skip_dag.py
[2025-05-19 08:59:05,338] {logging_mixin.py:109} INFO - [2025-05-19 08:59:05,337] {dag.py:2396} INFO - Sync 1 DAGs
[2025-05-19 08:59:05,383] {logging_mixin.py:109} INFO - [2025-05-19 08:59:05,382] {dag.py:2935} INFO - Setting next_dagrun for example_skip_dag to 2025-05-18T08:59:05.382241+00:00
[2025-05-19 08:59:05,409] {processor.py:171} INFO - Processing /home/airflow/.local/lib/python3.6/site-packages/airflow/example_dags/example_skip_dag.py took 0.213 seconds
[2025-05-19 08:59:36,096] {processor.py:163} INFO - Started process (PID=884) to work on /home/airflow/.local/lib/python3.6/site-packages/airflow/example_dags/example_skip_dag.py
[2025-05-19 08:59:36,103] {processor.py:642} INFO - Processing file /home/airflow/.local/lib/python3.6/site-packages/airflow/example_dags/example_skip_dag.py for tasks to queue
[2025-05-19 08:59:36,106] {logging_mixin.py:109} INFO - [2025-05-19 08:59:36,106] {dagbag.py:500} INFO - Filling up the DagBag from /home/airflow/.local/lib/python3.6/site-packages/airflow/example_dags/example_skip_dag.py
[2025-05-19 08:59:36,189] {processor.py:654} INFO - DAG(s) dict_keys(['example_skip_dag']) retrieved from /home/airflow/.local/lib/python3.6/site-packages/airflow/example_dags/example_skip_dag.py
[2025-05-19 08:59:36,235] {logging_mixin.py:109} INFO - [2025-05-19 08:59:36,234] {dag.py:2396} INFO - Sync 1 DAGs
[2025-05-19 08:59:36,289] {logging_mixin.py:109} INFO - [2025-05-19 08:59:36,289] {dag.py:2935} INFO - Setting next_dagrun for example_skip_dag to 2025-05-18T08:59:36.288017+00:00
[2025-05-19 08:59:36,314] {processor.py:171} INFO - Processing /home/airflow/.local/lib/python3.6/site-packages/airflow/example_dags/example_skip_dag.py took 0.228 seconds
[2025-05-19 09:00:06,395] {processor.py:163} INFO - Started process (PID=925) to work on /home/airflow/.local/lib/python3.6/site-packages/airflow/example_dags/example_skip_dag.py
[2025-05-19 09:00:06,398] {processor.py:642} INFO - Processing file /home/airflow/.local/lib/python3.6/site-packages/airflow/example_dags/example_skip_dag.py for tasks to queue
[2025-05-19 09:00:06,399] {logging_mixin.py:109} INFO - [2025-05-19 09:00:06,399] {dagbag.py:500} INFO - Filling up the DagBag from /home/airflow/.local/lib/python3.6/site-packages/airflow/example_dags/example_skip_dag.py
[2025-05-19 09:00:06,454] {processor.py:654} INFO - DAG(s) dict_keys(['example_skip_dag']) retrieved from /home/airflow/.local/lib/python3.6/site-packages/airflow/example_dags/example_skip_dag.py
[2025-05-19 09:00:06,475] {logging_mixin.py:109} INFO - [2025-05-19 09:00:06,475] {dag.py:2396} INFO - Sync 1 DAGs
[2025-05-19 09:00:06,510] {logging_mixin.py:109} INFO - [2025-05-19 09:00:06,509] {dag.py:2935} INFO - Setting next_dagrun for example_skip_dag to 2025-05-18T09:00:06.509485+00:00
[2025-05-19 09:00:06,528] {processor.py:171} INFO - Processing /home/airflow/.local/lib/python3.6/site-packages/airflow/example_dags/example_skip_dag.py took 0.139 seconds
[2025-05-19 09:00:36,920] {processor.py:163} INFO - Started process (PID=977) to work on /home/airflow/.local/lib/python3.6/site-packages/airflow/example_dags/example_skip_dag.py
[2025-05-19 09:00:36,923] {processor.py:642} INFO - Processing file /home/airflow/.local/lib/python3.6/site-packages/airflow/example_dags/example_skip_dag.py for tasks to queue
[2025-05-19 09:00:36,925] {logging_mixin.py:109} INFO - [2025-05-19 09:00:36,924] {dagbag.py:500} INFO - Filling up the DagBag from /home/airflow/.local/lib/python3.6/site-packages/airflow/example_dags/example_skip_dag.py
[2025-05-19 09:00:36,982] {processor.py:654} INFO - DAG(s) dict_keys(['example_skip_dag']) retrieved from /home/airflow/.local/lib/python3.6/site-packages/airflow/example_dags/example_skip_dag.py
[2025-05-19 09:00:37,010] {logging_mixin.py:109} INFO - [2025-05-19 09:00:37,010] {dag.py:2396} INFO - Sync 1 DAGs
[2025-05-19 09:00:37,056] {logging_mixin.py:109} INFO - [2025-05-19 09:00:37,056] {dag.py:2935} INFO - Setting next_dagrun for example_skip_dag to 2025-05-18T09:00:37.055806+00:00
[2025-05-19 09:00:37,075] {processor.py:171} INFO - Processing /home/airflow/.local/lib/python3.6/site-packages/airflow/example_dags/example_skip_dag.py took 0.162 seconds
[2025-05-19 09:01:08,457] {processor.py:163} INFO - Started process (PID=1029) to work on /home/airflow/.local/lib/python3.6/site-packages/airflow/example_dags/example_skip_dag.py
[2025-05-19 09:01:08,461] {processor.py:642} INFO - Processing file /home/airflow/.local/lib/python3.6/site-packages/airflow/example_dags/example_skip_dag.py for tasks to queue
[2025-05-19 09:01:08,463] {logging_mixin.py:109} INFO - [2025-05-19 09:01:08,463] {dagbag.py:500} INFO - Filling up the DagBag from /home/airflow/.local/lib/python3.6/site-packages/airflow/example_dags/example_skip_dag.py
[2025-05-19 09:01:08,531] {processor.py:654} INFO - DAG(s) dict_keys(['example_skip_dag']) retrieved from /home/airflow/.local/lib/python3.6/site-packages/airflow/example_dags/example_skip_dag.py
[2025-05-19 09:01:08,563] {logging_mixin.py:109} INFO - [2025-05-19 09:01:08,563] {dag.py:2396} INFO - Sync 1 DAGs
[2025-05-19 09:01:08,611] {logging_mixin.py:109} INFO - [2025-05-19 09:01:08,610] {dag.py:2935} INFO - Setting next_dagrun for example_skip_dag to 2025-05-18T09:01:08.610282+00:00
[2025-05-19 09:01:08,634] {processor.py:171} INFO - Processing /home/airflow/.local/lib/python3.6/site-packages/airflow/example_dags/example_skip_dag.py took 0.189 seconds
[2025-05-19 09:01:40,395] {processor.py:163} INFO - Started process (PID=1081) to work on /home/airflow/.local/lib/python3.6/site-packages/airflow/example_dags/example_skip_dag.py
[2025-05-19 09:01:40,398] {processor.py:642} INFO - Processing file /home/airflow/.local/lib/python3.6/site-packages/airflow/example_dags/example_skip_dag.py for tasks to queue
[2025-05-19 09:01:40,400] {logging_mixin.py:109} INFO - [2025-05-19 09:01:40,400] {dagbag.py:500} INFO - Filling up the DagBag from /home/airflow/.local/lib/python3.6/site-packages/airflow/example_dags/example_skip_dag.py
[2025-05-19 09:01:40,470] {processor.py:654} INFO - DAG(s) dict_keys(['example_skip_dag']) retrieved from /home/airflow/.local/lib/python3.6/site-packages/airflow/example_dags/example_skip_dag.py
[2025-05-19 09:01:40,494] {logging_mixin.py:109} INFO - [2025-05-19 09:01:40,494] {dag.py:2396} INFO - Sync 1 DAGs
[2025-05-19 09:01:40,570] {logging_mixin.py:109} INFO - [2025-05-19 09:01:40,570] {dag.py:2935} INFO - Setting next_dagrun for example_skip_dag to 2025-05-18T09:01:40.569339+00:00
[2025-05-19 09:01:40,623] {processor.py:171} INFO - Processing /home/airflow/.local/lib/python3.6/site-packages/airflow/example_dags/example_skip_dag.py took 0.235 seconds
[2025-05-19 09:02:13,748] {processor.py:163} INFO - Started process (PID=1135) to work on /home/airflow/.local/lib/python3.6/site-packages/airflow/example_dags/example_skip_dag.py
[2025-05-19 09:02:13,762] {processor.py:642} INFO - Processing file /home/airflow/.local/lib/python3.6/site-packages/airflow/example_dags/example_skip_dag.py for tasks to queue
[2025-05-19 09:02:13,767] {logging_mixin.py:109} INFO - [2025-05-19 09:02:13,766] {dagbag.py:500} INFO - Filling up the DagBag from /home/airflow/.local/lib/python3.6/site-packages/airflow/example_dags/example_skip_dag.py
[2025-05-19 09:02:13,880] {processor.py:654} INFO - DAG(s) dict_keys(['example_skip_dag']) retrieved from /home/airflow/.local/lib/python3.6/site-packages/airflow/example_dags/example_skip_dag.py
[2025-05-19 09:02:13,939] {logging_mixin.py:109} INFO - [2025-05-19 09:02:13,938] {dag.py:2396} INFO - Sync 1 DAGs
[2025-05-19 09:02:14,017] {logging_mixin.py:109} INFO - [2025-05-19 09:02:14,017] {dag.py:2935} INFO - Setting next_dagrun for example_skip_dag to 2025-05-18T09:02:14.016745+00:00
[2025-05-19 09:02:14,059] {processor.py:171} INFO - Processing /home/airflow/.local/lib/python3.6/site-packages/airflow/example_dags/example_skip_dag.py took 0.321 seconds
[2025-05-19 09:02:46,292] {processor.py:163} INFO - Started process (PID=1186) to work on /home/airflow/.local/lib/python3.6/site-packages/airflow/example_dags/example_skip_dag.py
[2025-05-19 09:02:46,295] {processor.py:642} INFO - Processing file /home/airflow/.local/lib/python3.6/site-packages/airflow/example_dags/example_skip_dag.py for tasks to queue
[2025-05-19 09:02:46,299] {logging_mixin.py:109} INFO - [2025-05-19 09:02:46,298] {dagbag.py:500} INFO - Filling up the DagBag from /home/airflow/.local/lib/python3.6/site-packages/airflow/example_dags/example_skip_dag.py
[2025-05-19 09:02:46,385] {processor.py:654} INFO - DAG(s) dict_keys(['example_skip_dag']) retrieved from /home/airflow/.local/lib/python3.6/site-packages/airflow/example_dags/example_skip_dag.py
[2025-05-19 09:02:46,430] {logging_mixin.py:109} INFO - [2025-05-19 09:02:46,429] {dag.py:2396} INFO - Sync 1 DAGs
[2025-05-19 09:02:46,520] {logging_mixin.py:109} INFO - [2025-05-19 09:02:46,520] {dag.py:2935} INFO - Setting next_dagrun for example_skip_dag to 2025-05-18T09:02:46.514427+00:00
[2025-05-19 09:02:46,558] {processor.py:171} INFO - Processing /home/airflow/.local/lib/python3.6/site-packages/airflow/example_dags/example_skip_dag.py took 0.279 seconds
[2025-05-19 09:03:17,168] {processor.py:163} INFO - Started process (PID=1238) to work on /home/airflow/.local/lib/python3.6/site-packages/airflow/example_dags/example_skip_dag.py
[2025-05-19 09:03:17,175] {processor.py:642} INFO - Processing file /home/airflow/.local/lib/python3.6/site-packages/airflow/example_dags/example_skip_dag.py for tasks to queue
[2025-05-19 09:03:17,178] {logging_mixin.py:109} INFO - [2025-05-19 09:03:17,177] {dagbag.py:500} INFO - Filling up the DagBag from /home/airflow/.local/lib/python3.6/site-packages/airflow/example_dags/example_skip_dag.py
[2025-05-19 09:03:17,363] {processor.py:654} INFO - DAG(s) dict_keys(['example_skip_dag']) retrieved from /home/airflow/.local/lib/python3.6/site-packages/airflow/example_dags/example_skip_dag.py
[2025-05-19 09:03:17,434] {logging_mixin.py:109} INFO - [2025-05-19 09:03:17,434] {dag.py:2396} INFO - Sync 1 DAGs
[2025-05-19 09:03:17,535] {logging_mixin.py:109} INFO - [2025-05-19 09:03:17,535] {dag.py:2935} INFO - Setting next_dagrun for example_skip_dag to 2025-05-18T09:03:17.533959+00:00
[2025-05-19 09:03:17,574] {processor.py:171} INFO - Processing /home/airflow/.local/lib/python3.6/site-packages/airflow/example_dags/example_skip_dag.py took 0.421 seconds
[2025-05-19 09:03:48,002] {processor.py:163} INFO - Started process (PID=1280) to work on /home/airflow/.local/lib/python3.6/site-packages/airflow/example_dags/example_skip_dag.py
[2025-05-19 09:03:48,005] {processor.py:642} INFO - Processing file /home/airflow/.local/lib/python3.6/site-packages/airflow/example_dags/example_skip_dag.py for tasks to queue
[2025-05-19 09:03:48,007] {logging_mixin.py:109} INFO - [2025-05-19 09:03:48,007] {dagbag.py:500} INFO - Filling up the DagBag from /home/airflow/.local/lib/python3.6/site-packages/airflow/example_dags/example_skip_dag.py
[2025-05-19 09:03:48,082] {processor.py:654} INFO - DAG(s) dict_keys(['example_skip_dag']) retrieved from /home/airflow/.local/lib/python3.6/site-packages/airflow/example_dags/example_skip_dag.py
[2025-05-19 09:03:48,110] {logging_mixin.py:109} INFO - [2025-05-19 09:03:48,110] {dag.py:2396} INFO - Sync 1 DAGs
[2025-05-19 09:03:48,145] {logging_mixin.py:109} INFO - [2025-05-19 09:03:48,145] {dag.py:2935} INFO - Setting next_dagrun for example_skip_dag to 2025-05-18T09:03:48.145259+00:00
[2025-05-19 09:03:48,165] {processor.py:171} INFO - Processing /home/airflow/.local/lib/python3.6/site-packages/airflow/example_dags/example_skip_dag.py took 0.170 seconds
[2025-05-19 09:04:18,248] {processor.py:163} INFO - Started process (PID=1340) to work on /home/airflow/.local/lib/python3.6/site-packages/airflow/example_dags/example_skip_dag.py
[2025-05-19 09:04:18,251] {processor.py:642} INFO - Processing file /home/airflow/.local/lib/python3.6/site-packages/airflow/example_dags/example_skip_dag.py for tasks to queue
[2025-05-19 09:04:18,252] {logging_mixin.py:109} INFO - [2025-05-19 09:04:18,252] {dagbag.py:500} INFO - Filling up the DagBag from /home/airflow/.local/lib/python3.6/site-packages/airflow/example_dags/example_skip_dag.py
[2025-05-19 09:04:18,323] {processor.py:654} INFO - DAG(s) dict_keys(['example_skip_dag']) retrieved from /home/airflow/.local/lib/python3.6/site-packages/airflow/example_dags/example_skip_dag.py
[2025-05-19 09:04:18,354] {logging_mixin.py:109} INFO - [2025-05-19 09:04:18,354] {dag.py:2396} INFO - Sync 1 DAGs
[2025-05-19 09:04:18,388] {logging_mixin.py:109} INFO - [2025-05-19 09:04:18,388] {dag.py:2935} INFO - Setting next_dagrun for example_skip_dag to 2025-05-18T09:04:18.387674+00:00
[2025-05-19 09:04:18,407] {processor.py:171} INFO - Processing /home/airflow/.local/lib/python3.6/site-packages/airflow/example_dags/example_skip_dag.py took 0.165 seconds
[2025-05-19 09:04:49,469] {processor.py:163} INFO - Started process (PID=1384) to work on /home/airflow/.local/lib/python3.6/site-packages/airflow/example_dags/example_skip_dag.py
[2025-05-19 09:04:49,480] {processor.py:642} INFO - Processing file /home/airflow/.local/lib/python3.6/site-packages/airflow/example_dags/example_skip_dag.py for tasks to queue
[2025-05-19 09:04:49,482] {logging_mixin.py:109} INFO - [2025-05-19 09:04:49,482] {dagbag.py:500} INFO - Filling up the DagBag from /home/airflow/.local/lib/python3.6/site-packages/airflow/example_dags/example_skip_dag.py
[2025-05-19 09:04:49,590] {processor.py:654} INFO - DAG(s) dict_keys(['example_skip_dag']) retrieved from /home/airflow/.local/lib/python3.6/site-packages/airflow/example_dags/example_skip_dag.py
[2025-05-19 09:04:49,645] {logging_mixin.py:109} INFO - [2025-05-19 09:04:49,645] {dag.py:2396} INFO - Sync 1 DAGs
[2025-05-19 09:04:49,708] {logging_mixin.py:109} INFO - [2025-05-19 09:04:49,708] {dag.py:2935} INFO - Setting next_dagrun for example_skip_dag to 2025-05-18T09:04:49.707766+00:00
[2025-05-19 09:04:49,737] {processor.py:171} INFO - Processing /home/airflow/.local/lib/python3.6/site-packages/airflow/example_dags/example_skip_dag.py took 0.277 seconds
[2025-05-19 09:05:19,929] {processor.py:163} INFO - Started process (PID=1437) to work on /home/airflow/.local/lib/python3.6/site-packages/airflow/example_dags/example_skip_dag.py
[2025-05-19 09:05:19,932] {processor.py:642} INFO - Processing file /home/airflow/.local/lib/python3.6/site-packages/airflow/example_dags/example_skip_dag.py for tasks to queue
[2025-05-19 09:05:19,934] {logging_mixin.py:109} INFO - [2025-05-19 09:05:19,934] {dagbag.py:500} INFO - Filling up the DagBag from /home/airflow/.local/lib/python3.6/site-packages/airflow/example_dags/example_skip_dag.py
[2025-05-19 09:05:20,011] {processor.py:654} INFO - DAG(s) dict_keys(['example_skip_dag']) retrieved from /home/airflow/.local/lib/python3.6/site-packages/airflow/example_dags/example_skip_dag.py
[2025-05-19 09:05:20,048] {logging_mixin.py:109} INFO - [2025-05-19 09:05:20,047] {dag.py:2396} INFO - Sync 1 DAGs
[2025-05-19 09:05:20,101] {logging_mixin.py:109} INFO - [2025-05-19 09:05:20,101] {dag.py:2935} INFO - Setting next_dagrun for example_skip_dag to 2025-05-18T09:05:20.100436+00:00
[2025-05-19 09:05:20,128] {processor.py:171} INFO - Processing /home/airflow/.local/lib/python3.6/site-packages/airflow/example_dags/example_skip_dag.py took 0.207 seconds
[2025-05-19 09:05:50,665] {processor.py:163} INFO - Started process (PID=1489) to work on /home/airflow/.local/lib/python3.6/site-packages/airflow/example_dags/example_skip_dag.py
[2025-05-19 09:05:50,668] {processor.py:642} INFO - Processing file /home/airflow/.local/lib/python3.6/site-packages/airflow/example_dags/example_skip_dag.py for tasks to queue
[2025-05-19 09:05:50,669] {logging_mixin.py:109} INFO - [2025-05-19 09:05:50,669] {dagbag.py:500} INFO - Filling up the DagBag from /home/airflow/.local/lib/python3.6/site-packages/airflow/example_dags/example_skip_dag.py
[2025-05-19 09:05:50,716] {processor.py:654} INFO - DAG(s) dict_keys(['example_skip_dag']) retrieved from /home/airflow/.local/lib/python3.6/site-packages/airflow/example_dags/example_skip_dag.py
[2025-05-19 09:05:50,739] {logging_mixin.py:109} INFO - [2025-05-19 09:05:50,738] {dag.py:2396} INFO - Sync 1 DAGs
[2025-05-19 09:05:50,767] {logging_mixin.py:109} INFO - [2025-05-19 09:05:50,767] {dag.py:2935} INFO - Setting next_dagrun for example_skip_dag to 2025-05-18T09:05:50.766792+00:00
[2025-05-19 09:05:50,785] {processor.py:171} INFO - Processing /home/airflow/.local/lib/python3.6/site-packages/airflow/example_dags/example_skip_dag.py took 0.125 seconds
[2025-05-19 09:06:21,199] {processor.py:163} INFO - Started process (PID=1541) to work on /home/airflow/.local/lib/python3.6/site-packages/airflow/example_dags/example_skip_dag.py
[2025-05-19 09:06:21,201] {processor.py:642} INFO - Processing file /home/airflow/.local/lib/python3.6/site-packages/airflow/example_dags/example_skip_dag.py for tasks to queue
[2025-05-19 09:06:21,202] {logging_mixin.py:109} INFO - [2025-05-19 09:06:21,202] {dagbag.py:500} INFO - Filling up the DagBag from /home/airflow/.local/lib/python3.6/site-packages/airflow/example_dags/example_skip_dag.py
[2025-05-19 09:06:21,231] {processor.py:654} INFO - DAG(s) dict_keys(['example_skip_dag']) retrieved from /home/airflow/.local/lib/python3.6/site-packages/airflow/example_dags/example_skip_dag.py
[2025-05-19 09:06:21,244] {logging_mixin.py:109} INFO - [2025-05-19 09:06:21,244] {dag.py:2396} INFO - Sync 1 DAGs
[2025-05-19 09:06:21,266] {logging_mixin.py:109} INFO - [2025-05-19 09:06:21,265] {dag.py:2935} INFO - Setting next_dagrun for example_skip_dag to 2025-05-18T09:06:21.265563+00:00
[2025-05-19 09:06:21,277] {processor.py:171} INFO - Processing /home/airflow/.local/lib/python3.6/site-packages/airflow/example_dags/example_skip_dag.py took 0.081 seconds
[2025-05-19 09:06:52,061] {processor.py:163} INFO - Started process (PID=1603) to work on /home/airflow/.local/lib/python3.6/site-packages/airflow/example_dags/example_skip_dag.py
[2025-05-19 09:06:52,064] {processor.py:642} INFO - Processing file /home/airflow/.local/lib/python3.6/site-packages/airflow/example_dags/example_skip_dag.py for tasks to queue
[2025-05-19 09:06:52,066] {logging_mixin.py:109} INFO - [2025-05-19 09:06:52,065] {dagbag.py:500} INFO - Filling up the DagBag from /home/airflow/.local/lib/python3.6/site-packages/airflow/example_dags/example_skip_dag.py
[2025-05-19 09:06:52,142] {processor.py:654} INFO - DAG(s) dict_keys(['example_skip_dag']) retrieved from /home/airflow/.local/lib/python3.6/site-packages/airflow/example_dags/example_skip_dag.py
[2025-05-19 09:06:52,174] {logging_mixin.py:109} INFO - [2025-05-19 09:06:52,173] {dag.py:2396} INFO - Sync 1 DAGs
[2025-05-19 09:06:52,210] {logging_mixin.py:109} INFO - [2025-05-19 09:06:52,210] {dag.py:2935} INFO - Setting next_dagrun for example_skip_dag to 2025-05-18T09:06:52.210112+00:00
[2025-05-19 09:06:52,223] {processor.py:171} INFO - Processing /home/airflow/.local/lib/python3.6/site-packages/airflow/example_dags/example_skip_dag.py took 0.168 seconds
[2025-05-19 09:07:22,666] {processor.py:163} INFO - Started process (PID=1655) to work on /home/airflow/.local/lib/python3.6/site-packages/airflow/example_dags/example_skip_dag.py
[2025-05-19 09:07:22,668] {processor.py:642} INFO - Processing file /home/airflow/.local/lib/python3.6/site-packages/airflow/example_dags/example_skip_dag.py for tasks to queue
[2025-05-19 09:07:22,669] {logging_mixin.py:109} INFO - [2025-05-19 09:07:22,669] {dagbag.py:500} INFO - Filling up the DagBag from /home/airflow/.local/lib/python3.6/site-packages/airflow/example_dags/example_skip_dag.py
[2025-05-19 09:07:22,706] {processor.py:654} INFO - DAG(s) dict_keys(['example_skip_dag']) retrieved from /home/airflow/.local/lib/python3.6/site-packages/airflow/example_dags/example_skip_dag.py
[2025-05-19 09:07:22,721] {logging_mixin.py:109} INFO - [2025-05-19 09:07:22,721] {dag.py:2396} INFO - Sync 1 DAGs
[2025-05-19 09:07:22,745] {logging_mixin.py:109} INFO - [2025-05-19 09:07:22,744] {dag.py:2935} INFO - Setting next_dagrun for example_skip_dag to 2025-05-18T09:07:22.744659+00:00
[2025-05-19 09:07:22,758] {processor.py:171} INFO - Processing /home/airflow/.local/lib/python3.6/site-packages/airflow/example_dags/example_skip_dag.py took 0.095 seconds
[2025-05-19 09:07:53,358] {processor.py:163} INFO - Started process (PID=1717) to work on /home/airflow/.local/lib/python3.6/site-packages/airflow/example_dags/example_skip_dag.py
[2025-05-19 09:07:53,359] {processor.py:642} INFO - Processing file /home/airflow/.local/lib/python3.6/site-packages/airflow/example_dags/example_skip_dag.py for tasks to queue
[2025-05-19 09:07:53,361] {logging_mixin.py:109} INFO - [2025-05-19 09:07:53,360] {dagbag.py:500} INFO - Filling up the DagBag from /home/airflow/.local/lib/python3.6/site-packages/airflow/example_dags/example_skip_dag.py
[2025-05-19 09:07:53,400] {processor.py:654} INFO - DAG(s) dict_keys(['example_skip_dag']) retrieved from /home/airflow/.local/lib/python3.6/site-packages/airflow/example_dags/example_skip_dag.py
[2025-05-19 09:07:53,420] {logging_mixin.py:109} INFO - [2025-05-19 09:07:53,420] {dag.py:2396} INFO - Sync 1 DAGs
[2025-05-19 09:07:53,450] {logging_mixin.py:109} INFO - [2025-05-19 09:07:53,450] {dag.py:2935} INFO - Setting next_dagrun for example_skip_dag to 2025-05-18T09:07:53.449796+00:00
[2025-05-19 09:07:53,464] {processor.py:171} INFO - Processing /home/airflow/.local/lib/python3.6/site-packages/airflow/example_dags/example_skip_dag.py took 0.111 seconds
[2025-05-19 09:08:24,505] {processor.py:163} INFO - Started process (PID=1769) to work on /home/airflow/.local/lib/python3.6/site-packages/airflow/example_dags/example_skip_dag.py
[2025-05-19 09:08:24,507] {processor.py:642} INFO - Processing file /home/airflow/.local/lib/python3.6/site-packages/airflow/example_dags/example_skip_dag.py for tasks to queue
[2025-05-19 09:08:24,509] {logging_mixin.py:109} INFO - [2025-05-19 09:08:24,509] {dagbag.py:500} INFO - Filling up the DagBag from /home/airflow/.local/lib/python3.6/site-packages/airflow/example_dags/example_skip_dag.py
[2025-05-19 09:08:24,554] {processor.py:654} INFO - DAG(s) dict_keys(['example_skip_dag']) retrieved from /home/airflow/.local/lib/python3.6/site-packages/airflow/example_dags/example_skip_dag.py
[2025-05-19 09:08:24,573] {logging_mixin.py:109} INFO - [2025-05-19 09:08:24,573] {dag.py:2396} INFO - Sync 1 DAGs
[2025-05-19 09:08:24,601] {logging_mixin.py:109} INFO - [2025-05-19 09:08:24,601] {dag.py:2935} INFO - Setting next_dagrun for example_skip_dag to 2025-05-18T09:08:24.601291+00:00
[2025-05-19 09:08:24,615] {processor.py:171} INFO - Processing /home/airflow/.local/lib/python3.6/site-packages/airflow/example_dags/example_skip_dag.py took 0.114 seconds
[2025-05-19 09:08:55,439] {processor.py:163} INFO - Started process (PID=1831) to work on /home/airflow/.local/lib/python3.6/site-packages/airflow/example_dags/example_skip_dag.py
[2025-05-19 09:08:55,441] {processor.py:642} INFO - Processing file /home/airflow/.local/lib/python3.6/site-packages/airflow/example_dags/example_skip_dag.py for tasks to queue
[2025-05-19 09:08:55,443] {logging_mixin.py:109} INFO - [2025-05-19 09:08:55,443] {dagbag.py:500} INFO - Filling up the DagBag from /home/airflow/.local/lib/python3.6/site-packages/airflow/example_dags/example_skip_dag.py
[2025-05-19 09:08:55,481] {processor.py:654} INFO - DAG(s) dict_keys(['example_skip_dag']) retrieved from /home/airflow/.local/lib/python3.6/site-packages/airflow/example_dags/example_skip_dag.py
[2025-05-19 09:08:55,503] {logging_mixin.py:109} INFO - [2025-05-19 09:08:55,503] {dag.py:2396} INFO - Sync 1 DAGs
[2025-05-19 09:08:55,533] {logging_mixin.py:109} INFO - [2025-05-19 09:08:55,532] {dag.py:2935} INFO - Setting next_dagrun for example_skip_dag to 2025-05-18T09:08:55.532194+00:00
[2025-05-19 09:08:55,551] {processor.py:171} INFO - Processing /home/airflow/.local/lib/python3.6/site-packages/airflow/example_dags/example_skip_dag.py took 0.116 seconds
[2025-05-19 09:09:26,051] {processor.py:163} INFO - Started process (PID=1883) to work on /home/airflow/.local/lib/python3.6/site-packages/airflow/example_dags/example_skip_dag.py
[2025-05-19 09:09:26,053] {processor.py:642} INFO - Processing file /home/airflow/.local/lib/python3.6/site-packages/airflow/example_dags/example_skip_dag.py for tasks to queue
[2025-05-19 09:09:26,054] {logging_mixin.py:109} INFO - [2025-05-19 09:09:26,054] {dagbag.py:500} INFO - Filling up the DagBag from /home/airflow/.local/lib/python3.6/site-packages/airflow/example_dags/example_skip_dag.py
[2025-05-19 09:09:26,093] {processor.py:654} INFO - DAG(s) dict_keys(['example_skip_dag']) retrieved from /home/airflow/.local/lib/python3.6/site-packages/airflow/example_dags/example_skip_dag.py
[2025-05-19 09:09:26,110] {logging_mixin.py:109} INFO - [2025-05-19 09:09:26,110] {dag.py:2396} INFO - Sync 1 DAGs
[2025-05-19 09:09:26,136] {logging_mixin.py:109} INFO - [2025-05-19 09:09:26,136] {dag.py:2935} INFO - Setting next_dagrun for example_skip_dag to 2025-05-18T09:09:26.136147+00:00
[2025-05-19 09:09:26,150] {processor.py:171} INFO - Processing /home/airflow/.local/lib/python3.6/site-packages/airflow/example_dags/example_skip_dag.py took 0.104 seconds
[2025-05-19 09:09:57,151] {processor.py:163} INFO - Started process (PID=1945) to work on /home/airflow/.local/lib/python3.6/site-packages/airflow/example_dags/example_skip_dag.py
[2025-05-19 09:09:57,156] {processor.py:642} INFO - Processing file /home/airflow/.local/lib/python3.6/site-packages/airflow/example_dags/example_skip_dag.py for tasks to queue
[2025-05-19 09:09:57,158] {logging_mixin.py:109} INFO - [2025-05-19 09:09:57,158] {dagbag.py:500} INFO - Filling up the DagBag from /home/airflow/.local/lib/python3.6/site-packages/airflow/example_dags/example_skip_dag.py
[2025-05-19 09:09:57,242] {processor.py:654} INFO - DAG(s) dict_keys(['example_skip_dag']) retrieved from /home/airflow/.local/lib/python3.6/site-packages/airflow/example_dags/example_skip_dag.py
[2025-05-19 09:09:57,278] {logging_mixin.py:109} INFO - [2025-05-19 09:09:57,277] {dag.py:2396} INFO - Sync 1 DAGs
[2025-05-19 09:09:57,322] {logging_mixin.py:109} INFO - [2025-05-19 09:09:57,322] {dag.py:2935} INFO - Setting next_dagrun for example_skip_dag to 2025-05-18T09:09:57.322303+00:00
[2025-05-19 09:09:57,345] {processor.py:171} INFO - Processing /home/airflow/.local/lib/python3.6/site-packages/airflow/example_dags/example_skip_dag.py took 0.202 seconds
[2025-05-19 09:10:28,393] {processor.py:163} INFO - Started process (PID=1997) to work on /home/airflow/.local/lib/python3.6/site-packages/airflow/example_dags/example_skip_dag.py
[2025-05-19 09:10:28,396] {processor.py:642} INFO - Processing file /home/airflow/.local/lib/python3.6/site-packages/airflow/example_dags/example_skip_dag.py for tasks to queue
[2025-05-19 09:10:28,398] {logging_mixin.py:109} INFO - [2025-05-19 09:10:28,398] {dagbag.py:500} INFO - Filling up the DagBag from /home/airflow/.local/lib/python3.6/site-packages/airflow/example_dags/example_skip_dag.py
[2025-05-19 09:10:28,466] {processor.py:654} INFO - DAG(s) dict_keys(['example_skip_dag']) retrieved from /home/airflow/.local/lib/python3.6/site-packages/airflow/example_dags/example_skip_dag.py
[2025-05-19 09:10:28,495] {logging_mixin.py:109} INFO - [2025-05-19 09:10:28,495] {dag.py:2396} INFO - Sync 1 DAGs
[2025-05-19 09:10:28,544] {logging_mixin.py:109} INFO - [2025-05-19 09:10:28,544] {dag.py:2935} INFO - Setting next_dagrun for example_skip_dag to 2025-05-18T09:10:28.543563+00:00
[2025-05-19 09:10:28,567] {processor.py:171} INFO - Processing /home/airflow/.local/lib/python3.6/site-packages/airflow/example_dags/example_skip_dag.py took 0.182 seconds
[2025-05-19 09:10:59,131] {processor.py:163} INFO - Started process (PID=2049) to work on /home/airflow/.local/lib/python3.6/site-packages/airflow/example_dags/example_skip_dag.py
[2025-05-19 09:10:59,136] {processor.py:642} INFO - Processing file /home/airflow/.local/lib/python3.6/site-packages/airflow/example_dags/example_skip_dag.py for tasks to queue
[2025-05-19 09:10:59,139] {logging_mixin.py:109} INFO - [2025-05-19 09:10:59,139] {dagbag.py:500} INFO - Filling up the DagBag from /home/airflow/.local/lib/python3.6/site-packages/airflow/example_dags/example_skip_dag.py
[2025-05-19 09:10:59,215] {processor.py:654} INFO - DAG(s) dict_keys(['example_skip_dag']) retrieved from /home/airflow/.local/lib/python3.6/site-packages/airflow/example_dags/example_skip_dag.py
[2025-05-19 09:10:59,253] {logging_mixin.py:109} INFO - [2025-05-19 09:10:59,252] {dag.py:2396} INFO - Sync 1 DAGs
[2025-05-19 09:10:59,298] {logging_mixin.py:109} INFO - [2025-05-19 09:10:59,298] {dag.py:2935} INFO - Setting next_dagrun for example_skip_dag to 2025-05-18T09:10:59.297452+00:00
[2025-05-19 09:10:59,316] {processor.py:171} INFO - Processing /home/airflow/.local/lib/python3.6/site-packages/airflow/example_dags/example_skip_dag.py took 0.193 seconds
[2025-05-19 09:11:30,394] {processor.py:163} INFO - Started process (PID=2102) to work on /home/airflow/.local/lib/python3.6/site-packages/airflow/example_dags/example_skip_dag.py
[2025-05-19 09:11:30,398] {processor.py:642} INFO - Processing file /home/airflow/.local/lib/python3.6/site-packages/airflow/example_dags/example_skip_dag.py for tasks to queue
[2025-05-19 09:11:30,401] {logging_mixin.py:109} INFO - [2025-05-19 09:11:30,401] {dagbag.py:500} INFO - Filling up the DagBag from /home/airflow/.local/lib/python3.6/site-packages/airflow/example_dags/example_skip_dag.py
[2025-05-19 09:11:30,484] {processor.py:654} INFO - DAG(s) dict_keys(['example_skip_dag']) retrieved from /home/airflow/.local/lib/python3.6/site-packages/airflow/example_dags/example_skip_dag.py
[2025-05-19 09:11:30,510] {logging_mixin.py:109} INFO - [2025-05-19 09:11:30,510] {dag.py:2396} INFO - Sync 1 DAGs
[2025-05-19 09:11:30,571] {logging_mixin.py:109} INFO - [2025-05-19 09:11:30,571] {dag.py:2935} INFO - Setting next_dagrun for example_skip_dag to 2025-05-18T09:11:30.570747+00:00
[2025-05-19 09:11:30,594] {processor.py:171} INFO - Processing /home/airflow/.local/lib/python3.6/site-packages/airflow/example_dags/example_skip_dag.py took 0.216 seconds
[2025-05-19 09:12:01,476] {processor.py:163} INFO - Started process (PID=2154) to work on /home/airflow/.local/lib/python3.6/site-packages/airflow/example_dags/example_skip_dag.py
[2025-05-19 09:12:01,479] {processor.py:642} INFO - Processing file /home/airflow/.local/lib/python3.6/site-packages/airflow/example_dags/example_skip_dag.py for tasks to queue
[2025-05-19 09:12:01,480] {logging_mixin.py:109} INFO - [2025-05-19 09:12:01,480] {dagbag.py:500} INFO - Filling up the DagBag from /home/airflow/.local/lib/python3.6/site-packages/airflow/example_dags/example_skip_dag.py
[2025-05-19 09:12:01,549] {processor.py:654} INFO - DAG(s) dict_keys(['example_skip_dag']) retrieved from /home/airflow/.local/lib/python3.6/site-packages/airflow/example_dags/example_skip_dag.py
[2025-05-19 09:12:01,578] {logging_mixin.py:109} INFO - [2025-05-19 09:12:01,576] {dag.py:2396} INFO - Sync 1 DAGs
[2025-05-19 09:12:01,616] {logging_mixin.py:109} INFO - [2025-05-19 09:12:01,616] {dag.py:2935} INFO - Setting next_dagrun for example_skip_dag to 2025-05-18T09:12:01.616153+00:00
[2025-05-19 09:12:01,633] {processor.py:171} INFO - Processing /home/airflow/.local/lib/python3.6/site-packages/airflow/example_dags/example_skip_dag.py took 0.163 seconds
[2025-05-19 09:12:31,283] {processor.py:163} INFO - Started process (PID=2216) to work on /home/airflow/.local/lib/python3.6/site-packages/airflow/example_dags/example_skip_dag.py
[2025-05-19 09:12:31,288] {processor.py:642} INFO - Processing file /home/airflow/.local/lib/python3.6/site-packages/airflow/example_dags/example_skip_dag.py for tasks to queue
[2025-05-19 09:12:31,293] {logging_mixin.py:109} INFO - [2025-05-19 09:12:31,293] {dagbag.py:500} INFO - Filling up the DagBag from /home/airflow/.local/lib/python3.6/site-packages/airflow/example_dags/example_skip_dag.py
[2025-05-19 09:12:31,387] {processor.py:654} INFO - DAG(s) dict_keys(['example_skip_dag']) retrieved from /home/airflow/.local/lib/python3.6/site-packages/airflow/example_dags/example_skip_dag.py
[2025-05-19 09:12:31,423] {logging_mixin.py:109} INFO - [2025-05-19 09:12:31,423] {dag.py:2396} INFO - Sync 1 DAGs
[2025-05-19 09:12:31,500] {logging_mixin.py:109} INFO - [2025-05-19 09:12:31,499] {dag.py:2935} INFO - Setting next_dagrun for example_skip_dag to 2025-05-18T09:12:31.499088+00:00
[2025-05-19 09:12:31,535] {processor.py:171} INFO - Processing /home/airflow/.local/lib/python3.6/site-packages/airflow/example_dags/example_skip_dag.py took 0.262 seconds
[2025-05-19 09:13:02,049] {processor.py:163} INFO - Started process (PID=2266) to work on /home/airflow/.local/lib/python3.6/site-packages/airflow/example_dags/example_skip_dag.py
[2025-05-19 09:13:02,052] {processor.py:642} INFO - Processing file /home/airflow/.local/lib/python3.6/site-packages/airflow/example_dags/example_skip_dag.py for tasks to queue
[2025-05-19 09:13:02,054] {logging_mixin.py:109} INFO - [2025-05-19 09:13:02,053] {dagbag.py:500} INFO - Filling up the DagBag from /home/airflow/.local/lib/python3.6/site-packages/airflow/example_dags/example_skip_dag.py
[2025-05-19 09:13:02,110] {processor.py:654} INFO - DAG(s) dict_keys(['example_skip_dag']) retrieved from /home/airflow/.local/lib/python3.6/site-packages/airflow/example_dags/example_skip_dag.py
[2025-05-19 09:13:02,136] {logging_mixin.py:109} INFO - [2025-05-19 09:13:02,136] {dag.py:2396} INFO - Sync 1 DAGs
[2025-05-19 09:13:02,175] {logging_mixin.py:109} INFO - [2025-05-19 09:13:02,175] {dag.py:2935} INFO - Setting next_dagrun for example_skip_dag to 2025-05-18T09:13:02.175083+00:00
[2025-05-19 09:13:02,194] {processor.py:171} INFO - Processing /home/airflow/.local/lib/python3.6/site-packages/airflow/example_dags/example_skip_dag.py took 0.150 seconds
[2025-05-19 09:13:32,594] {processor.py:163} INFO - Started process (PID=2318) to work on /home/airflow/.local/lib/python3.6/site-packages/airflow/example_dags/example_skip_dag.py
[2025-05-19 09:13:32,598] {processor.py:642} INFO - Processing file /home/airflow/.local/lib/python3.6/site-packages/airflow/example_dags/example_skip_dag.py for tasks to queue
[2025-05-19 09:13:32,599] {logging_mixin.py:109} INFO - [2025-05-19 09:13:32,599] {dagbag.py:500} INFO - Filling up the DagBag from /home/airflow/.local/lib/python3.6/site-packages/airflow/example_dags/example_skip_dag.py
[2025-05-19 09:13:32,670] {processor.py:654} INFO - DAG(s) dict_keys(['example_skip_dag']) retrieved from /home/airflow/.local/lib/python3.6/site-packages/airflow/example_dags/example_skip_dag.py
[2025-05-19 09:13:32,703] {logging_mixin.py:109} INFO - [2025-05-19 09:13:32,703] {dag.py:2396} INFO - Sync 1 DAGs
[2025-05-19 09:13:32,754] {logging_mixin.py:109} INFO - [2025-05-19 09:13:32,753] {dag.py:2935} INFO - Setting next_dagrun for example_skip_dag to 2025-05-18T09:13:32.752973+00:00
[2025-05-19 09:13:32,776] {processor.py:171} INFO - Processing /home/airflow/.local/lib/python3.6/site-packages/airflow/example_dags/example_skip_dag.py took 0.191 seconds
[2025-05-19 09:14:03,927] {processor.py:163} INFO - Started process (PID=2370) to work on /home/airflow/.local/lib/python3.6/site-packages/airflow/example_dags/example_skip_dag.py
[2025-05-19 09:14:03,932] {processor.py:642} INFO - Processing file /home/airflow/.local/lib/python3.6/site-packages/airflow/example_dags/example_skip_dag.py for tasks to queue
[2025-05-19 09:14:03,944] {logging_mixin.py:109} INFO - [2025-05-19 09:14:03,943] {dagbag.py:500} INFO - Filling up the DagBag from /home/airflow/.local/lib/python3.6/site-packages/airflow/example_dags/example_skip_dag.py
[2025-05-19 09:14:04,070] {processor.py:654} INFO - DAG(s) dict_keys(['example_skip_dag']) retrieved from /home/airflow/.local/lib/python3.6/site-packages/airflow/example_dags/example_skip_dag.py
[2025-05-19 09:14:04,118] {logging_mixin.py:109} INFO - [2025-05-19 09:14:04,118] {dag.py:2396} INFO - Sync 1 DAGs
[2025-05-19 09:14:04,216] {logging_mixin.py:109} INFO - [2025-05-19 09:14:04,215] {dag.py:2935} INFO - Setting next_dagrun for example_skip_dag to 2025-05-18T09:14:04.214916+00:00
[2025-05-19 09:14:04,249] {processor.py:171} INFO - Processing /home/airflow/.local/lib/python3.6/site-packages/airflow/example_dags/example_skip_dag.py took 0.342 seconds
[2025-05-19 09:14:34,513] {processor.py:163} INFO - Started process (PID=2422) to work on /home/airflow/.local/lib/python3.6/site-packages/airflow/example_dags/example_skip_dag.py
[2025-05-19 09:14:34,516] {processor.py:642} INFO - Processing file /home/airflow/.local/lib/python3.6/site-packages/airflow/example_dags/example_skip_dag.py for tasks to queue
[2025-05-19 09:14:34,517] {logging_mixin.py:109} INFO - [2025-05-19 09:14:34,517] {dagbag.py:500} INFO - Filling up the DagBag from /home/airflow/.local/lib/python3.6/site-packages/airflow/example_dags/example_skip_dag.py
[2025-05-19 09:14:34,561] {processor.py:654} INFO - DAG(s) dict_keys(['example_skip_dag']) retrieved from /home/airflow/.local/lib/python3.6/site-packages/airflow/example_dags/example_skip_dag.py
[2025-05-19 09:14:34,583] {logging_mixin.py:109} INFO - [2025-05-19 09:14:34,583] {dag.py:2396} INFO - Sync 1 DAGs
[2025-05-19 09:14:34,622] {logging_mixin.py:109} INFO - [2025-05-19 09:14:34,621] {dag.py:2935} INFO - Setting next_dagrun for example_skip_dag to 2025-05-18T09:14:34.621602+00:00
[2025-05-19 09:14:34,636] {processor.py:171} INFO - Processing /home/airflow/.local/lib/python3.6/site-packages/airflow/example_dags/example_skip_dag.py took 0.128 seconds
[2025-05-19 19:33:58,390] {processor.py:163} INFO - Started process (PID=80) to work on /home/airflow/.local/lib/python3.6/site-packages/airflow/example_dags/example_skip_dag.py
[2025-05-19 19:33:58,394] {processor.py:642} INFO - Processing file /home/airflow/.local/lib/python3.6/site-packages/airflow/example_dags/example_skip_dag.py for tasks to queue
[2025-05-19 19:33:58,396] {logging_mixin.py:109} INFO - [2025-05-19 19:33:58,396] {dagbag.py:500} INFO - Filling up the DagBag from /home/airflow/.local/lib/python3.6/site-packages/airflow/example_dags/example_skip_dag.py
[2025-05-19 19:33:58,449] {processor.py:654} INFO - DAG(s) dict_keys(['example_skip_dag']) retrieved from /home/airflow/.local/lib/python3.6/site-packages/airflow/example_dags/example_skip_dag.py
[2025-05-19 19:33:58,473] {logging_mixin.py:109} INFO - [2025-05-19 19:33:58,472] {dag.py:2396} INFO - Sync 1 DAGs
[2025-05-19 19:33:58,514] {logging_mixin.py:109} INFO - [2025-05-19 19:33:58,513] {dag.py:2935} INFO - Setting next_dagrun for example_skip_dag to 2025-05-18T19:33:58.513385+00:00
[2025-05-19 19:33:58,533] {processor.py:171} INFO - Processing /home/airflow/.local/lib/python3.6/site-packages/airflow/example_dags/example_skip_dag.py took 0.152 seconds
[2025-05-19 19:34:35,542] {processor.py:163} INFO - Started process (PID=132) to work on /home/airflow/.local/lib/python3.6/site-packages/airflow/example_dags/example_skip_dag.py
[2025-05-19 19:34:35,547] {processor.py:642} INFO - Processing file /home/airflow/.local/lib/python3.6/site-packages/airflow/example_dags/example_skip_dag.py for tasks to queue
[2025-05-19 19:34:35,549] {logging_mixin.py:109} INFO - [2025-05-19 19:34:35,548] {dagbag.py:500} INFO - Filling up the DagBag from /home/airflow/.local/lib/python3.6/site-packages/airflow/example_dags/example_skip_dag.py
[2025-05-19 19:34:35,658] {processor.py:654} INFO - DAG(s) dict_keys(['example_skip_dag']) retrieved from /home/airflow/.local/lib/python3.6/site-packages/airflow/example_dags/example_skip_dag.py
[2025-05-19 19:34:35,709] {logging_mixin.py:109} INFO - [2025-05-19 19:34:35,708] {dag.py:2396} INFO - Sync 1 DAGs
[2025-05-19 19:34:35,779] {logging_mixin.py:109} INFO - [2025-05-19 19:34:35,778] {dag.py:2935} INFO - Setting next_dagrun for example_skip_dag to 2025-05-18T19:34:35.778253+00:00
[2025-05-19 19:34:35,812] {processor.py:171} INFO - Processing /home/airflow/.local/lib/python3.6/site-packages/airflow/example_dags/example_skip_dag.py took 0.285 seconds
[2025-05-19 19:35:05,884] {processor.py:163} INFO - Started process (PID=185) to work on /home/airflow/.local/lib/python3.6/site-packages/airflow/example_dags/example_skip_dag.py
[2025-05-19 19:35:05,886] {processor.py:642} INFO - Processing file /home/airflow/.local/lib/python3.6/site-packages/airflow/example_dags/example_skip_dag.py for tasks to queue
[2025-05-19 19:35:05,888] {logging_mixin.py:109} INFO - [2025-05-19 19:35:05,887] {dagbag.py:500} INFO - Filling up the DagBag from /home/airflow/.local/lib/python3.6/site-packages/airflow/example_dags/example_skip_dag.py
[2025-05-19 19:35:05,933] {processor.py:654} INFO - DAG(s) dict_keys(['example_skip_dag']) retrieved from /home/airflow/.local/lib/python3.6/site-packages/airflow/example_dags/example_skip_dag.py
[2025-05-19 19:35:05,953] {logging_mixin.py:109} INFO - [2025-05-19 19:35:05,953] {dag.py:2396} INFO - Sync 1 DAGs
[2025-05-19 19:35:05,990] {logging_mixin.py:109} INFO - [2025-05-19 19:35:05,990] {dag.py:2935} INFO - Setting next_dagrun for example_skip_dag to 2025-05-18T19:35:05.989918+00:00
[2025-05-19 19:35:06,016] {processor.py:171} INFO - Processing /home/airflow/.local/lib/python3.6/site-packages/airflow/example_dags/example_skip_dag.py took 0.138 seconds
[2025-05-19 19:35:36,825] {processor.py:163} INFO - Started process (PID=237) to work on /home/airflow/.local/lib/python3.6/site-packages/airflow/example_dags/example_skip_dag.py
[2025-05-19 19:35:36,831] {processor.py:642} INFO - Processing file /home/airflow/.local/lib/python3.6/site-packages/airflow/example_dags/example_skip_dag.py for tasks to queue
[2025-05-19 19:35:36,834] {logging_mixin.py:109} INFO - [2025-05-19 19:35:36,833] {dagbag.py:500} INFO - Filling up the DagBag from /home/airflow/.local/lib/python3.6/site-packages/airflow/example_dags/example_skip_dag.py
[2025-05-19 19:35:36,898] {processor.py:654} INFO - DAG(s) dict_keys(['example_skip_dag']) retrieved from /home/airflow/.local/lib/python3.6/site-packages/airflow/example_dags/example_skip_dag.py
[2025-05-19 19:35:36,935] {logging_mixin.py:109} INFO - [2025-05-19 19:35:36,935] {dag.py:2396} INFO - Sync 1 DAGs
[2025-05-19 19:35:37,002] {logging_mixin.py:109} INFO - [2025-05-19 19:35:37,000] {dag.py:2935} INFO - Setting next_dagrun for example_skip_dag to 2025-05-18T19:35:36.997096+00:00
[2025-05-19 19:35:37,022] {processor.py:171} INFO - Processing /home/airflow/.local/lib/python3.6/site-packages/airflow/example_dags/example_skip_dag.py took 0.209 seconds
[2025-05-19 19:36:07,519] {processor.py:163} INFO - Started process (PID=289) to work on /home/airflow/.local/lib/python3.6/site-packages/airflow/example_dags/example_skip_dag.py
[2025-05-19 19:36:07,522] {processor.py:642} INFO - Processing file /home/airflow/.local/lib/python3.6/site-packages/airflow/example_dags/example_skip_dag.py for tasks to queue
[2025-05-19 19:36:07,523] {logging_mixin.py:109} INFO - [2025-05-19 19:36:07,523] {dagbag.py:500} INFO - Filling up the DagBag from /home/airflow/.local/lib/python3.6/site-packages/airflow/example_dags/example_skip_dag.py
[2025-05-19 19:36:07,600] {processor.py:654} INFO - DAG(s) dict_keys(['example_skip_dag']) retrieved from /home/airflow/.local/lib/python3.6/site-packages/airflow/example_dags/example_skip_dag.py
[2025-05-19 19:36:07,634] {logging_mixin.py:109} INFO - [2025-05-19 19:36:07,634] {dag.py:2396} INFO - Sync 1 DAGs
[2025-05-19 19:36:07,694] {logging_mixin.py:109} INFO - [2025-05-19 19:36:07,694] {dag.py:2935} INFO - Setting next_dagrun for example_skip_dag to 2025-05-18T19:36:07.694085+00:00
[2025-05-19 19:36:07,712] {processor.py:171} INFO - Processing /home/airflow/.local/lib/python3.6/site-packages/airflow/example_dags/example_skip_dag.py took 0.203 seconds
[2025-05-19 19:36:38,716] {processor.py:163} INFO - Started process (PID=341) to work on /home/airflow/.local/lib/python3.6/site-packages/airflow/example_dags/example_skip_dag.py
[2025-05-19 19:36:38,717] {processor.py:642} INFO - Processing file /home/airflow/.local/lib/python3.6/site-packages/airflow/example_dags/example_skip_dag.py for tasks to queue
[2025-05-19 19:36:38,718] {logging_mixin.py:109} INFO - [2025-05-19 19:36:38,718] {dagbag.py:500} INFO - Filling up the DagBag from /home/airflow/.local/lib/python3.6/site-packages/airflow/example_dags/example_skip_dag.py
[2025-05-19 19:36:38,752] {processor.py:654} INFO - DAG(s) dict_keys(['example_skip_dag']) retrieved from /home/airflow/.local/lib/python3.6/site-packages/airflow/example_dags/example_skip_dag.py
[2025-05-19 19:36:38,766] {logging_mixin.py:109} INFO - [2025-05-19 19:36:38,766] {dag.py:2396} INFO - Sync 1 DAGs
[2025-05-19 19:36:38,787] {logging_mixin.py:109} INFO - [2025-05-19 19:36:38,787] {dag.py:2935} INFO - Setting next_dagrun for example_skip_dag to 2025-05-18T19:36:38.787325+00:00
[2025-05-19 19:36:38,800] {processor.py:171} INFO - Processing /home/airflow/.local/lib/python3.6/site-packages/airflow/example_dags/example_skip_dag.py took 0.088 seconds
[2025-05-19 19:37:09,503] {processor.py:163} INFO - Started process (PID=395) to work on /home/airflow/.local/lib/python3.6/site-packages/airflow/example_dags/example_skip_dag.py
[2025-05-19 19:37:09,505] {processor.py:642} INFO - Processing file /home/airflow/.local/lib/python3.6/site-packages/airflow/example_dags/example_skip_dag.py for tasks to queue
[2025-05-19 19:37:09,506] {logging_mixin.py:109} INFO - [2025-05-19 19:37:09,506] {dagbag.py:500} INFO - Filling up the DagBag from /home/airflow/.local/lib/python3.6/site-packages/airflow/example_dags/example_skip_dag.py
[2025-05-19 19:37:09,554] {processor.py:654} INFO - DAG(s) dict_keys(['example_skip_dag']) retrieved from /home/airflow/.local/lib/python3.6/site-packages/airflow/example_dags/example_skip_dag.py
[2025-05-19 19:37:09,578] {logging_mixin.py:109} INFO - [2025-05-19 19:37:09,578] {dag.py:2396} INFO - Sync 1 DAGs
[2025-05-19 19:37:09,615] {logging_mixin.py:109} INFO - [2025-05-19 19:37:09,615] {dag.py:2935} INFO - Setting next_dagrun for example_skip_dag to 2025-05-18T19:37:09.614574+00:00
[2025-05-19 19:37:09,632] {processor.py:171} INFO - Processing /home/airflow/.local/lib/python3.6/site-packages/airflow/example_dags/example_skip_dag.py took 0.134 seconds
