[2025-05-19 08:53:14,666] {processor.py:163} INFO - Started process (PID=194) to work on /home/airflow/.local/lib/python3.6/site-packages/airflow/example_dags/example_time_delta_sensor_async.py
[2025-05-19 08:53:14,672] {processor.py:642} INFO - Processing file /home/airflow/.local/lib/python3.6/site-packages/airflow/example_dags/example_time_delta_sensor_async.py for tasks to queue
[2025-05-19 08:53:14,679] {logging_mixin.py:109} INFO - [2025-05-19 08:53:14,678] {dagbag.py:500} INFO - Filling up the DagBag from /home/airflow/.local/lib/python3.6/site-packages/airflow/example_dags/example_time_delta_sensor_async.py
[2025-05-19 08:53:15,046] {processor.py:654} INFO - DAG(s) dict_keys(['example_time_delta_sensor_async']) retrieved from /home/airflow/.local/lib/python3.6/site-packages/airflow/example_dags/example_time_delta_sensor_async.py
[2025-05-19 08:53:27,144] {logging_mixin.py:109} INFO - [2025-05-19 08:53:27,144] {manager.py:496} INFO - Created Permission View: can read on DAG:example_time_delta_sensor_async
[2025-05-19 08:53:27,215] {logging_mixin.py:109} INFO - [2025-05-19 08:53:27,215] {manager.py:496} INFO - Created Permission View: can edit on DAG:example_time_delta_sensor_async
[2025-05-19 08:53:27,229] {logging_mixin.py:109} INFO - [2025-05-19 08:53:27,223] {dag.py:2396} INFO - Sync 1 DAGs
[2025-05-19 08:53:27,290] {logging_mixin.py:109} INFO - [2025-05-19 08:53:27,283] {dag.py:2415} INFO - Creating ORM DAG for example_time_delta_sensor_async
[2025-05-19 08:53:27,336] {logging_mixin.py:109} INFO - [2025-05-19 08:53:27,335] {dag.py:2935} INFO - Setting next_dagrun for example_time_delta_sensor_async to None
[2025-05-19 08:53:27,408] {processor.py:171} INFO - Processing /home/airflow/.local/lib/python3.6/site-packages/airflow/example_dags/example_time_delta_sensor_async.py took 12.766 seconds
[2025-05-19 08:55:23,314] {processor.py:163} INFO - Started process (PID=444) to work on /home/airflow/.local/lib/python3.6/site-packages/airflow/example_dags/example_time_delta_sensor_async.py
[2025-05-19 08:55:23,318] {processor.py:642} INFO - Processing file /home/airflow/.local/lib/python3.6/site-packages/airflow/example_dags/example_time_delta_sensor_async.py for tasks to queue
[2025-05-19 08:55:23,321] {logging_mixin.py:109} INFO - [2025-05-19 08:55:23,321] {dagbag.py:500} INFO - Filling up the DagBag from /home/airflow/.local/lib/python3.6/site-packages/airflow/example_dags/example_time_delta_sensor_async.py
[2025-05-19 08:55:23,498] {processor.py:654} INFO - DAG(s) dict_keys(['example_time_delta_sensor_async']) retrieved from /home/airflow/.local/lib/python3.6/site-packages/airflow/example_dags/example_time_delta_sensor_async.py
[2025-05-19 08:55:23,555] {logging_mixin.py:109} INFO - [2025-05-19 08:55:23,555] {dag.py:2396} INFO - Sync 1 DAGs
[2025-05-19 08:55:23,679] {logging_mixin.py:109} INFO - [2025-05-19 08:55:23,678] {dag.py:2935} INFO - Setting next_dagrun for example_time_delta_sensor_async to None
[2025-05-19 08:55:23,724] {processor.py:171} INFO - Processing /home/airflow/.local/lib/python3.6/site-packages/airflow/example_dags/example_time_delta_sensor_async.py took 0.424 seconds
[2025-05-19 08:55:55,148] {processor.py:163} INFO - Started process (PID=495) to work on /home/airflow/.local/lib/python3.6/site-packages/airflow/example_dags/example_time_delta_sensor_async.py
[2025-05-19 08:55:55,188] {processor.py:642} INFO - Processing file /home/airflow/.local/lib/python3.6/site-packages/airflow/example_dags/example_time_delta_sensor_async.py for tasks to queue
[2025-05-19 08:55:55,195] {logging_mixin.py:109} INFO - [2025-05-19 08:55:55,195] {dagbag.py:500} INFO - Filling up the DagBag from /home/airflow/.local/lib/python3.6/site-packages/airflow/example_dags/example_time_delta_sensor_async.py
[2025-05-19 08:55:55,303] {processor.py:654} INFO - DAG(s) dict_keys(['example_time_delta_sensor_async']) retrieved from /home/airflow/.local/lib/python3.6/site-packages/airflow/example_dags/example_time_delta_sensor_async.py
[2025-05-19 08:55:55,355] {logging_mixin.py:109} INFO - [2025-05-19 08:55:55,354] {dag.py:2396} INFO - Sync 1 DAGs
[2025-05-19 08:55:55,574] {logging_mixin.py:109} INFO - [2025-05-19 08:55:55,574] {dag.py:2935} INFO - Setting next_dagrun for example_time_delta_sensor_async to None
[2025-05-19 08:55:55,702] {processor.py:171} INFO - Processing /home/airflow/.local/lib/python3.6/site-packages/airflow/example_dags/example_time_delta_sensor_async.py took 0.603 seconds
[2025-05-19 08:56:26,003] {processor.py:163} INFO - Started process (PID=546) to work on /home/airflow/.local/lib/python3.6/site-packages/airflow/example_dags/example_time_delta_sensor_async.py
[2025-05-19 08:56:26,006] {processor.py:642} INFO - Processing file /home/airflow/.local/lib/python3.6/site-packages/airflow/example_dags/example_time_delta_sensor_async.py for tasks to queue
[2025-05-19 08:56:26,008] {logging_mixin.py:109} INFO - [2025-05-19 08:56:26,007] {dagbag.py:500} INFO - Filling up the DagBag from /home/airflow/.local/lib/python3.6/site-packages/airflow/example_dags/example_time_delta_sensor_async.py
[2025-05-19 08:56:26,063] {processor.py:654} INFO - DAG(s) dict_keys(['example_time_delta_sensor_async']) retrieved from /home/airflow/.local/lib/python3.6/site-packages/airflow/example_dags/example_time_delta_sensor_async.py
[2025-05-19 08:56:26,090] {logging_mixin.py:109} INFO - [2025-05-19 08:56:26,090] {dag.py:2396} INFO - Sync 1 DAGs
[2025-05-19 08:56:26,127] {logging_mixin.py:109} INFO - [2025-05-19 08:56:26,127] {dag.py:2935} INFO - Setting next_dagrun for example_time_delta_sensor_async to None
[2025-05-19 08:56:26,146] {processor.py:171} INFO - Processing /home/airflow/.local/lib/python3.6/site-packages/airflow/example_dags/example_time_delta_sensor_async.py took 0.151 seconds
[2025-05-19 08:56:56,387] {processor.py:163} INFO - Started process (PID=598) to work on /home/airflow/.local/lib/python3.6/site-packages/airflow/example_dags/example_time_delta_sensor_async.py
[2025-05-19 08:56:56,390] {processor.py:642} INFO - Processing file /home/airflow/.local/lib/python3.6/site-packages/airflow/example_dags/example_time_delta_sensor_async.py for tasks to queue
[2025-05-19 08:56:56,392] {logging_mixin.py:109} INFO - [2025-05-19 08:56:56,391] {dagbag.py:500} INFO - Filling up the DagBag from /home/airflow/.local/lib/python3.6/site-packages/airflow/example_dags/example_time_delta_sensor_async.py
[2025-05-19 08:56:56,457] {processor.py:654} INFO - DAG(s) dict_keys(['example_time_delta_sensor_async']) retrieved from /home/airflow/.local/lib/python3.6/site-packages/airflow/example_dags/example_time_delta_sensor_async.py
[2025-05-19 08:56:56,478] {logging_mixin.py:109} INFO - [2025-05-19 08:56:56,478] {dag.py:2396} INFO - Sync 1 DAGs
[2025-05-19 08:56:56,522] {logging_mixin.py:109} INFO - [2025-05-19 08:56:56,521] {dag.py:2935} INFO - Setting next_dagrun for example_time_delta_sensor_async to None
[2025-05-19 08:56:56,543] {processor.py:171} INFO - Processing /home/airflow/.local/lib/python3.6/site-packages/airflow/example_dags/example_time_delta_sensor_async.py took 0.162 seconds
[2025-05-19 08:57:26,927] {processor.py:163} INFO - Started process (PID=649) to work on /home/airflow/.local/lib/python3.6/site-packages/airflow/example_dags/example_time_delta_sensor_async.py
[2025-05-19 08:57:26,930] {processor.py:642} INFO - Processing file /home/airflow/.local/lib/python3.6/site-packages/airflow/example_dags/example_time_delta_sensor_async.py for tasks to queue
[2025-05-19 08:57:26,933] {logging_mixin.py:109} INFO - [2025-05-19 08:57:26,932] {dagbag.py:500} INFO - Filling up the DagBag from /home/airflow/.local/lib/python3.6/site-packages/airflow/example_dags/example_time_delta_sensor_async.py
[2025-05-19 08:57:27,048] {processor.py:654} INFO - DAG(s) dict_keys(['example_time_delta_sensor_async']) retrieved from /home/airflow/.local/lib/python3.6/site-packages/airflow/example_dags/example_time_delta_sensor_async.py
[2025-05-19 08:57:27,076] {logging_mixin.py:109} INFO - [2025-05-19 08:57:27,076] {dag.py:2396} INFO - Sync 1 DAGs
[2025-05-19 08:57:27,139] {logging_mixin.py:109} INFO - [2025-05-19 08:57:27,139] {dag.py:2935} INFO - Setting next_dagrun for example_time_delta_sensor_async to None
[2025-05-19 08:57:27,162] {processor.py:171} INFO - Processing /home/airflow/.local/lib/python3.6/site-packages/airflow/example_dags/example_time_delta_sensor_async.py took 0.242 seconds
[2025-05-19 08:57:57,331] {processor.py:163} INFO - Started process (PID=700) to work on /home/airflow/.local/lib/python3.6/site-packages/airflow/example_dags/example_time_delta_sensor_async.py
[2025-05-19 08:57:57,335] {processor.py:642} INFO - Processing file /home/airflow/.local/lib/python3.6/site-packages/airflow/example_dags/example_time_delta_sensor_async.py for tasks to queue
[2025-05-19 08:57:57,338] {logging_mixin.py:109} INFO - [2025-05-19 08:57:57,338] {dagbag.py:500} INFO - Filling up the DagBag from /home/airflow/.local/lib/python3.6/site-packages/airflow/example_dags/example_time_delta_sensor_async.py
[2025-05-19 08:57:57,404] {processor.py:654} INFO - DAG(s) dict_keys(['example_time_delta_sensor_async']) retrieved from /home/airflow/.local/lib/python3.6/site-packages/airflow/example_dags/example_time_delta_sensor_async.py
[2025-05-19 08:57:57,434] {logging_mixin.py:109} INFO - [2025-05-19 08:57:57,434] {dag.py:2396} INFO - Sync 1 DAGs
[2025-05-19 08:57:57,477] {logging_mixin.py:109} INFO - [2025-05-19 08:57:57,476] {dag.py:2935} INFO - Setting next_dagrun for example_time_delta_sensor_async to None
[2025-05-19 08:57:57,497] {processor.py:171} INFO - Processing /home/airflow/.local/lib/python3.6/site-packages/airflow/example_dags/example_time_delta_sensor_async.py took 0.175 seconds
[2025-05-19 08:58:27,721] {processor.py:163} INFO - Started process (PID=752) to work on /home/airflow/.local/lib/python3.6/site-packages/airflow/example_dags/example_time_delta_sensor_async.py
[2025-05-19 08:58:27,724] {processor.py:642} INFO - Processing file /home/airflow/.local/lib/python3.6/site-packages/airflow/example_dags/example_time_delta_sensor_async.py for tasks to queue
[2025-05-19 08:58:27,726] {logging_mixin.py:109} INFO - [2025-05-19 08:58:27,726] {dagbag.py:500} INFO - Filling up the DagBag from /home/airflow/.local/lib/python3.6/site-packages/airflow/example_dags/example_time_delta_sensor_async.py
[2025-05-19 08:58:27,794] {processor.py:654} INFO - DAG(s) dict_keys(['example_time_delta_sensor_async']) retrieved from /home/airflow/.local/lib/python3.6/site-packages/airflow/example_dags/example_time_delta_sensor_async.py
[2025-05-19 08:58:27,837] {logging_mixin.py:109} INFO - [2025-05-19 08:58:27,837] {dag.py:2396} INFO - Sync 1 DAGs
[2025-05-19 08:58:27,879] {logging_mixin.py:109} INFO - [2025-05-19 08:58:27,879] {dag.py:2935} INFO - Setting next_dagrun for example_time_delta_sensor_async to None
[2025-05-19 08:58:27,900] {processor.py:171} INFO - Processing /home/airflow/.local/lib/python3.6/site-packages/airflow/example_dags/example_time_delta_sensor_async.py took 0.187 seconds
[2025-05-19 08:58:58,308] {processor.py:163} INFO - Started process (PID=804) to work on /home/airflow/.local/lib/python3.6/site-packages/airflow/example_dags/example_time_delta_sensor_async.py
[2025-05-19 08:58:58,311] {processor.py:642} INFO - Processing file /home/airflow/.local/lib/python3.6/site-packages/airflow/example_dags/example_time_delta_sensor_async.py for tasks to queue
[2025-05-19 08:58:58,313] {logging_mixin.py:109} INFO - [2025-05-19 08:58:58,313] {dagbag.py:500} INFO - Filling up the DagBag from /home/airflow/.local/lib/python3.6/site-packages/airflow/example_dags/example_time_delta_sensor_async.py
[2025-05-19 08:58:58,365] {processor.py:654} INFO - DAG(s) dict_keys(['example_time_delta_sensor_async']) retrieved from /home/airflow/.local/lib/python3.6/site-packages/airflow/example_dags/example_time_delta_sensor_async.py
[2025-05-19 08:58:58,387] {logging_mixin.py:109} INFO - [2025-05-19 08:58:58,387] {dag.py:2396} INFO - Sync 1 DAGs
[2025-05-19 08:58:58,425] {logging_mixin.py:109} INFO - [2025-05-19 08:58:58,425] {dag.py:2935} INFO - Setting next_dagrun for example_time_delta_sensor_async to None
[2025-05-19 08:58:58,444] {processor.py:171} INFO - Processing /home/airflow/.local/lib/python3.6/site-packages/airflow/example_dags/example_time_delta_sensor_async.py took 0.145 seconds
[2025-05-19 08:59:28,979] {processor.py:163} INFO - Started process (PID=856) to work on /home/airflow/.local/lib/python3.6/site-packages/airflow/example_dags/example_time_delta_sensor_async.py
[2025-05-19 08:59:28,981] {processor.py:642} INFO - Processing file /home/airflow/.local/lib/python3.6/site-packages/airflow/example_dags/example_time_delta_sensor_async.py for tasks to queue
[2025-05-19 08:59:28,982] {logging_mixin.py:109} INFO - [2025-05-19 08:59:28,982] {dagbag.py:500} INFO - Filling up the DagBag from /home/airflow/.local/lib/python3.6/site-packages/airflow/example_dags/example_time_delta_sensor_async.py
[2025-05-19 08:59:29,036] {processor.py:654} INFO - DAG(s) dict_keys(['example_time_delta_sensor_async']) retrieved from /home/airflow/.local/lib/python3.6/site-packages/airflow/example_dags/example_time_delta_sensor_async.py
[2025-05-19 08:59:29,057] {logging_mixin.py:109} INFO - [2025-05-19 08:59:29,057] {dag.py:2396} INFO - Sync 1 DAGs
[2025-05-19 08:59:29,093] {logging_mixin.py:109} INFO - [2025-05-19 08:59:29,093] {dag.py:2935} INFO - Setting next_dagrun for example_time_delta_sensor_async to None
[2025-05-19 08:59:29,111] {processor.py:171} INFO - Processing /home/airflow/.local/lib/python3.6/site-packages/airflow/example_dags/example_time_delta_sensor_async.py took 0.138 seconds
[2025-05-19 08:59:59,363] {processor.py:163} INFO - Started process (PID=908) to work on /home/airflow/.local/lib/python3.6/site-packages/airflow/example_dags/example_time_delta_sensor_async.py
[2025-05-19 08:59:59,372] {processor.py:642} INFO - Processing file /home/airflow/.local/lib/python3.6/site-packages/airflow/example_dags/example_time_delta_sensor_async.py for tasks to queue
[2025-05-19 08:59:59,376] {logging_mixin.py:109} INFO - [2025-05-19 08:59:59,375] {dagbag.py:500} INFO - Filling up the DagBag from /home/airflow/.local/lib/python3.6/site-packages/airflow/example_dags/example_time_delta_sensor_async.py
[2025-05-19 08:59:59,490] {processor.py:654} INFO - DAG(s) dict_keys(['example_time_delta_sensor_async']) retrieved from /home/airflow/.local/lib/python3.6/site-packages/airflow/example_dags/example_time_delta_sensor_async.py
[2025-05-19 08:59:59,541] {logging_mixin.py:109} INFO - [2025-05-19 08:59:59,540] {dag.py:2396} INFO - Sync 1 DAGs
[2025-05-19 08:59:59,710] {logging_mixin.py:109} INFO - [2025-05-19 08:59:59,709] {dag.py:2935} INFO - Setting next_dagrun for example_time_delta_sensor_async to None
[2025-05-19 08:59:59,746] {processor.py:171} INFO - Processing /home/airflow/.local/lib/python3.6/site-packages/airflow/example_dags/example_time_delta_sensor_async.py took 0.394 seconds
[2025-05-19 09:00:29,805] {processor.py:163} INFO - Started process (PID=960) to work on /home/airflow/.local/lib/python3.6/site-packages/airflow/example_dags/example_time_delta_sensor_async.py
[2025-05-19 09:00:29,810] {processor.py:642} INFO - Processing file /home/airflow/.local/lib/python3.6/site-packages/airflow/example_dags/example_time_delta_sensor_async.py for tasks to queue
[2025-05-19 09:00:29,812] {logging_mixin.py:109} INFO - [2025-05-19 09:00:29,812] {dagbag.py:500} INFO - Filling up the DagBag from /home/airflow/.local/lib/python3.6/site-packages/airflow/example_dags/example_time_delta_sensor_async.py
[2025-05-19 09:00:29,879] {processor.py:654} INFO - DAG(s) dict_keys(['example_time_delta_sensor_async']) retrieved from /home/airflow/.local/lib/python3.6/site-packages/airflow/example_dags/example_time_delta_sensor_async.py
[2025-05-19 09:00:29,904] {logging_mixin.py:109} INFO - [2025-05-19 09:00:29,904] {dag.py:2396} INFO - Sync 1 DAGs
[2025-05-19 09:00:29,949] {logging_mixin.py:109} INFO - [2025-05-19 09:00:29,949] {dag.py:2935} INFO - Setting next_dagrun for example_time_delta_sensor_async to None
[2025-05-19 09:00:29,974] {processor.py:171} INFO - Processing /home/airflow/.local/lib/python3.6/site-packages/airflow/example_dags/example_time_delta_sensor_async.py took 0.177 seconds
[2025-05-19 09:01:00,077] {processor.py:163} INFO - Started process (PID=1012) to work on /home/airflow/.local/lib/python3.6/site-packages/airflow/example_dags/example_time_delta_sensor_async.py
[2025-05-19 09:01:00,080] {processor.py:642} INFO - Processing file /home/airflow/.local/lib/python3.6/site-packages/airflow/example_dags/example_time_delta_sensor_async.py for tasks to queue
[2025-05-19 09:01:00,082] {logging_mixin.py:109} INFO - [2025-05-19 09:01:00,082] {dagbag.py:500} INFO - Filling up the DagBag from /home/airflow/.local/lib/python3.6/site-packages/airflow/example_dags/example_time_delta_sensor_async.py
[2025-05-19 09:01:00,142] {processor.py:654} INFO - DAG(s) dict_keys(['example_time_delta_sensor_async']) retrieved from /home/airflow/.local/lib/python3.6/site-packages/airflow/example_dags/example_time_delta_sensor_async.py
[2025-05-19 09:01:00,177] {logging_mixin.py:109} INFO - [2025-05-19 09:01:00,177] {dag.py:2396} INFO - Sync 1 DAGs
[2025-05-19 09:01:00,211] {logging_mixin.py:109} INFO - [2025-05-19 09:01:00,211] {dag.py:2935} INFO - Setting next_dagrun for example_time_delta_sensor_async to None
[2025-05-19 09:01:00,231] {processor.py:171} INFO - Processing /home/airflow/.local/lib/python3.6/site-packages/airflow/example_dags/example_time_delta_sensor_async.py took 0.161 seconds
[2025-05-19 09:01:30,458] {processor.py:163} INFO - Started process (PID=1064) to work on /home/airflow/.local/lib/python3.6/site-packages/airflow/example_dags/example_time_delta_sensor_async.py
[2025-05-19 09:01:30,464] {processor.py:642} INFO - Processing file /home/airflow/.local/lib/python3.6/site-packages/airflow/example_dags/example_time_delta_sensor_async.py for tasks to queue
[2025-05-19 09:01:30,466] {logging_mixin.py:109} INFO - [2025-05-19 09:01:30,465] {dagbag.py:500} INFO - Filling up the DagBag from /home/airflow/.local/lib/python3.6/site-packages/airflow/example_dags/example_time_delta_sensor_async.py
[2025-05-19 09:01:30,634] {processor.py:654} INFO - DAG(s) dict_keys(['example_time_delta_sensor_async']) retrieved from /home/airflow/.local/lib/python3.6/site-packages/airflow/example_dags/example_time_delta_sensor_async.py
[2025-05-19 09:01:30,703] {logging_mixin.py:109} INFO - [2025-05-19 09:01:30,700] {dag.py:2396} INFO - Sync 1 DAGs
[2025-05-19 09:01:30,820] {logging_mixin.py:109} INFO - [2025-05-19 09:01:30,820] {dag.py:2935} INFO - Setting next_dagrun for example_time_delta_sensor_async to None
[2025-05-19 09:01:30,854] {processor.py:171} INFO - Processing /home/airflow/.local/lib/python3.6/site-packages/airflow/example_dags/example_time_delta_sensor_async.py took 0.414 seconds
[2025-05-19 09:02:00,974] {processor.py:163} INFO - Started process (PID=1113) to work on /home/airflow/.local/lib/python3.6/site-packages/airflow/example_dags/example_time_delta_sensor_async.py
[2025-05-19 09:02:00,980] {processor.py:642} INFO - Processing file /home/airflow/.local/lib/python3.6/site-packages/airflow/example_dags/example_time_delta_sensor_async.py for tasks to queue
[2025-05-19 09:02:00,990] {logging_mixin.py:109} INFO - [2025-05-19 09:02:00,990] {dagbag.py:500} INFO - Filling up the DagBag from /home/airflow/.local/lib/python3.6/site-packages/airflow/example_dags/example_time_delta_sensor_async.py
[2025-05-19 09:02:01,110] {processor.py:654} INFO - DAG(s) dict_keys(['example_time_delta_sensor_async']) retrieved from /home/airflow/.local/lib/python3.6/site-packages/airflow/example_dags/example_time_delta_sensor_async.py
[2025-05-19 09:02:01,168] {logging_mixin.py:109} INFO - [2025-05-19 09:02:01,167] {dag.py:2396} INFO - Sync 1 DAGs
[2025-05-19 09:02:01,298] {logging_mixin.py:109} INFO - [2025-05-19 09:02:01,298] {dag.py:2935} INFO - Setting next_dagrun for example_time_delta_sensor_async to None
[2025-05-19 09:02:01,338] {processor.py:171} INFO - Processing /home/airflow/.local/lib/python3.6/site-packages/airflow/example_dags/example_time_delta_sensor_async.py took 0.390 seconds
[2025-05-19 09:02:31,475] {processor.py:163} INFO - Started process (PID=1158) to work on /home/airflow/.local/lib/python3.6/site-packages/airflow/example_dags/example_time_delta_sensor_async.py
[2025-05-19 09:02:31,479] {processor.py:642} INFO - Processing file /home/airflow/.local/lib/python3.6/site-packages/airflow/example_dags/example_time_delta_sensor_async.py for tasks to queue
[2025-05-19 09:02:31,482] {logging_mixin.py:109} INFO - [2025-05-19 09:02:31,481] {dagbag.py:500} INFO - Filling up the DagBag from /home/airflow/.local/lib/python3.6/site-packages/airflow/example_dags/example_time_delta_sensor_async.py
[2025-05-19 09:02:31,592] {processor.py:654} INFO - DAG(s) dict_keys(['example_time_delta_sensor_async']) retrieved from /home/airflow/.local/lib/python3.6/site-packages/airflow/example_dags/example_time_delta_sensor_async.py
[2025-05-19 09:02:31,633] {logging_mixin.py:109} INFO - [2025-05-19 09:02:31,632] {dag.py:2396} INFO - Sync 1 DAGs
[2025-05-19 09:02:31,687] {logging_mixin.py:109} INFO - [2025-05-19 09:02:31,687] {dag.py:2935} INFO - Setting next_dagrun for example_time_delta_sensor_async to None
[2025-05-19 09:02:31,711] {processor.py:171} INFO - Processing /home/airflow/.local/lib/python3.6/site-packages/airflow/example_dags/example_time_delta_sensor_async.py took 0.245 seconds
[2025-05-19 09:03:02,458] {processor.py:163} INFO - Started process (PID=1210) to work on /home/airflow/.local/lib/python3.6/site-packages/airflow/example_dags/example_time_delta_sensor_async.py
[2025-05-19 09:03:02,460] {processor.py:642} INFO - Processing file /home/airflow/.local/lib/python3.6/site-packages/airflow/example_dags/example_time_delta_sensor_async.py for tasks to queue
[2025-05-19 09:03:02,462] {logging_mixin.py:109} INFO - [2025-05-19 09:03:02,462] {dagbag.py:500} INFO - Filling up the DagBag from /home/airflow/.local/lib/python3.6/site-packages/airflow/example_dags/example_time_delta_sensor_async.py
[2025-05-19 09:03:02,527] {processor.py:654} INFO - DAG(s) dict_keys(['example_time_delta_sensor_async']) retrieved from /home/airflow/.local/lib/python3.6/site-packages/airflow/example_dags/example_time_delta_sensor_async.py
[2025-05-19 09:03:02,557] {logging_mixin.py:109} INFO - [2025-05-19 09:03:02,557] {dag.py:2396} INFO - Sync 1 DAGs
[2025-05-19 09:03:02,610] {logging_mixin.py:109} INFO - [2025-05-19 09:03:02,610] {dag.py:2935} INFO - Setting next_dagrun for example_time_delta_sensor_async to None
[2025-05-19 09:03:02,635] {processor.py:171} INFO - Processing /home/airflow/.local/lib/python3.6/site-packages/airflow/example_dags/example_time_delta_sensor_async.py took 0.184 seconds
[2025-05-19 09:03:32,956] {processor.py:163} INFO - Started process (PID=1252) to work on /home/airflow/.local/lib/python3.6/site-packages/airflow/example_dags/example_time_delta_sensor_async.py
[2025-05-19 09:03:32,959] {processor.py:642} INFO - Processing file /home/airflow/.local/lib/python3.6/site-packages/airflow/example_dags/example_time_delta_sensor_async.py for tasks to queue
[2025-05-19 09:03:32,960] {logging_mixin.py:109} INFO - [2025-05-19 09:03:32,960] {dagbag.py:500} INFO - Filling up the DagBag from /home/airflow/.local/lib/python3.6/site-packages/airflow/example_dags/example_time_delta_sensor_async.py
[2025-05-19 09:03:33,012] {processor.py:654} INFO - DAG(s) dict_keys(['example_time_delta_sensor_async']) retrieved from /home/airflow/.local/lib/python3.6/site-packages/airflow/example_dags/example_time_delta_sensor_async.py
[2025-05-19 09:03:33,032] {logging_mixin.py:109} INFO - [2025-05-19 09:03:33,032] {dag.py:2396} INFO - Sync 1 DAGs
[2025-05-19 09:03:33,067] {logging_mixin.py:109} INFO - [2025-05-19 09:03:33,066] {dag.py:2935} INFO - Setting next_dagrun for example_time_delta_sensor_async to None
[2025-05-19 09:03:33,084] {processor.py:171} INFO - Processing /home/airflow/.local/lib/python3.6/site-packages/airflow/example_dags/example_time_delta_sensor_async.py took 0.134 seconds
[2025-05-19 09:04:03,961] {processor.py:163} INFO - Started process (PID=1304) to work on /home/airflow/.local/lib/python3.6/site-packages/airflow/example_dags/example_time_delta_sensor_async.py
[2025-05-19 09:04:03,963] {processor.py:642} INFO - Processing file /home/airflow/.local/lib/python3.6/site-packages/airflow/example_dags/example_time_delta_sensor_async.py for tasks to queue
[2025-05-19 09:04:03,965] {logging_mixin.py:109} INFO - [2025-05-19 09:04:03,964] {dagbag.py:500} INFO - Filling up the DagBag from /home/airflow/.local/lib/python3.6/site-packages/airflow/example_dags/example_time_delta_sensor_async.py
[2025-05-19 09:04:04,010] {processor.py:654} INFO - DAG(s) dict_keys(['example_time_delta_sensor_async']) retrieved from /home/airflow/.local/lib/python3.6/site-packages/airflow/example_dags/example_time_delta_sensor_async.py
[2025-05-19 09:04:04,029] {logging_mixin.py:109} INFO - [2025-05-19 09:04:04,029] {dag.py:2396} INFO - Sync 1 DAGs
[2025-05-19 09:04:04,065] {logging_mixin.py:109} INFO - [2025-05-19 09:04:04,065] {dag.py:2935} INFO - Setting next_dagrun for example_time_delta_sensor_async to None
[2025-05-19 09:04:04,081] {processor.py:171} INFO - Processing /home/airflow/.local/lib/python3.6/site-packages/airflow/example_dags/example_time_delta_sensor_async.py took 0.126 seconds
[2025-05-19 09:04:34,171] {processor.py:163} INFO - Started process (PID=1363) to work on /home/airflow/.local/lib/python3.6/site-packages/airflow/example_dags/example_time_delta_sensor_async.py
[2025-05-19 09:04:34,178] {processor.py:642} INFO - Processing file /home/airflow/.local/lib/python3.6/site-packages/airflow/example_dags/example_time_delta_sensor_async.py for tasks to queue
[2025-05-19 09:04:34,183] {logging_mixin.py:109} INFO - [2025-05-19 09:04:34,182] {dagbag.py:500} INFO - Filling up the DagBag from /home/airflow/.local/lib/python3.6/site-packages/airflow/example_dags/example_time_delta_sensor_async.py
[2025-05-19 09:04:34,299] {processor.py:654} INFO - DAG(s) dict_keys(['example_time_delta_sensor_async']) retrieved from /home/airflow/.local/lib/python3.6/site-packages/airflow/example_dags/example_time_delta_sensor_async.py
[2025-05-19 09:04:34,360] {logging_mixin.py:109} INFO - [2025-05-19 09:04:34,360] {dag.py:2396} INFO - Sync 1 DAGs
[2025-05-19 09:04:34,426] {logging_mixin.py:109} INFO - [2025-05-19 09:04:34,426] {dag.py:2935} INFO - Setting next_dagrun for example_time_delta_sensor_async to None
[2025-05-19 09:04:34,451] {processor.py:171} INFO - Processing /home/airflow/.local/lib/python3.6/site-packages/airflow/example_dags/example_time_delta_sensor_async.py took 0.301 seconds
[2025-05-19 09:05:04,583] {processor.py:163} INFO - Started process (PID=1409) to work on /home/airflow/.local/lib/python3.6/site-packages/airflow/example_dags/example_time_delta_sensor_async.py
[2025-05-19 09:05:04,587] {processor.py:642} INFO - Processing file /home/airflow/.local/lib/python3.6/site-packages/airflow/example_dags/example_time_delta_sensor_async.py for tasks to queue
[2025-05-19 09:05:04,589] {logging_mixin.py:109} INFO - [2025-05-19 09:05:04,589] {dagbag.py:500} INFO - Filling up the DagBag from /home/airflow/.local/lib/python3.6/site-packages/airflow/example_dags/example_time_delta_sensor_async.py
[2025-05-19 09:05:04,695] {processor.py:654} INFO - DAG(s) dict_keys(['example_time_delta_sensor_async']) retrieved from /home/airflow/.local/lib/python3.6/site-packages/airflow/example_dags/example_time_delta_sensor_async.py
[2025-05-19 09:05:04,728] {logging_mixin.py:109} INFO - [2025-05-19 09:05:04,728] {dag.py:2396} INFO - Sync 1 DAGs
[2025-05-19 09:05:04,817] {logging_mixin.py:109} INFO - [2025-05-19 09:05:04,816] {dag.py:2935} INFO - Setting next_dagrun for example_time_delta_sensor_async to None
[2025-05-19 09:05:04,846] {processor.py:171} INFO - Processing /home/airflow/.local/lib/python3.6/site-packages/airflow/example_dags/example_time_delta_sensor_async.py took 0.277 seconds
[2025-05-19 09:05:35,488] {processor.py:163} INFO - Started process (PID=1461) to work on /home/airflow/.local/lib/python3.6/site-packages/airflow/example_dags/example_time_delta_sensor_async.py
[2025-05-19 09:05:35,490] {processor.py:642} INFO - Processing file /home/airflow/.local/lib/python3.6/site-packages/airflow/example_dags/example_time_delta_sensor_async.py for tasks to queue
[2025-05-19 09:05:35,492] {logging_mixin.py:109} INFO - [2025-05-19 09:05:35,492] {dagbag.py:500} INFO - Filling up the DagBag from /home/airflow/.local/lib/python3.6/site-packages/airflow/example_dags/example_time_delta_sensor_async.py
[2025-05-19 09:05:35,542] {processor.py:654} INFO - DAG(s) dict_keys(['example_time_delta_sensor_async']) retrieved from /home/airflow/.local/lib/python3.6/site-packages/airflow/example_dags/example_time_delta_sensor_async.py
[2025-05-19 09:05:35,556] {logging_mixin.py:109} INFO - [2025-05-19 09:05:35,556] {dag.py:2396} INFO - Sync 1 DAGs
[2025-05-19 09:05:35,581] {logging_mixin.py:109} INFO - [2025-05-19 09:05:35,581] {dag.py:2935} INFO - Setting next_dagrun for example_time_delta_sensor_async to None
[2025-05-19 09:05:35,594] {processor.py:171} INFO - Processing /home/airflow/.local/lib/python3.6/site-packages/airflow/example_dags/example_time_delta_sensor_async.py took 0.110 seconds
[2025-05-19 09:06:05,708] {processor.py:163} INFO - Started process (PID=1513) to work on /home/airflow/.local/lib/python3.6/site-packages/airflow/example_dags/example_time_delta_sensor_async.py
[2025-05-19 09:06:05,710] {processor.py:642} INFO - Processing file /home/airflow/.local/lib/python3.6/site-packages/airflow/example_dags/example_time_delta_sensor_async.py for tasks to queue
[2025-05-19 09:06:05,711] {logging_mixin.py:109} INFO - [2025-05-19 09:06:05,711] {dagbag.py:500} INFO - Filling up the DagBag from /home/airflow/.local/lib/python3.6/site-packages/airflow/example_dags/example_time_delta_sensor_async.py
[2025-05-19 09:06:05,755] {processor.py:654} INFO - DAG(s) dict_keys(['example_time_delta_sensor_async']) retrieved from /home/airflow/.local/lib/python3.6/site-packages/airflow/example_dags/example_time_delta_sensor_async.py
[2025-05-19 09:06:05,770] {logging_mixin.py:109} INFO - [2025-05-19 09:06:05,769] {dag.py:2396} INFO - Sync 1 DAGs
[2025-05-19 09:06:05,794] {logging_mixin.py:109} INFO - [2025-05-19 09:06:05,794] {dag.py:2935} INFO - Setting next_dagrun for example_time_delta_sensor_async to None
[2025-05-19 09:06:05,809] {processor.py:171} INFO - Processing /home/airflow/.local/lib/python3.6/site-packages/airflow/example_dags/example_time_delta_sensor_async.py took 0.106 seconds
[2025-05-19 09:06:36,297] {processor.py:163} INFO - Started process (PID=1575) to work on /home/airflow/.local/lib/python3.6/site-packages/airflow/example_dags/example_time_delta_sensor_async.py
[2025-05-19 09:06:36,298] {processor.py:642} INFO - Processing file /home/airflow/.local/lib/python3.6/site-packages/airflow/example_dags/example_time_delta_sensor_async.py for tasks to queue
[2025-05-19 09:06:36,300] {logging_mixin.py:109} INFO - [2025-05-19 09:06:36,300] {dagbag.py:500} INFO - Filling up the DagBag from /home/airflow/.local/lib/python3.6/site-packages/airflow/example_dags/example_time_delta_sensor_async.py
[2025-05-19 09:06:36,341] {processor.py:654} INFO - DAG(s) dict_keys(['example_time_delta_sensor_async']) retrieved from /home/airflow/.local/lib/python3.6/site-packages/airflow/example_dags/example_time_delta_sensor_async.py
[2025-05-19 09:06:36,358] {logging_mixin.py:109} INFO - [2025-05-19 09:06:36,358] {dag.py:2396} INFO - Sync 1 DAGs
[2025-05-19 09:06:36,388] {logging_mixin.py:109} INFO - [2025-05-19 09:06:36,388] {dag.py:2935} INFO - Setting next_dagrun for example_time_delta_sensor_async to None
[2025-05-19 09:06:36,400] {processor.py:171} INFO - Processing /home/airflow/.local/lib/python3.6/site-packages/airflow/example_dags/example_time_delta_sensor_async.py took 0.108 seconds
[2025-05-19 09:07:07,239] {processor.py:163} INFO - Started process (PID=1627) to work on /home/airflow/.local/lib/python3.6/site-packages/airflow/example_dags/example_time_delta_sensor_async.py
[2025-05-19 09:07:07,241] {processor.py:642} INFO - Processing file /home/airflow/.local/lib/python3.6/site-packages/airflow/example_dags/example_time_delta_sensor_async.py for tasks to queue
[2025-05-19 09:07:07,242] {logging_mixin.py:109} INFO - [2025-05-19 09:07:07,241] {dagbag.py:500} INFO - Filling up the DagBag from /home/airflow/.local/lib/python3.6/site-packages/airflow/example_dags/example_time_delta_sensor_async.py
[2025-05-19 09:07:07,269] {processor.py:654} INFO - DAG(s) dict_keys(['example_time_delta_sensor_async']) retrieved from /home/airflow/.local/lib/python3.6/site-packages/airflow/example_dags/example_time_delta_sensor_async.py
[2025-05-19 09:07:07,280] {logging_mixin.py:109} INFO - [2025-05-19 09:07:07,279] {dag.py:2396} INFO - Sync 1 DAGs
[2025-05-19 09:07:07,298] {logging_mixin.py:109} INFO - [2025-05-19 09:07:07,297] {dag.py:2935} INFO - Setting next_dagrun for example_time_delta_sensor_async to None
[2025-05-19 09:07:07,310] {processor.py:171} INFO - Processing /home/airflow/.local/lib/python3.6/site-packages/airflow/example_dags/example_time_delta_sensor_async.py took 0.074 seconds
[2025-05-19 09:07:37,567] {processor.py:163} INFO - Started process (PID=1686) to work on /home/airflow/.local/lib/python3.6/site-packages/airflow/example_dags/example_time_delta_sensor_async.py
[2025-05-19 09:07:37,568] {processor.py:642} INFO - Processing file /home/airflow/.local/lib/python3.6/site-packages/airflow/example_dags/example_time_delta_sensor_async.py for tasks to queue
[2025-05-19 09:07:37,569] {logging_mixin.py:109} INFO - [2025-05-19 09:07:37,569] {dagbag.py:500} INFO - Filling up the DagBag from /home/airflow/.local/lib/python3.6/site-packages/airflow/example_dags/example_time_delta_sensor_async.py
[2025-05-19 09:07:37,605] {processor.py:654} INFO - DAG(s) dict_keys(['example_time_delta_sensor_async']) retrieved from /home/airflow/.local/lib/python3.6/site-packages/airflow/example_dags/example_time_delta_sensor_async.py
[2025-05-19 09:07:37,617] {logging_mixin.py:109} INFO - [2025-05-19 09:07:37,617] {dag.py:2396} INFO - Sync 1 DAGs
[2025-05-19 09:07:37,638] {logging_mixin.py:109} INFO - [2025-05-19 09:07:37,638] {dag.py:2935} INFO - Setting next_dagrun for example_time_delta_sensor_async to None
[2025-05-19 09:07:37,650] {processor.py:171} INFO - Processing /home/airflow/.local/lib/python3.6/site-packages/airflow/example_dags/example_time_delta_sensor_async.py took 0.087 seconds
[2025-05-19 09:08:08,382] {processor.py:163} INFO - Started process (PID=1741) to work on /home/airflow/.local/lib/python3.6/site-packages/airflow/example_dags/example_time_delta_sensor_async.py
[2025-05-19 09:08:08,384] {processor.py:642} INFO - Processing file /home/airflow/.local/lib/python3.6/site-packages/airflow/example_dags/example_time_delta_sensor_async.py for tasks to queue
[2025-05-19 09:08:08,386] {logging_mixin.py:109} INFO - [2025-05-19 09:08:08,386] {dagbag.py:500} INFO - Filling up the DagBag from /home/airflow/.local/lib/python3.6/site-packages/airflow/example_dags/example_time_delta_sensor_async.py
[2025-05-19 09:08:08,429] {processor.py:654} INFO - DAG(s) dict_keys(['example_time_delta_sensor_async']) retrieved from /home/airflow/.local/lib/python3.6/site-packages/airflow/example_dags/example_time_delta_sensor_async.py
[2025-05-19 09:08:08,446] {logging_mixin.py:109} INFO - [2025-05-19 09:08:08,445] {dag.py:2396} INFO - Sync 1 DAGs
[2025-05-19 09:08:08,484] {logging_mixin.py:109} INFO - [2025-05-19 09:08:08,484] {dag.py:2935} INFO - Setting next_dagrun for example_time_delta_sensor_async to None
[2025-05-19 09:08:08,499] {processor.py:171} INFO - Processing /home/airflow/.local/lib/python3.6/site-packages/airflow/example_dags/example_time_delta_sensor_async.py took 0.122 seconds
[2025-05-19 09:08:38,586] {processor.py:163} INFO - Started process (PID=1793) to work on /home/airflow/.local/lib/python3.6/site-packages/airflow/example_dags/example_time_delta_sensor_async.py
[2025-05-19 09:08:38,588] {processor.py:642} INFO - Processing file /home/airflow/.local/lib/python3.6/site-packages/airflow/example_dags/example_time_delta_sensor_async.py for tasks to queue
[2025-05-19 09:08:38,589] {logging_mixin.py:109} INFO - [2025-05-19 09:08:38,589] {dagbag.py:500} INFO - Filling up the DagBag from /home/airflow/.local/lib/python3.6/site-packages/airflow/example_dags/example_time_delta_sensor_async.py
[2025-05-19 09:08:38,625] {processor.py:654} INFO - DAG(s) dict_keys(['example_time_delta_sensor_async']) retrieved from /home/airflow/.local/lib/python3.6/site-packages/airflow/example_dags/example_time_delta_sensor_async.py
[2025-05-19 09:08:38,639] {logging_mixin.py:109} INFO - [2025-05-19 09:08:38,639] {dag.py:2396} INFO - Sync 1 DAGs
[2025-05-19 09:08:38,664] {logging_mixin.py:109} INFO - [2025-05-19 09:08:38,664] {dag.py:2935} INFO - Setting next_dagrun for example_time_delta_sensor_async to None
[2025-05-19 09:08:38,678] {processor.py:171} INFO - Processing /home/airflow/.local/lib/python3.6/site-packages/airflow/example_dags/example_time_delta_sensor_async.py took 0.097 seconds
[2025-05-19 09:09:08,858] {processor.py:163} INFO - Started process (PID=1855) to work on /home/airflow/.local/lib/python3.6/site-packages/airflow/example_dags/example_time_delta_sensor_async.py
[2025-05-19 09:09:08,866] {processor.py:642} INFO - Processing file /home/airflow/.local/lib/python3.6/site-packages/airflow/example_dags/example_time_delta_sensor_async.py for tasks to queue
[2025-05-19 09:09:08,869] {logging_mixin.py:109} INFO - [2025-05-19 09:09:08,869] {dagbag.py:500} INFO - Filling up the DagBag from /home/airflow/.local/lib/python3.6/site-packages/airflow/example_dags/example_time_delta_sensor_async.py
[2025-05-19 09:09:08,944] {processor.py:654} INFO - DAG(s) dict_keys(['example_time_delta_sensor_async']) retrieved from /home/airflow/.local/lib/python3.6/site-packages/airflow/example_dags/example_time_delta_sensor_async.py
[2025-05-19 09:09:08,964] {logging_mixin.py:109} INFO - [2025-05-19 09:09:08,963] {dag.py:2396} INFO - Sync 1 DAGs
[2025-05-19 09:09:08,997] {logging_mixin.py:109} INFO - [2025-05-19 09:09:08,996] {dag.py:2935} INFO - Setting next_dagrun for example_time_delta_sensor_async to None
[2025-05-19 09:09:09,018] {processor.py:171} INFO - Processing /home/airflow/.local/lib/python3.6/site-packages/airflow/example_dags/example_time_delta_sensor_async.py took 0.168 seconds
[2025-05-19 09:09:39,434] {processor.py:163} INFO - Started process (PID=1907) to work on /home/airflow/.local/lib/python3.6/site-packages/airflow/example_dags/example_time_delta_sensor_async.py
[2025-05-19 09:09:39,436] {processor.py:642} INFO - Processing file /home/airflow/.local/lib/python3.6/site-packages/airflow/example_dags/example_time_delta_sensor_async.py for tasks to queue
[2025-05-19 09:09:39,437] {logging_mixin.py:109} INFO - [2025-05-19 09:09:39,437] {dagbag.py:500} INFO - Filling up the DagBag from /home/airflow/.local/lib/python3.6/site-packages/airflow/example_dags/example_time_delta_sensor_async.py
[2025-05-19 09:09:39,466] {processor.py:654} INFO - DAG(s) dict_keys(['example_time_delta_sensor_async']) retrieved from /home/airflow/.local/lib/python3.6/site-packages/airflow/example_dags/example_time_delta_sensor_async.py
[2025-05-19 09:09:39,488] {logging_mixin.py:109} INFO - [2025-05-19 09:09:39,488] {dag.py:2396} INFO - Sync 1 DAGs
[2025-05-19 09:09:39,511] {logging_mixin.py:109} INFO - [2025-05-19 09:09:39,511] {dag.py:2935} INFO - Setting next_dagrun for example_time_delta_sensor_async to None
[2025-05-19 09:09:39,522] {processor.py:171} INFO - Processing /home/airflow/.local/lib/python3.6/site-packages/airflow/example_dags/example_time_delta_sensor_async.py took 0.092 seconds
[2025-05-19 09:10:10,011] {processor.py:163} INFO - Started process (PID=1966) to work on /home/airflow/.local/lib/python3.6/site-packages/airflow/example_dags/example_time_delta_sensor_async.py
[2025-05-19 09:10:10,013] {processor.py:642} INFO - Processing file /home/airflow/.local/lib/python3.6/site-packages/airflow/example_dags/example_time_delta_sensor_async.py for tasks to queue
[2025-05-19 09:10:10,015] {logging_mixin.py:109} INFO - [2025-05-19 09:10:10,015] {dagbag.py:500} INFO - Filling up the DagBag from /home/airflow/.local/lib/python3.6/site-packages/airflow/example_dags/example_time_delta_sensor_async.py
[2025-05-19 09:10:10,059] {processor.py:654} INFO - DAG(s) dict_keys(['example_time_delta_sensor_async']) retrieved from /home/airflow/.local/lib/python3.6/site-packages/airflow/example_dags/example_time_delta_sensor_async.py
[2025-05-19 09:10:10,075] {logging_mixin.py:109} INFO - [2025-05-19 09:10:10,075] {dag.py:2396} INFO - Sync 1 DAGs
[2025-05-19 09:10:10,102] {logging_mixin.py:109} INFO - [2025-05-19 09:10:10,102] {dag.py:2935} INFO - Setting next_dagrun for example_time_delta_sensor_async to None
[2025-05-19 09:10:10,118] {processor.py:171} INFO - Processing /home/airflow/.local/lib/python3.6/site-packages/airflow/example_dags/example_time_delta_sensor_async.py took 0.113 seconds
[2025-05-19 09:10:40,364] {processor.py:163} INFO - Started process (PID=2021) to work on /home/airflow/.local/lib/python3.6/site-packages/airflow/example_dags/example_time_delta_sensor_async.py
[2025-05-19 09:10:40,366] {processor.py:642} INFO - Processing file /home/airflow/.local/lib/python3.6/site-packages/airflow/example_dags/example_time_delta_sensor_async.py for tasks to queue
[2025-05-19 09:10:40,368] {logging_mixin.py:109} INFO - [2025-05-19 09:10:40,368] {dagbag.py:500} INFO - Filling up the DagBag from /home/airflow/.local/lib/python3.6/site-packages/airflow/example_dags/example_time_delta_sensor_async.py
[2025-05-19 09:10:40,425] {processor.py:654} INFO - DAG(s) dict_keys(['example_time_delta_sensor_async']) retrieved from /home/airflow/.local/lib/python3.6/site-packages/airflow/example_dags/example_time_delta_sensor_async.py
[2025-05-19 09:10:40,450] {logging_mixin.py:109} INFO - [2025-05-19 09:10:40,450] {dag.py:2396} INFO - Sync 1 DAGs
[2025-05-19 09:10:40,512] {logging_mixin.py:109} INFO - [2025-05-19 09:10:40,512] {dag.py:2935} INFO - Setting next_dagrun for example_time_delta_sensor_async to None
[2025-05-19 09:10:40,560] {processor.py:171} INFO - Processing /home/airflow/.local/lib/python3.6/site-packages/airflow/example_dags/example_time_delta_sensor_async.py took 0.203 seconds
[2025-05-19 09:11:11,437] {processor.py:163} INFO - Started process (PID=2074) to work on /home/airflow/.local/lib/python3.6/site-packages/airflow/example_dags/example_time_delta_sensor_async.py
[2025-05-19 09:11:11,439] {processor.py:642} INFO - Processing file /home/airflow/.local/lib/python3.6/site-packages/airflow/example_dags/example_time_delta_sensor_async.py for tasks to queue
[2025-05-19 09:11:11,440] {logging_mixin.py:109} INFO - [2025-05-19 09:11:11,440] {dagbag.py:500} INFO - Filling up the DagBag from /home/airflow/.local/lib/python3.6/site-packages/airflow/example_dags/example_time_delta_sensor_async.py
[2025-05-19 09:11:11,477] {processor.py:654} INFO - DAG(s) dict_keys(['example_time_delta_sensor_async']) retrieved from /home/airflow/.local/lib/python3.6/site-packages/airflow/example_dags/example_time_delta_sensor_async.py
[2025-05-19 09:11:11,492] {logging_mixin.py:109} INFO - [2025-05-19 09:11:11,491] {dag.py:2396} INFO - Sync 1 DAGs
[2025-05-19 09:11:11,517] {logging_mixin.py:109} INFO - [2025-05-19 09:11:11,517] {dag.py:2935} INFO - Setting next_dagrun for example_time_delta_sensor_async to None
[2025-05-19 09:11:11,531] {processor.py:171} INFO - Processing /home/airflow/.local/lib/python3.6/site-packages/airflow/example_dags/example_time_delta_sensor_async.py took 0.098 seconds
[2025-05-19 09:11:41,988] {processor.py:163} INFO - Started process (PID=2126) to work on /home/airflow/.local/lib/python3.6/site-packages/airflow/example_dags/example_time_delta_sensor_async.py
[2025-05-19 09:11:41,990] {processor.py:642} INFO - Processing file /home/airflow/.local/lib/python3.6/site-packages/airflow/example_dags/example_time_delta_sensor_async.py for tasks to queue
[2025-05-19 09:11:41,991] {logging_mixin.py:109} INFO - [2025-05-19 09:11:41,990] {dagbag.py:500} INFO - Filling up the DagBag from /home/airflow/.local/lib/python3.6/site-packages/airflow/example_dags/example_time_delta_sensor_async.py
[2025-05-19 09:11:42,023] {processor.py:654} INFO - DAG(s) dict_keys(['example_time_delta_sensor_async']) retrieved from /home/airflow/.local/lib/python3.6/site-packages/airflow/example_dags/example_time_delta_sensor_async.py
[2025-05-19 09:11:42,035] {logging_mixin.py:109} INFO - [2025-05-19 09:11:42,035] {dag.py:2396} INFO - Sync 1 DAGs
[2025-05-19 09:11:42,059] {logging_mixin.py:109} INFO - [2025-05-19 09:11:42,059] {dag.py:2935} INFO - Setting next_dagrun for example_time_delta_sensor_async to None
[2025-05-19 09:11:42,071] {processor.py:171} INFO - Processing /home/airflow/.local/lib/python3.6/site-packages/airflow/example_dags/example_time_delta_sensor_async.py took 0.087 seconds
[2025-05-19 09:12:12,170] {processor.py:163} INFO - Started process (PID=2178) to work on /home/airflow/.local/lib/python3.6/site-packages/airflow/example_dags/example_time_delta_sensor_async.py
[2025-05-19 09:12:12,172] {processor.py:642} INFO - Processing file /home/airflow/.local/lib/python3.6/site-packages/airflow/example_dags/example_time_delta_sensor_async.py for tasks to queue
[2025-05-19 09:12:12,173] {logging_mixin.py:109} INFO - [2025-05-19 09:12:12,173] {dagbag.py:500} INFO - Filling up the DagBag from /home/airflow/.local/lib/python3.6/site-packages/airflow/example_dags/example_time_delta_sensor_async.py
[2025-05-19 09:12:12,212] {processor.py:654} INFO - DAG(s) dict_keys(['example_time_delta_sensor_async']) retrieved from /home/airflow/.local/lib/python3.6/site-packages/airflow/example_dags/example_time_delta_sensor_async.py
[2025-05-19 09:12:12,230] {logging_mixin.py:109} INFO - [2025-05-19 09:12:12,229] {dag.py:2396} INFO - Sync 1 DAGs
[2025-05-19 09:12:12,256] {logging_mixin.py:109} INFO - [2025-05-19 09:12:12,256] {dag.py:2935} INFO - Setting next_dagrun for example_time_delta_sensor_async to None
[2025-05-19 09:12:12,269] {processor.py:171} INFO - Processing /home/airflow/.local/lib/python3.6/site-packages/airflow/example_dags/example_time_delta_sensor_async.py took 0.103 seconds
[2025-05-19 09:12:43,081] {processor.py:163} INFO - Started process (PID=2230) to work on /home/airflow/.local/lib/python3.6/site-packages/airflow/example_dags/example_time_delta_sensor_async.py
[2025-05-19 09:12:43,083] {processor.py:642} INFO - Processing file /home/airflow/.local/lib/python3.6/site-packages/airflow/example_dags/example_time_delta_sensor_async.py for tasks to queue
[2025-05-19 09:12:43,084] {logging_mixin.py:109} INFO - [2025-05-19 09:12:43,084] {dagbag.py:500} INFO - Filling up the DagBag from /home/airflow/.local/lib/python3.6/site-packages/airflow/example_dags/example_time_delta_sensor_async.py
[2025-05-19 09:12:43,125] {processor.py:654} INFO - DAG(s) dict_keys(['example_time_delta_sensor_async']) retrieved from /home/airflow/.local/lib/python3.6/site-packages/airflow/example_dags/example_time_delta_sensor_async.py
[2025-05-19 09:12:43,139] {logging_mixin.py:109} INFO - [2025-05-19 09:12:43,138] {dag.py:2396} INFO - Sync 1 DAGs
[2025-05-19 09:12:43,168] {logging_mixin.py:109} INFO - [2025-05-19 09:12:43,168] {dag.py:2935} INFO - Setting next_dagrun for example_time_delta_sensor_async to None
[2025-05-19 09:12:43,185] {processor.py:171} INFO - Processing /home/airflow/.local/lib/python3.6/site-packages/airflow/example_dags/example_time_delta_sensor_async.py took 0.110 seconds
[2025-05-19 09:13:13,490] {processor.py:163} INFO - Started process (PID=2282) to work on /home/airflow/.local/lib/python3.6/site-packages/airflow/example_dags/example_time_delta_sensor_async.py
[2025-05-19 09:13:13,492] {processor.py:642} INFO - Processing file /home/airflow/.local/lib/python3.6/site-packages/airflow/example_dags/example_time_delta_sensor_async.py for tasks to queue
[2025-05-19 09:13:13,494] {logging_mixin.py:109} INFO - [2025-05-19 09:13:13,493] {dagbag.py:500} INFO - Filling up the DagBag from /home/airflow/.local/lib/python3.6/site-packages/airflow/example_dags/example_time_delta_sensor_async.py
[2025-05-19 09:13:13,523] {processor.py:654} INFO - DAG(s) dict_keys(['example_time_delta_sensor_async']) retrieved from /home/airflow/.local/lib/python3.6/site-packages/airflow/example_dags/example_time_delta_sensor_async.py
[2025-05-19 09:13:13,534] {logging_mixin.py:109} INFO - [2025-05-19 09:13:13,533] {dag.py:2396} INFO - Sync 1 DAGs
[2025-05-19 09:13:13,553] {logging_mixin.py:109} INFO - [2025-05-19 09:13:13,553] {dag.py:2935} INFO - Setting next_dagrun for example_time_delta_sensor_async to None
[2025-05-19 09:13:13,565] {processor.py:171} INFO - Processing /home/airflow/.local/lib/python3.6/site-packages/airflow/example_dags/example_time_delta_sensor_async.py took 0.079 seconds
[2025-05-19 09:13:44,474] {processor.py:163} INFO - Started process (PID=2343) to work on /home/airflow/.local/lib/python3.6/site-packages/airflow/example_dags/example_time_delta_sensor_async.py
[2025-05-19 09:13:44,478] {processor.py:642} INFO - Processing file /home/airflow/.local/lib/python3.6/site-packages/airflow/example_dags/example_time_delta_sensor_async.py for tasks to queue
[2025-05-19 09:13:44,481] {logging_mixin.py:109} INFO - [2025-05-19 09:13:44,481] {dagbag.py:500} INFO - Filling up the DagBag from /home/airflow/.local/lib/python3.6/site-packages/airflow/example_dags/example_time_delta_sensor_async.py
[2025-05-19 09:13:44,584] {processor.py:654} INFO - DAG(s) dict_keys(['example_time_delta_sensor_async']) retrieved from /home/airflow/.local/lib/python3.6/site-packages/airflow/example_dags/example_time_delta_sensor_async.py
[2025-05-19 09:13:44,619] {logging_mixin.py:109} INFO - [2025-05-19 09:13:44,619] {dag.py:2396} INFO - Sync 1 DAGs
[2025-05-19 09:13:44,692] {logging_mixin.py:109} INFO - [2025-05-19 09:13:44,691] {dag.py:2935} INFO - Setting next_dagrun for example_time_delta_sensor_async to None
[2025-05-19 09:13:44,735] {processor.py:171} INFO - Processing /home/airflow/.local/lib/python3.6/site-packages/airflow/example_dags/example_time_delta_sensor_async.py took 0.270 seconds
[2025-05-19 09:14:15,252] {processor.py:163} INFO - Started process (PID=2386) to work on /home/airflow/.local/lib/python3.6/site-packages/airflow/example_dags/example_time_delta_sensor_async.py
[2025-05-19 09:14:15,254] {processor.py:642} INFO - Processing file /home/airflow/.local/lib/python3.6/site-packages/airflow/example_dags/example_time_delta_sensor_async.py for tasks to queue
[2025-05-19 09:14:15,256] {logging_mixin.py:109} INFO - [2025-05-19 09:14:15,256] {dagbag.py:500} INFO - Filling up the DagBag from /home/airflow/.local/lib/python3.6/site-packages/airflow/example_dags/example_time_delta_sensor_async.py
[2025-05-19 09:14:15,293] {processor.py:654} INFO - DAG(s) dict_keys(['example_time_delta_sensor_async']) retrieved from /home/airflow/.local/lib/python3.6/site-packages/airflow/example_dags/example_time_delta_sensor_async.py
[2025-05-19 09:14:15,307] {logging_mixin.py:109} INFO - [2025-05-19 09:14:15,307] {dag.py:2396} INFO - Sync 1 DAGs
[2025-05-19 09:14:15,329] {logging_mixin.py:109} INFO - [2025-05-19 09:14:15,329] {dag.py:2935} INFO - Setting next_dagrun for example_time_delta_sensor_async to None
[2025-05-19 09:14:15,344] {processor.py:171} INFO - Processing /home/airflow/.local/lib/python3.6/site-packages/airflow/example_dags/example_time_delta_sensor_async.py took 0.097 seconds
[2025-05-19 19:33:54,772] {processor.py:163} INFO - Started process (PID=65) to work on /home/airflow/.local/lib/python3.6/site-packages/airflow/example_dags/example_time_delta_sensor_async.py
[2025-05-19 19:33:54,777] {processor.py:642} INFO - Processing file /home/airflow/.local/lib/python3.6/site-packages/airflow/example_dags/example_time_delta_sensor_async.py for tasks to queue
[2025-05-19 19:33:54,780] {logging_mixin.py:109} INFO - [2025-05-19 19:33:54,780] {dagbag.py:500} INFO - Filling up the DagBag from /home/airflow/.local/lib/python3.6/site-packages/airflow/example_dags/example_time_delta_sensor_async.py
[2025-05-19 19:33:55,165] {processor.py:654} INFO - DAG(s) dict_keys(['example_time_delta_sensor_async']) retrieved from /home/airflow/.local/lib/python3.6/site-packages/airflow/example_dags/example_time_delta_sensor_async.py
[2025-05-19 19:33:55,199] {logging_mixin.py:109} INFO - [2025-05-19 19:33:55,199] {dag.py:2396} INFO - Sync 1 DAGs
[2025-05-19 19:33:55,253] {logging_mixin.py:109} INFO - [2025-05-19 19:33:55,253] {dag.py:2935} INFO - Setting next_dagrun for example_time_delta_sensor_async to None
[2025-05-19 19:33:55,291] {processor.py:171} INFO - Processing /home/airflow/.local/lib/python3.6/site-packages/airflow/example_dags/example_time_delta_sensor_async.py took 0.544 seconds
[2025-05-19 19:34:27,118] {processor.py:163} INFO - Started process (PID=117) to work on /home/airflow/.local/lib/python3.6/site-packages/airflow/example_dags/example_time_delta_sensor_async.py
[2025-05-19 19:34:27,129] {processor.py:642} INFO - Processing file /home/airflow/.local/lib/python3.6/site-packages/airflow/example_dags/example_time_delta_sensor_async.py for tasks to queue
[2025-05-19 19:34:27,139] {logging_mixin.py:109} INFO - [2025-05-19 19:34:27,132] {dagbag.py:500} INFO - Filling up the DagBag from /home/airflow/.local/lib/python3.6/site-packages/airflow/example_dags/example_time_delta_sensor_async.py
[2025-05-19 19:34:27,246] {processor.py:654} INFO - DAG(s) dict_keys(['example_time_delta_sensor_async']) retrieved from /home/airflow/.local/lib/python3.6/site-packages/airflow/example_dags/example_time_delta_sensor_async.py
[2025-05-19 19:34:27,337] {logging_mixin.py:109} INFO - [2025-05-19 19:34:27,336] {dag.py:2396} INFO - Sync 1 DAGs
[2025-05-19 19:34:27,559] {logging_mixin.py:109} INFO - [2025-05-19 19:34:27,532] {dag.py:2935} INFO - Setting next_dagrun for example_time_delta_sensor_async to None
[2025-05-19 19:34:27,863] {processor.py:171} INFO - Processing /home/airflow/.local/lib/python3.6/site-packages/airflow/example_dags/example_time_delta_sensor_async.py took 0.754 seconds
[2025-05-19 19:34:58,030] {processor.py:163} INFO - Started process (PID=167) to work on /home/airflow/.local/lib/python3.6/site-packages/airflow/example_dags/example_time_delta_sensor_async.py
[2025-05-19 19:34:58,034] {processor.py:642} INFO - Processing file /home/airflow/.local/lib/python3.6/site-packages/airflow/example_dags/example_time_delta_sensor_async.py for tasks to queue
[2025-05-19 19:34:58,036] {logging_mixin.py:109} INFO - [2025-05-19 19:34:58,035] {dagbag.py:500} INFO - Filling up the DagBag from /home/airflow/.local/lib/python3.6/site-packages/airflow/example_dags/example_time_delta_sensor_async.py
[2025-05-19 19:34:58,100] {processor.py:654} INFO - DAG(s) dict_keys(['example_time_delta_sensor_async']) retrieved from /home/airflow/.local/lib/python3.6/site-packages/airflow/example_dags/example_time_delta_sensor_async.py
[2025-05-19 19:34:58,129] {logging_mixin.py:109} INFO - [2025-05-19 19:34:58,129] {dag.py:2396} INFO - Sync 1 DAGs
[2025-05-19 19:34:58,177] {logging_mixin.py:109} INFO - [2025-05-19 19:34:58,176] {dag.py:2935} INFO - Setting next_dagrun for example_time_delta_sensor_async to None
[2025-05-19 19:34:58,197] {processor.py:171} INFO - Processing /home/airflow/.local/lib/python3.6/site-packages/airflow/example_dags/example_time_delta_sensor_async.py took 0.176 seconds
[2025-05-19 19:35:28,409] {processor.py:163} INFO - Started process (PID=212) to work on /home/airflow/.local/lib/python3.6/site-packages/airflow/example_dags/example_time_delta_sensor_async.py
[2025-05-19 19:35:28,416] {processor.py:642} INFO - Processing file /home/airflow/.local/lib/python3.6/site-packages/airflow/example_dags/example_time_delta_sensor_async.py for tasks to queue
[2025-05-19 19:35:28,418] {logging_mixin.py:109} INFO - [2025-05-19 19:35:28,418] {dagbag.py:500} INFO - Filling up the DagBag from /home/airflow/.local/lib/python3.6/site-packages/airflow/example_dags/example_time_delta_sensor_async.py
[2025-05-19 19:35:28,508] {processor.py:654} INFO - DAG(s) dict_keys(['example_time_delta_sensor_async']) retrieved from /home/airflow/.local/lib/python3.6/site-packages/airflow/example_dags/example_time_delta_sensor_async.py
[2025-05-19 19:35:28,540] {logging_mixin.py:109} INFO - [2025-05-19 19:35:28,540] {dag.py:2396} INFO - Sync 1 DAGs
[2025-05-19 19:35:28,599] {logging_mixin.py:109} INFO - [2025-05-19 19:35:28,599] {dag.py:2935} INFO - Setting next_dagrun for example_time_delta_sensor_async to None
[2025-05-19 19:35:28,627] {processor.py:171} INFO - Processing /home/airflow/.local/lib/python3.6/site-packages/airflow/example_dags/example_time_delta_sensor_async.py took 0.227 seconds
[2025-05-19 19:35:58,761] {processor.py:163} INFO - Started process (PID=263) to work on /home/airflow/.local/lib/python3.6/site-packages/airflow/example_dags/example_time_delta_sensor_async.py
[2025-05-19 19:35:58,764] {processor.py:642} INFO - Processing file /home/airflow/.local/lib/python3.6/site-packages/airflow/example_dags/example_time_delta_sensor_async.py for tasks to queue
[2025-05-19 19:35:58,766] {logging_mixin.py:109} INFO - [2025-05-19 19:35:58,765] {dagbag.py:500} INFO - Filling up the DagBag from /home/airflow/.local/lib/python3.6/site-packages/airflow/example_dags/example_time_delta_sensor_async.py
[2025-05-19 19:35:58,816] {processor.py:654} INFO - DAG(s) dict_keys(['example_time_delta_sensor_async']) retrieved from /home/airflow/.local/lib/python3.6/site-packages/airflow/example_dags/example_time_delta_sensor_async.py
[2025-05-19 19:35:58,835] {logging_mixin.py:109} INFO - [2025-05-19 19:35:58,835] {dag.py:2396} INFO - Sync 1 DAGs
[2025-05-19 19:35:58,873] {logging_mixin.py:109} INFO - [2025-05-19 19:35:58,873] {dag.py:2935} INFO - Setting next_dagrun for example_time_delta_sensor_async to None
[2025-05-19 19:35:58,887] {processor.py:171} INFO - Processing /home/airflow/.local/lib/python3.6/site-packages/airflow/example_dags/example_time_delta_sensor_async.py took 0.133 seconds
[2025-05-19 19:36:28,971] {processor.py:163} INFO - Started process (PID=315) to work on /home/airflow/.local/lib/python3.6/site-packages/airflow/example_dags/example_time_delta_sensor_async.py
[2025-05-19 19:36:28,973] {processor.py:642} INFO - Processing file /home/airflow/.local/lib/python3.6/site-packages/airflow/example_dags/example_time_delta_sensor_async.py for tasks to queue
[2025-05-19 19:36:28,975] {logging_mixin.py:109} INFO - [2025-05-19 19:36:28,975] {dagbag.py:500} INFO - Filling up the DagBag from /home/airflow/.local/lib/python3.6/site-packages/airflow/example_dags/example_time_delta_sensor_async.py
[2025-05-19 19:36:29,025] {processor.py:654} INFO - DAG(s) dict_keys(['example_time_delta_sensor_async']) retrieved from /home/airflow/.local/lib/python3.6/site-packages/airflow/example_dags/example_time_delta_sensor_async.py
[2025-05-19 19:36:29,043] {logging_mixin.py:109} INFO - [2025-05-19 19:36:29,043] {dag.py:2396} INFO - Sync 1 DAGs
[2025-05-19 19:36:29,076] {logging_mixin.py:109} INFO - [2025-05-19 19:36:29,076] {dag.py:2935} INFO - Setting next_dagrun for example_time_delta_sensor_async to None
[2025-05-19 19:36:29,091] {processor.py:171} INFO - Processing /home/airflow/.local/lib/python3.6/site-packages/airflow/example_dags/example_time_delta_sensor_async.py took 0.126 seconds
[2025-05-19 19:36:59,457] {processor.py:163} INFO - Started process (PID=368) to work on /home/airflow/.local/lib/python3.6/site-packages/airflow/example_dags/example_time_delta_sensor_async.py
[2025-05-19 19:36:59,459] {processor.py:642} INFO - Processing file /home/airflow/.local/lib/python3.6/site-packages/airflow/example_dags/example_time_delta_sensor_async.py for tasks to queue
[2025-05-19 19:36:59,459] {logging_mixin.py:109} INFO - [2025-05-19 19:36:59,459] {dagbag.py:500} INFO - Filling up the DagBag from /home/airflow/.local/lib/python3.6/site-packages/airflow/example_dags/example_time_delta_sensor_async.py
[2025-05-19 19:36:59,487] {processor.py:654} INFO - DAG(s) dict_keys(['example_time_delta_sensor_async']) retrieved from /home/airflow/.local/lib/python3.6/site-packages/airflow/example_dags/example_time_delta_sensor_async.py
[2025-05-19 19:36:59,498] {logging_mixin.py:109} INFO - [2025-05-19 19:36:59,498] {dag.py:2396} INFO - Sync 1 DAGs
[2025-05-19 19:36:59,518] {logging_mixin.py:109} INFO - [2025-05-19 19:36:59,518] {dag.py:2935} INFO - Setting next_dagrun for example_time_delta_sensor_async to None
[2025-05-19 19:36:59,528] {processor.py:171} INFO - Processing /home/airflow/.local/lib/python3.6/site-packages/airflow/example_dags/example_time_delta_sensor_async.py took 0.076 seconds
