[2025-05-19 08:52:19,972] {processor.py:163} INFO - Started process (PID=110) to work on /home/airflow/.local/lib/python3.6/site-packages/airflow/example_dags/example_subdag_operator.py
[2025-05-19 08:52:19,975] {processor.py:642} INFO - Processing file /home/airflow/.local/lib/python3.6/site-packages/airflow/example_dags/example_subdag_operator.py for tasks to queue
[2025-05-19 08:52:19,978] {logging_mixin.py:109} INFO - [2025-05-19 08:52:19,978] {dagbag.py:500} INFO - Filling up the DagBag from /home/airflow/.local/lib/python3.6/site-packages/airflow/example_dags/example_subdag_operator.py
[2025-05-19 08:52:20,136] {processor.py:654} INFO - DAG(s) dict_keys(['example_subdag_operator.section-1', 'example_subdag_operator.section-2', 'example_subdag_operator']) retrieved from /home/airflow/.local/lib/python3.6/site-packages/airflow/example_dags/example_subdag_operator.py
[2025-05-19 08:52:40,988] {logging_mixin.py:109} INFO - [2025-05-19 08:52:40,988] {manager.py:496} INFO - Created Permission View: can read on DAG:example_subdag_operator
[2025-05-19 08:52:41,089] {logging_mixin.py:109} INFO - [2025-05-19 08:52:41,088] {manager.py:496} INFO - Created Permission View: can edit on DAG:example_subdag_operator
[2025-05-19 08:52:41,104] {logging_mixin.py:109} INFO - [2025-05-19 08:52:41,094] {dag.py:2396} INFO - Sync 3 DAGs
[2025-05-19 08:52:41,191] {logging_mixin.py:109} INFO - [2025-05-19 08:52:41,180] {dag.py:2415} INFO - Creating ORM DAG for example_subdag_operator
[2025-05-19 08:52:41,202] {logging_mixin.py:109} INFO - [2025-05-19 08:52:41,202] {dag.py:2415} INFO - Creating ORM DAG for example_subdag_operator.section-1
[2025-05-19 08:52:41,225] {logging_mixin.py:109} INFO - [2025-05-19 08:52:41,224] {dag.py:2415} INFO - Creating ORM DAG for example_subdag_operator.section-2
[2025-05-19 08:52:41,267] {logging_mixin.py:109} INFO - [2025-05-19 08:52:41,267] {dag.py:2935} INFO - Setting next_dagrun for example_subdag_operator to 2025-05-17T00:00:00+00:00
[2025-05-19 08:52:41,272] {logging_mixin.py:109} INFO - [2025-05-19 08:52:41,272] {dag.py:2935} INFO - Setting next_dagrun for example_subdag_operator.section-1 to None
[2025-05-19 08:52:41,299] {logging_mixin.py:109} INFO - [2025-05-19 08:52:41,299] {dag.py:2935} INFO - Setting next_dagrun for example_subdag_operator.section-2 to None
[2025-05-19 08:52:41,404] {logging_mixin.py:109} INFO - [2025-05-19 08:52:41,403] {dag.py:2396} INFO - Sync 2 DAGs
[2025-05-19 08:52:41,492] {logging_mixin.py:109} INFO - [2025-05-19 08:52:41,491] {dag.py:2935} INFO - Setting next_dagrun for example_subdag_operator.section-1 to None
[2025-05-19 08:52:41,499] {logging_mixin.py:109} INFO - [2025-05-19 08:52:41,499] {dag.py:2935} INFO - Setting next_dagrun for example_subdag_operator.section-2 to None
[2025-05-19 08:52:41,599] {processor.py:171} INFO - Processing /home/airflow/.local/lib/python3.6/site-packages/airflow/example_dags/example_subdag_operator.py took 21.635 seconds
[2025-05-19 08:55:19,839] {processor.py:163} INFO - Started process (PID=439) to work on /home/airflow/.local/lib/python3.6/site-packages/airflow/example_dags/example_subdag_operator.py
[2025-05-19 08:55:19,843] {processor.py:642} INFO - Processing file /home/airflow/.local/lib/python3.6/site-packages/airflow/example_dags/example_subdag_operator.py for tasks to queue
[2025-05-19 08:55:19,853] {logging_mixin.py:109} INFO - [2025-05-19 08:55:19,852] {dagbag.py:500} INFO - Filling up the DagBag from /home/airflow/.local/lib/python3.6/site-packages/airflow/example_dags/example_subdag_operator.py
[2025-05-19 08:55:20,081] {processor.py:654} INFO - DAG(s) dict_keys(['example_subdag_operator.section-1', 'example_subdag_operator.section-2', 'example_subdag_operator']) retrieved from /home/airflow/.local/lib/python3.6/site-packages/airflow/example_dags/example_subdag_operator.py
[2025-05-19 08:55:20,188] {logging_mixin.py:109} INFO - [2025-05-19 08:55:20,188] {dag.py:2396} INFO - Sync 3 DAGs
[2025-05-19 08:55:20,303] {logging_mixin.py:109} INFO - [2025-05-19 08:55:20,303] {dag.py:2935} INFO - Setting next_dagrun for example_subdag_operator to 2025-05-17T00:00:00+00:00
[2025-05-19 08:55:20,314] {logging_mixin.py:109} INFO - [2025-05-19 08:55:20,314] {dag.py:2935} INFO - Setting next_dagrun for example_subdag_operator.section-1 to None
[2025-05-19 08:55:20,325] {logging_mixin.py:109} INFO - [2025-05-19 08:55:20,325] {dag.py:2935} INFO - Setting next_dagrun for example_subdag_operator.section-2 to None
[2025-05-19 08:55:20,368] {logging_mixin.py:109} INFO - [2025-05-19 08:55:20,368] {dag.py:2396} INFO - Sync 2 DAGs
[2025-05-19 08:55:20,464] {logging_mixin.py:109} INFO - [2025-05-19 08:55:20,464] {dag.py:2935} INFO - Setting next_dagrun for example_subdag_operator.section-1 to None
[2025-05-19 08:55:20,469] {logging_mixin.py:109} INFO - [2025-05-19 08:55:20,469] {dag.py:2935} INFO - Setting next_dagrun for example_subdag_operator.section-2 to None
[2025-05-19 08:55:20,542] {processor.py:171} INFO - Processing /home/airflow/.local/lib/python3.6/site-packages/airflow/example_dags/example_subdag_operator.py took 0.734 seconds
[2025-05-19 08:55:51,000] {processor.py:163} INFO - Started process (PID=489) to work on /home/airflow/.local/lib/python3.6/site-packages/airflow/example_dags/example_subdag_operator.py
[2025-05-19 08:55:51,006] {processor.py:642} INFO - Processing file /home/airflow/.local/lib/python3.6/site-packages/airflow/example_dags/example_subdag_operator.py for tasks to queue
[2025-05-19 08:55:51,023] {logging_mixin.py:109} INFO - [2025-05-19 08:55:51,023] {dagbag.py:500} INFO - Filling up the DagBag from /home/airflow/.local/lib/python3.6/site-packages/airflow/example_dags/example_subdag_operator.py
[2025-05-19 08:55:51,403] {processor.py:654} INFO - DAG(s) dict_keys(['example_subdag_operator.section-1', 'example_subdag_operator.section-2', 'example_subdag_operator']) retrieved from /home/airflow/.local/lib/python3.6/site-packages/airflow/example_dags/example_subdag_operator.py
[2025-05-19 08:55:51,494] {logging_mixin.py:109} INFO - [2025-05-19 08:55:51,494] {dag.py:2396} INFO - Sync 3 DAGs
[2025-05-19 08:55:51,651] {logging_mixin.py:109} INFO - [2025-05-19 08:55:51,651] {dag.py:2935} INFO - Setting next_dagrun for example_subdag_operator to 2025-05-17T00:00:00+00:00
[2025-05-19 08:55:51,654] {logging_mixin.py:109} INFO - [2025-05-19 08:55:51,654] {dag.py:2935} INFO - Setting next_dagrun for example_subdag_operator.section-1 to None
[2025-05-19 08:55:51,659] {logging_mixin.py:109} INFO - [2025-05-19 08:55:51,658] {dag.py:2935} INFO - Setting next_dagrun for example_subdag_operator.section-2 to None
[2025-05-19 08:55:51,699] {logging_mixin.py:109} INFO - [2025-05-19 08:55:51,699] {dag.py:2396} INFO - Sync 2 DAGs
[2025-05-19 08:55:51,787] {logging_mixin.py:109} INFO - [2025-05-19 08:55:51,787] {dag.py:2935} INFO - Setting next_dagrun for example_subdag_operator.section-1 to None
[2025-05-19 08:55:51,794] {logging_mixin.py:109} INFO - [2025-05-19 08:55:51,794] {dag.py:2935} INFO - Setting next_dagrun for example_subdag_operator.section-2 to None
[2025-05-19 08:55:51,833] {processor.py:171} INFO - Processing /home/airflow/.local/lib/python3.6/site-packages/airflow/example_dags/example_subdag_operator.py took 0.868 seconds
[2025-05-19 08:56:22,000] {processor.py:163} INFO - Started process (PID=531) to work on /home/airflow/.local/lib/python3.6/site-packages/airflow/example_dags/example_subdag_operator.py
[2025-05-19 08:56:22,003] {processor.py:642} INFO - Processing file /home/airflow/.local/lib/python3.6/site-packages/airflow/example_dags/example_subdag_operator.py for tasks to queue
[2025-05-19 08:56:22,005] {logging_mixin.py:109} INFO - [2025-05-19 08:56:22,005] {dagbag.py:500} INFO - Filling up the DagBag from /home/airflow/.local/lib/python3.6/site-packages/airflow/example_dags/example_subdag_operator.py
[2025-05-19 08:56:22,078] {processor.py:654} INFO - DAG(s) dict_keys(['example_subdag_operator.section-1', 'example_subdag_operator.section-2', 'example_subdag_operator']) retrieved from /home/airflow/.local/lib/python3.6/site-packages/airflow/example_dags/example_subdag_operator.py
[2025-05-19 08:56:22,105] {logging_mixin.py:109} INFO - [2025-05-19 08:56:22,105] {dag.py:2396} INFO - Sync 3 DAGs
[2025-05-19 08:56:22,140] {logging_mixin.py:109} INFO - [2025-05-19 08:56:22,140] {dag.py:2935} INFO - Setting next_dagrun for example_subdag_operator to 2025-05-17T00:00:00+00:00
[2025-05-19 08:56:22,141] {logging_mixin.py:109} INFO - [2025-05-19 08:56:22,141] {dag.py:2935} INFO - Setting next_dagrun for example_subdag_operator.section-1 to None
[2025-05-19 08:56:22,142] {logging_mixin.py:109} INFO - [2025-05-19 08:56:22,142] {dag.py:2935} INFO - Setting next_dagrun for example_subdag_operator.section-2 to None
[2025-05-19 08:56:22,153] {logging_mixin.py:109} INFO - [2025-05-19 08:56:22,152] {dag.py:2396} INFO - Sync 2 DAGs
[2025-05-19 08:56:22,166] {logging_mixin.py:109} INFO - [2025-05-19 08:56:22,166] {dag.py:2935} INFO - Setting next_dagrun for example_subdag_operator.section-1 to None
[2025-05-19 08:56:22,167] {logging_mixin.py:109} INFO - [2025-05-19 08:56:22,167] {dag.py:2935} INFO - Setting next_dagrun for example_subdag_operator.section-2 to None
[2025-05-19 08:56:22,186] {processor.py:171} INFO - Processing /home/airflow/.local/lib/python3.6/site-packages/airflow/example_dags/example_subdag_operator.py took 0.191 seconds
[2025-05-19 08:56:52,366] {processor.py:163} INFO - Started process (PID=591) to work on /home/airflow/.local/lib/python3.6/site-packages/airflow/example_dags/example_subdag_operator.py
[2025-05-19 08:56:52,369] {processor.py:642} INFO - Processing file /home/airflow/.local/lib/python3.6/site-packages/airflow/example_dags/example_subdag_operator.py for tasks to queue
[2025-05-19 08:56:52,371] {logging_mixin.py:109} INFO - [2025-05-19 08:56:52,371] {dagbag.py:500} INFO - Filling up the DagBag from /home/airflow/.local/lib/python3.6/site-packages/airflow/example_dags/example_subdag_operator.py
[2025-05-19 08:56:52,437] {processor.py:654} INFO - DAG(s) dict_keys(['example_subdag_operator.section-1', 'example_subdag_operator.section-2', 'example_subdag_operator']) retrieved from /home/airflow/.local/lib/python3.6/site-packages/airflow/example_dags/example_subdag_operator.py
[2025-05-19 08:56:52,463] {logging_mixin.py:109} INFO - [2025-05-19 08:56:52,463] {dag.py:2396} INFO - Sync 3 DAGs
[2025-05-19 08:56:52,500] {logging_mixin.py:109} INFO - [2025-05-19 08:56:52,500] {dag.py:2935} INFO - Setting next_dagrun for example_subdag_operator to 2025-05-17T00:00:00+00:00
[2025-05-19 08:56:52,502] {logging_mixin.py:109} INFO - [2025-05-19 08:56:52,501] {dag.py:2935} INFO - Setting next_dagrun for example_subdag_operator.section-1 to None
[2025-05-19 08:56:52,503] {logging_mixin.py:109} INFO - [2025-05-19 08:56:52,503] {dag.py:2935} INFO - Setting next_dagrun for example_subdag_operator.section-2 to None
[2025-05-19 08:56:52,514] {logging_mixin.py:109} INFO - [2025-05-19 08:56:52,514] {dag.py:2396} INFO - Sync 2 DAGs
[2025-05-19 08:56:52,527] {logging_mixin.py:109} INFO - [2025-05-19 08:56:52,527] {dag.py:2935} INFO - Setting next_dagrun for example_subdag_operator.section-1 to None
[2025-05-19 08:56:52,528] {logging_mixin.py:109} INFO - [2025-05-19 08:56:52,528] {dag.py:2935} INFO - Setting next_dagrun for example_subdag_operator.section-2 to None
[2025-05-19 08:56:52,544] {processor.py:171} INFO - Processing /home/airflow/.local/lib/python3.6/site-packages/airflow/example_dags/example_subdag_operator.py took 0.183 seconds
[2025-05-19 08:57:22,669] {processor.py:163} INFO - Started process (PID=644) to work on /home/airflow/.local/lib/python3.6/site-packages/airflow/example_dags/example_subdag_operator.py
[2025-05-19 08:57:22,672] {processor.py:642} INFO - Processing file /home/airflow/.local/lib/python3.6/site-packages/airflow/example_dags/example_subdag_operator.py for tasks to queue
[2025-05-19 08:57:22,675] {logging_mixin.py:109} INFO - [2025-05-19 08:57:22,674] {dagbag.py:500} INFO - Filling up the DagBag from /home/airflow/.local/lib/python3.6/site-packages/airflow/example_dags/example_subdag_operator.py
[2025-05-19 08:57:22,762] {processor.py:654} INFO - DAG(s) dict_keys(['example_subdag_operator.section-1', 'example_subdag_operator.section-2', 'example_subdag_operator']) retrieved from /home/airflow/.local/lib/python3.6/site-packages/airflow/example_dags/example_subdag_operator.py
[2025-05-19 08:57:22,795] {logging_mixin.py:109} INFO - [2025-05-19 08:57:22,794] {dag.py:2396} INFO - Sync 3 DAGs
[2025-05-19 08:57:22,838] {logging_mixin.py:109} INFO - [2025-05-19 08:57:22,838] {dag.py:2935} INFO - Setting next_dagrun for example_subdag_operator to 2025-05-17T00:00:00+00:00
[2025-05-19 08:57:22,839] {logging_mixin.py:109} INFO - [2025-05-19 08:57:22,839] {dag.py:2935} INFO - Setting next_dagrun for example_subdag_operator.section-1 to None
[2025-05-19 08:57:22,840] {logging_mixin.py:109} INFO - [2025-05-19 08:57:22,840] {dag.py:2935} INFO - Setting next_dagrun for example_subdag_operator.section-2 to None
[2025-05-19 08:57:22,852] {logging_mixin.py:109} INFO - [2025-05-19 08:57:22,852] {dag.py:2396} INFO - Sync 2 DAGs
[2025-05-19 08:57:22,868] {logging_mixin.py:109} INFO - [2025-05-19 08:57:22,868] {dag.py:2935} INFO - Setting next_dagrun for example_subdag_operator.section-1 to None
[2025-05-19 08:57:22,869] {logging_mixin.py:109} INFO - [2025-05-19 08:57:22,869] {dag.py:2935} INFO - Setting next_dagrun for example_subdag_operator.section-2 to None
[2025-05-19 08:57:22,885] {processor.py:171} INFO - Processing /home/airflow/.local/lib/python3.6/site-packages/airflow/example_dags/example_subdag_operator.py took 0.232 seconds
[2025-05-19 08:57:53,110] {processor.py:163} INFO - Started process (PID=695) to work on /home/airflow/.local/lib/python3.6/site-packages/airflow/example_dags/example_subdag_operator.py
[2025-05-19 08:57:53,113] {processor.py:642} INFO - Processing file /home/airflow/.local/lib/python3.6/site-packages/airflow/example_dags/example_subdag_operator.py for tasks to queue
[2025-05-19 08:57:53,116] {logging_mixin.py:109} INFO - [2025-05-19 08:57:53,115] {dagbag.py:500} INFO - Filling up the DagBag from /home/airflow/.local/lib/python3.6/site-packages/airflow/example_dags/example_subdag_operator.py
[2025-05-19 08:57:53,198] {processor.py:654} INFO - DAG(s) dict_keys(['example_subdag_operator.section-1', 'example_subdag_operator.section-2', 'example_subdag_operator']) retrieved from /home/airflow/.local/lib/python3.6/site-packages/airflow/example_dags/example_subdag_operator.py
[2025-05-19 08:57:53,226] {logging_mixin.py:109} INFO - [2025-05-19 08:57:53,226] {dag.py:2396} INFO - Sync 3 DAGs
[2025-05-19 08:57:53,268] {logging_mixin.py:109} INFO - [2025-05-19 08:57:53,268] {dag.py:2935} INFO - Setting next_dagrun for example_subdag_operator to 2025-05-17T00:00:00+00:00
[2025-05-19 08:57:53,269] {logging_mixin.py:109} INFO - [2025-05-19 08:57:53,269] {dag.py:2935} INFO - Setting next_dagrun for example_subdag_operator.section-1 to None
[2025-05-19 08:57:53,270] {logging_mixin.py:109} INFO - [2025-05-19 08:57:53,270] {dag.py:2935} INFO - Setting next_dagrun for example_subdag_operator.section-2 to None
[2025-05-19 08:57:53,281] {logging_mixin.py:109} INFO - [2025-05-19 08:57:53,281] {dag.py:2396} INFO - Sync 2 DAGs
[2025-05-19 08:57:53,296] {logging_mixin.py:109} INFO - [2025-05-19 08:57:53,296] {dag.py:2935} INFO - Setting next_dagrun for example_subdag_operator.section-1 to None
[2025-05-19 08:57:53,298] {logging_mixin.py:109} INFO - [2025-05-19 08:57:53,297] {dag.py:2935} INFO - Setting next_dagrun for example_subdag_operator.section-2 to None
[2025-05-19 08:57:53,313] {processor.py:171} INFO - Processing /home/airflow/.local/lib/python3.6/site-packages/airflow/example_dags/example_subdag_operator.py took 0.212 seconds
[2025-05-19 08:58:23,839] {processor.py:163} INFO - Started process (PID=747) to work on /home/airflow/.local/lib/python3.6/site-packages/airflow/example_dags/example_subdag_operator.py
[2025-05-19 08:58:23,842] {processor.py:642} INFO - Processing file /home/airflow/.local/lib/python3.6/site-packages/airflow/example_dags/example_subdag_operator.py for tasks to queue
[2025-05-19 08:58:23,844] {logging_mixin.py:109} INFO - [2025-05-19 08:58:23,844] {dagbag.py:500} INFO - Filling up the DagBag from /home/airflow/.local/lib/python3.6/site-packages/airflow/example_dags/example_subdag_operator.py
[2025-05-19 08:58:23,918] {processor.py:654} INFO - DAG(s) dict_keys(['example_subdag_operator.section-1', 'example_subdag_operator.section-2', 'example_subdag_operator']) retrieved from /home/airflow/.local/lib/python3.6/site-packages/airflow/example_dags/example_subdag_operator.py
[2025-05-19 08:58:23,950] {logging_mixin.py:109} INFO - [2025-05-19 08:58:23,950] {dag.py:2396} INFO - Sync 3 DAGs
[2025-05-19 08:58:23,985] {logging_mixin.py:109} INFO - [2025-05-19 08:58:23,985] {dag.py:2935} INFO - Setting next_dagrun for example_subdag_operator to 2025-05-17T00:00:00+00:00
[2025-05-19 08:58:23,986] {logging_mixin.py:109} INFO - [2025-05-19 08:58:23,986] {dag.py:2935} INFO - Setting next_dagrun for example_subdag_operator.section-1 to None
[2025-05-19 08:58:23,987] {logging_mixin.py:109} INFO - [2025-05-19 08:58:23,987] {dag.py:2935} INFO - Setting next_dagrun for example_subdag_operator.section-2 to None
[2025-05-19 08:58:24,000] {logging_mixin.py:109} INFO - [2025-05-19 08:58:23,999] {dag.py:2396} INFO - Sync 2 DAGs
[2025-05-19 08:58:24,017] {logging_mixin.py:109} INFO - [2025-05-19 08:58:24,016] {dag.py:2935} INFO - Setting next_dagrun for example_subdag_operator.section-1 to None
[2025-05-19 08:58:24,018] {logging_mixin.py:109} INFO - [2025-05-19 08:58:24,018] {dag.py:2935} INFO - Setting next_dagrun for example_subdag_operator.section-2 to None
[2025-05-19 08:58:24,034] {processor.py:171} INFO - Processing /home/airflow/.local/lib/python3.6/site-packages/airflow/example_dags/example_subdag_operator.py took 0.202 seconds
[2025-05-19 08:58:54,518] {processor.py:163} INFO - Started process (PID=800) to work on /home/airflow/.local/lib/python3.6/site-packages/airflow/example_dags/example_subdag_operator.py
[2025-05-19 08:58:54,521] {processor.py:642} INFO - Processing file /home/airflow/.local/lib/python3.6/site-packages/airflow/example_dags/example_subdag_operator.py for tasks to queue
[2025-05-19 08:58:54,522] {logging_mixin.py:109} INFO - [2025-05-19 08:58:54,522] {dagbag.py:500} INFO - Filling up the DagBag from /home/airflow/.local/lib/python3.6/site-packages/airflow/example_dags/example_subdag_operator.py
[2025-05-19 08:58:54,583] {processor.py:654} INFO - DAG(s) dict_keys(['example_subdag_operator.section-1', 'example_subdag_operator.section-2', 'example_subdag_operator']) retrieved from /home/airflow/.local/lib/python3.6/site-packages/airflow/example_dags/example_subdag_operator.py
[2025-05-19 08:58:54,605] {logging_mixin.py:109} INFO - [2025-05-19 08:58:54,605] {dag.py:2396} INFO - Sync 3 DAGs
[2025-05-19 08:58:54,636] {logging_mixin.py:109} INFO - [2025-05-19 08:58:54,636] {dag.py:2935} INFO - Setting next_dagrun for example_subdag_operator to 2025-05-17T00:00:00+00:00
[2025-05-19 08:58:54,637] {logging_mixin.py:109} INFO - [2025-05-19 08:58:54,637] {dag.py:2935} INFO - Setting next_dagrun for example_subdag_operator.section-1 to None
[2025-05-19 08:58:54,638] {logging_mixin.py:109} INFO - [2025-05-19 08:58:54,638] {dag.py:2935} INFO - Setting next_dagrun for example_subdag_operator.section-2 to None
[2025-05-19 08:58:54,648] {logging_mixin.py:109} INFO - [2025-05-19 08:58:54,648] {dag.py:2396} INFO - Sync 2 DAGs
[2025-05-19 08:58:54,661] {logging_mixin.py:109} INFO - [2025-05-19 08:58:54,661] {dag.py:2935} INFO - Setting next_dagrun for example_subdag_operator.section-1 to None
[2025-05-19 08:58:54,662] {logging_mixin.py:109} INFO - [2025-05-19 08:58:54,662] {dag.py:2935} INFO - Setting next_dagrun for example_subdag_operator.section-2 to None
[2025-05-19 08:58:54,675] {processor.py:171} INFO - Processing /home/airflow/.local/lib/python3.6/site-packages/airflow/example_dags/example_subdag_operator.py took 0.162 seconds
[2025-05-19 08:59:24,732] {processor.py:163} INFO - Started process (PID=852) to work on /home/airflow/.local/lib/python3.6/site-packages/airflow/example_dags/example_subdag_operator.py
[2025-05-19 08:59:24,735] {processor.py:642} INFO - Processing file /home/airflow/.local/lib/python3.6/site-packages/airflow/example_dags/example_subdag_operator.py for tasks to queue
[2025-05-19 08:59:24,737] {logging_mixin.py:109} INFO - [2025-05-19 08:59:24,736] {dagbag.py:500} INFO - Filling up the DagBag from /home/airflow/.local/lib/python3.6/site-packages/airflow/example_dags/example_subdag_operator.py
[2025-05-19 08:59:24,813] {processor.py:654} INFO - DAG(s) dict_keys(['example_subdag_operator.section-1', 'example_subdag_operator.section-2', 'example_subdag_operator']) retrieved from /home/airflow/.local/lib/python3.6/site-packages/airflow/example_dags/example_subdag_operator.py
[2025-05-19 08:59:24,842] {logging_mixin.py:109} INFO - [2025-05-19 08:59:24,841] {dag.py:2396} INFO - Sync 3 DAGs
[2025-05-19 08:59:24,883] {logging_mixin.py:109} INFO - [2025-05-19 08:59:24,883] {dag.py:2935} INFO - Setting next_dagrun for example_subdag_operator to 2025-05-17T00:00:00+00:00
[2025-05-19 08:59:24,885] {logging_mixin.py:109} INFO - [2025-05-19 08:59:24,885] {dag.py:2935} INFO - Setting next_dagrun for example_subdag_operator.section-1 to None
[2025-05-19 08:59:24,886] {logging_mixin.py:109} INFO - [2025-05-19 08:59:24,886] {dag.py:2935} INFO - Setting next_dagrun for example_subdag_operator.section-2 to None
[2025-05-19 08:59:24,898] {logging_mixin.py:109} INFO - [2025-05-19 08:59:24,898] {dag.py:2396} INFO - Sync 2 DAGs
[2025-05-19 08:59:24,914] {logging_mixin.py:109} INFO - [2025-05-19 08:59:24,914] {dag.py:2935} INFO - Setting next_dagrun for example_subdag_operator.section-1 to None
[2025-05-19 08:59:24,916] {logging_mixin.py:109} INFO - [2025-05-19 08:59:24,916] {dag.py:2935} INFO - Setting next_dagrun for example_subdag_operator.section-2 to None
[2025-05-19 08:59:24,933] {processor.py:171} INFO - Processing /home/airflow/.local/lib/python3.6/site-packages/airflow/example_dags/example_subdag_operator.py took 0.208 seconds
[2025-05-19 08:59:55,089] {processor.py:163} INFO - Started process (PID=905) to work on /home/airflow/.local/lib/python3.6/site-packages/airflow/example_dags/example_subdag_operator.py
[2025-05-19 08:59:55,099] {processor.py:642} INFO - Processing file /home/airflow/.local/lib/python3.6/site-packages/airflow/example_dags/example_subdag_operator.py for tasks to queue
[2025-05-19 08:59:55,102] {logging_mixin.py:109} INFO - [2025-05-19 08:59:55,102] {dagbag.py:500} INFO - Filling up the DagBag from /home/airflow/.local/lib/python3.6/site-packages/airflow/example_dags/example_subdag_operator.py
[2025-05-19 08:59:55,219] {processor.py:654} INFO - DAG(s) dict_keys(['example_subdag_operator.section-1', 'example_subdag_operator.section-2', 'example_subdag_operator']) retrieved from /home/airflow/.local/lib/python3.6/site-packages/airflow/example_dags/example_subdag_operator.py
[2025-05-19 08:59:55,268] {logging_mixin.py:109} INFO - [2025-05-19 08:59:55,268] {dag.py:2396} INFO - Sync 3 DAGs
[2025-05-19 08:59:55,321] {logging_mixin.py:109} INFO - [2025-05-19 08:59:55,321] {dag.py:2935} INFO - Setting next_dagrun for example_subdag_operator to 2025-05-17T00:00:00+00:00
[2025-05-19 08:59:55,322] {logging_mixin.py:109} INFO - [2025-05-19 08:59:55,322] {dag.py:2935} INFO - Setting next_dagrun for example_subdag_operator.section-1 to None
[2025-05-19 08:59:55,324] {logging_mixin.py:109} INFO - [2025-05-19 08:59:55,324] {dag.py:2935} INFO - Setting next_dagrun for example_subdag_operator.section-2 to None
[2025-05-19 08:59:55,340] {logging_mixin.py:109} INFO - [2025-05-19 08:59:55,340] {dag.py:2396} INFO - Sync 2 DAGs
[2025-05-19 08:59:55,361] {logging_mixin.py:109} INFO - [2025-05-19 08:59:55,360] {dag.py:2935} INFO - Setting next_dagrun for example_subdag_operator.section-1 to None
[2025-05-19 08:59:55,363] {logging_mixin.py:109} INFO - [2025-05-19 08:59:55,362] {dag.py:2935} INFO - Setting next_dagrun for example_subdag_operator.section-2 to None
[2025-05-19 08:59:55,382] {processor.py:171} INFO - Processing /home/airflow/.local/lib/python3.6/site-packages/airflow/example_dags/example_subdag_operator.py took 0.313 seconds
[2025-05-19 09:00:26,419] {processor.py:163} INFO - Started process (PID=957) to work on /home/airflow/.local/lib/python3.6/site-packages/airflow/example_dags/example_subdag_operator.py
[2025-05-19 09:00:26,424] {processor.py:642} INFO - Processing file /home/airflow/.local/lib/python3.6/site-packages/airflow/example_dags/example_subdag_operator.py for tasks to queue
[2025-05-19 09:00:26,426] {logging_mixin.py:109} INFO - [2025-05-19 09:00:26,426] {dagbag.py:500} INFO - Filling up the DagBag from /home/airflow/.local/lib/python3.6/site-packages/airflow/example_dags/example_subdag_operator.py
[2025-05-19 09:00:26,552] {processor.py:654} INFO - DAG(s) dict_keys(['example_subdag_operator.section-1', 'example_subdag_operator.section-2', 'example_subdag_operator']) retrieved from /home/airflow/.local/lib/python3.6/site-packages/airflow/example_dags/example_subdag_operator.py
[2025-05-19 09:00:26,594] {logging_mixin.py:109} INFO - [2025-05-19 09:00:26,593] {dag.py:2396} INFO - Sync 3 DAGs
[2025-05-19 09:00:26,658] {logging_mixin.py:109} INFO - [2025-05-19 09:00:26,658] {dag.py:2935} INFO - Setting next_dagrun for example_subdag_operator to 2025-05-17T00:00:00+00:00
[2025-05-19 09:00:26,660] {logging_mixin.py:109} INFO - [2025-05-19 09:00:26,660] {dag.py:2935} INFO - Setting next_dagrun for example_subdag_operator.section-1 to None
[2025-05-19 09:00:26,661] {logging_mixin.py:109} INFO - [2025-05-19 09:00:26,661] {dag.py:2935} INFO - Setting next_dagrun for example_subdag_operator.section-2 to None
[2025-05-19 09:00:26,680] {logging_mixin.py:109} INFO - [2025-05-19 09:00:26,680] {dag.py:2396} INFO - Sync 2 DAGs
[2025-05-19 09:00:26,719] {logging_mixin.py:109} INFO - [2025-05-19 09:00:26,719] {dag.py:2935} INFO - Setting next_dagrun for example_subdag_operator.section-1 to None
[2025-05-19 09:00:26,721] {logging_mixin.py:109} INFO - [2025-05-19 09:00:26,721] {dag.py:2935} INFO - Setting next_dagrun for example_subdag_operator.section-2 to None
[2025-05-19 09:00:26,743] {processor.py:171} INFO - Processing /home/airflow/.local/lib/python3.6/site-packages/airflow/example_dags/example_subdag_operator.py took 0.333 seconds
[2025-05-19 09:00:56,996] {processor.py:163} INFO - Started process (PID=1010) to work on /home/airflow/.local/lib/python3.6/site-packages/airflow/example_dags/example_subdag_operator.py
[2025-05-19 09:00:57,000] {processor.py:642} INFO - Processing file /home/airflow/.local/lib/python3.6/site-packages/airflow/example_dags/example_subdag_operator.py for tasks to queue
[2025-05-19 09:00:57,002] {logging_mixin.py:109} INFO - [2025-05-19 09:00:57,002] {dagbag.py:500} INFO - Filling up the DagBag from /home/airflow/.local/lib/python3.6/site-packages/airflow/example_dags/example_subdag_operator.py
[2025-05-19 09:00:57,141] {processor.py:654} INFO - DAG(s) dict_keys(['example_subdag_operator.section-1', 'example_subdag_operator.section-2', 'example_subdag_operator']) retrieved from /home/airflow/.local/lib/python3.6/site-packages/airflow/example_dags/example_subdag_operator.py
[2025-05-19 09:00:57,185] {logging_mixin.py:109} INFO - [2025-05-19 09:00:57,185] {dag.py:2396} INFO - Sync 3 DAGs
[2025-05-19 09:00:57,261] {logging_mixin.py:109} INFO - [2025-05-19 09:00:57,259] {dag.py:2935} INFO - Setting next_dagrun for example_subdag_operator to 2025-05-17T00:00:00+00:00
[2025-05-19 09:00:57,263] {logging_mixin.py:109} INFO - [2025-05-19 09:00:57,263] {dag.py:2935} INFO - Setting next_dagrun for example_subdag_operator.section-1 to None
[2025-05-19 09:00:57,269] {logging_mixin.py:109} INFO - [2025-05-19 09:00:57,269] {dag.py:2935} INFO - Setting next_dagrun for example_subdag_operator.section-2 to None
[2025-05-19 09:00:57,288] {logging_mixin.py:109} INFO - [2025-05-19 09:00:57,288] {dag.py:2396} INFO - Sync 2 DAGs
[2025-05-19 09:00:57,317] {logging_mixin.py:109} INFO - [2025-05-19 09:00:57,317] {dag.py:2935} INFO - Setting next_dagrun for example_subdag_operator.section-1 to None
[2025-05-19 09:00:57,320] {logging_mixin.py:109} INFO - [2025-05-19 09:00:57,319] {dag.py:2935} INFO - Setting next_dagrun for example_subdag_operator.section-2 to None
[2025-05-19 09:00:57,343] {processor.py:171} INFO - Processing /home/airflow/.local/lib/python3.6/site-packages/airflow/example_dags/example_subdag_operator.py took 0.356 seconds
[2025-05-19 09:01:27,424] {processor.py:163} INFO - Started process (PID=1062) to work on /home/airflow/.local/lib/python3.6/site-packages/airflow/example_dags/example_subdag_operator.py
[2025-05-19 09:01:27,426] {processor.py:642} INFO - Processing file /home/airflow/.local/lib/python3.6/site-packages/airflow/example_dags/example_subdag_operator.py for tasks to queue
[2025-05-19 09:01:27,428] {logging_mixin.py:109} INFO - [2025-05-19 09:01:27,428] {dagbag.py:500} INFO - Filling up the DagBag from /home/airflow/.local/lib/python3.6/site-packages/airflow/example_dags/example_subdag_operator.py
[2025-05-19 09:01:27,537] {processor.py:654} INFO - DAG(s) dict_keys(['example_subdag_operator.section-1', 'example_subdag_operator.section-2', 'example_subdag_operator']) retrieved from /home/airflow/.local/lib/python3.6/site-packages/airflow/example_dags/example_subdag_operator.py
[2025-05-19 09:01:27,585] {logging_mixin.py:109} INFO - [2025-05-19 09:01:27,585] {dag.py:2396} INFO - Sync 3 DAGs
[2025-05-19 09:01:27,645] {logging_mixin.py:109} INFO - [2025-05-19 09:01:27,645] {dag.py:2935} INFO - Setting next_dagrun for example_subdag_operator to 2025-05-17T00:00:00+00:00
[2025-05-19 09:01:27,646] {logging_mixin.py:109} INFO - [2025-05-19 09:01:27,646] {dag.py:2935} INFO - Setting next_dagrun for example_subdag_operator.section-1 to None
[2025-05-19 09:01:27,647] {logging_mixin.py:109} INFO - [2025-05-19 09:01:27,647] {dag.py:2935} INFO - Setting next_dagrun for example_subdag_operator.section-2 to None
[2025-05-19 09:01:27,662] {logging_mixin.py:109} INFO - [2025-05-19 09:01:27,662] {dag.py:2396} INFO - Sync 2 DAGs
[2025-05-19 09:01:27,684] {logging_mixin.py:109} INFO - [2025-05-19 09:01:27,684] {dag.py:2935} INFO - Setting next_dagrun for example_subdag_operator.section-1 to None
[2025-05-19 09:01:27,686] {logging_mixin.py:109} INFO - [2025-05-19 09:01:27,685] {dag.py:2935} INFO - Setting next_dagrun for example_subdag_operator.section-2 to None
[2025-05-19 09:01:27,735] {processor.py:171} INFO - Processing /home/airflow/.local/lib/python3.6/site-packages/airflow/example_dags/example_subdag_operator.py took 0.319 seconds
[2025-05-19 09:01:57,854] {processor.py:163} INFO - Started process (PID=1104) to work on /home/airflow/.local/lib/python3.6/site-packages/airflow/example_dags/example_subdag_operator.py
[2025-05-19 09:01:57,857] {processor.py:642} INFO - Processing file /home/airflow/.local/lib/python3.6/site-packages/airflow/example_dags/example_subdag_operator.py for tasks to queue
[2025-05-19 09:01:57,861] {logging_mixin.py:109} INFO - [2025-05-19 09:01:57,860] {dagbag.py:500} INFO - Filling up the DagBag from /home/airflow/.local/lib/python3.6/site-packages/airflow/example_dags/example_subdag_operator.py
[2025-05-19 09:01:57,965] {processor.py:654} INFO - DAG(s) dict_keys(['example_subdag_operator.section-1', 'example_subdag_operator.section-2', 'example_subdag_operator']) retrieved from /home/airflow/.local/lib/python3.6/site-packages/airflow/example_dags/example_subdag_operator.py
[2025-05-19 09:01:58,000] {logging_mixin.py:109} INFO - [2025-05-19 09:01:58,000] {dag.py:2396} INFO - Sync 3 DAGs
[2025-05-19 09:01:58,054] {logging_mixin.py:109} INFO - [2025-05-19 09:01:58,053] {dag.py:2935} INFO - Setting next_dagrun for example_subdag_operator to 2025-05-17T00:00:00+00:00
[2025-05-19 09:01:58,055] {logging_mixin.py:109} INFO - [2025-05-19 09:01:58,055] {dag.py:2935} INFO - Setting next_dagrun for example_subdag_operator.section-1 to None
[2025-05-19 09:01:58,057] {logging_mixin.py:109} INFO - [2025-05-19 09:01:58,056] {dag.py:2935} INFO - Setting next_dagrun for example_subdag_operator.section-2 to None
[2025-05-19 09:01:58,074] {logging_mixin.py:109} INFO - [2025-05-19 09:01:58,073] {dag.py:2396} INFO - Sync 2 DAGs
[2025-05-19 09:01:58,105] {logging_mixin.py:109} INFO - [2025-05-19 09:01:58,105] {dag.py:2935} INFO - Setting next_dagrun for example_subdag_operator.section-1 to None
[2025-05-19 09:01:58,106] {logging_mixin.py:109} INFO - [2025-05-19 09:01:58,106] {dag.py:2935} INFO - Setting next_dagrun for example_subdag_operator.section-2 to None
[2025-05-19 09:01:58,128] {processor.py:171} INFO - Processing /home/airflow/.local/lib/python3.6/site-packages/airflow/example_dags/example_subdag_operator.py took 0.290 seconds
[2025-05-19 09:02:28,398] {processor.py:163} INFO - Started process (PID=1157) to work on /home/airflow/.local/lib/python3.6/site-packages/airflow/example_dags/example_subdag_operator.py
[2025-05-19 09:02:28,402] {processor.py:642} INFO - Processing file /home/airflow/.local/lib/python3.6/site-packages/airflow/example_dags/example_subdag_operator.py for tasks to queue
[2025-05-19 09:02:28,405] {logging_mixin.py:109} INFO - [2025-05-19 09:02:28,404] {dagbag.py:500} INFO - Filling up the DagBag from /home/airflow/.local/lib/python3.6/site-packages/airflow/example_dags/example_subdag_operator.py
[2025-05-19 09:02:28,502] {processor.py:654} INFO - DAG(s) dict_keys(['example_subdag_operator.section-1', 'example_subdag_operator.section-2', 'example_subdag_operator']) retrieved from /home/airflow/.local/lib/python3.6/site-packages/airflow/example_dags/example_subdag_operator.py
[2025-05-19 09:02:28,546] {logging_mixin.py:109} INFO - [2025-05-19 09:02:28,546] {dag.py:2396} INFO - Sync 3 DAGs
[2025-05-19 09:02:28,590] {logging_mixin.py:109} INFO - [2025-05-19 09:02:28,590] {dag.py:2935} INFO - Setting next_dagrun for example_subdag_operator to 2025-05-17T00:00:00+00:00
[2025-05-19 09:02:28,591] {logging_mixin.py:109} INFO - [2025-05-19 09:02:28,591] {dag.py:2935} INFO - Setting next_dagrun for example_subdag_operator.section-1 to None
[2025-05-19 09:02:28,592] {logging_mixin.py:109} INFO - [2025-05-19 09:02:28,591] {dag.py:2935} INFO - Setting next_dagrun for example_subdag_operator.section-2 to None
[2025-05-19 09:02:28,603] {logging_mixin.py:109} INFO - [2025-05-19 09:02:28,603] {dag.py:2396} INFO - Sync 2 DAGs
[2025-05-19 09:02:28,624] {logging_mixin.py:109} INFO - [2025-05-19 09:02:28,624] {dag.py:2935} INFO - Setting next_dagrun for example_subdag_operator.section-1 to None
[2025-05-19 09:02:28,625] {logging_mixin.py:109} INFO - [2025-05-19 09:02:28,625] {dag.py:2935} INFO - Setting next_dagrun for example_subdag_operator.section-2 to None
[2025-05-19 09:02:28,641] {processor.py:171} INFO - Processing /home/airflow/.local/lib/python3.6/site-packages/airflow/example_dags/example_subdag_operator.py took 0.261 seconds
[2025-05-19 09:02:59,263] {processor.py:163} INFO - Started process (PID=1208) to work on /home/airflow/.local/lib/python3.6/site-packages/airflow/example_dags/example_subdag_operator.py
[2025-05-19 09:02:59,266] {processor.py:642} INFO - Processing file /home/airflow/.local/lib/python3.6/site-packages/airflow/example_dags/example_subdag_operator.py for tasks to queue
[2025-05-19 09:02:59,269] {logging_mixin.py:109} INFO - [2025-05-19 09:02:59,268] {dagbag.py:500} INFO - Filling up the DagBag from /home/airflow/.local/lib/python3.6/site-packages/airflow/example_dags/example_subdag_operator.py
[2025-05-19 09:02:59,366] {processor.py:654} INFO - DAG(s) dict_keys(['example_subdag_operator.section-1', 'example_subdag_operator.section-2', 'example_subdag_operator']) retrieved from /home/airflow/.local/lib/python3.6/site-packages/airflow/example_dags/example_subdag_operator.py
[2025-05-19 09:02:59,406] {logging_mixin.py:109} INFO - [2025-05-19 09:02:59,406] {dag.py:2396} INFO - Sync 3 DAGs
[2025-05-19 09:02:59,462] {logging_mixin.py:109} INFO - [2025-05-19 09:02:59,461] {dag.py:2935} INFO - Setting next_dagrun for example_subdag_operator to 2025-05-17T00:00:00+00:00
[2025-05-19 09:02:59,463] {logging_mixin.py:109} INFO - [2025-05-19 09:02:59,463] {dag.py:2935} INFO - Setting next_dagrun for example_subdag_operator.section-1 to None
[2025-05-19 09:02:59,464] {logging_mixin.py:109} INFO - [2025-05-19 09:02:59,464] {dag.py:2935} INFO - Setting next_dagrun for example_subdag_operator.section-2 to None
[2025-05-19 09:02:59,479] {logging_mixin.py:109} INFO - [2025-05-19 09:02:59,478] {dag.py:2396} INFO - Sync 2 DAGs
[2025-05-19 09:02:59,503] {logging_mixin.py:109} INFO - [2025-05-19 09:02:59,503] {dag.py:2935} INFO - Setting next_dagrun for example_subdag_operator.section-1 to None
[2025-05-19 09:02:59,505] {logging_mixin.py:109} INFO - [2025-05-19 09:02:59,505] {dag.py:2935} INFO - Setting next_dagrun for example_subdag_operator.section-2 to None
[2025-05-19 09:02:59,528] {processor.py:171} INFO - Processing /home/airflow/.local/lib/python3.6/site-packages/airflow/example_dags/example_subdag_operator.py took 0.277 seconds
[2025-05-19 09:03:29,672] {processor.py:163} INFO - Started process (PID=1250) to work on /home/airflow/.local/lib/python3.6/site-packages/airflow/example_dags/example_subdag_operator.py
[2025-05-19 09:03:29,676] {processor.py:642} INFO - Processing file /home/airflow/.local/lib/python3.6/site-packages/airflow/example_dags/example_subdag_operator.py for tasks to queue
[2025-05-19 09:03:29,677] {logging_mixin.py:109} INFO - [2025-05-19 09:03:29,677] {dagbag.py:500} INFO - Filling up the DagBag from /home/airflow/.local/lib/python3.6/site-packages/airflow/example_dags/example_subdag_operator.py
[2025-05-19 09:03:29,772] {processor.py:654} INFO - DAG(s) dict_keys(['example_subdag_operator.section-1', 'example_subdag_operator.section-2', 'example_subdag_operator']) retrieved from /home/airflow/.local/lib/python3.6/site-packages/airflow/example_dags/example_subdag_operator.py
[2025-05-19 09:03:29,802] {logging_mixin.py:109} INFO - [2025-05-19 09:03:29,802] {dag.py:2396} INFO - Sync 3 DAGs
[2025-05-19 09:03:29,868] {logging_mixin.py:109} INFO - [2025-05-19 09:03:29,868] {dag.py:2935} INFO - Setting next_dagrun for example_subdag_operator to 2025-05-17T00:00:00+00:00
[2025-05-19 09:03:29,870] {logging_mixin.py:109} INFO - [2025-05-19 09:03:29,869] {dag.py:2935} INFO - Setting next_dagrun for example_subdag_operator.section-1 to None
[2025-05-19 09:03:29,871] {logging_mixin.py:109} INFO - [2025-05-19 09:03:29,871] {dag.py:2935} INFO - Setting next_dagrun for example_subdag_operator.section-2 to None
[2025-05-19 09:03:29,890] {logging_mixin.py:109} INFO - [2025-05-19 09:03:29,889] {dag.py:2396} INFO - Sync 2 DAGs
[2025-05-19 09:03:29,909] {logging_mixin.py:109} INFO - [2025-05-19 09:03:29,909] {dag.py:2935} INFO - Setting next_dagrun for example_subdag_operator.section-1 to None
[2025-05-19 09:03:29,910] {logging_mixin.py:109} INFO - [2025-05-19 09:03:29,910] {dag.py:2935} INFO - Setting next_dagrun for example_subdag_operator.section-2 to None
[2025-05-19 09:03:29,925] {processor.py:171} INFO - Processing /home/airflow/.local/lib/python3.6/site-packages/airflow/example_dags/example_subdag_operator.py took 0.261 seconds
[2025-05-19 09:04:00,669] {processor.py:163} INFO - Started process (PID=1301) to work on /home/airflow/.local/lib/python3.6/site-packages/airflow/example_dags/example_subdag_operator.py
[2025-05-19 09:04:00,672] {processor.py:642} INFO - Processing file /home/airflow/.local/lib/python3.6/site-packages/airflow/example_dags/example_subdag_operator.py for tasks to queue
[2025-05-19 09:04:00,675] {logging_mixin.py:109} INFO - [2025-05-19 09:04:00,674] {dagbag.py:500} INFO - Filling up the DagBag from /home/airflow/.local/lib/python3.6/site-packages/airflow/example_dags/example_subdag_operator.py
[2025-05-19 09:04:00,754] {processor.py:654} INFO - DAG(s) dict_keys(['example_subdag_operator.section-1', 'example_subdag_operator.section-2', 'example_subdag_operator']) retrieved from /home/airflow/.local/lib/python3.6/site-packages/airflow/example_dags/example_subdag_operator.py
[2025-05-19 09:04:00,779] {logging_mixin.py:109} INFO - [2025-05-19 09:04:00,779] {dag.py:2396} INFO - Sync 3 DAGs
[2025-05-19 09:04:00,815] {logging_mixin.py:109} INFO - [2025-05-19 09:04:00,815] {dag.py:2935} INFO - Setting next_dagrun for example_subdag_operator to 2025-05-17T00:00:00+00:00
[2025-05-19 09:04:00,817] {logging_mixin.py:109} INFO - [2025-05-19 09:04:00,816] {dag.py:2935} INFO - Setting next_dagrun for example_subdag_operator.section-1 to None
[2025-05-19 09:04:00,818] {logging_mixin.py:109} INFO - [2025-05-19 09:04:00,817] {dag.py:2935} INFO - Setting next_dagrun for example_subdag_operator.section-2 to None
[2025-05-19 09:04:00,830] {logging_mixin.py:109} INFO - [2025-05-19 09:04:00,830] {dag.py:2396} INFO - Sync 2 DAGs
[2025-05-19 09:04:00,849] {logging_mixin.py:109} INFO - [2025-05-19 09:04:00,849] {dag.py:2935} INFO - Setting next_dagrun for example_subdag_operator.section-1 to None
[2025-05-19 09:04:00,851] {logging_mixin.py:109} INFO - [2025-05-19 09:04:00,850] {dag.py:2935} INFO - Setting next_dagrun for example_subdag_operator.section-2 to None
[2025-05-19 09:04:00,868] {processor.py:171} INFO - Processing /home/airflow/.local/lib/python3.6/site-packages/airflow/example_dags/example_subdag_operator.py took 0.205 seconds
[2025-05-19 09:04:31,323] {processor.py:163} INFO - Started process (PID=1353) to work on /home/airflow/.local/lib/python3.6/site-packages/airflow/example_dags/example_subdag_operator.py
[2025-05-19 09:04:31,327] {processor.py:642} INFO - Processing file /home/airflow/.local/lib/python3.6/site-packages/airflow/example_dags/example_subdag_operator.py for tasks to queue
[2025-05-19 09:04:31,330] {logging_mixin.py:109} INFO - [2025-05-19 09:04:31,329] {dagbag.py:500} INFO - Filling up the DagBag from /home/airflow/.local/lib/python3.6/site-packages/airflow/example_dags/example_subdag_operator.py
[2025-05-19 09:04:31,450] {processor.py:654} INFO - DAG(s) dict_keys(['example_subdag_operator.section-1', 'example_subdag_operator.section-2', 'example_subdag_operator']) retrieved from /home/airflow/.local/lib/python3.6/site-packages/airflow/example_dags/example_subdag_operator.py
[2025-05-19 09:04:31,488] {logging_mixin.py:109} INFO - [2025-05-19 09:04:31,488] {dag.py:2396} INFO - Sync 3 DAGs
[2025-05-19 09:04:31,554] {logging_mixin.py:109} INFO - [2025-05-19 09:04:31,553] {dag.py:2935} INFO - Setting next_dagrun for example_subdag_operator to 2025-05-17T00:00:00+00:00
[2025-05-19 09:04:31,570] {logging_mixin.py:109} INFO - [2025-05-19 09:04:31,570] {dag.py:2935} INFO - Setting next_dagrun for example_subdag_operator.section-1 to None
[2025-05-19 09:04:31,571] {logging_mixin.py:109} INFO - [2025-05-19 09:04:31,571] {dag.py:2935} INFO - Setting next_dagrun for example_subdag_operator.section-2 to None
[2025-05-19 09:04:31,587] {logging_mixin.py:109} INFO - [2025-05-19 09:04:31,587] {dag.py:2396} INFO - Sync 2 DAGs
[2025-05-19 09:04:31,614] {logging_mixin.py:109} INFO - [2025-05-19 09:04:31,614] {dag.py:2935} INFO - Setting next_dagrun for example_subdag_operator.section-1 to None
[2025-05-19 09:04:31,615] {logging_mixin.py:109} INFO - [2025-05-19 09:04:31,615] {dag.py:2935} INFO - Setting next_dagrun for example_subdag_operator.section-2 to None
[2025-05-19 09:04:31,634] {processor.py:171} INFO - Processing /home/airflow/.local/lib/python3.6/site-packages/airflow/example_dags/example_subdag_operator.py took 0.321 seconds
[2025-05-19 09:05:01,873] {processor.py:163} INFO - Started process (PID=1406) to work on /home/airflow/.local/lib/python3.6/site-packages/airflow/example_dags/example_subdag_operator.py
[2025-05-19 09:05:01,878] {processor.py:642} INFO - Processing file /home/airflow/.local/lib/python3.6/site-packages/airflow/example_dags/example_subdag_operator.py for tasks to queue
[2025-05-19 09:05:01,884] {logging_mixin.py:109} INFO - [2025-05-19 09:05:01,884] {dagbag.py:500} INFO - Filling up the DagBag from /home/airflow/.local/lib/python3.6/site-packages/airflow/example_dags/example_subdag_operator.py
[2025-05-19 09:05:02,048] {processor.py:654} INFO - DAG(s) dict_keys(['example_subdag_operator.section-1', 'example_subdag_operator.section-2', 'example_subdag_operator']) retrieved from /home/airflow/.local/lib/python3.6/site-packages/airflow/example_dags/example_subdag_operator.py
[2025-05-19 09:05:02,088] {logging_mixin.py:109} INFO - [2025-05-19 09:05:02,088] {dag.py:2396} INFO - Sync 3 DAGs
[2025-05-19 09:05:02,136] {logging_mixin.py:109} INFO - [2025-05-19 09:05:02,136] {dag.py:2935} INFO - Setting next_dagrun for example_subdag_operator to 2025-05-17T00:00:00+00:00
[2025-05-19 09:05:02,137] {logging_mixin.py:109} INFO - [2025-05-19 09:05:02,137] {dag.py:2935} INFO - Setting next_dagrun for example_subdag_operator.section-1 to None
[2025-05-19 09:05:02,138] {logging_mixin.py:109} INFO - [2025-05-19 09:05:02,138] {dag.py:2935} INFO - Setting next_dagrun for example_subdag_operator.section-2 to None
[2025-05-19 09:05:02,153] {logging_mixin.py:109} INFO - [2025-05-19 09:05:02,152] {dag.py:2396} INFO - Sync 2 DAGs
[2025-05-19 09:05:02,199] {logging_mixin.py:109} INFO - [2025-05-19 09:05:02,198] {dag.py:2935} INFO - Setting next_dagrun for example_subdag_operator.section-1 to None
[2025-05-19 09:05:02,202] {logging_mixin.py:109} INFO - [2025-05-19 09:05:02,201] {dag.py:2935} INFO - Setting next_dagrun for example_subdag_operator.section-2 to None
[2025-05-19 09:05:02,225] {processor.py:171} INFO - Processing /home/airflow/.local/lib/python3.6/site-packages/airflow/example_dags/example_subdag_operator.py took 0.366 seconds
[2025-05-19 09:05:33,039] {processor.py:163} INFO - Started process (PID=1458) to work on /home/airflow/.local/lib/python3.6/site-packages/airflow/example_dags/example_subdag_operator.py
[2025-05-19 09:05:33,053] {processor.py:642} INFO - Processing file /home/airflow/.local/lib/python3.6/site-packages/airflow/example_dags/example_subdag_operator.py for tasks to queue
[2025-05-19 09:05:33,058] {logging_mixin.py:109} INFO - [2025-05-19 09:05:33,058] {dagbag.py:500} INFO - Filling up the DagBag from /home/airflow/.local/lib/python3.6/site-packages/airflow/example_dags/example_subdag_operator.py
[2025-05-19 09:05:33,247] {processor.py:654} INFO - DAG(s) dict_keys(['example_subdag_operator.section-1', 'example_subdag_operator.section-2', 'example_subdag_operator']) retrieved from /home/airflow/.local/lib/python3.6/site-packages/airflow/example_dags/example_subdag_operator.py
[2025-05-19 09:05:33,294] {logging_mixin.py:109} INFO - [2025-05-19 09:05:33,294] {dag.py:2396} INFO - Sync 3 DAGs
[2025-05-19 09:05:33,341] {logging_mixin.py:109} INFO - [2025-05-19 09:05:33,341] {dag.py:2935} INFO - Setting next_dagrun for example_subdag_operator to 2025-05-17T00:00:00+00:00
[2025-05-19 09:05:33,342] {logging_mixin.py:109} INFO - [2025-05-19 09:05:33,342] {dag.py:2935} INFO - Setting next_dagrun for example_subdag_operator.section-1 to None
[2025-05-19 09:05:33,343] {logging_mixin.py:109} INFO - [2025-05-19 09:05:33,343] {dag.py:2935} INFO - Setting next_dagrun for example_subdag_operator.section-2 to None
[2025-05-19 09:05:33,355] {logging_mixin.py:109} INFO - [2025-05-19 09:05:33,355] {dag.py:2396} INFO - Sync 2 DAGs
[2025-05-19 09:05:33,377] {logging_mixin.py:109} INFO - [2025-05-19 09:05:33,377] {dag.py:2935} INFO - Setting next_dagrun for example_subdag_operator.section-1 to None
[2025-05-19 09:05:33,379] {logging_mixin.py:109} INFO - [2025-05-19 09:05:33,378] {dag.py:2935} INFO - Setting next_dagrun for example_subdag_operator.section-2 to None
[2025-05-19 09:05:33,397] {processor.py:171} INFO - Processing /home/airflow/.local/lib/python3.6/site-packages/airflow/example_dags/example_subdag_operator.py took 0.373 seconds
[2025-05-19 09:06:04,212] {processor.py:163} INFO - Started process (PID=1510) to work on /home/airflow/.local/lib/python3.6/site-packages/airflow/example_dags/example_subdag_operator.py
[2025-05-19 09:06:04,226] {processor.py:642} INFO - Processing file /home/airflow/.local/lib/python3.6/site-packages/airflow/example_dags/example_subdag_operator.py for tasks to queue
[2025-05-19 09:06:04,258] {logging_mixin.py:109} INFO - [2025-05-19 09:06:04,258] {dagbag.py:500} INFO - Filling up the DagBag from /home/airflow/.local/lib/python3.6/site-packages/airflow/example_dags/example_subdag_operator.py
[2025-05-19 09:06:04,464] {processor.py:654} INFO - DAG(s) dict_keys(['example_subdag_operator.section-1', 'example_subdag_operator.section-2', 'example_subdag_operator']) retrieved from /home/airflow/.local/lib/python3.6/site-packages/airflow/example_dags/example_subdag_operator.py
[2025-05-19 09:06:04,495] {logging_mixin.py:109} INFO - [2025-05-19 09:06:04,495] {dag.py:2396} INFO - Sync 3 DAGs
[2025-05-19 09:06:04,529] {logging_mixin.py:109} INFO - [2025-05-19 09:06:04,529] {dag.py:2935} INFO - Setting next_dagrun for example_subdag_operator to 2025-05-17T00:00:00+00:00
[2025-05-19 09:06:04,530] {logging_mixin.py:109} INFO - [2025-05-19 09:06:04,530] {dag.py:2935} INFO - Setting next_dagrun for example_subdag_operator.section-1 to None
[2025-05-19 09:06:04,531] {logging_mixin.py:109} INFO - [2025-05-19 09:06:04,531] {dag.py:2935} INFO - Setting next_dagrun for example_subdag_operator.section-2 to None
[2025-05-19 09:06:04,540] {logging_mixin.py:109} INFO - [2025-05-19 09:06:04,540] {dag.py:2396} INFO - Sync 2 DAGs
[2025-05-19 09:06:04,554] {logging_mixin.py:109} INFO - [2025-05-19 09:06:04,554] {dag.py:2935} INFO - Setting next_dagrun for example_subdag_operator.section-1 to None
[2025-05-19 09:06:04,555] {logging_mixin.py:109} INFO - [2025-05-19 09:06:04,555] {dag.py:2935} INFO - Setting next_dagrun for example_subdag_operator.section-2 to None
[2025-05-19 09:06:04,567] {processor.py:171} INFO - Processing /home/airflow/.local/lib/python3.6/site-packages/airflow/example_dags/example_subdag_operator.py took 0.362 seconds
[2025-05-19 09:06:35,107] {processor.py:163} INFO - Started process (PID=1572) to work on /home/airflow/.local/lib/python3.6/site-packages/airflow/example_dags/example_subdag_operator.py
[2025-05-19 09:06:35,109] {processor.py:642} INFO - Processing file /home/airflow/.local/lib/python3.6/site-packages/airflow/example_dags/example_subdag_operator.py for tasks to queue
[2025-05-19 09:06:35,110] {logging_mixin.py:109} INFO - [2025-05-19 09:06:35,110] {dagbag.py:500} INFO - Filling up the DagBag from /home/airflow/.local/lib/python3.6/site-packages/airflow/example_dags/example_subdag_operator.py
[2025-05-19 09:06:35,170] {processor.py:654} INFO - DAG(s) dict_keys(['example_subdag_operator.section-1', 'example_subdag_operator.section-2', 'example_subdag_operator']) retrieved from /home/airflow/.local/lib/python3.6/site-packages/airflow/example_dags/example_subdag_operator.py
[2025-05-19 09:06:35,192] {logging_mixin.py:109} INFO - [2025-05-19 09:06:35,192] {dag.py:2396} INFO - Sync 3 DAGs
[2025-05-19 09:06:35,222] {logging_mixin.py:109} INFO - [2025-05-19 09:06:35,222] {dag.py:2935} INFO - Setting next_dagrun for example_subdag_operator to 2025-05-17T00:00:00+00:00
[2025-05-19 09:06:35,223] {logging_mixin.py:109} INFO - [2025-05-19 09:06:35,223] {dag.py:2935} INFO - Setting next_dagrun for example_subdag_operator.section-1 to None
[2025-05-19 09:06:35,223] {logging_mixin.py:109} INFO - [2025-05-19 09:06:35,223] {dag.py:2935} INFO - Setting next_dagrun for example_subdag_operator.section-2 to None
[2025-05-19 09:06:35,233] {logging_mixin.py:109} INFO - [2025-05-19 09:06:35,233] {dag.py:2396} INFO - Sync 2 DAGs
[2025-05-19 09:06:35,247] {logging_mixin.py:109} INFO - [2025-05-19 09:06:35,247] {dag.py:2935} INFO - Setting next_dagrun for example_subdag_operator.section-1 to None
[2025-05-19 09:06:35,248] {logging_mixin.py:109} INFO - [2025-05-19 09:06:35,248] {dag.py:2935} INFO - Setting next_dagrun for example_subdag_operator.section-2 to None
[2025-05-19 09:06:35,259] {processor.py:171} INFO - Processing /home/airflow/.local/lib/python3.6/site-packages/airflow/example_dags/example_subdag_operator.py took 0.157 seconds
[2025-05-19 09:07:06,075] {processor.py:163} INFO - Started process (PID=1624) to work on /home/airflow/.local/lib/python3.6/site-packages/airflow/example_dags/example_subdag_operator.py
[2025-05-19 09:07:06,077] {processor.py:642} INFO - Processing file /home/airflow/.local/lib/python3.6/site-packages/airflow/example_dags/example_subdag_operator.py for tasks to queue
[2025-05-19 09:07:06,078] {logging_mixin.py:109} INFO - [2025-05-19 09:07:06,078] {dagbag.py:500} INFO - Filling up the DagBag from /home/airflow/.local/lib/python3.6/site-packages/airflow/example_dags/example_subdag_operator.py
[2025-05-19 09:07:06,117] {processor.py:654} INFO - DAG(s) dict_keys(['example_subdag_operator.section-1', 'example_subdag_operator.section-2', 'example_subdag_operator']) retrieved from /home/airflow/.local/lib/python3.6/site-packages/airflow/example_dags/example_subdag_operator.py
[2025-05-19 09:07:06,130] {logging_mixin.py:109} INFO - [2025-05-19 09:07:06,130] {dag.py:2396} INFO - Sync 3 DAGs
[2025-05-19 09:07:06,149] {logging_mixin.py:109} INFO - [2025-05-19 09:07:06,149] {dag.py:2935} INFO - Setting next_dagrun for example_subdag_operator to 2025-05-17T00:00:00+00:00
[2025-05-19 09:07:06,149] {logging_mixin.py:109} INFO - [2025-05-19 09:07:06,149] {dag.py:2935} INFO - Setting next_dagrun for example_subdag_operator.section-1 to None
[2025-05-19 09:07:06,150] {logging_mixin.py:109} INFO - [2025-05-19 09:07:06,150] {dag.py:2935} INFO - Setting next_dagrun for example_subdag_operator.section-2 to None
[2025-05-19 09:07:06,157] {logging_mixin.py:109} INFO - [2025-05-19 09:07:06,156] {dag.py:2396} INFO - Sync 2 DAGs
[2025-05-19 09:07:06,168] {logging_mixin.py:109} INFO - [2025-05-19 09:07:06,167] {dag.py:2935} INFO - Setting next_dagrun for example_subdag_operator.section-1 to None
[2025-05-19 09:07:06,168] {logging_mixin.py:109} INFO - [2025-05-19 09:07:06,168] {dag.py:2935} INFO - Setting next_dagrun for example_subdag_operator.section-2 to None
[2025-05-19 09:07:06,179] {processor.py:171} INFO - Processing /home/airflow/.local/lib/python3.6/site-packages/airflow/example_dags/example_subdag_operator.py took 0.107 seconds
[2025-05-19 09:07:36,410] {processor.py:163} INFO - Started process (PID=1676) to work on /home/airflow/.local/lib/python3.6/site-packages/airflow/example_dags/example_subdag_operator.py
[2025-05-19 09:07:36,412] {processor.py:642} INFO - Processing file /home/airflow/.local/lib/python3.6/site-packages/airflow/example_dags/example_subdag_operator.py for tasks to queue
[2025-05-19 09:07:36,413] {logging_mixin.py:109} INFO - [2025-05-19 09:07:36,413] {dagbag.py:500} INFO - Filling up the DagBag from /home/airflow/.local/lib/python3.6/site-packages/airflow/example_dags/example_subdag_operator.py
[2025-05-19 09:07:36,457] {processor.py:654} INFO - DAG(s) dict_keys(['example_subdag_operator.section-1', 'example_subdag_operator.section-2', 'example_subdag_operator']) retrieved from /home/airflow/.local/lib/python3.6/site-packages/airflow/example_dags/example_subdag_operator.py
[2025-05-19 09:07:36,472] {logging_mixin.py:109} INFO - [2025-05-19 09:07:36,472] {dag.py:2396} INFO - Sync 3 DAGs
[2025-05-19 09:07:36,495] {logging_mixin.py:109} INFO - [2025-05-19 09:07:36,495] {dag.py:2935} INFO - Setting next_dagrun for example_subdag_operator to 2025-05-17T00:00:00+00:00
[2025-05-19 09:07:36,496] {logging_mixin.py:109} INFO - [2025-05-19 09:07:36,496] {dag.py:2935} INFO - Setting next_dagrun for example_subdag_operator.section-1 to None
[2025-05-19 09:07:36,497] {logging_mixin.py:109} INFO - [2025-05-19 09:07:36,496] {dag.py:2935} INFO - Setting next_dagrun for example_subdag_operator.section-2 to None
[2025-05-19 09:07:36,505] {logging_mixin.py:109} INFO - [2025-05-19 09:07:36,505] {dag.py:2396} INFO - Sync 2 DAGs
[2025-05-19 09:07:36,516] {logging_mixin.py:109} INFO - [2025-05-19 09:07:36,516] {dag.py:2935} INFO - Setting next_dagrun for example_subdag_operator.section-1 to None
[2025-05-19 09:07:36,517] {logging_mixin.py:109} INFO - [2025-05-19 09:07:36,517] {dag.py:2935} INFO - Setting next_dagrun for example_subdag_operator.section-2 to None
[2025-05-19 09:07:36,529] {processor.py:171} INFO - Processing /home/airflow/.local/lib/python3.6/site-packages/airflow/example_dags/example_subdag_operator.py took 0.123 seconds
[2025-05-19 09:08:07,180] {processor.py:163} INFO - Started process (PID=1738) to work on /home/airflow/.local/lib/python3.6/site-packages/airflow/example_dags/example_subdag_operator.py
[2025-05-19 09:08:07,182] {processor.py:642} INFO - Processing file /home/airflow/.local/lib/python3.6/site-packages/airflow/example_dags/example_subdag_operator.py for tasks to queue
[2025-05-19 09:08:07,184] {logging_mixin.py:109} INFO - [2025-05-19 09:08:07,184] {dagbag.py:500} INFO - Filling up the DagBag from /home/airflow/.local/lib/python3.6/site-packages/airflow/example_dags/example_subdag_operator.py
[2025-05-19 09:08:07,244] {processor.py:654} INFO - DAG(s) dict_keys(['example_subdag_operator.section-1', 'example_subdag_operator.section-2', 'example_subdag_operator']) retrieved from /home/airflow/.local/lib/python3.6/site-packages/airflow/example_dags/example_subdag_operator.py
[2025-05-19 09:08:07,262] {logging_mixin.py:109} INFO - [2025-05-19 09:08:07,262] {dag.py:2396} INFO - Sync 3 DAGs
[2025-05-19 09:08:07,291] {logging_mixin.py:109} INFO - [2025-05-19 09:08:07,290] {dag.py:2935} INFO - Setting next_dagrun for example_subdag_operator to 2025-05-17T00:00:00+00:00
[2025-05-19 09:08:07,292] {logging_mixin.py:109} INFO - [2025-05-19 09:08:07,291] {dag.py:2935} INFO - Setting next_dagrun for example_subdag_operator.section-1 to None
[2025-05-19 09:08:07,292] {logging_mixin.py:109} INFO - [2025-05-19 09:08:07,292] {dag.py:2935} INFO - Setting next_dagrun for example_subdag_operator.section-2 to None
[2025-05-19 09:08:07,302] {logging_mixin.py:109} INFO - [2025-05-19 09:08:07,301] {dag.py:2396} INFO - Sync 2 DAGs
[2025-05-19 09:08:07,314] {logging_mixin.py:109} INFO - [2025-05-19 09:08:07,314] {dag.py:2935} INFO - Setting next_dagrun for example_subdag_operator.section-1 to None
[2025-05-19 09:08:07,315] {logging_mixin.py:109} INFO - [2025-05-19 09:08:07,315] {dag.py:2935} INFO - Setting next_dagrun for example_subdag_operator.section-2 to None
[2025-05-19 09:08:07,332] {processor.py:171} INFO - Processing /home/airflow/.local/lib/python3.6/site-packages/airflow/example_dags/example_subdag_operator.py took 0.156 seconds
[2025-05-19 09:08:37,383] {processor.py:163} INFO - Started process (PID=1790) to work on /home/airflow/.local/lib/python3.6/site-packages/airflow/example_dags/example_subdag_operator.py
[2025-05-19 09:08:37,386] {processor.py:642} INFO - Processing file /home/airflow/.local/lib/python3.6/site-packages/airflow/example_dags/example_subdag_operator.py for tasks to queue
[2025-05-19 09:08:37,387] {logging_mixin.py:109} INFO - [2025-05-19 09:08:37,387] {dagbag.py:500} INFO - Filling up the DagBag from /home/airflow/.local/lib/python3.6/site-packages/airflow/example_dags/example_subdag_operator.py
[2025-05-19 09:08:37,440] {processor.py:654} INFO - DAG(s) dict_keys(['example_subdag_operator.section-1', 'example_subdag_operator.section-2', 'example_subdag_operator']) retrieved from /home/airflow/.local/lib/python3.6/site-packages/airflow/example_dags/example_subdag_operator.py
[2025-05-19 09:08:37,463] {logging_mixin.py:109} INFO - [2025-05-19 09:08:37,463] {dag.py:2396} INFO - Sync 3 DAGs
[2025-05-19 09:08:37,493] {logging_mixin.py:109} INFO - [2025-05-19 09:08:37,492] {dag.py:2935} INFO - Setting next_dagrun for example_subdag_operator to 2025-05-17T00:00:00+00:00
[2025-05-19 09:08:37,494] {logging_mixin.py:109} INFO - [2025-05-19 09:08:37,494] {dag.py:2935} INFO - Setting next_dagrun for example_subdag_operator.section-1 to None
[2025-05-19 09:08:37,494] {logging_mixin.py:109} INFO - [2025-05-19 09:08:37,494] {dag.py:2935} INFO - Setting next_dagrun for example_subdag_operator.section-2 to None
[2025-05-19 09:08:37,502] {logging_mixin.py:109} INFO - [2025-05-19 09:08:37,502] {dag.py:2396} INFO - Sync 2 DAGs
[2025-05-19 09:08:37,515] {logging_mixin.py:109} INFO - [2025-05-19 09:08:37,515] {dag.py:2935} INFO - Setting next_dagrun for example_subdag_operator.section-1 to None
[2025-05-19 09:08:37,516] {logging_mixin.py:109} INFO - [2025-05-19 09:08:37,516] {dag.py:2935} INFO - Setting next_dagrun for example_subdag_operator.section-2 to None
[2025-05-19 09:08:37,530] {processor.py:171} INFO - Processing /home/airflow/.local/lib/python3.6/site-packages/airflow/example_dags/example_subdag_operator.py took 0.153 seconds
[2025-05-19 09:09:07,632] {processor.py:163} INFO - Started process (PID=1852) to work on /home/airflow/.local/lib/python3.6/site-packages/airflow/example_dags/example_subdag_operator.py
[2025-05-19 09:09:07,635] {processor.py:642} INFO - Processing file /home/airflow/.local/lib/python3.6/site-packages/airflow/example_dags/example_subdag_operator.py for tasks to queue
[2025-05-19 09:09:07,636] {logging_mixin.py:109} INFO - [2025-05-19 09:09:07,636] {dagbag.py:500} INFO - Filling up the DagBag from /home/airflow/.local/lib/python3.6/site-packages/airflow/example_dags/example_subdag_operator.py
[2025-05-19 09:09:07,682] {processor.py:654} INFO - DAG(s) dict_keys(['example_subdag_operator.section-1', 'example_subdag_operator.section-2', 'example_subdag_operator']) retrieved from /home/airflow/.local/lib/python3.6/site-packages/airflow/example_dags/example_subdag_operator.py
[2025-05-19 09:09:07,710] {logging_mixin.py:109} INFO - [2025-05-19 09:09:07,710] {dag.py:2396} INFO - Sync 3 DAGs
[2025-05-19 09:09:07,735] {logging_mixin.py:109} INFO - [2025-05-19 09:09:07,734] {dag.py:2935} INFO - Setting next_dagrun for example_subdag_operator to 2025-05-17T00:00:00+00:00
[2025-05-19 09:09:07,735] {logging_mixin.py:109} INFO - [2025-05-19 09:09:07,735] {dag.py:2935} INFO - Setting next_dagrun for example_subdag_operator.section-1 to None
[2025-05-19 09:09:07,736] {logging_mixin.py:109} INFO - [2025-05-19 09:09:07,736] {dag.py:2935} INFO - Setting next_dagrun for example_subdag_operator.section-2 to None
[2025-05-19 09:09:07,743] {logging_mixin.py:109} INFO - [2025-05-19 09:09:07,743] {dag.py:2396} INFO - Sync 2 DAGs
[2025-05-19 09:09:07,755] {logging_mixin.py:109} INFO - [2025-05-19 09:09:07,755] {dag.py:2935} INFO - Setting next_dagrun for example_subdag_operator.section-1 to None
[2025-05-19 09:09:07,756] {logging_mixin.py:109} INFO - [2025-05-19 09:09:07,756] {dag.py:2935} INFO - Setting next_dagrun for example_subdag_operator.section-2 to None
[2025-05-19 09:09:07,767] {processor.py:171} INFO - Processing /home/airflow/.local/lib/python3.6/site-packages/airflow/example_dags/example_subdag_operator.py took 0.139 seconds
[2025-05-19 09:09:38,252] {processor.py:163} INFO - Started process (PID=1904) to work on /home/airflow/.local/lib/python3.6/site-packages/airflow/example_dags/example_subdag_operator.py
[2025-05-19 09:09:38,254] {processor.py:642} INFO - Processing file /home/airflow/.local/lib/python3.6/site-packages/airflow/example_dags/example_subdag_operator.py for tasks to queue
[2025-05-19 09:09:38,255] {logging_mixin.py:109} INFO - [2025-05-19 09:09:38,255] {dagbag.py:500} INFO - Filling up the DagBag from /home/airflow/.local/lib/python3.6/site-packages/airflow/example_dags/example_subdag_operator.py
[2025-05-19 09:09:38,313] {processor.py:654} INFO - DAG(s) dict_keys(['example_subdag_operator.section-1', 'example_subdag_operator.section-2', 'example_subdag_operator']) retrieved from /home/airflow/.local/lib/python3.6/site-packages/airflow/example_dags/example_subdag_operator.py
[2025-05-19 09:09:38,336] {logging_mixin.py:109} INFO - [2025-05-19 09:09:38,336] {dag.py:2396} INFO - Sync 3 DAGs
[2025-05-19 09:09:38,359] {logging_mixin.py:109} INFO - [2025-05-19 09:09:38,359] {dag.py:2935} INFO - Setting next_dagrun for example_subdag_operator to 2025-05-17T00:00:00+00:00
[2025-05-19 09:09:38,360] {logging_mixin.py:109} INFO - [2025-05-19 09:09:38,359] {dag.py:2935} INFO - Setting next_dagrun for example_subdag_operator.section-1 to None
[2025-05-19 09:09:38,360] {logging_mixin.py:109} INFO - [2025-05-19 09:09:38,360] {dag.py:2935} INFO - Setting next_dagrun for example_subdag_operator.section-2 to None
[2025-05-19 09:09:38,369] {logging_mixin.py:109} INFO - [2025-05-19 09:09:38,368] {dag.py:2396} INFO - Sync 2 DAGs
[2025-05-19 09:09:38,380] {logging_mixin.py:109} INFO - [2025-05-19 09:09:38,380] {dag.py:2935} INFO - Setting next_dagrun for example_subdag_operator.section-1 to None
[2025-05-19 09:09:38,381] {logging_mixin.py:109} INFO - [2025-05-19 09:09:38,381] {dag.py:2935} INFO - Setting next_dagrun for example_subdag_operator.section-2 to None
[2025-05-19 09:09:38,393] {processor.py:171} INFO - Processing /home/airflow/.local/lib/python3.6/site-packages/airflow/example_dags/example_subdag_operator.py took 0.144 seconds
[2025-05-19 09:10:08,787] {processor.py:163} INFO - Started process (PID=1956) to work on /home/airflow/.local/lib/python3.6/site-packages/airflow/example_dags/example_subdag_operator.py
[2025-05-19 09:10:08,789] {processor.py:642} INFO - Processing file /home/airflow/.local/lib/python3.6/site-packages/airflow/example_dags/example_subdag_operator.py for tasks to queue
[2025-05-19 09:10:08,790] {logging_mixin.py:109} INFO - [2025-05-19 09:10:08,790] {dagbag.py:500} INFO - Filling up the DagBag from /home/airflow/.local/lib/python3.6/site-packages/airflow/example_dags/example_subdag_operator.py
[2025-05-19 09:10:08,838] {processor.py:654} INFO - DAG(s) dict_keys(['example_subdag_operator.section-1', 'example_subdag_operator.section-2', 'example_subdag_operator']) retrieved from /home/airflow/.local/lib/python3.6/site-packages/airflow/example_dags/example_subdag_operator.py
[2025-05-19 09:10:08,855] {logging_mixin.py:109} INFO - [2025-05-19 09:10:08,855] {dag.py:2396} INFO - Sync 3 DAGs
[2025-05-19 09:10:08,894] {logging_mixin.py:109} INFO - [2025-05-19 09:10:08,893] {dag.py:2935} INFO - Setting next_dagrun for example_subdag_operator to 2025-05-17T00:00:00+00:00
[2025-05-19 09:10:08,895] {logging_mixin.py:109} INFO - [2025-05-19 09:10:08,895] {dag.py:2935} INFO - Setting next_dagrun for example_subdag_operator.section-1 to None
[2025-05-19 09:10:08,896] {logging_mixin.py:109} INFO - [2025-05-19 09:10:08,896] {dag.py:2935} INFO - Setting next_dagrun for example_subdag_operator.section-2 to None
[2025-05-19 09:10:08,910] {logging_mixin.py:109} INFO - [2025-05-19 09:10:08,910] {dag.py:2396} INFO - Sync 2 DAGs
[2025-05-19 09:10:08,931] {logging_mixin.py:109} INFO - [2025-05-19 09:10:08,931] {dag.py:2935} INFO - Setting next_dagrun for example_subdag_operator.section-1 to None
[2025-05-19 09:10:08,932] {logging_mixin.py:109} INFO - [2025-05-19 09:10:08,932] {dag.py:2935} INFO - Setting next_dagrun for example_subdag_operator.section-2 to None
[2025-05-19 09:10:08,953] {processor.py:171} INFO - Processing /home/airflow/.local/lib/python3.6/site-packages/airflow/example_dags/example_subdag_operator.py took 0.170 seconds
[2025-05-19 09:10:39,149] {processor.py:163} INFO - Started process (PID=2008) to work on /home/airflow/.local/lib/python3.6/site-packages/airflow/example_dags/example_subdag_operator.py
[2025-05-19 09:10:39,151] {processor.py:642} INFO - Processing file /home/airflow/.local/lib/python3.6/site-packages/airflow/example_dags/example_subdag_operator.py for tasks to queue
[2025-05-19 09:10:39,152] {logging_mixin.py:109} INFO - [2025-05-19 09:10:39,152] {dagbag.py:500} INFO - Filling up the DagBag from /home/airflow/.local/lib/python3.6/site-packages/airflow/example_dags/example_subdag_operator.py
[2025-05-19 09:10:39,196] {processor.py:654} INFO - DAG(s) dict_keys(['example_subdag_operator.section-1', 'example_subdag_operator.section-2', 'example_subdag_operator']) retrieved from /home/airflow/.local/lib/python3.6/site-packages/airflow/example_dags/example_subdag_operator.py
[2025-05-19 09:10:39,212] {logging_mixin.py:109} INFO - [2025-05-19 09:10:39,212] {dag.py:2396} INFO - Sync 3 DAGs
[2025-05-19 09:10:39,234] {logging_mixin.py:109} INFO - [2025-05-19 09:10:39,234] {dag.py:2935} INFO - Setting next_dagrun for example_subdag_operator to 2025-05-17T00:00:00+00:00
[2025-05-19 09:10:39,235] {logging_mixin.py:109} INFO - [2025-05-19 09:10:39,235] {dag.py:2935} INFO - Setting next_dagrun for example_subdag_operator.section-1 to None
[2025-05-19 09:10:39,235] {logging_mixin.py:109} INFO - [2025-05-19 09:10:39,235] {dag.py:2935} INFO - Setting next_dagrun for example_subdag_operator.section-2 to None
[2025-05-19 09:10:39,242] {logging_mixin.py:109} INFO - [2025-05-19 09:10:39,241] {dag.py:2396} INFO - Sync 2 DAGs
[2025-05-19 09:10:39,252] {logging_mixin.py:109} INFO - [2025-05-19 09:10:39,252] {dag.py:2935} INFO - Setting next_dagrun for example_subdag_operator.section-1 to None
[2025-05-19 09:10:39,252] {logging_mixin.py:109} INFO - [2025-05-19 09:10:39,252] {dag.py:2935} INFO - Setting next_dagrun for example_subdag_operator.section-2 to None
[2025-05-19 09:10:39,262] {processor.py:171} INFO - Processing /home/airflow/.local/lib/python3.6/site-packages/airflow/example_dags/example_subdag_operator.py took 0.117 seconds
[2025-05-19 09:11:10,230] {processor.py:163} INFO - Started process (PID=2071) to work on /home/airflow/.local/lib/python3.6/site-packages/airflow/example_dags/example_subdag_operator.py
[2025-05-19 09:11:10,233] {processor.py:642} INFO - Processing file /home/airflow/.local/lib/python3.6/site-packages/airflow/example_dags/example_subdag_operator.py for tasks to queue
[2025-05-19 09:11:10,234] {logging_mixin.py:109} INFO - [2025-05-19 09:11:10,234] {dagbag.py:500} INFO - Filling up the DagBag from /home/airflow/.local/lib/python3.6/site-packages/airflow/example_dags/example_subdag_operator.py
[2025-05-19 09:11:10,290] {processor.py:654} INFO - DAG(s) dict_keys(['example_subdag_operator.section-1', 'example_subdag_operator.section-2', 'example_subdag_operator']) retrieved from /home/airflow/.local/lib/python3.6/site-packages/airflow/example_dags/example_subdag_operator.py
[2025-05-19 09:11:10,314] {logging_mixin.py:109} INFO - [2025-05-19 09:11:10,314] {dag.py:2396} INFO - Sync 3 DAGs
[2025-05-19 09:11:10,345] {logging_mixin.py:109} INFO - [2025-05-19 09:11:10,345] {dag.py:2935} INFO - Setting next_dagrun for example_subdag_operator to 2025-05-17T00:00:00+00:00
[2025-05-19 09:11:10,346] {logging_mixin.py:109} INFO - [2025-05-19 09:11:10,346] {dag.py:2935} INFO - Setting next_dagrun for example_subdag_operator.section-1 to None
[2025-05-19 09:11:10,347] {logging_mixin.py:109} INFO - [2025-05-19 09:11:10,347] {dag.py:2935} INFO - Setting next_dagrun for example_subdag_operator.section-2 to None
[2025-05-19 09:11:10,356] {logging_mixin.py:109} INFO - [2025-05-19 09:11:10,356] {dag.py:2396} INFO - Sync 2 DAGs
[2025-05-19 09:11:10,376] {logging_mixin.py:109} INFO - [2025-05-19 09:11:10,376] {dag.py:2935} INFO - Setting next_dagrun for example_subdag_operator.section-1 to None
[2025-05-19 09:11:10,377] {logging_mixin.py:109} INFO - [2025-05-19 09:11:10,377] {dag.py:2935} INFO - Setting next_dagrun for example_subdag_operator.section-2 to None
[2025-05-19 09:11:10,391] {processor.py:171} INFO - Processing /home/airflow/.local/lib/python3.6/site-packages/airflow/example_dags/example_subdag_operator.py took 0.166 seconds
[2025-05-19 09:11:40,834] {processor.py:163} INFO - Started process (PID=2123) to work on /home/airflow/.local/lib/python3.6/site-packages/airflow/example_dags/example_subdag_operator.py
[2025-05-19 09:11:40,835] {processor.py:642} INFO - Processing file /home/airflow/.local/lib/python3.6/site-packages/airflow/example_dags/example_subdag_operator.py for tasks to queue
[2025-05-19 09:11:40,836] {logging_mixin.py:109} INFO - [2025-05-19 09:11:40,836] {dagbag.py:500} INFO - Filling up the DagBag from /home/airflow/.local/lib/python3.6/site-packages/airflow/example_dags/example_subdag_operator.py
[2025-05-19 09:11:40,879] {processor.py:654} INFO - DAG(s) dict_keys(['example_subdag_operator.section-1', 'example_subdag_operator.section-2', 'example_subdag_operator']) retrieved from /home/airflow/.local/lib/python3.6/site-packages/airflow/example_dags/example_subdag_operator.py
[2025-05-19 09:11:40,894] {logging_mixin.py:109} INFO - [2025-05-19 09:11:40,894] {dag.py:2396} INFO - Sync 3 DAGs
[2025-05-19 09:11:40,915] {logging_mixin.py:109} INFO - [2025-05-19 09:11:40,915] {dag.py:2935} INFO - Setting next_dagrun for example_subdag_operator to 2025-05-17T00:00:00+00:00
[2025-05-19 09:11:40,916] {logging_mixin.py:109} INFO - [2025-05-19 09:11:40,916] {dag.py:2935} INFO - Setting next_dagrun for example_subdag_operator.section-1 to None
[2025-05-19 09:11:40,917] {logging_mixin.py:109} INFO - [2025-05-19 09:11:40,917] {dag.py:2935} INFO - Setting next_dagrun for example_subdag_operator.section-2 to None
[2025-05-19 09:11:40,924] {logging_mixin.py:109} INFO - [2025-05-19 09:11:40,924] {dag.py:2396} INFO - Sync 2 DAGs
[2025-05-19 09:11:40,936] {logging_mixin.py:109} INFO - [2025-05-19 09:11:40,936] {dag.py:2935} INFO - Setting next_dagrun for example_subdag_operator.section-1 to None
[2025-05-19 09:11:40,937] {logging_mixin.py:109} INFO - [2025-05-19 09:11:40,937] {dag.py:2935} INFO - Setting next_dagrun for example_subdag_operator.section-2 to None
[2025-05-19 09:11:40,947] {processor.py:171} INFO - Processing /home/airflow/.local/lib/python3.6/site-packages/airflow/example_dags/example_subdag_operator.py took 0.117 seconds
[2025-05-19 09:12:10,982] {processor.py:163} INFO - Started process (PID=2175) to work on /home/airflow/.local/lib/python3.6/site-packages/airflow/example_dags/example_subdag_operator.py
[2025-05-19 09:12:10,983] {processor.py:642} INFO - Processing file /home/airflow/.local/lib/python3.6/site-packages/airflow/example_dags/example_subdag_operator.py for tasks to queue
[2025-05-19 09:12:10,984] {logging_mixin.py:109} INFO - [2025-05-19 09:12:10,984] {dagbag.py:500} INFO - Filling up the DagBag from /home/airflow/.local/lib/python3.6/site-packages/airflow/example_dags/example_subdag_operator.py
[2025-05-19 09:12:11,030] {processor.py:654} INFO - DAG(s) dict_keys(['example_subdag_operator.section-1', 'example_subdag_operator.section-2', 'example_subdag_operator']) retrieved from /home/airflow/.local/lib/python3.6/site-packages/airflow/example_dags/example_subdag_operator.py
[2025-05-19 09:12:11,050] {logging_mixin.py:109} INFO - [2025-05-19 09:12:11,050] {dag.py:2396} INFO - Sync 3 DAGs
[2025-05-19 09:12:11,075] {logging_mixin.py:109} INFO - [2025-05-19 09:12:11,075] {dag.py:2935} INFO - Setting next_dagrun for example_subdag_operator to 2025-05-17T00:00:00+00:00
[2025-05-19 09:12:11,076] {logging_mixin.py:109} INFO - [2025-05-19 09:12:11,076] {dag.py:2935} INFO - Setting next_dagrun for example_subdag_operator.section-1 to None
[2025-05-19 09:12:11,078] {logging_mixin.py:109} INFO - [2025-05-19 09:12:11,078] {dag.py:2935} INFO - Setting next_dagrun for example_subdag_operator.section-2 to None
[2025-05-19 09:12:11,086] {logging_mixin.py:109} INFO - [2025-05-19 09:12:11,086] {dag.py:2396} INFO - Sync 2 DAGs
[2025-05-19 09:12:11,099] {logging_mixin.py:109} INFO - [2025-05-19 09:12:11,099] {dag.py:2935} INFO - Setting next_dagrun for example_subdag_operator.section-1 to None
[2025-05-19 09:12:11,100] {logging_mixin.py:109} INFO - [2025-05-19 09:12:11,100] {dag.py:2935} INFO - Setting next_dagrun for example_subdag_operator.section-2 to None
[2025-05-19 09:12:11,112] {processor.py:171} INFO - Processing /home/airflow/.local/lib/python3.6/site-packages/airflow/example_dags/example_subdag_operator.py took 0.134 seconds
[2025-05-19 09:12:41,870] {processor.py:163} INFO - Started process (PID=2227) to work on /home/airflow/.local/lib/python3.6/site-packages/airflow/example_dags/example_subdag_operator.py
[2025-05-19 09:12:41,872] {processor.py:642} INFO - Processing file /home/airflow/.local/lib/python3.6/site-packages/airflow/example_dags/example_subdag_operator.py for tasks to queue
[2025-05-19 09:12:41,874] {logging_mixin.py:109} INFO - [2025-05-19 09:12:41,873] {dagbag.py:500} INFO - Filling up the DagBag from /home/airflow/.local/lib/python3.6/site-packages/airflow/example_dags/example_subdag_operator.py
[2025-05-19 09:12:41,924] {processor.py:654} INFO - DAG(s) dict_keys(['example_subdag_operator.section-1', 'example_subdag_operator.section-2', 'example_subdag_operator']) retrieved from /home/airflow/.local/lib/python3.6/site-packages/airflow/example_dags/example_subdag_operator.py
[2025-05-19 09:12:41,944] {logging_mixin.py:109} INFO - [2025-05-19 09:12:41,944] {dag.py:2396} INFO - Sync 3 DAGs
[2025-05-19 09:12:41,970] {logging_mixin.py:109} INFO - [2025-05-19 09:12:41,970] {dag.py:2935} INFO - Setting next_dagrun for example_subdag_operator to 2025-05-17T00:00:00+00:00
[2025-05-19 09:12:41,971] {logging_mixin.py:109} INFO - [2025-05-19 09:12:41,971] {dag.py:2935} INFO - Setting next_dagrun for example_subdag_operator.section-1 to None
[2025-05-19 09:12:41,971] {logging_mixin.py:109} INFO - [2025-05-19 09:12:41,971] {dag.py:2935} INFO - Setting next_dagrun for example_subdag_operator.section-2 to None
[2025-05-19 09:12:41,979] {logging_mixin.py:109} INFO - [2025-05-19 09:12:41,979] {dag.py:2396} INFO - Sync 2 DAGs
[2025-05-19 09:12:41,993] {logging_mixin.py:109} INFO - [2025-05-19 09:12:41,993] {dag.py:2935} INFO - Setting next_dagrun for example_subdag_operator.section-1 to None
[2025-05-19 09:12:41,995] {logging_mixin.py:109} INFO - [2025-05-19 09:12:41,995] {dag.py:2935} INFO - Setting next_dagrun for example_subdag_operator.section-2 to None
[2025-05-19 09:12:42,007] {processor.py:171} INFO - Processing /home/airflow/.local/lib/python3.6/site-packages/airflow/example_dags/example_subdag_operator.py took 0.140 seconds
[2025-05-19 09:13:12,297] {processor.py:163} INFO - Started process (PID=2279) to work on /home/airflow/.local/lib/python3.6/site-packages/airflow/example_dags/example_subdag_operator.py
[2025-05-19 09:13:12,298] {processor.py:642} INFO - Processing file /home/airflow/.local/lib/python3.6/site-packages/airflow/example_dags/example_subdag_operator.py for tasks to queue
[2025-05-19 09:13:12,300] {logging_mixin.py:109} INFO - [2025-05-19 09:13:12,300] {dagbag.py:500} INFO - Filling up the DagBag from /home/airflow/.local/lib/python3.6/site-packages/airflow/example_dags/example_subdag_operator.py
[2025-05-19 09:13:12,355] {processor.py:654} INFO - DAG(s) dict_keys(['example_subdag_operator.section-1', 'example_subdag_operator.section-2', 'example_subdag_operator']) retrieved from /home/airflow/.local/lib/python3.6/site-packages/airflow/example_dags/example_subdag_operator.py
[2025-05-19 09:13:12,380] {logging_mixin.py:109} INFO - [2025-05-19 09:13:12,380] {dag.py:2396} INFO - Sync 3 DAGs
[2025-05-19 09:13:12,409] {logging_mixin.py:109} INFO - [2025-05-19 09:13:12,409] {dag.py:2935} INFO - Setting next_dagrun for example_subdag_operator to 2025-05-17T00:00:00+00:00
[2025-05-19 09:13:12,409] {logging_mixin.py:109} INFO - [2025-05-19 09:13:12,409] {dag.py:2935} INFO - Setting next_dagrun for example_subdag_operator.section-1 to None
[2025-05-19 09:13:12,410] {logging_mixin.py:109} INFO - [2025-05-19 09:13:12,410] {dag.py:2935} INFO - Setting next_dagrun for example_subdag_operator.section-2 to None
[2025-05-19 09:13:12,416] {logging_mixin.py:109} INFO - [2025-05-19 09:13:12,416] {dag.py:2396} INFO - Sync 2 DAGs
[2025-05-19 09:13:12,425] {logging_mixin.py:109} INFO - [2025-05-19 09:13:12,425] {dag.py:2935} INFO - Setting next_dagrun for example_subdag_operator.section-1 to None
[2025-05-19 09:13:12,426] {logging_mixin.py:109} INFO - [2025-05-19 09:13:12,426] {dag.py:2935} INFO - Setting next_dagrun for example_subdag_operator.section-2 to None
[2025-05-19 09:13:12,436] {processor.py:171} INFO - Processing /home/airflow/.local/lib/python3.6/site-packages/airflow/example_dags/example_subdag_operator.py took 0.143 seconds
[2025-05-19 09:13:42,768] {processor.py:163} INFO - Started process (PID=2330) to work on /home/airflow/.local/lib/python3.6/site-packages/airflow/example_dags/example_subdag_operator.py
[2025-05-19 09:13:42,771] {processor.py:642} INFO - Processing file /home/airflow/.local/lib/python3.6/site-packages/airflow/example_dags/example_subdag_operator.py for tasks to queue
[2025-05-19 09:13:42,774] {logging_mixin.py:109} INFO - [2025-05-19 09:13:42,774] {dagbag.py:500} INFO - Filling up the DagBag from /home/airflow/.local/lib/python3.6/site-packages/airflow/example_dags/example_subdag_operator.py
[2025-05-19 09:13:42,869] {processor.py:654} INFO - DAG(s) dict_keys(['example_subdag_operator.section-1', 'example_subdag_operator.section-2', 'example_subdag_operator']) retrieved from /home/airflow/.local/lib/python3.6/site-packages/airflow/example_dags/example_subdag_operator.py
[2025-05-19 09:13:42,904] {logging_mixin.py:109} INFO - [2025-05-19 09:13:42,904] {dag.py:2396} INFO - Sync 3 DAGs
[2025-05-19 09:13:42,953] {logging_mixin.py:109} INFO - [2025-05-19 09:13:42,952] {dag.py:2935} INFO - Setting next_dagrun for example_subdag_operator to 2025-05-17T00:00:00+00:00
[2025-05-19 09:13:42,955] {logging_mixin.py:109} INFO - [2025-05-19 09:13:42,954] {dag.py:2935} INFO - Setting next_dagrun for example_subdag_operator.section-1 to None
[2025-05-19 09:13:42,956] {logging_mixin.py:109} INFO - [2025-05-19 09:13:42,956] {dag.py:2935} INFO - Setting next_dagrun for example_subdag_operator.section-2 to None
[2025-05-19 09:13:42,974] {logging_mixin.py:109} INFO - [2025-05-19 09:13:42,974] {dag.py:2396} INFO - Sync 2 DAGs
[2025-05-19 09:13:43,008] {logging_mixin.py:109} INFO - [2025-05-19 09:13:43,007] {dag.py:2935} INFO - Setting next_dagrun for example_subdag_operator.section-1 to None
[2025-05-19 09:13:43,012] {logging_mixin.py:109} INFO - [2025-05-19 09:13:43,011] {dag.py:2935} INFO - Setting next_dagrun for example_subdag_operator.section-2 to None
[2025-05-19 09:13:43,039] {processor.py:171} INFO - Processing /home/airflow/.local/lib/python3.6/site-packages/airflow/example_dags/example_subdag_operator.py took 0.281 seconds
[2025-05-19 09:14:13,256] {processor.py:163} INFO - Started process (PID=2379) to work on /home/airflow/.local/lib/python3.6/site-packages/airflow/example_dags/example_subdag_operator.py
[2025-05-19 09:14:13,259] {processor.py:642} INFO - Processing file /home/airflow/.local/lib/python3.6/site-packages/airflow/example_dags/example_subdag_operator.py for tasks to queue
[2025-05-19 09:14:13,261] {logging_mixin.py:109} INFO - [2025-05-19 09:14:13,260] {dagbag.py:500} INFO - Filling up the DagBag from /home/airflow/.local/lib/python3.6/site-packages/airflow/example_dags/example_subdag_operator.py
[2025-05-19 09:14:13,329] {processor.py:654} INFO - DAG(s) dict_keys(['example_subdag_operator.section-1', 'example_subdag_operator.section-2', 'example_subdag_operator']) retrieved from /home/airflow/.local/lib/python3.6/site-packages/airflow/example_dags/example_subdag_operator.py
[2025-05-19 09:14:13,355] {logging_mixin.py:109} INFO - [2025-05-19 09:14:13,355] {dag.py:2396} INFO - Sync 3 DAGs
[2025-05-19 09:14:13,398] {logging_mixin.py:109} INFO - [2025-05-19 09:14:13,397] {dag.py:2935} INFO - Setting next_dagrun for example_subdag_operator to 2025-05-17T00:00:00+00:00
[2025-05-19 09:14:13,398] {logging_mixin.py:109} INFO - [2025-05-19 09:14:13,398] {dag.py:2935} INFO - Setting next_dagrun for example_subdag_operator.section-1 to None
[2025-05-19 09:14:13,399] {logging_mixin.py:109} INFO - [2025-05-19 09:14:13,399] {dag.py:2935} INFO - Setting next_dagrun for example_subdag_operator.section-2 to None
[2025-05-19 09:14:13,411] {logging_mixin.py:109} INFO - [2025-05-19 09:14:13,411] {dag.py:2396} INFO - Sync 2 DAGs
[2025-05-19 09:14:13,428] {logging_mixin.py:109} INFO - [2025-05-19 09:14:13,428] {dag.py:2935} INFO - Setting next_dagrun for example_subdag_operator.section-1 to None
[2025-05-19 09:14:13,429] {logging_mixin.py:109} INFO - [2025-05-19 09:14:13,429] {dag.py:2935} INFO - Setting next_dagrun for example_subdag_operator.section-2 to None
[2025-05-19 09:14:13,443] {processor.py:171} INFO - Processing /home/airflow/.local/lib/python3.6/site-packages/airflow/example_dags/example_subdag_operator.py took 0.192 seconds
[2025-05-19 19:33:52,041] {processor.py:163} INFO - Started process (PID=60) to work on /home/airflow/.local/lib/python3.6/site-packages/airflow/example_dags/example_subdag_operator.py
[2025-05-19 19:33:52,055] {processor.py:642} INFO - Processing file /home/airflow/.local/lib/python3.6/site-packages/airflow/example_dags/example_subdag_operator.py for tasks to queue
[2025-05-19 19:33:52,066] {logging_mixin.py:109} INFO - [2025-05-19 19:33:52,065] {dagbag.py:500} INFO - Filling up the DagBag from /home/airflow/.local/lib/python3.6/site-packages/airflow/example_dags/example_subdag_operator.py
[2025-05-19 19:33:52,524] {processor.py:654} INFO - DAG(s) dict_keys(['example_subdag_operator.section-1', 'example_subdag_operator.section-2', 'example_subdag_operator']) retrieved from /home/airflow/.local/lib/python3.6/site-packages/airflow/example_dags/example_subdag_operator.py
[2025-05-19 19:33:52,552] {logging_mixin.py:109} INFO - [2025-05-19 19:33:52,552] {dag.py:2396} INFO - Sync 3 DAGs
[2025-05-19 19:33:52,588] {logging_mixin.py:109} INFO - [2025-05-19 19:33:52,588] {dag.py:2935} INFO - Setting next_dagrun for example_subdag_operator to 2025-05-17T00:00:00+00:00
[2025-05-19 19:33:52,589] {logging_mixin.py:109} INFO - [2025-05-19 19:33:52,589] {dag.py:2935} INFO - Setting next_dagrun for example_subdag_operator.section-1 to None
[2025-05-19 19:33:52,590] {logging_mixin.py:109} INFO - [2025-05-19 19:33:52,590] {dag.py:2935} INFO - Setting next_dagrun for example_subdag_operator.section-2 to None
[2025-05-19 19:33:52,615] {logging_mixin.py:109} INFO - [2025-05-19 19:33:52,614] {dag.py:2396} INFO - Sync 2 DAGs
[2025-05-19 19:33:52,636] {logging_mixin.py:109} INFO - [2025-05-19 19:33:52,636] {dag.py:2935} INFO - Setting next_dagrun for example_subdag_operator.section-1 to None
[2025-05-19 19:33:52,637] {logging_mixin.py:109} INFO - [2025-05-19 19:33:52,637] {dag.py:2935} INFO - Setting next_dagrun for example_subdag_operator.section-2 to None
[2025-05-19 19:33:52,659] {processor.py:171} INFO - Processing /home/airflow/.local/lib/python3.6/site-packages/airflow/example_dags/example_subdag_operator.py took 0.626 seconds
[2025-05-19 19:34:24,496] {processor.py:163} INFO - Started process (PID=112) to work on /home/airflow/.local/lib/python3.6/site-packages/airflow/example_dags/example_subdag_operator.py
[2025-05-19 19:34:24,502] {processor.py:642} INFO - Processing file /home/airflow/.local/lib/python3.6/site-packages/airflow/example_dags/example_subdag_operator.py for tasks to queue
[2025-05-19 19:34:24,504] {logging_mixin.py:109} INFO - [2025-05-19 19:34:24,504] {dagbag.py:500} INFO - Filling up the DagBag from /home/airflow/.local/lib/python3.6/site-packages/airflow/example_dags/example_subdag_operator.py
[2025-05-19 19:34:24,675] {processor.py:654} INFO - DAG(s) dict_keys(['example_subdag_operator.section-1', 'example_subdag_operator.section-2', 'example_subdag_operator']) retrieved from /home/airflow/.local/lib/python3.6/site-packages/airflow/example_dags/example_subdag_operator.py
[2025-05-19 19:34:24,786] {logging_mixin.py:109} INFO - [2025-05-19 19:34:24,786] {dag.py:2396} INFO - Sync 3 DAGs
[2025-05-19 19:34:24,930] {logging_mixin.py:109} INFO - [2025-05-19 19:34:24,930] {dag.py:2935} INFO - Setting next_dagrun for example_subdag_operator to 2025-05-17T00:00:00+00:00
[2025-05-19 19:34:24,931] {logging_mixin.py:109} INFO - [2025-05-19 19:34:24,931] {dag.py:2935} INFO - Setting next_dagrun for example_subdag_operator.section-1 to None
[2025-05-19 19:34:24,933] {logging_mixin.py:109} INFO - [2025-05-19 19:34:24,932] {dag.py:2935} INFO - Setting next_dagrun for example_subdag_operator.section-2 to None
[2025-05-19 19:34:24,981] {logging_mixin.py:109} INFO - [2025-05-19 19:34:24,981] {dag.py:2396} INFO - Sync 2 DAGs
[2025-05-19 19:34:25,029] {logging_mixin.py:109} INFO - [2025-05-19 19:34:25,029] {dag.py:2935} INFO - Setting next_dagrun for example_subdag_operator.section-1 to None
[2025-05-19 19:34:25,031] {logging_mixin.py:109} INFO - [2025-05-19 19:34:25,031] {dag.py:2935} INFO - Setting next_dagrun for example_subdag_operator.section-2 to None
[2025-05-19 19:34:25,081] {processor.py:171} INFO - Processing /home/airflow/.local/lib/python3.6/site-packages/airflow/example_dags/example_subdag_operator.py took 0.592 seconds
[2025-05-19 19:34:55,844] {processor.py:163} INFO - Started process (PID=154) to work on /home/airflow/.local/lib/python3.6/site-packages/airflow/example_dags/example_subdag_operator.py
[2025-05-19 19:34:55,846] {processor.py:642} INFO - Processing file /home/airflow/.local/lib/python3.6/site-packages/airflow/example_dags/example_subdag_operator.py for tasks to queue
[2025-05-19 19:34:55,847] {logging_mixin.py:109} INFO - [2025-05-19 19:34:55,847] {dagbag.py:500} INFO - Filling up the DagBag from /home/airflow/.local/lib/python3.6/site-packages/airflow/example_dags/example_subdag_operator.py
[2025-05-19 19:34:55,906] {processor.py:654} INFO - DAG(s) dict_keys(['example_subdag_operator.section-1', 'example_subdag_operator.section-2', 'example_subdag_operator']) retrieved from /home/airflow/.local/lib/python3.6/site-packages/airflow/example_dags/example_subdag_operator.py
[2025-05-19 19:34:55,935] {logging_mixin.py:109} INFO - [2025-05-19 19:34:55,935] {dag.py:2396} INFO - Sync 3 DAGs
[2025-05-19 19:34:55,968] {logging_mixin.py:109} INFO - [2025-05-19 19:34:55,968] {dag.py:2935} INFO - Setting next_dagrun for example_subdag_operator to 2025-05-17T00:00:00+00:00
[2025-05-19 19:34:55,969] {logging_mixin.py:109} INFO - [2025-05-19 19:34:55,969] {dag.py:2935} INFO - Setting next_dagrun for example_subdag_operator.section-1 to None
[2025-05-19 19:34:55,970] {logging_mixin.py:109} INFO - [2025-05-19 19:34:55,970] {dag.py:2935} INFO - Setting next_dagrun for example_subdag_operator.section-2 to None
[2025-05-19 19:34:55,977] {logging_mixin.py:109} INFO - [2025-05-19 19:34:55,977] {dag.py:2396} INFO - Sync 2 DAGs
[2025-05-19 19:34:55,990] {logging_mixin.py:109} INFO - [2025-05-19 19:34:55,990] {dag.py:2935} INFO - Setting next_dagrun for example_subdag_operator.section-1 to None
[2025-05-19 19:34:55,990] {logging_mixin.py:109} INFO - [2025-05-19 19:34:55,990] {dag.py:2935} INFO - Setting next_dagrun for example_subdag_operator.section-2 to None
[2025-05-19 19:34:56,002] {processor.py:171} INFO - Processing /home/airflow/.local/lib/python3.6/site-packages/airflow/example_dags/example_subdag_operator.py took 0.164 seconds
[2025-05-19 19:35:26,526] {processor.py:163} INFO - Started process (PID=208) to work on /home/airflow/.local/lib/python3.6/site-packages/airflow/example_dags/example_subdag_operator.py
[2025-05-19 19:35:26,530] {processor.py:642} INFO - Processing file /home/airflow/.local/lib/python3.6/site-packages/airflow/example_dags/example_subdag_operator.py for tasks to queue
[2025-05-19 19:35:26,532] {logging_mixin.py:109} INFO - [2025-05-19 19:35:26,532] {dagbag.py:500} INFO - Filling up the DagBag from /home/airflow/.local/lib/python3.6/site-packages/airflow/example_dags/example_subdag_operator.py
[2025-05-19 19:35:26,695] {processor.py:654} INFO - DAG(s) dict_keys(['example_subdag_operator.section-1', 'example_subdag_operator.section-2', 'example_subdag_operator']) retrieved from /home/airflow/.local/lib/python3.6/site-packages/airflow/example_dags/example_subdag_operator.py
[2025-05-19 19:35:26,762] {logging_mixin.py:109} INFO - [2025-05-19 19:35:26,762] {dag.py:2396} INFO - Sync 3 DAGs
[2025-05-19 19:35:26,843] {logging_mixin.py:109} INFO - [2025-05-19 19:35:26,843] {dag.py:2935} INFO - Setting next_dagrun for example_subdag_operator to 2025-05-17T00:00:00+00:00
[2025-05-19 19:35:26,846] {logging_mixin.py:109} INFO - [2025-05-19 19:35:26,846] {dag.py:2935} INFO - Setting next_dagrun for example_subdag_operator.section-1 to None
[2025-05-19 19:35:26,853] {logging_mixin.py:109} INFO - [2025-05-19 19:35:26,852] {dag.py:2935} INFO - Setting next_dagrun for example_subdag_operator.section-2 to None
[2025-05-19 19:35:26,866] {logging_mixin.py:109} INFO - [2025-05-19 19:35:26,866] {dag.py:2396} INFO - Sync 2 DAGs
[2025-05-19 19:35:26,895] {logging_mixin.py:109} INFO - [2025-05-19 19:35:26,895] {dag.py:2935} INFO - Setting next_dagrun for example_subdag_operator.section-1 to None
[2025-05-19 19:35:26,896] {logging_mixin.py:109} INFO - [2025-05-19 19:35:26,896] {dag.py:2935} INFO - Setting next_dagrun for example_subdag_operator.section-2 to None
[2025-05-19 19:35:26,919] {processor.py:171} INFO - Processing /home/airflow/.local/lib/python3.6/site-packages/airflow/example_dags/example_subdag_operator.py took 0.411 seconds
[2025-05-19 19:35:58,119] {processor.py:163} INFO - Started process (PID=260) to work on /home/airflow/.local/lib/python3.6/site-packages/airflow/example_dags/example_subdag_operator.py
[2025-05-19 19:35:58,133] {processor.py:642} INFO - Processing file /home/airflow/.local/lib/python3.6/site-packages/airflow/example_dags/example_subdag_operator.py for tasks to queue
[2025-05-19 19:35:58,136] {logging_mixin.py:109} INFO - [2025-05-19 19:35:58,136] {dagbag.py:500} INFO - Filling up the DagBag from /home/airflow/.local/lib/python3.6/site-packages/airflow/example_dags/example_subdag_operator.py
[2025-05-19 19:35:58,253] {processor.py:654} INFO - DAG(s) dict_keys(['example_subdag_operator.section-1', 'example_subdag_operator.section-2', 'example_subdag_operator']) retrieved from /home/airflow/.local/lib/python3.6/site-packages/airflow/example_dags/example_subdag_operator.py
[2025-05-19 19:35:58,297] {logging_mixin.py:109} INFO - [2025-05-19 19:35:58,296] {dag.py:2396} INFO - Sync 3 DAGs
[2025-05-19 19:35:58,357] {logging_mixin.py:109} INFO - [2025-05-19 19:35:58,357] {dag.py:2935} INFO - Setting next_dagrun for example_subdag_operator to 2025-05-17T00:00:00+00:00
[2025-05-19 19:35:58,361] {logging_mixin.py:109} INFO - [2025-05-19 19:35:58,360] {dag.py:2935} INFO - Setting next_dagrun for example_subdag_operator.section-1 to None
[2025-05-19 19:35:58,363] {logging_mixin.py:109} INFO - [2025-05-19 19:35:58,362] {dag.py:2935} INFO - Setting next_dagrun for example_subdag_operator.section-2 to None
[2025-05-19 19:35:58,382] {logging_mixin.py:109} INFO - [2025-05-19 19:35:58,381] {dag.py:2396} INFO - Sync 2 DAGs
[2025-05-19 19:35:58,405] {logging_mixin.py:109} INFO - [2025-05-19 19:35:58,405] {dag.py:2935} INFO - Setting next_dagrun for example_subdag_operator.section-1 to None
[2025-05-19 19:35:58,408] {logging_mixin.py:109} INFO - [2025-05-19 19:35:58,407] {dag.py:2935} INFO - Setting next_dagrun for example_subdag_operator.section-2 to None
[2025-05-19 19:35:58,436] {processor.py:171} INFO - Processing /home/airflow/.local/lib/python3.6/site-packages/airflow/example_dags/example_subdag_operator.py took 0.325 seconds
[2025-05-19 19:36:28,488] {processor.py:163} INFO - Started process (PID=312) to work on /home/airflow/.local/lib/python3.6/site-packages/airflow/example_dags/example_subdag_operator.py
[2025-05-19 19:36:28,490] {processor.py:642} INFO - Processing file /home/airflow/.local/lib/python3.6/site-packages/airflow/example_dags/example_subdag_operator.py for tasks to queue
[2025-05-19 19:36:28,492] {logging_mixin.py:109} INFO - [2025-05-19 19:36:28,491] {dagbag.py:500} INFO - Filling up the DagBag from /home/airflow/.local/lib/python3.6/site-packages/airflow/example_dags/example_subdag_operator.py
[2025-05-19 19:36:28,558] {processor.py:654} INFO - DAG(s) dict_keys(['example_subdag_operator.section-1', 'example_subdag_operator.section-2', 'example_subdag_operator']) retrieved from /home/airflow/.local/lib/python3.6/site-packages/airflow/example_dags/example_subdag_operator.py
[2025-05-19 19:36:28,612] {logging_mixin.py:109} INFO - [2025-05-19 19:36:28,612] {dag.py:2396} INFO - Sync 3 DAGs
[2025-05-19 19:36:28,664] {logging_mixin.py:109} INFO - [2025-05-19 19:36:28,664] {dag.py:2935} INFO - Setting next_dagrun for example_subdag_operator to 2025-05-17T00:00:00+00:00
[2025-05-19 19:36:28,665] {logging_mixin.py:109} INFO - [2025-05-19 19:36:28,665] {dag.py:2935} INFO - Setting next_dagrun for example_subdag_operator.section-1 to None
[2025-05-19 19:36:28,667] {logging_mixin.py:109} INFO - [2025-05-19 19:36:28,666] {dag.py:2935} INFO - Setting next_dagrun for example_subdag_operator.section-2 to None
[2025-05-19 19:36:28,680] {logging_mixin.py:109} INFO - [2025-05-19 19:36:28,680] {dag.py:2396} INFO - Sync 2 DAGs
[2025-05-19 19:36:28,702] {logging_mixin.py:109} INFO - [2025-05-19 19:36:28,702] {dag.py:2935} INFO - Setting next_dagrun for example_subdag_operator.section-1 to None
[2025-05-19 19:36:28,703] {logging_mixin.py:109} INFO - [2025-05-19 19:36:28,703] {dag.py:2935} INFO - Setting next_dagrun for example_subdag_operator.section-2 to None
[2025-05-19 19:36:28,720] {processor.py:171} INFO - Processing /home/airflow/.local/lib/python3.6/site-packages/airflow/example_dags/example_subdag_operator.py took 0.238 seconds
[2025-05-19 19:36:59,032] {processor.py:163} INFO - Started process (PID=365) to work on /home/airflow/.local/lib/python3.6/site-packages/airflow/example_dags/example_subdag_operator.py
[2025-05-19 19:36:59,033] {processor.py:642} INFO - Processing file /home/airflow/.local/lib/python3.6/site-packages/airflow/example_dags/example_subdag_operator.py for tasks to queue
[2025-05-19 19:36:59,034] {logging_mixin.py:109} INFO - [2025-05-19 19:36:59,034] {dagbag.py:500} INFO - Filling up the DagBag from /home/airflow/.local/lib/python3.6/site-packages/airflow/example_dags/example_subdag_operator.py
[2025-05-19 19:36:59,078] {processor.py:654} INFO - DAG(s) dict_keys(['example_subdag_operator.section-1', 'example_subdag_operator.section-2', 'example_subdag_operator']) retrieved from /home/airflow/.local/lib/python3.6/site-packages/airflow/example_dags/example_subdag_operator.py
[2025-05-19 19:36:59,096] {logging_mixin.py:109} INFO - [2025-05-19 19:36:59,096] {dag.py:2396} INFO - Sync 3 DAGs
[2025-05-19 19:36:59,118] {logging_mixin.py:109} INFO - [2025-05-19 19:36:59,118] {dag.py:2935} INFO - Setting next_dagrun for example_subdag_operator to 2025-05-17T00:00:00+00:00
[2025-05-19 19:36:59,119] {logging_mixin.py:109} INFO - [2025-05-19 19:36:59,119] {dag.py:2935} INFO - Setting next_dagrun for example_subdag_operator.section-1 to None
[2025-05-19 19:36:59,119] {logging_mixin.py:109} INFO - [2025-05-19 19:36:59,119] {dag.py:2935} INFO - Setting next_dagrun for example_subdag_operator.section-2 to None
[2025-05-19 19:36:59,126] {logging_mixin.py:109} INFO - [2025-05-19 19:36:59,126] {dag.py:2396} INFO - Sync 2 DAGs
[2025-05-19 19:36:59,135] {logging_mixin.py:109} INFO - [2025-05-19 19:36:59,135] {dag.py:2935} INFO - Setting next_dagrun for example_subdag_operator.section-1 to None
[2025-05-19 19:36:59,135] {logging_mixin.py:109} INFO - [2025-05-19 19:36:59,135] {dag.py:2935} INFO - Setting next_dagrun for example_subdag_operator.section-2 to None
[2025-05-19 19:36:59,145] {processor.py:171} INFO - Processing /home/airflow/.local/lib/python3.6/site-packages/airflow/example_dags/example_subdag_operator.py took 0.116 seconds
