[2025-05-19 08:55:06,231] {processor.py:163} INFO - Started process (PID=405) to work on /home/airflow/.local/lib/python3.6/site-packages/airflow/example_dags/example_branch_datetime_operator.py
[2025-05-19 08:55:06,240] {processor.py:642} INFO - Processing file /home/airflow/.local/lib/python3.6/site-packages/airflow/example_dags/example_branch_datetime_operator.py for tasks to queue
[2025-05-19 08:55:06,256] {logging_mixin.py:109} INFO - [2025-05-19 08:55:06,256] {dagbag.py:500} INFO - Filling up the DagBag from /home/airflow/.local/lib/python3.6/site-packages/airflow/example_dags/example_branch_datetime_operator.py
[2025-05-19 08:55:06,432] {processor.py:654} INFO - DAG(s) dict_keys(['example_branch_datetime_operator_2']) retrieved from /home/airflow/.local/lib/python3.6/site-packages/airflow/example_dags/example_branch_datetime_operator.py
[2025-05-19 08:55:16,664] {logging_mixin.py:109} INFO - [2025-05-19 08:55:16,663] {manager.py:496} INFO - Created Permission View: can read on DAG:example_branch_datetime_operator_2
[2025-05-19 08:55:16,781] {logging_mixin.py:109} INFO - [2025-05-19 08:55:16,781] {manager.py:496} INFO - Created Permission View: can edit on DAG:example_branch_datetime_operator_2
[2025-05-19 08:55:16,822] {logging_mixin.py:109} INFO - [2025-05-19 08:55:16,785] {dag.py:2396} INFO - Sync 1 DAGs
[2025-05-19 08:55:16,961] {logging_mixin.py:109} INFO - [2025-05-19 08:55:16,944] {dag.py:2415} INFO - Creating ORM DAG for example_branch_datetime_operator_2
[2025-05-19 08:55:17,047] {logging_mixin.py:109} INFO - [2025-05-19 08:55:17,046] {dag.py:2935} INFO - Setting next_dagrun for example_branch_datetime_operator_2 to 2025-05-18 00:00:00+00:00
[2025-05-19 08:55:17,184] {processor.py:171} INFO - Processing /home/airflow/.local/lib/python3.6/site-packages/airflow/example_dags/example_branch_datetime_operator.py took 12.867 seconds
[2025-05-19 08:55:48,092] {processor.py:163} INFO - Started process (PID=484) to work on /home/airflow/.local/lib/python3.6/site-packages/airflow/example_dags/example_branch_datetime_operator.py
[2025-05-19 08:55:48,106] {processor.py:642} INFO - Processing file /home/airflow/.local/lib/python3.6/site-packages/airflow/example_dags/example_branch_datetime_operator.py for tasks to queue
[2025-05-19 08:55:48,108] {logging_mixin.py:109} INFO - [2025-05-19 08:55:48,108] {dagbag.py:500} INFO - Filling up the DagBag from /home/airflow/.local/lib/python3.6/site-packages/airflow/example_dags/example_branch_datetime_operator.py
[2025-05-19 08:55:48,320] {processor.py:654} INFO - DAG(s) dict_keys(['example_branch_datetime_operator_2']) retrieved from /home/airflow/.local/lib/python3.6/site-packages/airflow/example_dags/example_branch_datetime_operator.py
[2025-05-19 08:55:48,407] {logging_mixin.py:109} INFO - [2025-05-19 08:55:48,406] {dag.py:2396} INFO - Sync 1 DAGs
[2025-05-19 08:55:48,529] {logging_mixin.py:109} INFO - [2025-05-19 08:55:48,529] {dag.py:2935} INFO - Setting next_dagrun for example_branch_datetime_operator_2 to 2025-05-18 00:00:00+00:00
[2025-05-19 08:55:48,567] {processor.py:171} INFO - Processing /home/airflow/.local/lib/python3.6/site-packages/airflow/example_dags/example_branch_datetime_operator.py took 0.529 seconds
[2025-05-19 08:56:19,756] {processor.py:163} INFO - Started process (PID=528) to work on /home/airflow/.local/lib/python3.6/site-packages/airflow/example_dags/example_branch_datetime_operator.py
[2025-05-19 08:56:19,760] {processor.py:642} INFO - Processing file /home/airflow/.local/lib/python3.6/site-packages/airflow/example_dags/example_branch_datetime_operator.py for tasks to queue
[2025-05-19 08:56:19,763] {logging_mixin.py:109} INFO - [2025-05-19 08:56:19,762] {dagbag.py:500} INFO - Filling up the DagBag from /home/airflow/.local/lib/python3.6/site-packages/airflow/example_dags/example_branch_datetime_operator.py
[2025-05-19 08:56:19,830] {processor.py:654} INFO - DAG(s) dict_keys(['example_branch_datetime_operator_2']) retrieved from /home/airflow/.local/lib/python3.6/site-packages/airflow/example_dags/example_branch_datetime_operator.py
[2025-05-19 08:56:19,852] {logging_mixin.py:109} INFO - [2025-05-19 08:56:19,852] {dag.py:2396} INFO - Sync 1 DAGs
[2025-05-19 08:56:19,896] {logging_mixin.py:109} INFO - [2025-05-19 08:56:19,896] {dag.py:2935} INFO - Setting next_dagrun for example_branch_datetime_operator_2 to 2025-05-18 00:00:00+00:00
[2025-05-19 08:56:19,919] {processor.py:171} INFO - Processing /home/airflow/.local/lib/python3.6/site-packages/airflow/example_dags/example_branch_datetime_operator.py took 0.173 seconds
[2025-05-19 08:56:50,142] {processor.py:163} INFO - Started process (PID=580) to work on /home/airflow/.local/lib/python3.6/site-packages/airflow/example_dags/example_branch_datetime_operator.py
[2025-05-19 08:56:50,147] {processor.py:642} INFO - Processing file /home/airflow/.local/lib/python3.6/site-packages/airflow/example_dags/example_branch_datetime_operator.py for tasks to queue
[2025-05-19 08:56:50,150] {logging_mixin.py:109} INFO - [2025-05-19 08:56:50,150] {dagbag.py:500} INFO - Filling up the DagBag from /home/airflow/.local/lib/python3.6/site-packages/airflow/example_dags/example_branch_datetime_operator.py
[2025-05-19 08:56:50,231] {processor.py:654} INFO - DAG(s) dict_keys(['example_branch_datetime_operator_2']) retrieved from /home/airflow/.local/lib/python3.6/site-packages/airflow/example_dags/example_branch_datetime_operator.py
[2025-05-19 08:56:50,271] {logging_mixin.py:109} INFO - [2025-05-19 08:56:50,271] {dag.py:2396} INFO - Sync 1 DAGs
[2025-05-19 08:56:50,333] {logging_mixin.py:109} INFO - [2025-05-19 08:56:50,333] {dag.py:2935} INFO - Setting next_dagrun for example_branch_datetime_operator_2 to 2025-05-18 00:00:00+00:00
[2025-05-19 08:56:50,354] {processor.py:171} INFO - Processing /home/airflow/.local/lib/python3.6/site-packages/airflow/example_dags/example_branch_datetime_operator.py took 0.224 seconds
[2025-05-19 08:57:20,443] {processor.py:163} INFO - Started process (PID=632) to work on /home/airflow/.local/lib/python3.6/site-packages/airflow/example_dags/example_branch_datetime_operator.py
[2025-05-19 08:57:20,446] {processor.py:642} INFO - Processing file /home/airflow/.local/lib/python3.6/site-packages/airflow/example_dags/example_branch_datetime_operator.py for tasks to queue
[2025-05-19 08:57:20,449] {logging_mixin.py:109} INFO - [2025-05-19 08:57:20,449] {dagbag.py:500} INFO - Filling up the DagBag from /home/airflow/.local/lib/python3.6/site-packages/airflow/example_dags/example_branch_datetime_operator.py
[2025-05-19 08:57:20,506] {processor.py:654} INFO - DAG(s) dict_keys(['example_branch_datetime_operator_2']) retrieved from /home/airflow/.local/lib/python3.6/site-packages/airflow/example_dags/example_branch_datetime_operator.py
[2025-05-19 08:57:20,532] {logging_mixin.py:109} INFO - [2025-05-19 08:57:20,532] {dag.py:2396} INFO - Sync 1 DAGs
[2025-05-19 08:57:20,571] {logging_mixin.py:109} INFO - [2025-05-19 08:57:20,571] {dag.py:2935} INFO - Setting next_dagrun for example_branch_datetime_operator_2 to 2025-05-18 00:00:00+00:00
[2025-05-19 08:57:20,594] {processor.py:171} INFO - Processing /home/airflow/.local/lib/python3.6/site-packages/airflow/example_dags/example_branch_datetime_operator.py took 0.159 seconds
[2025-05-19 08:57:51,315] {processor.py:163} INFO - Started process (PID=684) to work on /home/airflow/.local/lib/python3.6/site-packages/airflow/example_dags/example_branch_datetime_operator.py
[2025-05-19 08:57:51,330] {processor.py:642} INFO - Processing file /home/airflow/.local/lib/python3.6/site-packages/airflow/example_dags/example_branch_datetime_operator.py for tasks to queue
[2025-05-19 08:57:51,332] {logging_mixin.py:109} INFO - [2025-05-19 08:57:51,332] {dagbag.py:500} INFO - Filling up the DagBag from /home/airflow/.local/lib/python3.6/site-packages/airflow/example_dags/example_branch_datetime_operator.py
[2025-05-19 08:57:51,438] {processor.py:654} INFO - DAG(s) dict_keys(['example_branch_datetime_operator_2']) retrieved from /home/airflow/.local/lib/python3.6/site-packages/airflow/example_dags/example_branch_datetime_operator.py
[2025-05-19 08:57:51,483] {logging_mixin.py:109} INFO - [2025-05-19 08:57:51,482] {dag.py:2396} INFO - Sync 1 DAGs
[2025-05-19 08:57:51,634] {logging_mixin.py:109} INFO - [2025-05-19 08:57:51,633] {dag.py:2935} INFO - Setting next_dagrun for example_branch_datetime_operator_2 to 2025-05-18 00:00:00+00:00
[2025-05-19 08:57:51,716] {processor.py:171} INFO - Processing /home/airflow/.local/lib/python3.6/site-packages/airflow/example_dags/example_branch_datetime_operator.py took 0.419 seconds
[2025-05-19 08:58:21,813] {processor.py:163} INFO - Started process (PID=736) to work on /home/airflow/.local/lib/python3.6/site-packages/airflow/example_dags/example_branch_datetime_operator.py
[2025-05-19 08:58:21,816] {processor.py:642} INFO - Processing file /home/airflow/.local/lib/python3.6/site-packages/airflow/example_dags/example_branch_datetime_operator.py for tasks to queue
[2025-05-19 08:58:21,819] {logging_mixin.py:109} INFO - [2025-05-19 08:58:21,818] {dagbag.py:500} INFO - Filling up the DagBag from /home/airflow/.local/lib/python3.6/site-packages/airflow/example_dags/example_branch_datetime_operator.py
[2025-05-19 08:58:21,881] {processor.py:654} INFO - DAG(s) dict_keys(['example_branch_datetime_operator_2']) retrieved from /home/airflow/.local/lib/python3.6/site-packages/airflow/example_dags/example_branch_datetime_operator.py
[2025-05-19 08:58:21,906] {logging_mixin.py:109} INFO - [2025-05-19 08:58:21,906] {dag.py:2396} INFO - Sync 1 DAGs
[2025-05-19 08:58:21,954] {logging_mixin.py:109} INFO - [2025-05-19 08:58:21,953] {dag.py:2935} INFO - Setting next_dagrun for example_branch_datetime_operator_2 to 2025-05-18 00:00:00+00:00
[2025-05-19 08:58:21,973] {processor.py:171} INFO - Processing /home/airflow/.local/lib/python3.6/site-packages/airflow/example_dags/example_branch_datetime_operator.py took 0.169 seconds
[2025-05-19 08:58:52,111] {processor.py:163} INFO - Started process (PID=797) to work on /home/airflow/.local/lib/python3.6/site-packages/airflow/example_dags/example_branch_datetime_operator.py
[2025-05-19 08:58:52,113] {processor.py:642} INFO - Processing file /home/airflow/.local/lib/python3.6/site-packages/airflow/example_dags/example_branch_datetime_operator.py for tasks to queue
[2025-05-19 08:58:52,115] {logging_mixin.py:109} INFO - [2025-05-19 08:58:52,115] {dagbag.py:500} INFO - Filling up the DagBag from /home/airflow/.local/lib/python3.6/site-packages/airflow/example_dags/example_branch_datetime_operator.py
[2025-05-19 08:58:52,174] {processor.py:654} INFO - DAG(s) dict_keys(['example_branch_datetime_operator_2']) retrieved from /home/airflow/.local/lib/python3.6/site-packages/airflow/example_dags/example_branch_datetime_operator.py
[2025-05-19 08:58:52,200] {logging_mixin.py:109} INFO - [2025-05-19 08:58:52,199] {dag.py:2396} INFO - Sync 1 DAGs
[2025-05-19 08:58:52,237] {logging_mixin.py:109} INFO - [2025-05-19 08:58:52,237] {dag.py:2935} INFO - Setting next_dagrun for example_branch_datetime_operator_2 to 2025-05-18 00:00:00+00:00
[2025-05-19 08:58:52,254] {processor.py:171} INFO - Processing /home/airflow/.local/lib/python3.6/site-packages/airflow/example_dags/example_branch_datetime_operator.py took 0.153 seconds
[2025-05-19 08:59:23,435] {processor.py:163} INFO - Started process (PID=850) to work on /home/airflow/.local/lib/python3.6/site-packages/airflow/example_dags/example_branch_datetime_operator.py
[2025-05-19 08:59:23,438] {processor.py:642} INFO - Processing file /home/airflow/.local/lib/python3.6/site-packages/airflow/example_dags/example_branch_datetime_operator.py for tasks to queue
[2025-05-19 08:59:23,441] {logging_mixin.py:109} INFO - [2025-05-19 08:59:23,440] {dagbag.py:500} INFO - Filling up the DagBag from /home/airflow/.local/lib/python3.6/site-packages/airflow/example_dags/example_branch_datetime_operator.py
[2025-05-19 08:59:23,530] {processor.py:654} INFO - DAG(s) dict_keys(['example_branch_datetime_operator_2']) retrieved from /home/airflow/.local/lib/python3.6/site-packages/airflow/example_dags/example_branch_datetime_operator.py
[2025-05-19 08:59:23,567] {logging_mixin.py:109} INFO - [2025-05-19 08:59:23,566] {dag.py:2396} INFO - Sync 1 DAGs
[2025-05-19 08:59:23,646] {logging_mixin.py:109} INFO - [2025-05-19 08:59:23,645] {dag.py:2935} INFO - Setting next_dagrun for example_branch_datetime_operator_2 to 2025-05-18 00:00:00+00:00
[2025-05-19 08:59:23,675] {processor.py:171} INFO - Processing /home/airflow/.local/lib/python3.6/site-packages/airflow/example_dags/example_branch_datetime_operator.py took 0.252 seconds
[2025-05-19 08:59:53,758] {processor.py:163} INFO - Started process (PID=904) to work on /home/airflow/.local/lib/python3.6/site-packages/airflow/example_dags/example_branch_datetime_operator.py
[2025-05-19 08:59:53,762] {processor.py:642} INFO - Processing file /home/airflow/.local/lib/python3.6/site-packages/airflow/example_dags/example_branch_datetime_operator.py for tasks to queue
[2025-05-19 08:59:53,764] {logging_mixin.py:109} INFO - [2025-05-19 08:59:53,764] {dagbag.py:500} INFO - Filling up the DagBag from /home/airflow/.local/lib/python3.6/site-packages/airflow/example_dags/example_branch_datetime_operator.py
[2025-05-19 08:59:53,837] {processor.py:654} INFO - DAG(s) dict_keys(['example_branch_datetime_operator_2']) retrieved from /home/airflow/.local/lib/python3.6/site-packages/airflow/example_dags/example_branch_datetime_operator.py
[2025-05-19 08:59:53,876] {logging_mixin.py:109} INFO - [2025-05-19 08:59:53,872] {dag.py:2396} INFO - Sync 1 DAGs
[2025-05-19 08:59:53,966] {logging_mixin.py:109} INFO - [2025-05-19 08:59:53,966] {dag.py:2935} INFO - Setting next_dagrun for example_branch_datetime_operator_2 to 2025-05-18 00:00:00+00:00
[2025-05-19 08:59:53,994] {processor.py:171} INFO - Processing /home/airflow/.local/lib/python3.6/site-packages/airflow/example_dags/example_branch_datetime_operator.py took 0.245 seconds
[2025-05-19 09:00:24,134] {processor.py:163} INFO - Started process (PID=956) to work on /home/airflow/.local/lib/python3.6/site-packages/airflow/example_dags/example_branch_datetime_operator.py
[2025-05-19 09:00:24,140] {processor.py:642} INFO - Processing file /home/airflow/.local/lib/python3.6/site-packages/airflow/example_dags/example_branch_datetime_operator.py for tasks to queue
[2025-05-19 09:00:24,143] {logging_mixin.py:109} INFO - [2025-05-19 09:00:24,142] {dagbag.py:500} INFO - Filling up the DagBag from /home/airflow/.local/lib/python3.6/site-packages/airflow/example_dags/example_branch_datetime_operator.py
[2025-05-19 09:00:24,228] {processor.py:654} INFO - DAG(s) dict_keys(['example_branch_datetime_operator_2']) retrieved from /home/airflow/.local/lib/python3.6/site-packages/airflow/example_dags/example_branch_datetime_operator.py
[2025-05-19 09:00:24,260] {logging_mixin.py:109} INFO - [2025-05-19 09:00:24,259] {dag.py:2396} INFO - Sync 1 DAGs
[2025-05-19 09:00:24,333] {logging_mixin.py:109} INFO - [2025-05-19 09:00:24,332] {dag.py:2935} INFO - Setting next_dagrun for example_branch_datetime_operator_2 to 2025-05-18 00:00:00+00:00
[2025-05-19 09:00:24,362] {processor.py:171} INFO - Processing /home/airflow/.local/lib/python3.6/site-packages/airflow/example_dags/example_branch_datetime_operator.py took 0.237 seconds
[2025-05-19 09:00:55,466] {processor.py:163} INFO - Started process (PID=1008) to work on /home/airflow/.local/lib/python3.6/site-packages/airflow/example_dags/example_branch_datetime_operator.py
[2025-05-19 09:00:55,471] {processor.py:642} INFO - Processing file /home/airflow/.local/lib/python3.6/site-packages/airflow/example_dags/example_branch_datetime_operator.py for tasks to queue
[2025-05-19 09:00:55,475] {logging_mixin.py:109} INFO - [2025-05-19 09:00:55,475] {dagbag.py:500} INFO - Filling up the DagBag from /home/airflow/.local/lib/python3.6/site-packages/airflow/example_dags/example_branch_datetime_operator.py
[2025-05-19 09:00:55,632] {processor.py:654} INFO - DAG(s) dict_keys(['example_branch_datetime_operator_2']) retrieved from /home/airflow/.local/lib/python3.6/site-packages/airflow/example_dags/example_branch_datetime_operator.py
[2025-05-19 09:00:55,696] {logging_mixin.py:109} INFO - [2025-05-19 09:00:55,696] {dag.py:2396} INFO - Sync 1 DAGs
[2025-05-19 09:00:55,825] {logging_mixin.py:109} INFO - [2025-05-19 09:00:55,825] {dag.py:2935} INFO - Setting next_dagrun for example_branch_datetime_operator_2 to 2025-05-18 00:00:00+00:00
[2025-05-19 09:00:55,901] {processor.py:171} INFO - Processing /home/airflow/.local/lib/python3.6/site-packages/airflow/example_dags/example_branch_datetime_operator.py took 0.480 seconds
[2025-05-19 09:01:26,755] {processor.py:163} INFO - Started process (PID=1059) to work on /home/airflow/.local/lib/python3.6/site-packages/airflow/example_dags/example_branch_datetime_operator.py
[2025-05-19 09:01:26,759] {processor.py:642} INFO - Processing file /home/airflow/.local/lib/python3.6/site-packages/airflow/example_dags/example_branch_datetime_operator.py for tasks to queue
[2025-05-19 09:01:26,769] {logging_mixin.py:109} INFO - [2025-05-19 09:01:26,769] {dagbag.py:500} INFO - Filling up the DagBag from /home/airflow/.local/lib/python3.6/site-packages/airflow/example_dags/example_branch_datetime_operator.py
[2025-05-19 09:01:26,893] {processor.py:654} INFO - DAG(s) dict_keys(['example_branch_datetime_operator_2']) retrieved from /home/airflow/.local/lib/python3.6/site-packages/airflow/example_dags/example_branch_datetime_operator.py
[2025-05-19 09:01:26,949] {logging_mixin.py:109} INFO - [2025-05-19 09:01:26,948] {dag.py:2396} INFO - Sync 1 DAGs
[2025-05-19 09:01:27,026] {logging_mixin.py:109} INFO - [2025-05-19 09:01:27,026] {dag.py:2935} INFO - Setting next_dagrun for example_branch_datetime_operator_2 to 2025-05-18 00:00:00+00:00
[2025-05-19 09:01:27,062] {processor.py:171} INFO - Processing /home/airflow/.local/lib/python3.6/site-packages/airflow/example_dags/example_branch_datetime_operator.py took 0.325 seconds
[2025-05-19 09:01:57,173] {processor.py:163} INFO - Started process (PID=1101) to work on /home/airflow/.local/lib/python3.6/site-packages/airflow/example_dags/example_branch_datetime_operator.py
[2025-05-19 09:01:57,177] {processor.py:642} INFO - Processing file /home/airflow/.local/lib/python3.6/site-packages/airflow/example_dags/example_branch_datetime_operator.py for tasks to queue
[2025-05-19 09:01:57,180] {logging_mixin.py:109} INFO - [2025-05-19 09:01:57,179] {dagbag.py:500} INFO - Filling up the DagBag from /home/airflow/.local/lib/python3.6/site-packages/airflow/example_dags/example_branch_datetime_operator.py
[2025-05-19 09:01:57,273] {processor.py:654} INFO - DAG(s) dict_keys(['example_branch_datetime_operator_2']) retrieved from /home/airflow/.local/lib/python3.6/site-packages/airflow/example_dags/example_branch_datetime_operator.py
[2025-05-19 09:01:57,312] {logging_mixin.py:109} INFO - [2025-05-19 09:01:57,312] {dag.py:2396} INFO - Sync 1 DAGs
[2025-05-19 09:01:57,383] {logging_mixin.py:109} INFO - [2025-05-19 09:01:57,383] {dag.py:2935} INFO - Setting next_dagrun for example_branch_datetime_operator_2 to 2025-05-18 00:00:00+00:00
[2025-05-19 09:01:57,407] {processor.py:171} INFO - Processing /home/airflow/.local/lib/python3.6/site-packages/airflow/example_dags/example_branch_datetime_operator.py took 0.244 seconds
[2025-05-19 09:02:27,682] {processor.py:163} INFO - Started process (PID=1154) to work on /home/airflow/.local/lib/python3.6/site-packages/airflow/example_dags/example_branch_datetime_operator.py
[2025-05-19 09:02:27,687] {processor.py:642} INFO - Processing file /home/airflow/.local/lib/python3.6/site-packages/airflow/example_dags/example_branch_datetime_operator.py for tasks to queue
[2025-05-19 09:02:27,690] {logging_mixin.py:109} INFO - [2025-05-19 09:02:27,689] {dagbag.py:500} INFO - Filling up the DagBag from /home/airflow/.local/lib/python3.6/site-packages/airflow/example_dags/example_branch_datetime_operator.py
[2025-05-19 09:02:27,790] {processor.py:654} INFO - DAG(s) dict_keys(['example_branch_datetime_operator_2']) retrieved from /home/airflow/.local/lib/python3.6/site-packages/airflow/example_dags/example_branch_datetime_operator.py
[2025-05-19 09:02:27,834] {logging_mixin.py:109} INFO - [2025-05-19 09:02:27,833] {dag.py:2396} INFO - Sync 1 DAGs
[2025-05-19 09:02:27,896] {logging_mixin.py:109} INFO - [2025-05-19 09:02:27,896] {dag.py:2935} INFO - Setting next_dagrun for example_branch_datetime_operator_2 to 2025-05-18 00:00:00+00:00
[2025-05-19 09:02:27,922] {processor.py:171} INFO - Processing /home/airflow/.local/lib/python3.6/site-packages/airflow/example_dags/example_branch_datetime_operator.py took 0.250 seconds
[2025-05-19 09:02:59,170] {processor.py:163} INFO - Started process (PID=1207) to work on /home/airflow/.local/lib/python3.6/site-packages/airflow/example_dags/example_branch_datetime_operator.py
[2025-05-19 09:02:59,174] {processor.py:642} INFO - Processing file /home/airflow/.local/lib/python3.6/site-packages/airflow/example_dags/example_branch_datetime_operator.py for tasks to queue
[2025-05-19 09:02:59,178] {logging_mixin.py:109} INFO - [2025-05-19 09:02:59,177] {dagbag.py:500} INFO - Filling up the DagBag from /home/airflow/.local/lib/python3.6/site-packages/airflow/example_dags/example_branch_datetime_operator.py
[2025-05-19 09:02:59,275] {processor.py:654} INFO - DAG(s) dict_keys(['example_branch_datetime_operator_2']) retrieved from /home/airflow/.local/lib/python3.6/site-packages/airflow/example_dags/example_branch_datetime_operator.py
[2025-05-19 09:02:59,307] {logging_mixin.py:109} INFO - [2025-05-19 09:02:59,307] {dag.py:2396} INFO - Sync 1 DAGs
[2025-05-19 09:02:59,359] {logging_mixin.py:109} INFO - [2025-05-19 09:02:59,359] {dag.py:2935} INFO - Setting next_dagrun for example_branch_datetime_operator_2 to 2025-05-18 00:00:00+00:00
[2025-05-19 09:02:59,384] {processor.py:171} INFO - Processing /home/airflow/.local/lib/python3.6/site-packages/airflow/example_dags/example_branch_datetime_operator.py took 0.224 seconds
[2025-05-19 09:03:29,673] {processor.py:163} INFO - Started process (PID=1251) to work on /home/airflow/.local/lib/python3.6/site-packages/airflow/example_dags/example_branch_datetime_operator.py
[2025-05-19 09:03:29,676] {processor.py:642} INFO - Processing file /home/airflow/.local/lib/python3.6/site-packages/airflow/example_dags/example_branch_datetime_operator.py for tasks to queue
[2025-05-19 09:03:29,678] {logging_mixin.py:109} INFO - [2025-05-19 09:03:29,678] {dagbag.py:500} INFO - Filling up the DagBag from /home/airflow/.local/lib/python3.6/site-packages/airflow/example_dags/example_branch_datetime_operator.py
[2025-05-19 09:03:29,752] {processor.py:654} INFO - DAG(s) dict_keys(['example_branch_datetime_operator_2']) retrieved from /home/airflow/.local/lib/python3.6/site-packages/airflow/example_dags/example_branch_datetime_operator.py
[2025-05-19 09:03:29,780] {logging_mixin.py:109} INFO - [2025-05-19 09:03:29,779] {dag.py:2396} INFO - Sync 1 DAGs
[2025-05-19 09:03:29,845] {logging_mixin.py:109} INFO - [2025-05-19 09:03:29,845] {dag.py:2935} INFO - Setting next_dagrun for example_branch_datetime_operator_2 to 2025-05-18 00:00:00+00:00
[2025-05-19 09:03:29,870] {processor.py:171} INFO - Processing /home/airflow/.local/lib/python3.6/site-packages/airflow/example_dags/example_branch_datetime_operator.py took 0.206 seconds
[2025-05-19 09:04:00,869] {processor.py:163} INFO - Started process (PID=1303) to work on /home/airflow/.local/lib/python3.6/site-packages/airflow/example_dags/example_branch_datetime_operator.py
[2025-05-19 09:04:00,873] {processor.py:642} INFO - Processing file /home/airflow/.local/lib/python3.6/site-packages/airflow/example_dags/example_branch_datetime_operator.py for tasks to queue
[2025-05-19 09:04:00,875] {logging_mixin.py:109} INFO - [2025-05-19 09:04:00,875] {dagbag.py:500} INFO - Filling up the DagBag from /home/airflow/.local/lib/python3.6/site-packages/airflow/example_dags/example_branch_datetime_operator.py
[2025-05-19 09:04:00,933] {processor.py:654} INFO - DAG(s) dict_keys(['example_branch_datetime_operator_2']) retrieved from /home/airflow/.local/lib/python3.6/site-packages/airflow/example_dags/example_branch_datetime_operator.py
[2025-05-19 09:04:00,955] {logging_mixin.py:109} INFO - [2025-05-19 09:04:00,955] {dag.py:2396} INFO - Sync 1 DAGs
[2025-05-19 09:04:00,987] {logging_mixin.py:109} INFO - [2025-05-19 09:04:00,986] {dag.py:2935} INFO - Setting next_dagrun for example_branch_datetime_operator_2 to 2025-05-18 00:00:00+00:00
[2025-05-19 09:04:01,005] {processor.py:171} INFO - Processing /home/airflow/.local/lib/python3.6/site-packages/airflow/example_dags/example_branch_datetime_operator.py took 0.144 seconds
[2025-05-19 09:04:31,651] {processor.py:163} INFO - Started process (PID=1355) to work on /home/airflow/.local/lib/python3.6/site-packages/airflow/example_dags/example_branch_datetime_operator.py
[2025-05-19 09:04:31,654] {processor.py:642} INFO - Processing file /home/airflow/.local/lib/python3.6/site-packages/airflow/example_dags/example_branch_datetime_operator.py for tasks to queue
[2025-05-19 09:04:31,659] {logging_mixin.py:109} INFO - [2025-05-19 09:04:31,659] {dagbag.py:500} INFO - Filling up the DagBag from /home/airflow/.local/lib/python3.6/site-packages/airflow/example_dags/example_branch_datetime_operator.py
[2025-05-19 09:04:31,725] {processor.py:654} INFO - DAG(s) dict_keys(['example_branch_datetime_operator_2']) retrieved from /home/airflow/.local/lib/python3.6/site-packages/airflow/example_dags/example_branch_datetime_operator.py
[2025-05-19 09:04:31,747] {logging_mixin.py:109} INFO - [2025-05-19 09:04:31,747] {dag.py:2396} INFO - Sync 1 DAGs
[2025-05-19 09:04:31,802] {logging_mixin.py:109} INFO - [2025-05-19 09:04:31,802] {dag.py:2935} INFO - Setting next_dagrun for example_branch_datetime_operator_2 to 2025-05-18 00:00:00+00:00
[2025-05-19 09:04:31,825] {processor.py:171} INFO - Processing /home/airflow/.local/lib/python3.6/site-packages/airflow/example_dags/example_branch_datetime_operator.py took 0.181 seconds
[2025-05-19 09:05:02,219] {processor.py:163} INFO - Started process (PID=1408) to work on /home/airflow/.local/lib/python3.6/site-packages/airflow/example_dags/example_branch_datetime_operator.py
[2025-05-19 09:05:02,224] {processor.py:642} INFO - Processing file /home/airflow/.local/lib/python3.6/site-packages/airflow/example_dags/example_branch_datetime_operator.py for tasks to queue
[2025-05-19 09:05:02,227] {logging_mixin.py:109} INFO - [2025-05-19 09:05:02,227] {dagbag.py:500} INFO - Filling up the DagBag from /home/airflow/.local/lib/python3.6/site-packages/airflow/example_dags/example_branch_datetime_operator.py
[2025-05-19 09:05:02,319] {processor.py:654} INFO - DAG(s) dict_keys(['example_branch_datetime_operator_2']) retrieved from /home/airflow/.local/lib/python3.6/site-packages/airflow/example_dags/example_branch_datetime_operator.py
[2025-05-19 09:05:02,350] {logging_mixin.py:109} INFO - [2025-05-19 09:05:02,350] {dag.py:2396} INFO - Sync 1 DAGs
[2025-05-19 09:05:02,424] {logging_mixin.py:109} INFO - [2025-05-19 09:05:02,423] {dag.py:2935} INFO - Setting next_dagrun for example_branch_datetime_operator_2 to 2025-05-18 00:00:00+00:00
[2025-05-19 09:05:02,459] {processor.py:171} INFO - Processing /home/airflow/.local/lib/python3.6/site-packages/airflow/example_dags/example_branch_datetime_operator.py took 0.258 seconds
[2025-05-19 09:05:33,385] {processor.py:163} INFO - Started process (PID=1460) to work on /home/airflow/.local/lib/python3.6/site-packages/airflow/example_dags/example_branch_datetime_operator.py
[2025-05-19 09:05:33,388] {processor.py:642} INFO - Processing file /home/airflow/.local/lib/python3.6/site-packages/airflow/example_dags/example_branch_datetime_operator.py for tasks to queue
[2025-05-19 09:05:33,393] {logging_mixin.py:109} INFO - [2025-05-19 09:05:33,392] {dagbag.py:500} INFO - Filling up the DagBag from /home/airflow/.local/lib/python3.6/site-packages/airflow/example_dags/example_branch_datetime_operator.py
[2025-05-19 09:05:33,461] {processor.py:654} INFO - DAG(s) dict_keys(['example_branch_datetime_operator_2']) retrieved from /home/airflow/.local/lib/python3.6/site-packages/airflow/example_dags/example_branch_datetime_operator.py
[2025-05-19 09:05:33,489] {logging_mixin.py:109} INFO - [2025-05-19 09:05:33,489] {dag.py:2396} INFO - Sync 1 DAGs
[2025-05-19 09:05:33,536] {logging_mixin.py:109} INFO - [2025-05-19 09:05:33,536] {dag.py:2935} INFO - Setting next_dagrun for example_branch_datetime_operator_2 to 2025-05-18 00:00:00+00:00
[2025-05-19 09:05:33,564] {processor.py:171} INFO - Processing /home/airflow/.local/lib/python3.6/site-packages/airflow/example_dags/example_branch_datetime_operator.py took 0.185 seconds
[2025-05-19 09:06:04,540] {processor.py:163} INFO - Started process (PID=1512) to work on /home/airflow/.local/lib/python3.6/site-packages/airflow/example_dags/example_branch_datetime_operator.py
[2025-05-19 09:06:04,542] {processor.py:642} INFO - Processing file /home/airflow/.local/lib/python3.6/site-packages/airflow/example_dags/example_branch_datetime_operator.py for tasks to queue
[2025-05-19 09:06:04,544] {logging_mixin.py:109} INFO - [2025-05-19 09:06:04,543] {dagbag.py:500} INFO - Filling up the DagBag from /home/airflow/.local/lib/python3.6/site-packages/airflow/example_dags/example_branch_datetime_operator.py
[2025-05-19 09:06:04,591] {processor.py:654} INFO - DAG(s) dict_keys(['example_branch_datetime_operator_2']) retrieved from /home/airflow/.local/lib/python3.6/site-packages/airflow/example_dags/example_branch_datetime_operator.py
[2025-05-19 09:06:04,608] {logging_mixin.py:109} INFO - [2025-05-19 09:06:04,608] {dag.py:2396} INFO - Sync 1 DAGs
[2025-05-19 09:06:04,641] {logging_mixin.py:109} INFO - [2025-05-19 09:06:04,641] {dag.py:2935} INFO - Setting next_dagrun for example_branch_datetime_operator_2 to 2025-05-18 00:00:00+00:00
[2025-05-19 09:06:04,658] {processor.py:171} INFO - Processing /home/airflow/.local/lib/python3.6/site-packages/airflow/example_dags/example_branch_datetime_operator.py took 0.123 seconds
[2025-05-19 09:06:35,255] {processor.py:163} INFO - Started process (PID=1574) to work on /home/airflow/.local/lib/python3.6/site-packages/airflow/example_dags/example_branch_datetime_operator.py
[2025-05-19 09:06:35,256] {processor.py:642} INFO - Processing file /home/airflow/.local/lib/python3.6/site-packages/airflow/example_dags/example_branch_datetime_operator.py for tasks to queue
[2025-05-19 09:06:35,258] {logging_mixin.py:109} INFO - [2025-05-19 09:06:35,258] {dagbag.py:500} INFO - Filling up the DagBag from /home/airflow/.local/lib/python3.6/site-packages/airflow/example_dags/example_branch_datetime_operator.py
[2025-05-19 09:06:35,297] {processor.py:654} INFO - DAG(s) dict_keys(['example_branch_datetime_operator_2']) retrieved from /home/airflow/.local/lib/python3.6/site-packages/airflow/example_dags/example_branch_datetime_operator.py
[2025-05-19 09:06:35,309] {logging_mixin.py:109} INFO - [2025-05-19 09:06:35,309] {dag.py:2396} INFO - Sync 1 DAGs
[2025-05-19 09:06:35,331] {logging_mixin.py:109} INFO - [2025-05-19 09:06:35,331] {dag.py:2935} INFO - Setting next_dagrun for example_branch_datetime_operator_2 to 2025-05-18 00:00:00+00:00
[2025-05-19 09:06:35,342] {processor.py:171} INFO - Processing /home/airflow/.local/lib/python3.6/site-packages/airflow/example_dags/example_branch_datetime_operator.py took 0.092 seconds
[2025-05-19 09:07:06,180] {processor.py:163} INFO - Started process (PID=1626) to work on /home/airflow/.local/lib/python3.6/site-packages/airflow/example_dags/example_branch_datetime_operator.py
[2025-05-19 09:07:06,181] {processor.py:642} INFO - Processing file /home/airflow/.local/lib/python3.6/site-packages/airflow/example_dags/example_branch_datetime_operator.py for tasks to queue
[2025-05-19 09:07:06,182] {logging_mixin.py:109} INFO - [2025-05-19 09:07:06,182] {dagbag.py:500} INFO - Filling up the DagBag from /home/airflow/.local/lib/python3.6/site-packages/airflow/example_dags/example_branch_datetime_operator.py
[2025-05-19 09:07:06,212] {processor.py:654} INFO - DAG(s) dict_keys(['example_branch_datetime_operator_2']) retrieved from /home/airflow/.local/lib/python3.6/site-packages/airflow/example_dags/example_branch_datetime_operator.py
[2025-05-19 09:07:06,223] {logging_mixin.py:109} INFO - [2025-05-19 09:07:06,223] {dag.py:2396} INFO - Sync 1 DAGs
[2025-05-19 09:07:06,243] {logging_mixin.py:109} INFO - [2025-05-19 09:07:06,242] {dag.py:2935} INFO - Setting next_dagrun for example_branch_datetime_operator_2 to 2025-05-18 00:00:00+00:00
[2025-05-19 09:07:06,255] {processor.py:171} INFO - Processing /home/airflow/.local/lib/python3.6/site-packages/airflow/example_dags/example_branch_datetime_operator.py took 0.080 seconds
[2025-05-19 09:07:36,528] {processor.py:163} INFO - Started process (PID=1678) to work on /home/airflow/.local/lib/python3.6/site-packages/airflow/example_dags/example_branch_datetime_operator.py
[2025-05-19 09:07:36,531] {processor.py:642} INFO - Processing file /home/airflow/.local/lib/python3.6/site-packages/airflow/example_dags/example_branch_datetime_operator.py for tasks to queue
[2025-05-19 09:07:36,532] {logging_mixin.py:109} INFO - [2025-05-19 09:07:36,532] {dagbag.py:500} INFO - Filling up the DagBag from /home/airflow/.local/lib/python3.6/site-packages/airflow/example_dags/example_branch_datetime_operator.py
[2025-05-19 09:07:36,567] {processor.py:654} INFO - DAG(s) dict_keys(['example_branch_datetime_operator_2']) retrieved from /home/airflow/.local/lib/python3.6/site-packages/airflow/example_dags/example_branch_datetime_operator.py
[2025-05-19 09:07:36,579] {logging_mixin.py:109} INFO - [2025-05-19 09:07:36,579] {dag.py:2396} INFO - Sync 1 DAGs
[2025-05-19 09:07:36,604] {logging_mixin.py:109} INFO - [2025-05-19 09:07:36,604] {dag.py:2935} INFO - Setting next_dagrun for example_branch_datetime_operator_2 to 2025-05-18 00:00:00+00:00
[2025-05-19 09:07:36,616] {processor.py:171} INFO - Processing /home/airflow/.local/lib/python3.6/site-packages/airflow/example_dags/example_branch_datetime_operator.py took 0.092 seconds
[2025-05-19 09:08:07,339] {processor.py:163} INFO - Started process (PID=1740) to work on /home/airflow/.local/lib/python3.6/site-packages/airflow/example_dags/example_branch_datetime_operator.py
[2025-05-19 09:08:07,341] {processor.py:642} INFO - Processing file /home/airflow/.local/lib/python3.6/site-packages/airflow/example_dags/example_branch_datetime_operator.py for tasks to queue
[2025-05-19 09:08:07,342] {logging_mixin.py:109} INFO - [2025-05-19 09:08:07,342] {dagbag.py:500} INFO - Filling up the DagBag from /home/airflow/.local/lib/python3.6/site-packages/airflow/example_dags/example_branch_datetime_operator.py
[2025-05-19 09:08:07,383] {processor.py:654} INFO - DAG(s) dict_keys(['example_branch_datetime_operator_2']) retrieved from /home/airflow/.local/lib/python3.6/site-packages/airflow/example_dags/example_branch_datetime_operator.py
[2025-05-19 09:08:07,400] {logging_mixin.py:109} INFO - [2025-05-19 09:08:07,400] {dag.py:2396} INFO - Sync 1 DAGs
[2025-05-19 09:08:07,431] {logging_mixin.py:109} INFO - [2025-05-19 09:08:07,431] {dag.py:2935} INFO - Setting next_dagrun for example_branch_datetime_operator_2 to 2025-05-18 00:00:00+00:00
[2025-05-19 09:08:07,445] {processor.py:171} INFO - Processing /home/airflow/.local/lib/python3.6/site-packages/airflow/example_dags/example_branch_datetime_operator.py took 0.113 seconds
[2025-05-19 09:08:37,539] {processor.py:163} INFO - Started process (PID=1792) to work on /home/airflow/.local/lib/python3.6/site-packages/airflow/example_dags/example_branch_datetime_operator.py
[2025-05-19 09:08:37,540] {processor.py:642} INFO - Processing file /home/airflow/.local/lib/python3.6/site-packages/airflow/example_dags/example_branch_datetime_operator.py for tasks to queue
[2025-05-19 09:08:37,542] {logging_mixin.py:109} INFO - [2025-05-19 09:08:37,541] {dagbag.py:500} INFO - Filling up the DagBag from /home/airflow/.local/lib/python3.6/site-packages/airflow/example_dags/example_branch_datetime_operator.py
[2025-05-19 09:08:37,580] {processor.py:654} INFO - DAG(s) dict_keys(['example_branch_datetime_operator_2']) retrieved from /home/airflow/.local/lib/python3.6/site-packages/airflow/example_dags/example_branch_datetime_operator.py
[2025-05-19 09:08:37,597] {logging_mixin.py:109} INFO - [2025-05-19 09:08:37,597] {dag.py:2396} INFO - Sync 1 DAGs
[2025-05-19 09:08:37,628] {logging_mixin.py:109} INFO - [2025-05-19 09:08:37,627] {dag.py:2935} INFO - Setting next_dagrun for example_branch_datetime_operator_2 to 2025-05-18 00:00:00+00:00
[2025-05-19 09:08:37,641] {processor.py:171} INFO - Processing /home/airflow/.local/lib/python3.6/site-packages/airflow/example_dags/example_branch_datetime_operator.py took 0.107 seconds
[2025-05-19 09:09:07,766] {processor.py:163} INFO - Started process (PID=1854) to work on /home/airflow/.local/lib/python3.6/site-packages/airflow/example_dags/example_branch_datetime_operator.py
[2025-05-19 09:09:07,768] {processor.py:642} INFO - Processing file /home/airflow/.local/lib/python3.6/site-packages/airflow/example_dags/example_branch_datetime_operator.py for tasks to queue
[2025-05-19 09:09:07,770] {logging_mixin.py:109} INFO - [2025-05-19 09:09:07,769] {dagbag.py:500} INFO - Filling up the DagBag from /home/airflow/.local/lib/python3.6/site-packages/airflow/example_dags/example_branch_datetime_operator.py
[2025-05-19 09:09:07,811] {processor.py:654} INFO - DAG(s) dict_keys(['example_branch_datetime_operator_2']) retrieved from /home/airflow/.local/lib/python3.6/site-packages/airflow/example_dags/example_branch_datetime_operator.py
[2025-05-19 09:09:07,826] {logging_mixin.py:109} INFO - [2025-05-19 09:09:07,826] {dag.py:2396} INFO - Sync 1 DAGs
[2025-05-19 09:09:07,858] {logging_mixin.py:109} INFO - [2025-05-19 09:09:07,858] {dag.py:2935} INFO - Setting next_dagrun for example_branch_datetime_operator_2 to 2025-05-18 00:00:00+00:00
[2025-05-19 09:09:07,870] {processor.py:171} INFO - Processing /home/airflow/.local/lib/python3.6/site-packages/airflow/example_dags/example_branch_datetime_operator.py took 0.109 seconds
[2025-05-19 09:09:38,396] {processor.py:163} INFO - Started process (PID=1906) to work on /home/airflow/.local/lib/python3.6/site-packages/airflow/example_dags/example_branch_datetime_operator.py
[2025-05-19 09:09:38,398] {processor.py:642} INFO - Processing file /home/airflow/.local/lib/python3.6/site-packages/airflow/example_dags/example_branch_datetime_operator.py for tasks to queue
[2025-05-19 09:09:38,399] {logging_mixin.py:109} INFO - [2025-05-19 09:09:38,399] {dagbag.py:500} INFO - Filling up the DagBag from /home/airflow/.local/lib/python3.6/site-packages/airflow/example_dags/example_branch_datetime_operator.py
[2025-05-19 09:09:38,431] {processor.py:654} INFO - DAG(s) dict_keys(['example_branch_datetime_operator_2']) retrieved from /home/airflow/.local/lib/python3.6/site-packages/airflow/example_dags/example_branch_datetime_operator.py
[2025-05-19 09:09:38,444] {logging_mixin.py:109} INFO - [2025-05-19 09:09:38,444] {dag.py:2396} INFO - Sync 1 DAGs
[2025-05-19 09:09:38,468] {logging_mixin.py:109} INFO - [2025-05-19 09:09:38,468] {dag.py:2935} INFO - Setting next_dagrun for example_branch_datetime_operator_2 to 2025-05-18 00:00:00+00:00
[2025-05-19 09:09:38,479] {processor.py:171} INFO - Processing /home/airflow/.local/lib/python3.6/site-packages/airflow/example_dags/example_branch_datetime_operator.py took 0.088 seconds
[2025-05-19 09:10:08,952] {processor.py:163} INFO - Started process (PID=1958) to work on /home/airflow/.local/lib/python3.6/site-packages/airflow/example_dags/example_branch_datetime_operator.py
[2025-05-19 09:10:08,957] {processor.py:642} INFO - Processing file /home/airflow/.local/lib/python3.6/site-packages/airflow/example_dags/example_branch_datetime_operator.py for tasks to queue
[2025-05-19 09:10:08,960] {logging_mixin.py:109} INFO - [2025-05-19 09:10:08,959] {dagbag.py:500} INFO - Filling up the DagBag from /home/airflow/.local/lib/python3.6/site-packages/airflow/example_dags/example_branch_datetime_operator.py
[2025-05-19 09:10:09,018] {processor.py:654} INFO - DAG(s) dict_keys(['example_branch_datetime_operator_2']) retrieved from /home/airflow/.local/lib/python3.6/site-packages/airflow/example_dags/example_branch_datetime_operator.py
[2025-05-19 09:10:09,056] {logging_mixin.py:109} INFO - [2025-05-19 09:10:09,056] {dag.py:2396} INFO - Sync 1 DAGs
[2025-05-19 09:10:09,112] {logging_mixin.py:109} INFO - [2025-05-19 09:10:09,112] {dag.py:2935} INFO - Setting next_dagrun for example_branch_datetime_operator_2 to 2025-05-18 00:00:00+00:00
[2025-05-19 09:10:09,133] {processor.py:171} INFO - Processing /home/airflow/.local/lib/python3.6/site-packages/airflow/example_dags/example_branch_datetime_operator.py took 0.187 seconds
[2025-05-19 09:10:39,263] {processor.py:163} INFO - Started process (PID=2010) to work on /home/airflow/.local/lib/python3.6/site-packages/airflow/example_dags/example_branch_datetime_operator.py
[2025-05-19 09:10:39,264] {processor.py:642} INFO - Processing file /home/airflow/.local/lib/python3.6/site-packages/airflow/example_dags/example_branch_datetime_operator.py for tasks to queue
[2025-05-19 09:10:39,266] {logging_mixin.py:109} INFO - [2025-05-19 09:10:39,266] {dagbag.py:500} INFO - Filling up the DagBag from /home/airflow/.local/lib/python3.6/site-packages/airflow/example_dags/example_branch_datetime_operator.py
[2025-05-19 09:10:39,297] {processor.py:654} INFO - DAG(s) dict_keys(['example_branch_datetime_operator_2']) retrieved from /home/airflow/.local/lib/python3.6/site-packages/airflow/example_dags/example_branch_datetime_operator.py
[2025-05-19 09:10:39,308] {logging_mixin.py:109} INFO - [2025-05-19 09:10:39,308] {dag.py:2396} INFO - Sync 1 DAGs
[2025-05-19 09:10:39,330] {logging_mixin.py:109} INFO - [2025-05-19 09:10:39,330] {dag.py:2935} INFO - Setting next_dagrun for example_branch_datetime_operator_2 to 2025-05-18 00:00:00+00:00
[2025-05-19 09:10:39,343] {processor.py:171} INFO - Processing /home/airflow/.local/lib/python3.6/site-packages/airflow/example_dags/example_branch_datetime_operator.py took 0.084 seconds
[2025-05-19 09:11:10,386] {processor.py:163} INFO - Started process (PID=2073) to work on /home/airflow/.local/lib/python3.6/site-packages/airflow/example_dags/example_branch_datetime_operator.py
[2025-05-19 09:11:10,388] {processor.py:642} INFO - Processing file /home/airflow/.local/lib/python3.6/site-packages/airflow/example_dags/example_branch_datetime_operator.py for tasks to queue
[2025-05-19 09:11:10,390] {logging_mixin.py:109} INFO - [2025-05-19 09:11:10,389] {dagbag.py:500} INFO - Filling up the DagBag from /home/airflow/.local/lib/python3.6/site-packages/airflow/example_dags/example_branch_datetime_operator.py
[2025-05-19 09:11:10,434] {processor.py:654} INFO - DAG(s) dict_keys(['example_branch_datetime_operator_2']) retrieved from /home/airflow/.local/lib/python3.6/site-packages/airflow/example_dags/example_branch_datetime_operator.py
[2025-05-19 09:11:10,449] {logging_mixin.py:109} INFO - [2025-05-19 09:11:10,449] {dag.py:2396} INFO - Sync 1 DAGs
[2025-05-19 09:11:10,477] {logging_mixin.py:109} INFO - [2025-05-19 09:11:10,477] {dag.py:2935} INFO - Setting next_dagrun for example_branch_datetime_operator_2 to 2025-05-18 00:00:00+00:00
[2025-05-19 09:11:10,491] {processor.py:171} INFO - Processing /home/airflow/.local/lib/python3.6/site-packages/airflow/example_dags/example_branch_datetime_operator.py took 0.110 seconds
[2025-05-19 09:11:40,948] {processor.py:163} INFO - Started process (PID=2125) to work on /home/airflow/.local/lib/python3.6/site-packages/airflow/example_dags/example_branch_datetime_operator.py
[2025-05-19 09:11:40,950] {processor.py:642} INFO - Processing file /home/airflow/.local/lib/python3.6/site-packages/airflow/example_dags/example_branch_datetime_operator.py for tasks to queue
[2025-05-19 09:11:40,951] {logging_mixin.py:109} INFO - [2025-05-19 09:11:40,951] {dagbag.py:500} INFO - Filling up the DagBag from /home/airflow/.local/lib/python3.6/site-packages/airflow/example_dags/example_branch_datetime_operator.py
[2025-05-19 09:11:40,988] {processor.py:654} INFO - DAG(s) dict_keys(['example_branch_datetime_operator_2']) retrieved from /home/airflow/.local/lib/python3.6/site-packages/airflow/example_dags/example_branch_datetime_operator.py
[2025-05-19 09:11:41,001] {logging_mixin.py:109} INFO - [2025-05-19 09:11:41,001] {dag.py:2396} INFO - Sync 1 DAGs
[2025-05-19 09:11:41,030] {logging_mixin.py:109} INFO - [2025-05-19 09:11:41,030] {dag.py:2935} INFO - Setting next_dagrun for example_branch_datetime_operator_2 to 2025-05-18 00:00:00+00:00
[2025-05-19 09:11:41,045] {processor.py:171} INFO - Processing /home/airflow/.local/lib/python3.6/site-packages/airflow/example_dags/example_branch_datetime_operator.py took 0.100 seconds
[2025-05-19 09:12:11,121] {processor.py:163} INFO - Started process (PID=2177) to work on /home/airflow/.local/lib/python3.6/site-packages/airflow/example_dags/example_branch_datetime_operator.py
[2025-05-19 09:12:11,122] {processor.py:642} INFO - Processing file /home/airflow/.local/lib/python3.6/site-packages/airflow/example_dags/example_branch_datetime_operator.py for tasks to queue
[2025-05-19 09:12:11,124] {logging_mixin.py:109} INFO - [2025-05-19 09:12:11,124] {dagbag.py:500} INFO - Filling up the DagBag from /home/airflow/.local/lib/python3.6/site-packages/airflow/example_dags/example_branch_datetime_operator.py
[2025-05-19 09:12:11,161] {processor.py:654} INFO - DAG(s) dict_keys(['example_branch_datetime_operator_2']) retrieved from /home/airflow/.local/lib/python3.6/site-packages/airflow/example_dags/example_branch_datetime_operator.py
[2025-05-19 09:12:11,178] {logging_mixin.py:109} INFO - [2025-05-19 09:12:11,177] {dag.py:2396} INFO - Sync 1 DAGs
[2025-05-19 09:12:11,205] {logging_mixin.py:109} INFO - [2025-05-19 09:12:11,205] {dag.py:2935} INFO - Setting next_dagrun for example_branch_datetime_operator_2 to 2025-05-18 00:00:00+00:00
[2025-05-19 09:12:11,218] {processor.py:171} INFO - Processing /home/airflow/.local/lib/python3.6/site-packages/airflow/example_dags/example_branch_datetime_operator.py took 0.102 seconds
[2025-05-19 09:12:42,007] {processor.py:163} INFO - Started process (PID=2229) to work on /home/airflow/.local/lib/python3.6/site-packages/airflow/example_dags/example_branch_datetime_operator.py
[2025-05-19 09:12:42,009] {processor.py:642} INFO - Processing file /home/airflow/.local/lib/python3.6/site-packages/airflow/example_dags/example_branch_datetime_operator.py for tasks to queue
[2025-05-19 09:12:42,010] {logging_mixin.py:109} INFO - [2025-05-19 09:12:42,010] {dagbag.py:500} INFO - Filling up the DagBag from /home/airflow/.local/lib/python3.6/site-packages/airflow/example_dags/example_branch_datetime_operator.py
[2025-05-19 09:12:42,053] {processor.py:654} INFO - DAG(s) dict_keys(['example_branch_datetime_operator_2']) retrieved from /home/airflow/.local/lib/python3.6/site-packages/airflow/example_dags/example_branch_datetime_operator.py
[2025-05-19 09:12:42,070] {logging_mixin.py:109} INFO - [2025-05-19 09:12:42,070] {dag.py:2396} INFO - Sync 1 DAGs
[2025-05-19 09:12:42,099] {logging_mixin.py:109} INFO - [2025-05-19 09:12:42,099] {dag.py:2935} INFO - Setting next_dagrun for example_branch_datetime_operator_2 to 2025-05-18 00:00:00+00:00
[2025-05-19 09:12:42,114] {processor.py:171} INFO - Processing /home/airflow/.local/lib/python3.6/site-packages/airflow/example_dags/example_branch_datetime_operator.py took 0.111 seconds
[2025-05-19 09:13:12,441] {processor.py:163} INFO - Started process (PID=2281) to work on /home/airflow/.local/lib/python3.6/site-packages/airflow/example_dags/example_branch_datetime_operator.py
[2025-05-19 09:13:12,443] {processor.py:642} INFO - Processing file /home/airflow/.local/lib/python3.6/site-packages/airflow/example_dags/example_branch_datetime_operator.py for tasks to queue
[2025-05-19 09:13:12,444] {logging_mixin.py:109} INFO - [2025-05-19 09:13:12,444] {dagbag.py:500} INFO - Filling up the DagBag from /home/airflow/.local/lib/python3.6/site-packages/airflow/example_dags/example_branch_datetime_operator.py
[2025-05-19 09:13:12,474] {processor.py:654} INFO - DAG(s) dict_keys(['example_branch_datetime_operator_2']) retrieved from /home/airflow/.local/lib/python3.6/site-packages/airflow/example_dags/example_branch_datetime_operator.py
[2025-05-19 09:13:12,486] {logging_mixin.py:109} INFO - [2025-05-19 09:13:12,486] {dag.py:2396} INFO - Sync 1 DAGs
[2025-05-19 09:13:12,506] {logging_mixin.py:109} INFO - [2025-05-19 09:13:12,506] {dag.py:2935} INFO - Setting next_dagrun for example_branch_datetime_operator_2 to 2025-05-18 00:00:00+00:00
[2025-05-19 09:13:12,515] {processor.py:171} INFO - Processing /home/airflow/.local/lib/python3.6/site-packages/airflow/example_dags/example_branch_datetime_operator.py took 0.078 seconds
[2025-05-19 09:13:43,105] {processor.py:163} INFO - Started process (PID=2333) to work on /home/airflow/.local/lib/python3.6/site-packages/airflow/example_dags/example_branch_datetime_operator.py
[2025-05-19 09:13:43,112] {processor.py:642} INFO - Processing file /home/airflow/.local/lib/python3.6/site-packages/airflow/example_dags/example_branch_datetime_operator.py for tasks to queue
[2025-05-19 09:13:43,113] {logging_mixin.py:109} INFO - [2025-05-19 09:13:43,113] {dagbag.py:500} INFO - Filling up the DagBag from /home/airflow/.local/lib/python3.6/site-packages/airflow/example_dags/example_branch_datetime_operator.py
[2025-05-19 09:13:43,237] {processor.py:654} INFO - DAG(s) dict_keys(['example_branch_datetime_operator_2']) retrieved from /home/airflow/.local/lib/python3.6/site-packages/airflow/example_dags/example_branch_datetime_operator.py
[2025-05-19 09:13:43,266] {logging_mixin.py:109} INFO - [2025-05-19 09:13:43,266] {dag.py:2396} INFO - Sync 1 DAGs
[2025-05-19 09:13:43,346] {logging_mixin.py:109} INFO - [2025-05-19 09:13:43,346] {dag.py:2935} INFO - Setting next_dagrun for example_branch_datetime_operator_2 to 2025-05-18 00:00:00+00:00
[2025-05-19 09:13:43,382] {processor.py:171} INFO - Processing /home/airflow/.local/lib/python3.6/site-packages/airflow/example_dags/example_branch_datetime_operator.py took 0.286 seconds
[2025-05-19 09:14:14,002] {processor.py:163} INFO - Started process (PID=2385) to work on /home/airflow/.local/lib/python3.6/site-packages/airflow/example_dags/example_branch_datetime_operator.py
[2025-05-19 09:14:14,005] {processor.py:642} INFO - Processing file /home/airflow/.local/lib/python3.6/site-packages/airflow/example_dags/example_branch_datetime_operator.py for tasks to queue
[2025-05-19 09:14:14,007] {logging_mixin.py:109} INFO - [2025-05-19 09:14:14,006] {dagbag.py:500} INFO - Filling up the DagBag from /home/airflow/.local/lib/python3.6/site-packages/airflow/example_dags/example_branch_datetime_operator.py
[2025-05-19 09:14:14,068] {processor.py:654} INFO - DAG(s) dict_keys(['example_branch_datetime_operator_2']) retrieved from /home/airflow/.local/lib/python3.6/site-packages/airflow/example_dags/example_branch_datetime_operator.py
[2025-05-19 09:14:14,098] {logging_mixin.py:109} INFO - [2025-05-19 09:14:14,098] {dag.py:2396} INFO - Sync 1 DAGs
[2025-05-19 09:14:14,155] {logging_mixin.py:109} INFO - [2025-05-19 09:14:14,155] {dag.py:2935} INFO - Setting next_dagrun for example_branch_datetime_operator_2 to 2025-05-18 00:00:00+00:00
[2025-05-19 09:14:14,179] {processor.py:171} INFO - Processing /home/airflow/.local/lib/python3.6/site-packages/airflow/example_dags/example_branch_datetime_operator.py took 0.186 seconds
[2025-05-19 19:33:59,056] {processor.py:163} INFO - Started process (PID=84) to work on /home/airflow/.local/lib/python3.6/site-packages/airflow/example_dags/example_branch_datetime_operator.py
[2025-05-19 19:33:59,059] {processor.py:642} INFO - Processing file /home/airflow/.local/lib/python3.6/site-packages/airflow/example_dags/example_branch_datetime_operator.py for tasks to queue
[2025-05-19 19:33:59,060] {logging_mixin.py:109} INFO - [2025-05-19 19:33:59,060] {dagbag.py:500} INFO - Filling up the DagBag from /home/airflow/.local/lib/python3.6/site-packages/airflow/example_dags/example_branch_datetime_operator.py
[2025-05-19 19:33:59,121] {processor.py:654} INFO - DAG(s) dict_keys(['example_branch_datetime_operator_2']) retrieved from /home/airflow/.local/lib/python3.6/site-packages/airflow/example_dags/example_branch_datetime_operator.py
[2025-05-19 19:33:59,148] {logging_mixin.py:109} INFO - [2025-05-19 19:33:59,148] {dag.py:2396} INFO - Sync 1 DAGs
[2025-05-19 19:33:59,196] {logging_mixin.py:109} INFO - [2025-05-19 19:33:59,196] {dag.py:2935} INFO - Setting next_dagrun for example_branch_datetime_operator_2 to 2025-05-18 00:00:00+00:00
[2025-05-19 19:33:59,218] {processor.py:171} INFO - Processing /home/airflow/.local/lib/python3.6/site-packages/airflow/example_dags/example_branch_datetime_operator.py took 0.169 seconds
[2025-05-19 19:34:37,388] {processor.py:163} INFO - Started process (PID=136) to work on /home/airflow/.local/lib/python3.6/site-packages/airflow/example_dags/example_branch_datetime_operator.py
[2025-05-19 19:34:37,399] {processor.py:642} INFO - Processing file /home/airflow/.local/lib/python3.6/site-packages/airflow/example_dags/example_branch_datetime_operator.py for tasks to queue
[2025-05-19 19:34:37,404] {logging_mixin.py:109} INFO - [2025-05-19 19:34:37,404] {dagbag.py:500} INFO - Filling up the DagBag from /home/airflow/.local/lib/python3.6/site-packages/airflow/example_dags/example_branch_datetime_operator.py
[2025-05-19 19:34:37,569] {processor.py:654} INFO - DAG(s) dict_keys(['example_branch_datetime_operator_2']) retrieved from /home/airflow/.local/lib/python3.6/site-packages/airflow/example_dags/example_branch_datetime_operator.py
[2025-05-19 19:34:37,633] {logging_mixin.py:109} INFO - [2025-05-19 19:34:37,633] {dag.py:2396} INFO - Sync 1 DAGs
[2025-05-19 19:34:37,807] {logging_mixin.py:109} INFO - [2025-05-19 19:34:37,807] {dag.py:2935} INFO - Setting next_dagrun for example_branch_datetime_operator_2 to 2025-05-18 00:00:00+00:00
[2025-05-19 19:34:37,927] {processor.py:171} INFO - Processing /home/airflow/.local/lib/python3.6/site-packages/airflow/example_dags/example_branch_datetime_operator.py took 0.547 seconds
[2025-05-19 19:35:08,340] {processor.py:163} INFO - Started process (PID=190) to work on /home/airflow/.local/lib/python3.6/site-packages/airflow/example_dags/example_branch_datetime_operator.py
[2025-05-19 19:35:08,342] {processor.py:642} INFO - Processing file /home/airflow/.local/lib/python3.6/site-packages/airflow/example_dags/example_branch_datetime_operator.py for tasks to queue
[2025-05-19 19:35:08,343] {logging_mixin.py:109} INFO - [2025-05-19 19:35:08,343] {dagbag.py:500} INFO - Filling up the DagBag from /home/airflow/.local/lib/python3.6/site-packages/airflow/example_dags/example_branch_datetime_operator.py
[2025-05-19 19:35:08,384] {processor.py:654} INFO - DAG(s) dict_keys(['example_branch_datetime_operator_2']) retrieved from /home/airflow/.local/lib/python3.6/site-packages/airflow/example_dags/example_branch_datetime_operator.py
[2025-05-19 19:35:08,438] {logging_mixin.py:109} INFO - [2025-05-19 19:35:08,437] {dag.py:2396} INFO - Sync 1 DAGs
[2025-05-19 19:35:08,502] {logging_mixin.py:109} INFO - [2025-05-19 19:35:08,502] {dag.py:2935} INFO - Setting next_dagrun for example_branch_datetime_operator_2 to 2025-05-18 00:00:00+00:00
[2025-05-19 19:35:08,523] {processor.py:171} INFO - Processing /home/airflow/.local/lib/python3.6/site-packages/airflow/example_dags/example_branch_datetime_operator.py took 0.189 seconds
[2025-05-19 19:35:38,831] {processor.py:163} INFO - Started process (PID=241) to work on /home/airflow/.local/lib/python3.6/site-packages/airflow/example_dags/example_branch_datetime_operator.py
[2025-05-19 19:35:38,833] {processor.py:642} INFO - Processing file /home/airflow/.local/lib/python3.6/site-packages/airflow/example_dags/example_branch_datetime_operator.py for tasks to queue
[2025-05-19 19:35:38,835] {logging_mixin.py:109} INFO - [2025-05-19 19:35:38,835] {dagbag.py:500} INFO - Filling up the DagBag from /home/airflow/.local/lib/python3.6/site-packages/airflow/example_dags/example_branch_datetime_operator.py
[2025-05-19 19:35:38,925] {processor.py:654} INFO - DAG(s) dict_keys(['example_branch_datetime_operator_2']) retrieved from /home/airflow/.local/lib/python3.6/site-packages/airflow/example_dags/example_branch_datetime_operator.py
[2025-05-19 19:35:38,976] {logging_mixin.py:109} INFO - [2025-05-19 19:35:38,974] {dag.py:2396} INFO - Sync 1 DAGs
[2025-05-19 19:35:39,072] {logging_mixin.py:109} INFO - [2025-05-19 19:35:39,071] {dag.py:2935} INFO - Setting next_dagrun for example_branch_datetime_operator_2 to 2025-05-18 00:00:00+00:00
[2025-05-19 19:35:39,113] {processor.py:171} INFO - Processing /home/airflow/.local/lib/python3.6/site-packages/airflow/example_dags/example_branch_datetime_operator.py took 0.289 seconds
[2025-05-19 19:36:09,793] {processor.py:163} INFO - Started process (PID=293) to work on /home/airflow/.local/lib/python3.6/site-packages/airflow/example_dags/example_branch_datetime_operator.py
[2025-05-19 19:36:09,796] {processor.py:642} INFO - Processing file /home/airflow/.local/lib/python3.6/site-packages/airflow/example_dags/example_branch_datetime_operator.py for tasks to queue
[2025-05-19 19:36:09,797] {logging_mixin.py:109} INFO - [2025-05-19 19:36:09,797] {dagbag.py:500} INFO - Filling up the DagBag from /home/airflow/.local/lib/python3.6/site-packages/airflow/example_dags/example_branch_datetime_operator.py
[2025-05-19 19:36:09,859] {processor.py:654} INFO - DAG(s) dict_keys(['example_branch_datetime_operator_2']) retrieved from /home/airflow/.local/lib/python3.6/site-packages/airflow/example_dags/example_branch_datetime_operator.py
[2025-05-19 19:36:09,889] {logging_mixin.py:109} INFO - [2025-05-19 19:36:09,888] {dag.py:2396} INFO - Sync 1 DAGs
[2025-05-19 19:36:09,936] {logging_mixin.py:109} INFO - [2025-05-19 19:36:09,936] {dag.py:2935} INFO - Setting next_dagrun for example_branch_datetime_operator_2 to 2025-05-18 00:00:00+00:00
[2025-05-19 19:36:09,959] {processor.py:171} INFO - Processing /home/airflow/.local/lib/python3.6/site-packages/airflow/example_dags/example_branch_datetime_operator.py took 0.173 seconds
[2025-05-19 19:36:40,368] {processor.py:163} INFO - Started process (PID=345) to work on /home/airflow/.local/lib/python3.6/site-packages/airflow/example_dags/example_branch_datetime_operator.py
[2025-05-19 19:36:40,372] {processor.py:642} INFO - Processing file /home/airflow/.local/lib/python3.6/site-packages/airflow/example_dags/example_branch_datetime_operator.py for tasks to queue
[2025-05-19 19:36:40,384] {logging_mixin.py:109} INFO - [2025-05-19 19:36:40,376] {dagbag.py:500} INFO - Filling up the DagBag from /home/airflow/.local/lib/python3.6/site-packages/airflow/example_dags/example_branch_datetime_operator.py
[2025-05-19 19:36:40,492] {processor.py:654} INFO - DAG(s) dict_keys(['example_branch_datetime_operator_2']) retrieved from /home/airflow/.local/lib/python3.6/site-packages/airflow/example_dags/example_branch_datetime_operator.py
[2025-05-19 19:36:40,521] {logging_mixin.py:109} INFO - [2025-05-19 19:36:40,521] {dag.py:2396} INFO - Sync 1 DAGs
[2025-05-19 19:36:40,587] {logging_mixin.py:109} INFO - [2025-05-19 19:36:40,587] {dag.py:2935} INFO - Setting next_dagrun for example_branch_datetime_operator_2 to 2025-05-18 00:00:00+00:00
[2025-05-19 19:36:40,615] {processor.py:171} INFO - Processing /home/airflow/.local/lib/python3.6/site-packages/airflow/example_dags/example_branch_datetime_operator.py took 0.253 seconds
[2025-05-19 19:37:11,199] {processor.py:163} INFO - Started process (PID=399) to work on /home/airflow/.local/lib/python3.6/site-packages/airflow/example_dags/example_branch_datetime_operator.py
[2025-05-19 19:37:11,204] {processor.py:642} INFO - Processing file /home/airflow/.local/lib/python3.6/site-packages/airflow/example_dags/example_branch_datetime_operator.py for tasks to queue
[2025-05-19 19:37:11,206] {logging_mixin.py:109} INFO - [2025-05-19 19:37:11,206] {dagbag.py:500} INFO - Filling up the DagBag from /home/airflow/.local/lib/python3.6/site-packages/airflow/example_dags/example_branch_datetime_operator.py
[2025-05-19 19:37:11,262] {processor.py:654} INFO - DAG(s) dict_keys(['example_branch_datetime_operator_2']) retrieved from /home/airflow/.local/lib/python3.6/site-packages/airflow/example_dags/example_branch_datetime_operator.py
[2025-05-19 19:37:11,296] {logging_mixin.py:109} INFO - [2025-05-19 19:37:11,296] {dag.py:2396} INFO - Sync 1 DAGs
[2025-05-19 19:37:11,334] {logging_mixin.py:109} INFO - [2025-05-19 19:37:11,333] {dag.py:2935} INFO - Setting next_dagrun for example_branch_datetime_operator_2 to 2025-05-18 00:00:00+00:00
[2025-05-19 19:37:11,350] {processor.py:171} INFO - Processing /home/airflow/.local/lib/python3.6/site-packages/airflow/example_dags/example_branch_datetime_operator.py took 0.158 seconds
