[2025-05-19 08:54:29,368] {processor.py:163} INFO - Started process (PID=341) to work on /home/airflow/.local/lib/python3.6/site-packages/airflow/example_dags/example_python_operator.py
[2025-05-19 08:54:29,373] {processor.py:642} INFO - Processing file /home/airflow/.local/lib/python3.6/site-packages/airflow/example_dags/example_python_operator.py for tasks to queue
[2025-05-19 08:54:29,378] {logging_mixin.py:109} INFO - [2025-05-19 08:54:29,377] {dagbag.py:500} INFO - Filling up the DagBag from /home/airflow/.local/lib/python3.6/site-packages/airflow/example_dags/example_python_operator.py
[2025-05-19 08:54:29,610] {processor.py:654} INFO - DAG(s) dict_keys(['example_python_operator']) retrieved from /home/airflow/.local/lib/python3.6/site-packages/airflow/example_dags/example_python_operator.py
[2025-05-19 08:54:39,260] {logging_mixin.py:109} INFO - [2025-05-19 08:54:39,259] {manager.py:496} INFO - Created Permission View: can read on DAG:example_python_operator
[2025-05-19 08:54:39,322] {logging_mixin.py:109} INFO - [2025-05-19 08:54:39,322] {manager.py:496} INFO - Created Permission View: can edit on DAG:example_python_operator
[2025-05-19 08:54:39,327] {logging_mixin.py:109} INFO - [2025-05-19 08:54:39,323] {dag.py:2396} INFO - Sync 1 DAGs
[2025-05-19 08:54:39,379] {logging_mixin.py:109} INFO - [2025-05-19 08:54:39,374] {dag.py:2415} INFO - Creating ORM DAG for example_python_operator
[2025-05-19 08:54:39,411] {logging_mixin.py:109} INFO - [2025-05-19 08:54:39,411] {dag.py:2935} INFO - Setting next_dagrun for example_python_operator to None
[2025-05-19 08:54:39,499] {processor.py:171} INFO - Processing /home/airflow/.local/lib/python3.6/site-packages/airflow/example_dags/example_python_operator.py took 11.588 seconds
[2025-05-19 08:55:27,924] {processor.py:163} INFO - Started process (PID=465) to work on /home/airflow/.local/lib/python3.6/site-packages/airflow/example_dags/example_python_operator.py
[2025-05-19 08:55:27,942] {processor.py:642} INFO - Processing file /home/airflow/.local/lib/python3.6/site-packages/airflow/example_dags/example_python_operator.py for tasks to queue
[2025-05-19 08:55:27,947] {logging_mixin.py:109} INFO - [2025-05-19 08:55:27,946] {dagbag.py:500} INFO - Filling up the DagBag from /home/airflow/.local/lib/python3.6/site-packages/airflow/example_dags/example_python_operator.py
[2025-05-19 08:55:28,158] {processor.py:654} INFO - DAG(s) dict_keys(['example_python_operator']) retrieved from /home/airflow/.local/lib/python3.6/site-packages/airflow/example_dags/example_python_operator.py
[2025-05-19 08:55:28,236] {logging_mixin.py:109} INFO - [2025-05-19 08:55:28,232] {dag.py:2396} INFO - Sync 1 DAGs
[2025-05-19 08:55:28,377] {logging_mixin.py:109} INFO - [2025-05-19 08:55:28,377] {dag.py:2935} INFO - Setting next_dagrun for example_python_operator to None
[2025-05-19 08:55:28,427] {processor.py:171} INFO - Processing /home/airflow/.local/lib/python3.6/site-packages/airflow/example_dags/example_python_operator.py took 0.530 seconds
[2025-05-19 08:56:00,877] {processor.py:163} INFO - Started process (PID=508) to work on /home/airflow/.local/lib/python3.6/site-packages/airflow/example_dags/example_python_operator.py
[2025-05-19 08:56:00,893] {processor.py:642} INFO - Processing file /home/airflow/.local/lib/python3.6/site-packages/airflow/example_dags/example_python_operator.py for tasks to queue
[2025-05-19 08:56:00,898] {logging_mixin.py:109} INFO - [2025-05-19 08:56:00,898] {dagbag.py:500} INFO - Filling up the DagBag from /home/airflow/.local/lib/python3.6/site-packages/airflow/example_dags/example_python_operator.py
[2025-05-19 08:56:01,068] {processor.py:654} INFO - DAG(s) dict_keys(['example_python_operator']) retrieved from /home/airflow/.local/lib/python3.6/site-packages/airflow/example_dags/example_python_operator.py
[2025-05-19 08:56:01,112] {logging_mixin.py:109} INFO - [2025-05-19 08:56:01,112] {dag.py:2396} INFO - Sync 1 DAGs
[2025-05-19 08:56:01,213] {logging_mixin.py:109} INFO - [2025-05-19 08:56:01,213] {dag.py:2935} INFO - Setting next_dagrun for example_python_operator to None
[2025-05-19 08:56:01,266] {processor.py:171} INFO - Processing /home/airflow/.local/lib/python3.6/site-packages/airflow/example_dags/example_python_operator.py took 0.450 seconds
[2025-05-19 08:56:31,456] {processor.py:163} INFO - Started process (PID=560) to work on /home/airflow/.local/lib/python3.6/site-packages/airflow/example_dags/example_python_operator.py
[2025-05-19 08:56:31,460] {processor.py:642} INFO - Processing file /home/airflow/.local/lib/python3.6/site-packages/airflow/example_dags/example_python_operator.py for tasks to queue
[2025-05-19 08:56:31,463] {logging_mixin.py:109} INFO - [2025-05-19 08:56:31,463] {dagbag.py:500} INFO - Filling up the DagBag from /home/airflow/.local/lib/python3.6/site-packages/airflow/example_dags/example_python_operator.py
[2025-05-19 08:56:31,617] {processor.py:654} INFO - DAG(s) dict_keys(['example_python_operator']) retrieved from /home/airflow/.local/lib/python3.6/site-packages/airflow/example_dags/example_python_operator.py
[2025-05-19 08:56:31,660] {logging_mixin.py:109} INFO - [2025-05-19 08:56:31,659] {dag.py:2396} INFO - Sync 1 DAGs
[2025-05-19 08:56:31,740] {logging_mixin.py:109} INFO - [2025-05-19 08:56:31,740] {dag.py:2935} INFO - Setting next_dagrun for example_python_operator to None
[2025-05-19 08:56:31,805] {processor.py:171} INFO - Processing /home/airflow/.local/lib/python3.6/site-packages/airflow/example_dags/example_python_operator.py took 0.359 seconds
[2025-05-19 08:57:01,974] {processor.py:163} INFO - Started process (PID=612) to work on /home/airflow/.local/lib/python3.6/site-packages/airflow/example_dags/example_python_operator.py
[2025-05-19 08:57:01,977] {processor.py:642} INFO - Processing file /home/airflow/.local/lib/python3.6/site-packages/airflow/example_dags/example_python_operator.py for tasks to queue
[2025-05-19 08:57:01,979] {logging_mixin.py:109} INFO - [2025-05-19 08:57:01,979] {dagbag.py:500} INFO - Filling up the DagBag from /home/airflow/.local/lib/python3.6/site-packages/airflow/example_dags/example_python_operator.py
[2025-05-19 08:57:02,044] {processor.py:654} INFO - DAG(s) dict_keys(['example_python_operator']) retrieved from /home/airflow/.local/lib/python3.6/site-packages/airflow/example_dags/example_python_operator.py
[2025-05-19 08:57:02,065] {logging_mixin.py:109} INFO - [2025-05-19 08:57:02,065] {dag.py:2396} INFO - Sync 1 DAGs
[2025-05-19 08:57:02,100] {logging_mixin.py:109} INFO - [2025-05-19 08:57:02,100] {dag.py:2935} INFO - Setting next_dagrun for example_python_operator to None
[2025-05-19 08:57:02,118] {processor.py:171} INFO - Processing /home/airflow/.local/lib/python3.6/site-packages/airflow/example_dags/example_python_operator.py took 0.152 seconds
[2025-05-19 08:57:32,872] {processor.py:163} INFO - Started process (PID=664) to work on /home/airflow/.local/lib/python3.6/site-packages/airflow/example_dags/example_python_operator.py
[2025-05-19 08:57:32,876] {processor.py:642} INFO - Processing file /home/airflow/.local/lib/python3.6/site-packages/airflow/example_dags/example_python_operator.py for tasks to queue
[2025-05-19 08:57:32,878] {logging_mixin.py:109} INFO - [2025-05-19 08:57:32,878] {dagbag.py:500} INFO - Filling up the DagBag from /home/airflow/.local/lib/python3.6/site-packages/airflow/example_dags/example_python_operator.py
[2025-05-19 08:57:32,988] {processor.py:654} INFO - DAG(s) dict_keys(['example_python_operator']) retrieved from /home/airflow/.local/lib/python3.6/site-packages/airflow/example_dags/example_python_operator.py
[2025-05-19 08:57:33,026] {logging_mixin.py:109} INFO - [2025-05-19 08:57:33,025] {dag.py:2396} INFO - Sync 1 DAGs
[2025-05-19 08:57:33,091] {logging_mixin.py:109} INFO - [2025-05-19 08:57:33,090] {dag.py:2935} INFO - Setting next_dagrun for example_python_operator to None
[2025-05-19 08:57:33,118] {processor.py:171} INFO - Processing /home/airflow/.local/lib/python3.6/site-packages/airflow/example_dags/example_python_operator.py took 0.259 seconds
[2025-05-19 08:58:03,419] {processor.py:163} INFO - Started process (PID=716) to work on /home/airflow/.local/lib/python3.6/site-packages/airflow/example_dags/example_python_operator.py
[2025-05-19 08:58:03,422] {processor.py:642} INFO - Processing file /home/airflow/.local/lib/python3.6/site-packages/airflow/example_dags/example_python_operator.py for tasks to queue
[2025-05-19 08:58:03,424] {logging_mixin.py:109} INFO - [2025-05-19 08:58:03,423] {dagbag.py:500} INFO - Filling up the DagBag from /home/airflow/.local/lib/python3.6/site-packages/airflow/example_dags/example_python_operator.py
[2025-05-19 08:58:03,497] {processor.py:654} INFO - DAG(s) dict_keys(['example_python_operator']) retrieved from /home/airflow/.local/lib/python3.6/site-packages/airflow/example_dags/example_python_operator.py
[2025-05-19 08:58:03,521] {logging_mixin.py:109} INFO - [2025-05-19 08:58:03,521] {dag.py:2396} INFO - Sync 1 DAGs
[2025-05-19 08:58:03,576] {logging_mixin.py:109} INFO - [2025-05-19 08:58:03,576] {dag.py:2935} INFO - Setting next_dagrun for example_python_operator to None
[2025-05-19 08:58:03,599] {processor.py:171} INFO - Processing /home/airflow/.local/lib/python3.6/site-packages/airflow/example_dags/example_python_operator.py took 0.192 seconds
[2025-05-19 08:58:33,945] {processor.py:163} INFO - Started process (PID=768) to work on /home/airflow/.local/lib/python3.6/site-packages/airflow/example_dags/example_python_operator.py
[2025-05-19 08:58:33,949] {processor.py:642} INFO - Processing file /home/airflow/.local/lib/python3.6/site-packages/airflow/example_dags/example_python_operator.py for tasks to queue
[2025-05-19 08:58:33,951] {logging_mixin.py:109} INFO - [2025-05-19 08:58:33,951] {dagbag.py:500} INFO - Filling up the DagBag from /home/airflow/.local/lib/python3.6/site-packages/airflow/example_dags/example_python_operator.py
[2025-05-19 08:58:34,018] {processor.py:654} INFO - DAG(s) dict_keys(['example_python_operator']) retrieved from /home/airflow/.local/lib/python3.6/site-packages/airflow/example_dags/example_python_operator.py
[2025-05-19 08:58:34,041] {logging_mixin.py:109} INFO - [2025-05-19 08:58:34,041] {dag.py:2396} INFO - Sync 1 DAGs
[2025-05-19 08:58:34,079] {logging_mixin.py:109} INFO - [2025-05-19 08:58:34,079] {dag.py:2935} INFO - Setting next_dagrun for example_python_operator to None
[2025-05-19 08:58:34,099] {processor.py:171} INFO - Processing /home/airflow/.local/lib/python3.6/site-packages/airflow/example_dags/example_python_operator.py took 0.161 seconds
[2025-05-19 08:59:05,093] {processor.py:163} INFO - Started process (PID=829) to work on /home/airflow/.local/lib/python3.6/site-packages/airflow/example_dags/example_python_operator.py
[2025-05-19 08:59:05,096] {processor.py:642} INFO - Processing file /home/airflow/.local/lib/python3.6/site-packages/airflow/example_dags/example_python_operator.py for tasks to queue
[2025-05-19 08:59:05,099] {logging_mixin.py:109} INFO - [2025-05-19 08:59:05,099] {dagbag.py:500} INFO - Filling up the DagBag from /home/airflow/.local/lib/python3.6/site-packages/airflow/example_dags/example_python_operator.py
[2025-05-19 08:59:05,176] {processor.py:654} INFO - DAG(s) dict_keys(['example_python_operator']) retrieved from /home/airflow/.local/lib/python3.6/site-packages/airflow/example_dags/example_python_operator.py
[2025-05-19 08:59:05,208] {logging_mixin.py:109} INFO - [2025-05-19 08:59:05,208] {dag.py:2396} INFO - Sync 1 DAGs
[2025-05-19 08:59:05,260] {logging_mixin.py:109} INFO - [2025-05-19 08:59:05,260] {dag.py:2935} INFO - Setting next_dagrun for example_python_operator to None
[2025-05-19 08:59:05,284] {processor.py:171} INFO - Processing /home/airflow/.local/lib/python3.6/site-packages/airflow/example_dags/example_python_operator.py took 0.201 seconds
[2025-05-19 08:59:35,821] {processor.py:163} INFO - Started process (PID=882) to work on /home/airflow/.local/lib/python3.6/site-packages/airflow/example_dags/example_python_operator.py
[2025-05-19 08:59:35,826] {processor.py:642} INFO - Processing file /home/airflow/.local/lib/python3.6/site-packages/airflow/example_dags/example_python_operator.py for tasks to queue
[2025-05-19 08:59:35,828] {logging_mixin.py:109} INFO - [2025-05-19 08:59:35,828] {dagbag.py:500} INFO - Filling up the DagBag from /home/airflow/.local/lib/python3.6/site-packages/airflow/example_dags/example_python_operator.py
[2025-05-19 08:59:35,926] {processor.py:654} INFO - DAG(s) dict_keys(['example_python_operator']) retrieved from /home/airflow/.local/lib/python3.6/site-packages/airflow/example_dags/example_python_operator.py
[2025-05-19 08:59:35,963] {logging_mixin.py:109} INFO - [2025-05-19 08:59:35,963] {dag.py:2396} INFO - Sync 1 DAGs
[2025-05-19 08:59:36,008] {logging_mixin.py:109} INFO - [2025-05-19 08:59:36,007] {dag.py:2935} INFO - Setting next_dagrun for example_python_operator to None
[2025-05-19 08:59:36,029] {processor.py:171} INFO - Processing /home/airflow/.local/lib/python3.6/site-packages/airflow/example_dags/example_python_operator.py took 0.221 seconds
[2025-05-19 09:00:06,179] {processor.py:163} INFO - Started process (PID=924) to work on /home/airflow/.local/lib/python3.6/site-packages/airflow/example_dags/example_python_operator.py
[2025-05-19 09:00:06,184] {processor.py:642} INFO - Processing file /home/airflow/.local/lib/python3.6/site-packages/airflow/example_dags/example_python_operator.py for tasks to queue
[2025-05-19 09:00:06,185] {logging_mixin.py:109} INFO - [2025-05-19 09:00:06,185] {dagbag.py:500} INFO - Filling up the DagBag from /home/airflow/.local/lib/python3.6/site-packages/airflow/example_dags/example_python_operator.py
[2025-05-19 09:00:06,251] {processor.py:654} INFO - DAG(s) dict_keys(['example_python_operator']) retrieved from /home/airflow/.local/lib/python3.6/site-packages/airflow/example_dags/example_python_operator.py
[2025-05-19 09:00:06,272] {logging_mixin.py:109} INFO - [2025-05-19 09:00:06,272] {dag.py:2396} INFO - Sync 1 DAGs
[2025-05-19 09:00:06,305] {logging_mixin.py:109} INFO - [2025-05-19 09:00:06,304] {dag.py:2935} INFO - Setting next_dagrun for example_python_operator to None
[2025-05-19 09:00:06,327] {processor.py:171} INFO - Processing /home/airflow/.local/lib/python3.6/site-packages/airflow/example_dags/example_python_operator.py took 0.160 seconds
[2025-05-19 09:00:36,827] {processor.py:163} INFO - Started process (PID=976) to work on /home/airflow/.local/lib/python3.6/site-packages/airflow/example_dags/example_python_operator.py
[2025-05-19 09:00:36,831] {processor.py:642} INFO - Processing file /home/airflow/.local/lib/python3.6/site-packages/airflow/example_dags/example_python_operator.py for tasks to queue
[2025-05-19 09:00:36,834] {logging_mixin.py:109} INFO - [2025-05-19 09:00:36,833] {dagbag.py:500} INFO - Filling up the DagBag from /home/airflow/.local/lib/python3.6/site-packages/airflow/example_dags/example_python_operator.py
[2025-05-19 09:00:36,928] {processor.py:654} INFO - DAG(s) dict_keys(['example_python_operator']) retrieved from /home/airflow/.local/lib/python3.6/site-packages/airflow/example_dags/example_python_operator.py
[2025-05-19 09:00:36,952] {logging_mixin.py:109} INFO - [2025-05-19 09:00:36,952] {dag.py:2396} INFO - Sync 1 DAGs
[2025-05-19 09:00:36,994] {logging_mixin.py:109} INFO - [2025-05-19 09:00:36,994] {dag.py:2935} INFO - Setting next_dagrun for example_python_operator to None
[2025-05-19 09:00:37,015] {processor.py:171} INFO - Processing /home/airflow/.local/lib/python3.6/site-packages/airflow/example_dags/example_python_operator.py took 0.197 seconds
[2025-05-19 09:01:08,352] {processor.py:163} INFO - Started process (PID=1028) to work on /home/airflow/.local/lib/python3.6/site-packages/airflow/example_dags/example_python_operator.py
[2025-05-19 09:01:08,356] {processor.py:642} INFO - Processing file /home/airflow/.local/lib/python3.6/site-packages/airflow/example_dags/example_python_operator.py for tasks to queue
[2025-05-19 09:01:08,360] {logging_mixin.py:109} INFO - [2025-05-19 09:01:08,360] {dagbag.py:500} INFO - Filling up the DagBag from /home/airflow/.local/lib/python3.6/site-packages/airflow/example_dags/example_python_operator.py
[2025-05-19 09:01:08,471] {processor.py:654} INFO - DAG(s) dict_keys(['example_python_operator']) retrieved from /home/airflow/.local/lib/python3.6/site-packages/airflow/example_dags/example_python_operator.py
[2025-05-19 09:01:08,505] {logging_mixin.py:109} INFO - [2025-05-19 09:01:08,504] {dag.py:2396} INFO - Sync 1 DAGs
[2025-05-19 09:01:08,553] {logging_mixin.py:109} INFO - [2025-05-19 09:01:08,552] {dag.py:2935} INFO - Setting next_dagrun for example_python_operator to None
[2025-05-19 09:01:08,578] {processor.py:171} INFO - Processing /home/airflow/.local/lib/python3.6/site-packages/airflow/example_dags/example_python_operator.py took 0.236 seconds
[2025-05-19 09:01:40,224] {processor.py:163} INFO - Started process (PID=1080) to work on /home/airflow/.local/lib/python3.6/site-packages/airflow/example_dags/example_python_operator.py
[2025-05-19 09:01:40,227] {processor.py:642} INFO - Processing file /home/airflow/.local/lib/python3.6/site-packages/airflow/example_dags/example_python_operator.py for tasks to queue
[2025-05-19 09:01:40,229] {logging_mixin.py:109} INFO - [2025-05-19 09:01:40,229] {dagbag.py:500} INFO - Filling up the DagBag from /home/airflow/.local/lib/python3.6/site-packages/airflow/example_dags/example_python_operator.py
[2025-05-19 09:01:40,306] {processor.py:654} INFO - DAG(s) dict_keys(['example_python_operator']) retrieved from /home/airflow/.local/lib/python3.6/site-packages/airflow/example_dags/example_python_operator.py
[2025-05-19 09:01:40,331] {logging_mixin.py:109} INFO - [2025-05-19 09:01:40,331] {dag.py:2396} INFO - Sync 1 DAGs
[2025-05-19 09:01:40,391] {logging_mixin.py:109} INFO - [2025-05-19 09:01:40,391] {dag.py:2935} INFO - Setting next_dagrun for example_python_operator to None
[2025-05-19 09:01:40,416] {processor.py:171} INFO - Processing /home/airflow/.local/lib/python3.6/site-packages/airflow/example_dags/example_python_operator.py took 0.198 seconds
[2025-05-19 09:02:13,155] {processor.py:163} INFO - Started process (PID=1133) to work on /home/airflow/.local/lib/python3.6/site-packages/airflow/example_dags/example_python_operator.py
[2025-05-19 09:02:13,161] {processor.py:642} INFO - Processing file /home/airflow/.local/lib/python3.6/site-packages/airflow/example_dags/example_python_operator.py for tasks to queue
[2025-05-19 09:02:13,164] {logging_mixin.py:109} INFO - [2025-05-19 09:02:13,164] {dagbag.py:500} INFO - Filling up the DagBag from /home/airflow/.local/lib/python3.6/site-packages/airflow/example_dags/example_python_operator.py
[2025-05-19 09:02:13,315] {processor.py:654} INFO - DAG(s) dict_keys(['example_python_operator']) retrieved from /home/airflow/.local/lib/python3.6/site-packages/airflow/example_dags/example_python_operator.py
[2025-05-19 09:02:13,416] {logging_mixin.py:109} INFO - [2025-05-19 09:02:13,415] {dag.py:2396} INFO - Sync 1 DAGs
[2025-05-19 09:02:13,612] {logging_mixin.py:109} INFO - [2025-05-19 09:02:13,611] {dag.py:2935} INFO - Setting next_dagrun for example_python_operator to None
[2025-05-19 09:02:13,663] {processor.py:171} INFO - Processing /home/airflow/.local/lib/python3.6/site-packages/airflow/example_dags/example_python_operator.py took 0.517 seconds
[2025-05-19 09:02:46,198] {processor.py:163} INFO - Started process (PID=1185) to work on /home/airflow/.local/lib/python3.6/site-packages/airflow/example_dags/example_python_operator.py
[2025-05-19 09:02:46,202] {processor.py:642} INFO - Processing file /home/airflow/.local/lib/python3.6/site-packages/airflow/example_dags/example_python_operator.py for tasks to queue
[2025-05-19 09:02:46,205] {logging_mixin.py:109} INFO - [2025-05-19 09:02:46,204] {dagbag.py:500} INFO - Filling up the DagBag from /home/airflow/.local/lib/python3.6/site-packages/airflow/example_dags/example_python_operator.py
[2025-05-19 09:02:46,337] {processor.py:654} INFO - DAG(s) dict_keys(['example_python_operator']) retrieved from /home/airflow/.local/lib/python3.6/site-packages/airflow/example_dags/example_python_operator.py
[2025-05-19 09:02:46,376] {logging_mixin.py:109} INFO - [2025-05-19 09:02:46,375] {dag.py:2396} INFO - Sync 1 DAGs
[2025-05-19 09:02:46,443] {logging_mixin.py:109} INFO - [2025-05-19 09:02:46,443] {dag.py:2935} INFO - Setting next_dagrun for example_python_operator to None
[2025-05-19 09:02:46,475] {processor.py:171} INFO - Processing /home/airflow/.local/lib/python3.6/site-packages/airflow/example_dags/example_python_operator.py took 0.287 seconds
[2025-05-19 09:03:16,798] {processor.py:163} INFO - Started process (PID=1237) to work on /home/airflow/.local/lib/python3.6/site-packages/airflow/example_dags/example_python_operator.py
[2025-05-19 09:03:16,803] {processor.py:642} INFO - Processing file /home/airflow/.local/lib/python3.6/site-packages/airflow/example_dags/example_python_operator.py for tasks to queue
[2025-05-19 09:03:16,805] {logging_mixin.py:109} INFO - [2025-05-19 09:03:16,805] {dagbag.py:500} INFO - Filling up the DagBag from /home/airflow/.local/lib/python3.6/site-packages/airflow/example_dags/example_python_operator.py
[2025-05-19 09:03:16,925] {processor.py:654} INFO - DAG(s) dict_keys(['example_python_operator']) retrieved from /home/airflow/.local/lib/python3.6/site-packages/airflow/example_dags/example_python_operator.py
[2025-05-19 09:03:16,986] {logging_mixin.py:109} INFO - [2025-05-19 09:03:16,986] {dag.py:2396} INFO - Sync 1 DAGs
[2025-05-19 09:03:17,041] {logging_mixin.py:109} INFO - [2025-05-19 09:03:17,041] {dag.py:2935} INFO - Setting next_dagrun for example_python_operator to None
[2025-05-19 09:03:17,064] {processor.py:171} INFO - Processing /home/airflow/.local/lib/python3.6/site-packages/airflow/example_dags/example_python_operator.py took 0.279 seconds
[2025-05-19 09:03:48,003] {processor.py:163} INFO - Started process (PID=1279) to work on /home/airflow/.local/lib/python3.6/site-packages/airflow/example_dags/example_python_operator.py
[2025-05-19 09:03:48,005] {processor.py:642} INFO - Processing file /home/airflow/.local/lib/python3.6/site-packages/airflow/example_dags/example_python_operator.py for tasks to queue
[2025-05-19 09:03:48,007] {logging_mixin.py:109} INFO - [2025-05-19 09:03:48,007] {dagbag.py:500} INFO - Filling up the DagBag from /home/airflow/.local/lib/python3.6/site-packages/airflow/example_dags/example_python_operator.py
[2025-05-19 09:03:48,107] {processor.py:654} INFO - DAG(s) dict_keys(['example_python_operator']) retrieved from /home/airflow/.local/lib/python3.6/site-packages/airflow/example_dags/example_python_operator.py
[2025-05-19 09:03:48,130] {logging_mixin.py:109} INFO - [2025-05-19 09:03:48,130] {dag.py:2396} INFO - Sync 1 DAGs
[2025-05-19 09:03:48,172] {logging_mixin.py:109} INFO - [2025-05-19 09:03:48,172] {dag.py:2935} INFO - Setting next_dagrun for example_python_operator to None
[2025-05-19 09:03:48,194] {processor.py:171} INFO - Processing /home/airflow/.local/lib/python3.6/site-packages/airflow/example_dags/example_python_operator.py took 0.199 seconds
[2025-05-19 09:04:18,477] {processor.py:163} INFO - Started process (PID=1341) to work on /home/airflow/.local/lib/python3.6/site-packages/airflow/example_dags/example_python_operator.py
[2025-05-19 09:04:18,479] {processor.py:642} INFO - Processing file /home/airflow/.local/lib/python3.6/site-packages/airflow/example_dags/example_python_operator.py for tasks to queue
[2025-05-19 09:04:18,481] {logging_mixin.py:109} INFO - [2025-05-19 09:04:18,481] {dagbag.py:500} INFO - Filling up the DagBag from /home/airflow/.local/lib/python3.6/site-packages/airflow/example_dags/example_python_operator.py
[2025-05-19 09:04:18,545] {processor.py:654} INFO - DAG(s) dict_keys(['example_python_operator']) retrieved from /home/airflow/.local/lib/python3.6/site-packages/airflow/example_dags/example_python_operator.py
[2025-05-19 09:04:18,571] {logging_mixin.py:109} INFO - [2025-05-19 09:04:18,571] {dag.py:2396} INFO - Sync 1 DAGs
[2025-05-19 09:04:18,618] {logging_mixin.py:109} INFO - [2025-05-19 09:04:18,618] {dag.py:2935} INFO - Setting next_dagrun for example_python_operator to None
[2025-05-19 09:04:18,644] {processor.py:171} INFO - Processing /home/airflow/.local/lib/python3.6/site-packages/airflow/example_dags/example_python_operator.py took 0.173 seconds
[2025-05-19 09:04:49,096] {processor.py:163} INFO - Started process (PID=1383) to work on /home/airflow/.local/lib/python3.6/site-packages/airflow/example_dags/example_python_operator.py
[2025-05-19 09:04:49,101] {processor.py:642} INFO - Processing file /home/airflow/.local/lib/python3.6/site-packages/airflow/example_dags/example_python_operator.py for tasks to queue
[2025-05-19 09:04:49,104] {logging_mixin.py:109} INFO - [2025-05-19 09:04:49,103] {dagbag.py:500} INFO - Filling up the DagBag from /home/airflow/.local/lib/python3.6/site-packages/airflow/example_dags/example_python_operator.py
[2025-05-19 09:04:49,287] {processor.py:654} INFO - DAG(s) dict_keys(['example_python_operator']) retrieved from /home/airflow/.local/lib/python3.6/site-packages/airflow/example_dags/example_python_operator.py
[2025-05-19 09:04:49,324] {logging_mixin.py:109} INFO - [2025-05-19 09:04:49,323] {dag.py:2396} INFO - Sync 1 DAGs
[2025-05-19 09:04:49,398] {logging_mixin.py:109} INFO - [2025-05-19 09:04:49,397] {dag.py:2935} INFO - Setting next_dagrun for example_python_operator to None
[2025-05-19 09:04:49,428] {processor.py:171} INFO - Processing /home/airflow/.local/lib/python3.6/site-packages/airflow/example_dags/example_python_operator.py took 0.348 seconds
[2025-05-19 09:05:19,840] {processor.py:163} INFO - Started process (PID=1436) to work on /home/airflow/.local/lib/python3.6/site-packages/airflow/example_dags/example_python_operator.py
[2025-05-19 09:05:19,844] {processor.py:642} INFO - Processing file /home/airflow/.local/lib/python3.6/site-packages/airflow/example_dags/example_python_operator.py for tasks to queue
[2025-05-19 09:05:19,847] {logging_mixin.py:109} INFO - [2025-05-19 09:05:19,846] {dagbag.py:500} INFO - Filling up the DagBag from /home/airflow/.local/lib/python3.6/site-packages/airflow/example_dags/example_python_operator.py
[2025-05-19 09:05:19,934] {processor.py:654} INFO - DAG(s) dict_keys(['example_python_operator']) retrieved from /home/airflow/.local/lib/python3.6/site-packages/airflow/example_dags/example_python_operator.py
[2025-05-19 09:05:19,966] {logging_mixin.py:109} INFO - [2025-05-19 09:05:19,966] {dag.py:2396} INFO - Sync 1 DAGs
[2025-05-19 09:05:20,016] {logging_mixin.py:109} INFO - [2025-05-19 09:05:20,015] {dag.py:2935} INFO - Setting next_dagrun for example_python_operator to None
[2025-05-19 09:05:20,040] {processor.py:171} INFO - Processing /home/airflow/.local/lib/python3.6/site-packages/airflow/example_dags/example_python_operator.py took 0.209 seconds
[2025-05-19 09:05:50,503] {processor.py:163} INFO - Started process (PID=1488) to work on /home/airflow/.local/lib/python3.6/site-packages/airflow/example_dags/example_python_operator.py
[2025-05-19 09:05:50,505] {processor.py:642} INFO - Processing file /home/airflow/.local/lib/python3.6/site-packages/airflow/example_dags/example_python_operator.py for tasks to queue
[2025-05-19 09:05:50,506] {logging_mixin.py:109} INFO - [2025-05-19 09:05:50,506] {dagbag.py:500} INFO - Filling up the DagBag from /home/airflow/.local/lib/python3.6/site-packages/airflow/example_dags/example_python_operator.py
[2025-05-19 09:05:50,568] {processor.py:654} INFO - DAG(s) dict_keys(['example_python_operator']) retrieved from /home/airflow/.local/lib/python3.6/site-packages/airflow/example_dags/example_python_operator.py
[2025-05-19 09:05:50,586] {logging_mixin.py:109} INFO - [2025-05-19 09:05:50,586] {dag.py:2396} INFO - Sync 1 DAGs
[2025-05-19 09:05:50,616] {logging_mixin.py:109} INFO - [2025-05-19 09:05:50,616] {dag.py:2935} INFO - Setting next_dagrun for example_python_operator to None
[2025-05-19 09:05:50,633] {processor.py:171} INFO - Processing /home/airflow/.local/lib/python3.6/site-packages/airflow/example_dags/example_python_operator.py took 0.136 seconds
[2025-05-19 09:06:21,091] {processor.py:163} INFO - Started process (PID=1540) to work on /home/airflow/.local/lib/python3.6/site-packages/airflow/example_dags/example_python_operator.py
[2025-05-19 09:06:21,092] {processor.py:642} INFO - Processing file /home/airflow/.local/lib/python3.6/site-packages/airflow/example_dags/example_python_operator.py for tasks to queue
[2025-05-19 09:06:21,093] {logging_mixin.py:109} INFO - [2025-05-19 09:06:21,093] {dagbag.py:500} INFO - Filling up the DagBag from /home/airflow/.local/lib/python3.6/site-packages/airflow/example_dags/example_python_operator.py
[2025-05-19 09:06:21,128] {processor.py:654} INFO - DAG(s) dict_keys(['example_python_operator']) retrieved from /home/airflow/.local/lib/python3.6/site-packages/airflow/example_dags/example_python_operator.py
[2025-05-19 09:06:21,142] {logging_mixin.py:109} INFO - [2025-05-19 09:06:21,142] {dag.py:2396} INFO - Sync 1 DAGs
[2025-05-19 09:06:21,166] {logging_mixin.py:109} INFO - [2025-05-19 09:06:21,166] {dag.py:2935} INFO - Setting next_dagrun for example_python_operator to None
[2025-05-19 09:06:21,177] {processor.py:171} INFO - Processing /home/airflow/.local/lib/python3.6/site-packages/airflow/example_dags/example_python_operator.py took 0.089 seconds
[2025-05-19 09:06:51,873] {processor.py:163} INFO - Started process (PID=1602) to work on /home/airflow/.local/lib/python3.6/site-packages/airflow/example_dags/example_python_operator.py
[2025-05-19 09:06:51,875] {processor.py:642} INFO - Processing file /home/airflow/.local/lib/python3.6/site-packages/airflow/example_dags/example_python_operator.py for tasks to queue
[2025-05-19 09:06:51,877] {logging_mixin.py:109} INFO - [2025-05-19 09:06:51,877] {dagbag.py:500} INFO - Filling up the DagBag from /home/airflow/.local/lib/python3.6/site-packages/airflow/example_dags/example_python_operator.py
[2025-05-19 09:06:51,943] {processor.py:654} INFO - DAG(s) dict_keys(['example_python_operator']) retrieved from /home/airflow/.local/lib/python3.6/site-packages/airflow/example_dags/example_python_operator.py
[2025-05-19 09:06:51,965] {logging_mixin.py:109} INFO - [2025-05-19 09:06:51,965] {dag.py:2396} INFO - Sync 1 DAGs
[2025-05-19 09:06:52,006] {logging_mixin.py:109} INFO - [2025-05-19 09:06:52,005] {dag.py:2935} INFO - Setting next_dagrun for example_python_operator to None
[2025-05-19 09:06:52,025] {processor.py:171} INFO - Processing /home/airflow/.local/lib/python3.6/site-packages/airflow/example_dags/example_python_operator.py took 0.159 seconds
[2025-05-19 09:07:22,410] {processor.py:163} INFO - Started process (PID=1654) to work on /home/airflow/.local/lib/python3.6/site-packages/airflow/example_dags/example_python_operator.py
[2025-05-19 09:07:22,412] {processor.py:642} INFO - Processing file /home/airflow/.local/lib/python3.6/site-packages/airflow/example_dags/example_python_operator.py for tasks to queue
[2025-05-19 09:07:22,413] {logging_mixin.py:109} INFO - [2025-05-19 09:07:22,413] {dagbag.py:500} INFO - Filling up the DagBag from /home/airflow/.local/lib/python3.6/site-packages/airflow/example_dags/example_python_operator.py
[2025-05-19 09:07:20,572] {processor.py:654} INFO - DAG(s) dict_keys(['example_python_operator']) retrieved from /home/airflow/.local/lib/python3.6/site-packages/airflow/example_dags/example_python_operator.py
[2025-05-19 09:07:20,587] {logging_mixin.py:109} INFO - [2025-05-19 09:07:20,587] {dag.py:2396} INFO - Sync 1 DAGs
[2025-05-19 09:07:20,610] {logging_mixin.py:109} INFO - [2025-05-19 09:07:20,610] {dag.py:2935} INFO - Setting next_dagrun for example_python_operator to None
[2025-05-19 09:07:20,621] {processor.py:171} INFO - Processing /home/airflow/.local/lib/python3.6/site-packages/airflow/example_dags/example_python_operator.py took 0.101 seconds
[2025-05-19 09:07:51,605] {processor.py:163} INFO - Started process (PID=1710) to work on /home/airflow/.local/lib/python3.6/site-packages/airflow/example_dags/example_python_operator.py
[2025-05-19 09:07:51,606] {processor.py:642} INFO - Processing file /home/airflow/.local/lib/python3.6/site-packages/airflow/example_dags/example_python_operator.py for tasks to queue
[2025-05-19 09:07:51,607] {logging_mixin.py:109} INFO - [2025-05-19 09:07:51,607] {dagbag.py:500} INFO - Filling up the DagBag from /home/airflow/.local/lib/python3.6/site-packages/airflow/example_dags/example_python_operator.py
[2025-05-19 09:07:51,651] {processor.py:654} INFO - DAG(s) dict_keys(['example_python_operator']) retrieved from /home/airflow/.local/lib/python3.6/site-packages/airflow/example_dags/example_python_operator.py
[2025-05-19 09:07:51,666] {logging_mixin.py:109} INFO - [2025-05-19 09:07:51,666] {dag.py:2396} INFO - Sync 1 DAGs
[2025-05-19 09:07:51,690] {logging_mixin.py:109} INFO - [2025-05-19 09:07:51,690] {dag.py:2935} INFO - Setting next_dagrun for example_python_operator to None
[2025-05-19 09:07:51,701] {processor.py:171} INFO - Processing /home/airflow/.local/lib/python3.6/site-packages/airflow/example_dags/example_python_operator.py took 0.101 seconds
[2025-05-19 09:08:22,628] {processor.py:163} INFO - Started process (PID=1762) to work on /home/airflow/.local/lib/python3.6/site-packages/airflow/example_dags/example_python_operator.py
[2025-05-19 09:08:22,630] {processor.py:642} INFO - Processing file /home/airflow/.local/lib/python3.6/site-packages/airflow/example_dags/example_python_operator.py for tasks to queue
[2025-05-19 09:08:22,632] {logging_mixin.py:109} INFO - [2025-05-19 09:08:22,631] {dagbag.py:500} INFO - Filling up the DagBag from /home/airflow/.local/lib/python3.6/site-packages/airflow/example_dags/example_python_operator.py
[2025-05-19 09:08:22,680] {processor.py:654} INFO - DAG(s) dict_keys(['example_python_operator']) retrieved from /home/airflow/.local/lib/python3.6/site-packages/airflow/example_dags/example_python_operator.py
[2025-05-19 09:08:22,697] {logging_mixin.py:109} INFO - [2025-05-19 09:08:22,697] {dag.py:2396} INFO - Sync 1 DAGs
[2025-05-19 09:08:22,723] {logging_mixin.py:109} INFO - [2025-05-19 09:08:22,722] {dag.py:2935} INFO - Setting next_dagrun for example_python_operator to None
[2025-05-19 09:08:22,735] {processor.py:171} INFO - Processing /home/airflow/.local/lib/python3.6/site-packages/airflow/example_dags/example_python_operator.py took 0.114 seconds
[2025-05-19 09:08:53,478] {processor.py:163} INFO - Started process (PID=1824) to work on /home/airflow/.local/lib/python3.6/site-packages/airflow/example_dags/example_python_operator.py
[2025-05-19 09:08:53,480] {processor.py:642} INFO - Processing file /home/airflow/.local/lib/python3.6/site-packages/airflow/example_dags/example_python_operator.py for tasks to queue
[2025-05-19 09:08:53,481] {logging_mixin.py:109} INFO - [2025-05-19 09:08:53,481] {dagbag.py:500} INFO - Filling up the DagBag from /home/airflow/.local/lib/python3.6/site-packages/airflow/example_dags/example_python_operator.py
[2025-05-19 09:08:53,529] {processor.py:654} INFO - DAG(s) dict_keys(['example_python_operator']) retrieved from /home/airflow/.local/lib/python3.6/site-packages/airflow/example_dags/example_python_operator.py
[2025-05-19 09:08:53,546] {logging_mixin.py:109} INFO - [2025-05-19 09:08:53,545] {dag.py:2396} INFO - Sync 1 DAGs
[2025-05-19 09:08:53,572] {logging_mixin.py:109} INFO - [2025-05-19 09:08:53,572] {dag.py:2935} INFO - Setting next_dagrun for example_python_operator to None
[2025-05-19 09:08:53,587] {processor.py:171} INFO - Processing /home/airflow/.local/lib/python3.6/site-packages/airflow/example_dags/example_python_operator.py took 0.114 seconds
[2025-05-19 09:09:24,134] {processor.py:163} INFO - Started process (PID=1876) to work on /home/airflow/.local/lib/python3.6/site-packages/airflow/example_dags/example_python_operator.py
[2025-05-19 09:09:24,136] {processor.py:642} INFO - Processing file /home/airflow/.local/lib/python3.6/site-packages/airflow/example_dags/example_python_operator.py for tasks to queue
[2025-05-19 09:09:24,137] {logging_mixin.py:109} INFO - [2025-05-19 09:09:24,137] {dagbag.py:500} INFO - Filling up the DagBag from /home/airflow/.local/lib/python3.6/site-packages/airflow/example_dags/example_python_operator.py
[2025-05-19 09:09:24,201] {processor.py:654} INFO - DAG(s) dict_keys(['example_python_operator']) retrieved from /home/airflow/.local/lib/python3.6/site-packages/airflow/example_dags/example_python_operator.py
[2025-05-19 09:09:24,217] {logging_mixin.py:109} INFO - [2025-05-19 09:09:24,217] {dag.py:2396} INFO - Sync 1 DAGs
[2025-05-19 09:09:24,251] {logging_mixin.py:109} INFO - [2025-05-19 09:09:24,251] {dag.py:2935} INFO - Setting next_dagrun for example_python_operator to None
[2025-05-19 09:09:24,271] {processor.py:171} INFO - Processing /home/airflow/.local/lib/python3.6/site-packages/airflow/example_dags/example_python_operator.py took 0.141 seconds
[2025-05-19 09:09:54,393] {processor.py:163} INFO - Started process (PID=1927) to work on /home/airflow/.local/lib/python3.6/site-packages/airflow/example_dags/example_python_operator.py
[2025-05-19 09:09:54,395] {processor.py:642} INFO - Processing file /home/airflow/.local/lib/python3.6/site-packages/airflow/example_dags/example_python_operator.py for tasks to queue
[2025-05-19 09:09:54,396] {logging_mixin.py:109} INFO - [2025-05-19 09:09:54,396] {dagbag.py:500} INFO - Filling up the DagBag from /home/airflow/.local/lib/python3.6/site-packages/airflow/example_dags/example_python_operator.py
[2025-05-19 09:09:54,443] {processor.py:654} INFO - DAG(s) dict_keys(['example_python_operator']) retrieved from /home/airflow/.local/lib/python3.6/site-packages/airflow/example_dags/example_python_operator.py
[2025-05-19 09:09:54,463] {logging_mixin.py:109} INFO - [2025-05-19 09:09:54,463] {dag.py:2396} INFO - Sync 1 DAGs
[2025-05-19 09:09:54,488] {logging_mixin.py:109} INFO - [2025-05-19 09:09:54,488] {dag.py:2935} INFO - Setting next_dagrun for example_python_operator to None
[2025-05-19 09:09:54,502] {processor.py:171} INFO - Processing /home/airflow/.local/lib/python3.6/site-packages/airflow/example_dags/example_python_operator.py took 0.113 seconds
[2025-05-19 09:10:24,673] {processor.py:163} INFO - Started process (PID=1979) to work on /home/airflow/.local/lib/python3.6/site-packages/airflow/example_dags/example_python_operator.py
[2025-05-19 09:10:24,674] {processor.py:642} INFO - Processing file /home/airflow/.local/lib/python3.6/site-packages/airflow/example_dags/example_python_operator.py for tasks to queue
[2025-05-19 09:10:24,675] {logging_mixin.py:109} INFO - [2025-05-19 09:10:24,675] {dagbag.py:500} INFO - Filling up the DagBag from /home/airflow/.local/lib/python3.6/site-packages/airflow/example_dags/example_python_operator.py
[2025-05-19 09:10:24,716] {processor.py:654} INFO - DAG(s) dict_keys(['example_python_operator']) retrieved from /home/airflow/.local/lib/python3.6/site-packages/airflow/example_dags/example_python_operator.py
[2025-05-19 09:10:24,731] {logging_mixin.py:109} INFO - [2025-05-19 09:10:24,731] {dag.py:2396} INFO - Sync 1 DAGs
[2025-05-19 09:10:24,754] {logging_mixin.py:109} INFO - [2025-05-19 09:10:24,753] {dag.py:2935} INFO - Setting next_dagrun for example_python_operator to None
[2025-05-19 09:10:24,766] {processor.py:171} INFO - Processing /home/airflow/.local/lib/python3.6/site-packages/airflow/example_dags/example_python_operator.py took 0.097 seconds
[2025-05-19 09:10:54,838] {processor.py:163} INFO - Started process (PID=2041) to work on /home/airflow/.local/lib/python3.6/site-packages/airflow/example_dags/example_python_operator.py
[2025-05-19 09:10:54,840] {processor.py:642} INFO - Processing file /home/airflow/.local/lib/python3.6/site-packages/airflow/example_dags/example_python_operator.py for tasks to queue
[2025-05-19 09:10:54,841] {logging_mixin.py:109} INFO - [2025-05-19 09:10:54,841] {dagbag.py:500} INFO - Filling up the DagBag from /home/airflow/.local/lib/python3.6/site-packages/airflow/example_dags/example_python_operator.py
[2025-05-19 09:10:54,939] {processor.py:654} INFO - DAG(s) dict_keys(['example_python_operator']) retrieved from /home/airflow/.local/lib/python3.6/site-packages/airflow/example_dags/example_python_operator.py
[2025-05-19 09:10:54,973] {logging_mixin.py:109} INFO - [2025-05-19 09:10:54,972] {dag.py:2396} INFO - Sync 1 DAGs
[2025-05-19 09:10:55,027] {logging_mixin.py:109} INFO - [2025-05-19 09:10:55,026] {dag.py:2935} INFO - Setting next_dagrun for example_python_operator to None
[2025-05-19 09:10:55,049] {processor.py:171} INFO - Processing /home/airflow/.local/lib/python3.6/site-packages/airflow/example_dags/example_python_operator.py took 0.217 seconds
[2025-05-19 09:11:25,262] {processor.py:163} INFO - Started process (PID=2094) to work on /home/airflow/.local/lib/python3.6/site-packages/airflow/example_dags/example_python_operator.py
[2025-05-19 09:11:25,265] {processor.py:642} INFO - Processing file /home/airflow/.local/lib/python3.6/site-packages/airflow/example_dags/example_python_operator.py for tasks to queue
[2025-05-19 09:11:25,267] {logging_mixin.py:109} INFO - [2025-05-19 09:11:25,267] {dagbag.py:500} INFO - Filling up the DagBag from /home/airflow/.local/lib/python3.6/site-packages/airflow/example_dags/example_python_operator.py
[2025-05-19 09:11:25,346] {processor.py:654} INFO - DAG(s) dict_keys(['example_python_operator']) retrieved from /home/airflow/.local/lib/python3.6/site-packages/airflow/example_dags/example_python_operator.py
[2025-05-19 09:11:25,375] {logging_mixin.py:109} INFO - [2025-05-19 09:11:25,375] {dag.py:2396} INFO - Sync 1 DAGs
[2025-05-19 09:11:25,421] {logging_mixin.py:109} INFO - [2025-05-19 09:11:25,420] {dag.py:2935} INFO - Setting next_dagrun for example_python_operator to None
[2025-05-19 09:11:25,457] {processor.py:171} INFO - Processing /home/airflow/.local/lib/python3.6/site-packages/airflow/example_dags/example_python_operator.py took 0.203 seconds
[2025-05-19 09:11:55,814] {processor.py:163} INFO - Started process (PID=2146) to work on /home/airflow/.local/lib/python3.6/site-packages/airflow/example_dags/example_python_operator.py
[2025-05-19 09:11:55,816] {processor.py:642} INFO - Processing file /home/airflow/.local/lib/python3.6/site-packages/airflow/example_dags/example_python_operator.py for tasks to queue
[2025-05-19 09:11:55,819] {logging_mixin.py:109} INFO - [2025-05-19 09:11:55,819] {dagbag.py:500} INFO - Filling up the DagBag from /home/airflow/.local/lib/python3.6/site-packages/airflow/example_dags/example_python_operator.py
[2025-05-19 09:11:55,930] {processor.py:654} INFO - DAG(s) dict_keys(['example_python_operator']) retrieved from /home/airflow/.local/lib/python3.6/site-packages/airflow/example_dags/example_python_operator.py
[2025-05-19 09:11:55,966] {logging_mixin.py:109} INFO - [2025-05-19 09:11:55,966] {dag.py:2396} INFO - Sync 1 DAGs
[2025-05-19 09:11:56,007] {logging_mixin.py:109} INFO - [2025-05-19 09:11:56,007] {dag.py:2935} INFO - Setting next_dagrun for example_python_operator to None
[2025-05-19 09:11:56,024] {processor.py:171} INFO - Processing /home/airflow/.local/lib/python3.6/site-packages/airflow/example_dags/example_python_operator.py took 0.217 seconds
[2025-05-19 09:12:26,795] {processor.py:163} INFO - Started process (PID=2198) to work on /home/airflow/.local/lib/python3.6/site-packages/airflow/example_dags/example_python_operator.py
[2025-05-19 09:12:26,800] {processor.py:642} INFO - Processing file /home/airflow/.local/lib/python3.6/site-packages/airflow/example_dags/example_python_operator.py for tasks to queue
[2025-05-19 09:12:26,802] {logging_mixin.py:109} INFO - [2025-05-19 09:12:26,801] {dagbag.py:500} INFO - Filling up the DagBag from /home/airflow/.local/lib/python3.6/site-packages/airflow/example_dags/example_python_operator.py
[2025-05-19 09:12:26,890] {processor.py:654} INFO - DAG(s) dict_keys(['example_python_operator']) retrieved from /home/airflow/.local/lib/python3.6/site-packages/airflow/example_dags/example_python_operator.py
[2025-05-19 09:12:26,920] {logging_mixin.py:109} INFO - [2025-05-19 09:12:26,919] {dag.py:2396} INFO - Sync 1 DAGs
[2025-05-19 09:12:26,970] {logging_mixin.py:109} INFO - [2025-05-19 09:12:26,969] {dag.py:2935} INFO - Setting next_dagrun for example_python_operator to None
[2025-05-19 09:12:26,993] {processor.py:171} INFO - Processing /home/airflow/.local/lib/python3.6/site-packages/airflow/example_dags/example_python_operator.py took 0.207 seconds
[2025-05-19 09:12:57,468] {processor.py:163} INFO - Started process (PID=2250) to work on /home/airflow/.local/lib/python3.6/site-packages/airflow/example_dags/example_python_operator.py
[2025-05-19 09:12:57,470] {processor.py:642} INFO - Processing file /home/airflow/.local/lib/python3.6/site-packages/airflow/example_dags/example_python_operator.py for tasks to queue
[2025-05-19 09:12:57,471] {logging_mixin.py:109} INFO - [2025-05-19 09:12:57,471] {dagbag.py:500} INFO - Filling up the DagBag from /home/airflow/.local/lib/python3.6/site-packages/airflow/example_dags/example_python_operator.py
[2025-05-19 09:12:57,520] {processor.py:654} INFO - DAG(s) dict_keys(['example_python_operator']) retrieved from /home/airflow/.local/lib/python3.6/site-packages/airflow/example_dags/example_python_operator.py
[2025-05-19 09:12:57,538] {logging_mixin.py:109} INFO - [2025-05-19 09:12:57,538] {dag.py:2396} INFO - Sync 1 DAGs
[2025-05-19 09:12:57,568] {logging_mixin.py:109} INFO - [2025-05-19 09:12:57,568] {dag.py:2935} INFO - Setting next_dagrun for example_python_operator to None
[2025-05-19 09:12:57,588] {processor.py:171} INFO - Processing /home/airflow/.local/lib/python3.6/site-packages/airflow/example_dags/example_python_operator.py took 0.125 seconds
[2025-05-19 09:13:27,876] {processor.py:163} INFO - Started process (PID=2302) to work on /home/airflow/.local/lib/python3.6/site-packages/airflow/example_dags/example_python_operator.py
[2025-05-19 09:13:27,881] {processor.py:642} INFO - Processing file /home/airflow/.local/lib/python3.6/site-packages/airflow/example_dags/example_python_operator.py for tasks to queue
[2025-05-19 09:13:27,887] {logging_mixin.py:109} INFO - [2025-05-19 09:13:27,887] {dagbag.py:500} INFO - Filling up the DagBag from /home/airflow/.local/lib/python3.6/site-packages/airflow/example_dags/example_python_operator.py
[2025-05-19 09:13:28,184] {processor.py:654} INFO - DAG(s) dict_keys(['example_python_operator']) retrieved from /home/airflow/.local/lib/python3.6/site-packages/airflow/example_dags/example_python_operator.py
[2025-05-19 09:13:28,279] {logging_mixin.py:109} INFO - [2025-05-19 09:13:28,279] {dag.py:2396} INFO - Sync 1 DAGs
[2025-05-19 09:13:26,491] {logging_mixin.py:109} INFO - [2025-05-19 09:13:26,491] {dag.py:2935} INFO - Setting next_dagrun for example_python_operator to None
[2025-05-19 09:13:26,545] {processor.py:171} INFO - Processing /home/airflow/.local/lib/python3.6/site-packages/airflow/example_dags/example_python_operator.py took 0.593 seconds
[2025-05-19 09:13:56,627] {processor.py:163} INFO - Started process (PID=2352) to work on /home/airflow/.local/lib/python3.6/site-packages/airflow/example_dags/example_python_operator.py
[2025-05-19 09:13:56,629] {processor.py:642} INFO - Processing file /home/airflow/.local/lib/python3.6/site-packages/airflow/example_dags/example_python_operator.py for tasks to queue
[2025-05-19 09:13:56,631] {logging_mixin.py:109} INFO - [2025-05-19 09:13:56,630] {dagbag.py:500} INFO - Filling up the DagBag from /home/airflow/.local/lib/python3.6/site-packages/airflow/example_dags/example_python_operator.py
[2025-05-19 09:13:56,694] {processor.py:654} INFO - DAG(s) dict_keys(['example_python_operator']) retrieved from /home/airflow/.local/lib/python3.6/site-packages/airflow/example_dags/example_python_operator.py
[2025-05-19 09:13:56,718] {logging_mixin.py:109} INFO - [2025-05-19 09:13:56,718] {dag.py:2396} INFO - Sync 1 DAGs
[2025-05-19 09:13:56,756] {logging_mixin.py:109} INFO - [2025-05-19 09:13:56,756] {dag.py:2935} INFO - Setting next_dagrun for example_python_operator to None
[2025-05-19 09:13:56,772] {processor.py:171} INFO - Processing /home/airflow/.local/lib/python3.6/site-packages/airflow/example_dags/example_python_operator.py took 0.153 seconds
[2025-05-19 09:14:26,942] {processor.py:163} INFO - Started process (PID=2404) to work on /home/airflow/.local/lib/python3.6/site-packages/airflow/example_dags/example_python_operator.py
[2025-05-19 09:14:26,944] {processor.py:642} INFO - Processing file /home/airflow/.local/lib/python3.6/site-packages/airflow/example_dags/example_python_operator.py for tasks to queue
[2025-05-19 09:14:26,945] {logging_mixin.py:109} INFO - [2025-05-19 09:14:26,945] {dagbag.py:500} INFO - Filling up the DagBag from /home/airflow/.local/lib/python3.6/site-packages/airflow/example_dags/example_python_operator.py
[2025-05-19 09:14:26,999] {processor.py:654} INFO - DAG(s) dict_keys(['example_python_operator']) retrieved from /home/airflow/.local/lib/python3.6/site-packages/airflow/example_dags/example_python_operator.py
[2025-05-19 09:14:27,016] {logging_mixin.py:109} INFO - [2025-05-19 09:14:27,016] {dag.py:2396} INFO - Sync 1 DAGs
[2025-05-19 09:14:27,043] {logging_mixin.py:109} INFO - [2025-05-19 09:14:27,043] {dag.py:2935} INFO - Setting next_dagrun for example_python_operator to None
[2025-05-19 09:14:27,058] {processor.py:171} INFO - Processing /home/airflow/.local/lib/python3.6/site-packages/airflow/example_dags/example_python_operator.py took 0.121 seconds
[2025-05-19 19:33:58,043] {processor.py:163} INFO - Started process (PID=78) to work on /home/airflow/.local/lib/python3.6/site-packages/airflow/example_dags/example_python_operator.py
[2025-05-19 19:33:58,050] {processor.py:642} INFO - Processing file /home/airflow/.local/lib/python3.6/site-packages/airflow/example_dags/example_python_operator.py for tasks to queue
[2025-05-19 19:33:58,052] {logging_mixin.py:109} INFO - [2025-05-19 19:33:58,052] {dagbag.py:500} INFO - Filling up the DagBag from /home/airflow/.local/lib/python3.6/site-packages/airflow/example_dags/example_python_operator.py
[2025-05-19 19:33:58,209] {processor.py:654} INFO - DAG(s) dict_keys(['example_python_operator']) retrieved from /home/airflow/.local/lib/python3.6/site-packages/airflow/example_dags/example_python_operator.py
[2025-05-19 19:33:58,241] {logging_mixin.py:109} INFO - [2025-05-19 19:33:58,241] {dag.py:2396} INFO - Sync 1 DAGs
[2025-05-19 19:33:58,301] {logging_mixin.py:109} INFO - [2025-05-19 19:33:58,301] {dag.py:2935} INFO - Setting next_dagrun for example_python_operator to None
[2025-05-19 19:33:58,334] {processor.py:171} INFO - Processing /home/airflow/.local/lib/python3.6/site-packages/airflow/example_dags/example_python_operator.py took 0.306 seconds
[2025-05-19 19:34:34,988] {processor.py:163} INFO - Started process (PID=130) to work on /home/airflow/.local/lib/python3.6/site-packages/airflow/example_dags/example_python_operator.py
[2025-05-19 19:34:35,013] {processor.py:642} INFO - Processing file /home/airflow/.local/lib/python3.6/site-packages/airflow/example_dags/example_python_operator.py for tasks to queue
[2025-05-19 19:34:35,022] {logging_mixin.py:109} INFO - [2025-05-19 19:34:35,018] {dagbag.py:500} INFO - Filling up the DagBag from /home/airflow/.local/lib/python3.6/site-packages/airflow/example_dags/example_python_operator.py
[2025-05-19 19:34:35,243] {processor.py:654} INFO - DAG(s) dict_keys(['example_python_operator']) retrieved from /home/airflow/.local/lib/python3.6/site-packages/airflow/example_dags/example_python_operator.py
[2025-05-19 19:34:35,319] {logging_mixin.py:109} INFO - [2025-05-19 19:34:35,319] {dag.py:2396} INFO - Sync 1 DAGs
[2025-05-19 19:34:35,400] {logging_mixin.py:109} INFO - [2025-05-19 19:34:35,400] {dag.py:2935} INFO - Setting next_dagrun for example_python_operator to None
[2025-05-19 19:34:35,437] {processor.py:171} INFO - Processing /home/airflow/.local/lib/python3.6/site-packages/airflow/example_dags/example_python_operator.py took 0.463 seconds
[2025-05-19 19:35:05,868] {processor.py:163} INFO - Started process (PID=184) to work on /home/airflow/.local/lib/python3.6/site-packages/airflow/example_dags/example_python_operator.py
[2025-05-19 19:35:05,871] {processor.py:642} INFO - Processing file /home/airflow/.local/lib/python3.6/site-packages/airflow/example_dags/example_python_operator.py for tasks to queue
[2025-05-19 19:35:05,873] {logging_mixin.py:109} INFO - [2025-05-19 19:35:05,873] {dagbag.py:500} INFO - Filling up the DagBag from /home/airflow/.local/lib/python3.6/site-packages/airflow/example_dags/example_python_operator.py
[2025-05-19 19:35:05,931] {processor.py:654} INFO - DAG(s) dict_keys(['example_python_operator']) retrieved from /home/airflow/.local/lib/python3.6/site-packages/airflow/example_dags/example_python_operator.py
[2025-05-19 19:35:05,954] {logging_mixin.py:109} INFO - [2025-05-19 19:35:05,953] {dag.py:2396} INFO - Sync 1 DAGs
[2025-05-19 19:35:05,990] {logging_mixin.py:109} INFO - [2025-05-19 19:35:05,990] {dag.py:2935} INFO - Setting next_dagrun for example_python_operator to None
[2025-05-19 19:35:06,021] {processor.py:171} INFO - Processing /home/airflow/.local/lib/python3.6/site-packages/airflow/example_dags/example_python_operator.py took 0.159 seconds
[2025-05-19 19:35:36,800] {processor.py:163} INFO - Started process (PID=236) to work on /home/airflow/.local/lib/python3.6/site-packages/airflow/example_dags/example_python_operator.py
[2025-05-19 19:35:36,806] {processor.py:642} INFO - Processing file /home/airflow/.local/lib/python3.6/site-packages/airflow/example_dags/example_python_operator.py for tasks to queue
[2025-05-19 19:35:36,812] {logging_mixin.py:109} INFO - [2025-05-19 19:35:36,812] {dagbag.py:500} INFO - Filling up the DagBag from /home/airflow/.local/lib/python3.6/site-packages/airflow/example_dags/example_python_operator.py
[2025-05-19 19:35:36,903] {processor.py:654} INFO - DAG(s) dict_keys(['example_python_operator']) retrieved from /home/airflow/.local/lib/python3.6/site-packages/airflow/example_dags/example_python_operator.py
[2025-05-19 19:35:36,936] {logging_mixin.py:109} INFO - [2025-05-19 19:35:36,935] {dag.py:2396} INFO - Sync 1 DAGs
[2025-05-19 19:35:37,005] {logging_mixin.py:109} INFO - [2025-05-19 19:35:37,005] {dag.py:2935} INFO - Setting next_dagrun for example_python_operator to None
[2025-05-19 19:35:37,026] {processor.py:171} INFO - Processing /home/airflow/.local/lib/python3.6/site-packages/airflow/example_dags/example_python_operator.py took 0.233 seconds
[2025-05-19 19:36:07,518] {processor.py:163} INFO - Started process (PID=288) to work on /home/airflow/.local/lib/python3.6/site-packages/airflow/example_dags/example_python_operator.py
[2025-05-19 19:36:07,521] {processor.py:642} INFO - Processing file /home/airflow/.local/lib/python3.6/site-packages/airflow/example_dags/example_python_operator.py for tasks to queue
[2025-05-19 19:36:07,523] {logging_mixin.py:109} INFO - [2025-05-19 19:36:07,523] {dagbag.py:500} INFO - Filling up the DagBag from /home/airflow/.local/lib/python3.6/site-packages/airflow/example_dags/example_python_operator.py
[2025-05-19 19:36:07,628] {processor.py:654} INFO - DAG(s) dict_keys(['example_python_operator']) retrieved from /home/airflow/.local/lib/python3.6/site-packages/airflow/example_dags/example_python_operator.py
[2025-05-19 19:36:07,667] {logging_mixin.py:109} INFO - [2025-05-19 19:36:07,667] {dag.py:2396} INFO - Sync 1 DAGs
[2025-05-19 19:36:07,717] {logging_mixin.py:109} INFO - [2025-05-19 19:36:07,716] {dag.py:2935} INFO - Setting next_dagrun for example_python_operator to None
[2025-05-19 19:36:07,736] {processor.py:171} INFO - Processing /home/airflow/.local/lib/python3.6/site-packages/airflow/example_dags/example_python_operator.py took 0.233 seconds
[2025-05-19 19:36:38,716] {processor.py:163} INFO - Started process (PID=340) to work on /home/airflow/.local/lib/python3.6/site-packages/airflow/example_dags/example_python_operator.py
[2025-05-19 19:36:38,717] {processor.py:642} INFO - Processing file /home/airflow/.local/lib/python3.6/site-packages/airflow/example_dags/example_python_operator.py for tasks to queue
[2025-05-19 19:36:38,718] {logging_mixin.py:109} INFO - [2025-05-19 19:36:38,718] {dagbag.py:500} INFO - Filling up the DagBag from /home/airflow/.local/lib/python3.6/site-packages/airflow/example_dags/example_python_operator.py
[2025-05-19 19:36:38,761] {processor.py:654} INFO - DAG(s) dict_keys(['example_python_operator']) retrieved from /home/airflow/.local/lib/python3.6/site-packages/airflow/example_dags/example_python_operator.py
[2025-05-19 19:36:38,776] {logging_mixin.py:109} INFO - [2025-05-19 19:36:38,776] {dag.py:2396} INFO - Sync 1 DAGs
[2025-05-19 19:36:38,799] {logging_mixin.py:109} INFO - [2025-05-19 19:36:38,799] {dag.py:2935} INFO - Setting next_dagrun for example_python_operator to None
[2025-05-19 19:36:38,815] {processor.py:171} INFO - Processing /home/airflow/.local/lib/python3.6/site-packages/airflow/example_dags/example_python_operator.py took 0.103 seconds
[2025-05-19 19:37:09,503] {processor.py:163} INFO - Started process (PID=394) to work on /home/airflow/.local/lib/python3.6/site-packages/airflow/example_dags/example_python_operator.py
[2025-05-19 19:37:09,505] {processor.py:642} INFO - Processing file /home/airflow/.local/lib/python3.6/site-packages/airflow/example_dags/example_python_operator.py for tasks to queue
[2025-05-19 19:37:09,506] {logging_mixin.py:109} INFO - [2025-05-19 19:37:09,506] {dagbag.py:500} INFO - Filling up the DagBag from /home/airflow/.local/lib/python3.6/site-packages/airflow/example_dags/example_python_operator.py
[2025-05-19 19:37:09,570] {processor.py:654} INFO - DAG(s) dict_keys(['example_python_operator']) retrieved from /home/airflow/.local/lib/python3.6/site-packages/airflow/example_dags/example_python_operator.py
[2025-05-19 19:37:09,595] {logging_mixin.py:109} INFO - [2025-05-19 19:37:09,595] {dag.py:2396} INFO - Sync 1 DAGs
[2025-05-19 19:37:09,627] {logging_mixin.py:109} INFO - [2025-05-19 19:37:09,627] {dag.py:2935} INFO - Setting next_dagrun for example_python_operator to None
[2025-05-19 19:37:09,648] {processor.py:171} INFO - Processing /home/airflow/.local/lib/python3.6/site-packages/airflow/example_dags/example_python_operator.py took 0.150 seconds
