[2025-05-19 08:52:19,730] {processor.py:163} INFO - Started process (PID=109) to work on /home/airflow/.local/lib/python3.6/site-packages/airflow/example_dags/example_trigger_controller_dag.py
[2025-05-19 08:52:19,738] {processor.py:642} INFO - Processing file /home/airflow/.local/lib/python3.6/site-packages/airflow/example_dags/example_trigger_controller_dag.py for tasks to queue
[2025-05-19 08:52:19,741] {logging_mixin.py:109} INFO - [2025-05-19 08:52:19,740] {dagbag.py:500} INFO - Filling up the DagBag from /home/airflow/.local/lib/python3.6/site-packages/airflow/example_dags/example_trigger_controller_dag.py
[2025-05-19 08:52:19,865] {processor.py:654} INFO - DAG(s) dict_keys(['example_trigger_controller_dag']) retrieved from /home/airflow/.local/lib/python3.6/site-packages/airflow/example_dags/example_trigger_controller_dag.py
[2025-05-19 08:52:38,954] {logging_mixin.py:109} INFO - [2025-05-19 08:52:38,954] {manager.py:496} INFO - Created Permission View: can read on DAG:example_trigger_controller_dag
[2025-05-19 08:52:39,085] {logging_mixin.py:109} INFO - [2025-05-19 08:52:39,085] {manager.py:496} INFO - Created Permission View: can edit on DAG:example_trigger_controller_dag
[2025-05-19 08:52:39,108] {logging_mixin.py:109} INFO - [2025-05-19 08:52:39,102] {dag.py:2396} INFO - Sync 1 DAGs
[2025-05-19 08:52:39,172] {logging_mixin.py:109} INFO - [2025-05-19 08:52:39,168] {dag.py:2415} INFO - Creating ORM DAG for example_trigger_controller_dag
[2025-05-19 08:52:39,259] {logging_mixin.py:109} INFO - [2025-05-19 08:52:39,258] {dag.py:2935} INFO - Setting next_dagrun for example_trigger_controller_dag to 2021-01-01T00:00:00+00:00
[2025-05-19 08:52:39,470] {processor.py:171} INFO - Processing /home/airflow/.local/lib/python3.6/site-packages/airflow/example_dags/example_trigger_controller_dag.py took 19.756 seconds
[2025-05-19 08:55:19,144] {processor.py:163} INFO - Started process (PID=438) to work on /home/airflow/.local/lib/python3.6/site-packages/airflow/example_dags/example_trigger_controller_dag.py
[2025-05-19 08:55:19,165] {processor.py:642} INFO - Processing file /home/airflow/.local/lib/python3.6/site-packages/airflow/example_dags/example_trigger_controller_dag.py for tasks to queue
[2025-05-19 08:55:19,181] {logging_mixin.py:109} INFO - [2025-05-19 08:55:19,181] {dagbag.py:500} INFO - Filling up the DagBag from /home/airflow/.local/lib/python3.6/site-packages/airflow/example_dags/example_trigger_controller_dag.py
[2025-05-19 08:55:19,330] {processor.py:654} INFO - DAG(s) dict_keys(['example_trigger_controller_dag']) retrieved from /home/airflow/.local/lib/python3.6/site-packages/airflow/example_dags/example_trigger_controller_dag.py
[2025-05-19 08:55:19,464] {logging_mixin.py:109} INFO - [2025-05-19 08:55:19,463] {dag.py:2396} INFO - Sync 1 DAGs
[2025-05-19 08:55:19,542] {logging_mixin.py:109} INFO - [2025-05-19 08:55:19,541] {dag.py:2935} INFO - Setting next_dagrun for example_trigger_controller_dag to 2021-01-01T00:00:00+00:00
[2025-05-19 08:55:19,586] {processor.py:171} INFO - Processing /home/airflow/.local/lib/python3.6/site-packages/airflow/example_dags/example_trigger_controller_dag.py took 0.475 seconds
[2025-05-19 08:55:49,943] {processor.py:163} INFO - Started process (PID=488) to work on /home/airflow/.local/lib/python3.6/site-packages/airflow/example_dags/example_trigger_controller_dag.py
[2025-05-19 08:55:49,952] {processor.py:642} INFO - Processing file /home/airflow/.local/lib/python3.6/site-packages/airflow/example_dags/example_trigger_controller_dag.py for tasks to queue
[2025-05-19 08:55:49,960] {logging_mixin.py:109} INFO - [2025-05-19 08:55:49,960] {dagbag.py:500} INFO - Filling up the DagBag from /home/airflow/.local/lib/python3.6/site-packages/airflow/example_dags/example_trigger_controller_dag.py
[2025-05-19 08:55:50,120] {processor.py:654} INFO - DAG(s) dict_keys(['example_trigger_controller_dag']) retrieved from /home/airflow/.local/lib/python3.6/site-packages/airflow/example_dags/example_trigger_controller_dag.py
[2025-05-19 08:55:50,210] {logging_mixin.py:109} INFO - [2025-05-19 08:55:50,209] {dag.py:2396} INFO - Sync 1 DAGs
[2025-05-19 08:55:50,419] {logging_mixin.py:109} INFO - [2025-05-19 08:55:50,419] {dag.py:2935} INFO - Setting next_dagrun for example_trigger_controller_dag to 2021-01-01T00:00:00+00:00
[2025-05-19 08:55:50,535] {processor.py:171} INFO - Processing /home/airflow/.local/lib/python3.6/site-packages/airflow/example_dags/example_trigger_controller_dag.py took 0.616 seconds
[2025-05-19 08:56:20,831] {processor.py:163} INFO - Started process (PID=529) to work on /home/airflow/.local/lib/python3.6/site-packages/airflow/example_dags/example_trigger_controller_dag.py
[2025-05-19 08:56:20,835] {processor.py:642} INFO - Processing file /home/airflow/.local/lib/python3.6/site-packages/airflow/example_dags/example_trigger_controller_dag.py for tasks to queue
[2025-05-19 08:56:20,836] {logging_mixin.py:109} INFO - [2025-05-19 08:56:20,836] {dagbag.py:500} INFO - Filling up the DagBag from /home/airflow/.local/lib/python3.6/site-packages/airflow/example_dags/example_trigger_controller_dag.py
[2025-05-19 08:56:20,900] {processor.py:654} INFO - DAG(s) dict_keys(['example_trigger_controller_dag']) retrieved from /home/airflow/.local/lib/python3.6/site-packages/airflow/example_dags/example_trigger_controller_dag.py
[2025-05-19 08:56:20,929] {logging_mixin.py:109} INFO - [2025-05-19 08:56:20,929] {dag.py:2396} INFO - Sync 1 DAGs
[2025-05-19 08:56:20,970] {logging_mixin.py:109} INFO - [2025-05-19 08:56:20,970] {dag.py:2935} INFO - Setting next_dagrun for example_trigger_controller_dag to 2021-01-01T00:00:00+00:00
[2025-05-19 08:56:20,991] {processor.py:171} INFO - Processing /home/airflow/.local/lib/python3.6/site-packages/airflow/example_dags/example_trigger_controller_dag.py took 0.170 seconds
[2025-05-19 08:56:51,151] {processor.py:163} INFO - Started process (PID=581) to work on /home/airflow/.local/lib/python3.6/site-packages/airflow/example_dags/example_trigger_controller_dag.py
[2025-05-19 08:56:51,156] {processor.py:642} INFO - Processing file /home/airflow/.local/lib/python3.6/site-packages/airflow/example_dags/example_trigger_controller_dag.py for tasks to queue
[2025-05-19 08:56:51,158] {logging_mixin.py:109} INFO - [2025-05-19 08:56:51,158] {dagbag.py:500} INFO - Filling up the DagBag from /home/airflow/.local/lib/python3.6/site-packages/airflow/example_dags/example_trigger_controller_dag.py
[2025-05-19 08:56:51,219] {processor.py:654} INFO - DAG(s) dict_keys(['example_trigger_controller_dag']) retrieved from /home/airflow/.local/lib/python3.6/site-packages/airflow/example_dags/example_trigger_controller_dag.py
[2025-05-19 08:56:51,238] {logging_mixin.py:109} INFO - [2025-05-19 08:56:51,238] {dag.py:2396} INFO - Sync 1 DAGs
[2025-05-19 08:56:51,276] {logging_mixin.py:109} INFO - [2025-05-19 08:56:51,276] {dag.py:2935} INFO - Setting next_dagrun for example_trigger_controller_dag to 2021-01-01T00:00:00+00:00
[2025-05-19 08:56:51,295] {processor.py:171} INFO - Processing /home/airflow/.local/lib/python3.6/site-packages/airflow/example_dags/example_trigger_controller_dag.py took 0.152 seconds
[2025-05-19 08:57:21,448] {processor.py:163} INFO - Started process (PID=642) to work on /home/airflow/.local/lib/python3.6/site-packages/airflow/example_dags/example_trigger_controller_dag.py
[2025-05-19 08:57:21,451] {processor.py:642} INFO - Processing file /home/airflow/.local/lib/python3.6/site-packages/airflow/example_dags/example_trigger_controller_dag.py for tasks to queue
[2025-05-19 08:57:21,452] {logging_mixin.py:109} INFO - [2025-05-19 08:57:21,452] {dagbag.py:500} INFO - Filling up the DagBag from /home/airflow/.local/lib/python3.6/site-packages/airflow/example_dags/example_trigger_controller_dag.py
[2025-05-19 08:57:21,508] {processor.py:654} INFO - DAG(s) dict_keys(['example_trigger_controller_dag']) retrieved from /home/airflow/.local/lib/python3.6/site-packages/airflow/example_dags/example_trigger_controller_dag.py
[2025-05-19 08:57:21,531] {logging_mixin.py:109} INFO - [2025-05-19 08:57:21,531] {dag.py:2396} INFO - Sync 1 DAGs
[2025-05-19 08:57:21,565] {logging_mixin.py:109} INFO - [2025-05-19 08:57:21,565] {dag.py:2935} INFO - Setting next_dagrun for example_trigger_controller_dag to 2021-01-01T00:00:00+00:00
[2025-05-19 08:57:21,583] {processor.py:171} INFO - Processing /home/airflow/.local/lib/python3.6/site-packages/airflow/example_dags/example_trigger_controller_dag.py took 0.141 seconds
[2025-05-19 08:57:51,817] {processor.py:163} INFO - Started process (PID=685) to work on /home/airflow/.local/lib/python3.6/site-packages/airflow/example_dags/example_trigger_controller_dag.py
[2025-05-19 08:57:51,819] {processor.py:642} INFO - Processing file /home/airflow/.local/lib/python3.6/site-packages/airflow/example_dags/example_trigger_controller_dag.py for tasks to queue
[2025-05-19 08:57:51,821] {logging_mixin.py:109} INFO - [2025-05-19 08:57:51,821] {dagbag.py:500} INFO - Filling up the DagBag from /home/airflow/.local/lib/python3.6/site-packages/airflow/example_dags/example_trigger_controller_dag.py
[2025-05-19 08:57:51,911] {processor.py:654} INFO - DAG(s) dict_keys(['example_trigger_controller_dag']) retrieved from /home/airflow/.local/lib/python3.6/site-packages/airflow/example_dags/example_trigger_controller_dag.py
[2025-05-19 08:57:51,943] {logging_mixin.py:109} INFO - [2025-05-19 08:57:51,942] {dag.py:2396} INFO - Sync 1 DAGs
[2025-05-19 08:57:52,008] {logging_mixin.py:109} INFO - [2025-05-19 08:57:52,008] {dag.py:2935} INFO - Setting next_dagrun for example_trigger_controller_dag to 2021-01-01T00:00:00+00:00
[2025-05-19 08:57:52,032] {processor.py:171} INFO - Processing /home/airflow/.local/lib/python3.6/site-packages/airflow/example_dags/example_trigger_controller_dag.py took 0.224 seconds
[2025-05-19 08:58:22,833] {processor.py:163} INFO - Started process (PID=737) to work on /home/airflow/.local/lib/python3.6/site-packages/airflow/example_dags/example_trigger_controller_dag.py
[2025-05-19 08:58:22,835] {processor.py:642} INFO - Processing file /home/airflow/.local/lib/python3.6/site-packages/airflow/example_dags/example_trigger_controller_dag.py for tasks to queue
[2025-05-19 08:58:22,837] {logging_mixin.py:109} INFO - [2025-05-19 08:58:22,837] {dagbag.py:500} INFO - Filling up the DagBag from /home/airflow/.local/lib/python3.6/site-packages/airflow/example_dags/example_trigger_controller_dag.py
[2025-05-19 08:58:22,882] {processor.py:654} INFO - DAG(s) dict_keys(['example_trigger_controller_dag']) retrieved from /home/airflow/.local/lib/python3.6/site-packages/airflow/example_dags/example_trigger_controller_dag.py
[2025-05-19 08:58:22,902] {logging_mixin.py:109} INFO - [2025-05-19 08:58:22,902] {dag.py:2396} INFO - Sync 1 DAGs
[2025-05-19 08:58:22,933] {logging_mixin.py:109} INFO - [2025-05-19 08:58:22,933] {dag.py:2935} INFO - Setting next_dagrun for example_trigger_controller_dag to 2021-01-01T00:00:00+00:00
[2025-05-19 08:58:22,951] {processor.py:171} INFO - Processing /home/airflow/.local/lib/python3.6/site-packages/airflow/example_dags/example_trigger_controller_dag.py took 0.124 seconds
[2025-05-19 08:58:53,153] {processor.py:163} INFO - Started process (PID=799) to work on /home/airflow/.local/lib/python3.6/site-packages/airflow/example_dags/example_trigger_controller_dag.py
[2025-05-19 08:58:53,156] {processor.py:642} INFO - Processing file /home/airflow/.local/lib/python3.6/site-packages/airflow/example_dags/example_trigger_controller_dag.py for tasks to queue
[2025-05-19 08:58:53,158] {logging_mixin.py:109} INFO - [2025-05-19 08:58:53,157] {dagbag.py:500} INFO - Filling up the DagBag from /home/airflow/.local/lib/python3.6/site-packages/airflow/example_dags/example_trigger_controller_dag.py
[2025-05-19 08:58:53,207] {processor.py:654} INFO - DAG(s) dict_keys(['example_trigger_controller_dag']) retrieved from /home/airflow/.local/lib/python3.6/site-packages/airflow/example_dags/example_trigger_controller_dag.py
[2025-05-19 08:58:53,227] {logging_mixin.py:109} INFO - [2025-05-19 08:58:53,227] {dag.py:2396} INFO - Sync 1 DAGs
[2025-05-19 08:58:53,259] {logging_mixin.py:109} INFO - [2025-05-19 08:58:53,259] {dag.py:2935} INFO - Setting next_dagrun for example_trigger_controller_dag to 2021-01-01T00:00:00+00:00
[2025-05-19 08:58:53,277] {processor.py:171} INFO - Processing /home/airflow/.local/lib/python3.6/site-packages/airflow/example_dags/example_trigger_controller_dag.py took 0.131 seconds
[2025-05-19 08:59:23,436] {processor.py:163} INFO - Started process (PID=851) to work on /home/airflow/.local/lib/python3.6/site-packages/airflow/example_dags/example_trigger_controller_dag.py
[2025-05-19 08:59:23,440] {processor.py:642} INFO - Processing file /home/airflow/.local/lib/python3.6/site-packages/airflow/example_dags/example_trigger_controller_dag.py for tasks to queue
[2025-05-19 08:59:23,443] {logging_mixin.py:109} INFO - [2025-05-19 08:59:23,443] {dagbag.py:500} INFO - Filling up the DagBag from /home/airflow/.local/lib/python3.6/site-packages/airflow/example_dags/example_trigger_controller_dag.py
[2025-05-19 08:59:23,526] {processor.py:654} INFO - DAG(s) dict_keys(['example_trigger_controller_dag']) retrieved from /home/airflow/.local/lib/python3.6/site-packages/airflow/example_dags/example_trigger_controller_dag.py
[2025-05-19 08:59:23,562] {logging_mixin.py:109} INFO - [2025-05-19 08:59:23,562] {dag.py:2396} INFO - Sync 1 DAGs
[2025-05-19 08:59:23,628] {logging_mixin.py:109} INFO - [2025-05-19 08:59:23,628] {dag.py:2935} INFO - Setting next_dagrun for example_trigger_controller_dag to 2021-01-01T00:00:00+00:00
[2025-05-19 08:59:23,656] {processor.py:171} INFO - Processing /home/airflow/.local/lib/python3.6/site-packages/airflow/example_dags/example_trigger_controller_dag.py took 0.232 seconds
[2025-05-19 08:59:53,717] {processor.py:163} INFO - Started process (PID=903) to work on /home/airflow/.local/lib/python3.6/site-packages/airflow/example_dags/example_trigger_controller_dag.py
[2025-05-19 08:59:53,719] {processor.py:642} INFO - Processing file /home/airflow/.local/lib/python3.6/site-packages/airflow/example_dags/example_trigger_controller_dag.py for tasks to queue
[2025-05-19 08:59:53,721] {logging_mixin.py:109} INFO - [2025-05-19 08:59:53,721] {dagbag.py:500} INFO - Filling up the DagBag from /home/airflow/.local/lib/python3.6/site-packages/airflow/example_dags/example_trigger_controller_dag.py
[2025-05-19 08:59:53,785] {processor.py:654} INFO - DAG(s) dict_keys(['example_trigger_controller_dag']) retrieved from /home/airflow/.local/lib/python3.6/site-packages/airflow/example_dags/example_trigger_controller_dag.py
[2025-05-19 08:59:53,811] {logging_mixin.py:109} INFO - [2025-05-19 08:59:53,811] {dag.py:2396} INFO - Sync 1 DAGs
[2025-05-19 08:59:53,864] {logging_mixin.py:109} INFO - [2025-05-19 08:59:53,863] {dag.py:2935} INFO - Setting next_dagrun for example_trigger_controller_dag to 2021-01-01T00:00:00+00:00
[2025-05-19 08:59:53,896] {processor.py:171} INFO - Processing /home/airflow/.local/lib/python3.6/site-packages/airflow/example_dags/example_trigger_controller_dag.py took 0.189 seconds
[2025-05-19 09:00:24,107] {processor.py:163} INFO - Started process (PID=955) to work on /home/airflow/.local/lib/python3.6/site-packages/airflow/example_dags/example_trigger_controller_dag.py
[2025-05-19 09:00:24,110] {processor.py:642} INFO - Processing file /home/airflow/.local/lib/python3.6/site-packages/airflow/example_dags/example_trigger_controller_dag.py for tasks to queue
[2025-05-19 09:00:24,115] {logging_mixin.py:109} INFO - [2025-05-19 09:00:24,114] {dagbag.py:500} INFO - Filling up the DagBag from /home/airflow/.local/lib/python3.6/site-packages/airflow/example_dags/example_trigger_controller_dag.py
[2025-05-19 09:00:24,197] {processor.py:654} INFO - DAG(s) dict_keys(['example_trigger_controller_dag']) retrieved from /home/airflow/.local/lib/python3.6/site-packages/airflow/example_dags/example_trigger_controller_dag.py
[2025-05-19 09:00:24,232] {logging_mixin.py:109} INFO - [2025-05-19 09:00:24,232] {dag.py:2396} INFO - Sync 1 DAGs
[2025-05-19 09:00:24,293] {logging_mixin.py:109} INFO - [2025-05-19 09:00:24,293] {dag.py:2935} INFO - Setting next_dagrun for example_trigger_controller_dag to 2021-01-01T00:00:00+00:00
[2025-05-19 09:00:24,326] {processor.py:171} INFO - Processing /home/airflow/.local/lib/python3.6/site-packages/airflow/example_dags/example_trigger_controller_dag.py took 0.230 seconds
[2025-05-19 09:00:55,326] {processor.py:163} INFO - Started process (PID=1007) to work on /home/airflow/.local/lib/python3.6/site-packages/airflow/example_dags/example_trigger_controller_dag.py
[2025-05-19 09:00:55,332] {processor.py:642} INFO - Processing file /home/airflow/.local/lib/python3.6/site-packages/airflow/example_dags/example_trigger_controller_dag.py for tasks to queue
[2025-05-19 09:00:55,335] {logging_mixin.py:109} INFO - [2025-05-19 09:00:55,335] {dagbag.py:500} INFO - Filling up the DagBag from /home/airflow/.local/lib/python3.6/site-packages/airflow/example_dags/example_trigger_controller_dag.py
[2025-05-19 09:00:55,453] {processor.py:654} INFO - DAG(s) dict_keys(['example_trigger_controller_dag']) retrieved from /home/airflow/.local/lib/python3.6/site-packages/airflow/example_dags/example_trigger_controller_dag.py
[2025-05-19 09:00:55,544] {logging_mixin.py:109} INFO - [2025-05-19 09:00:55,544] {dag.py:2396} INFO - Sync 1 DAGs
[2025-05-19 09:00:55,655] {logging_mixin.py:109} INFO - [2025-05-19 09:00:55,654] {dag.py:2935} INFO - Setting next_dagrun for example_trigger_controller_dag to 2021-01-01T00:00:00+00:00
[2025-05-19 09:00:55,708] {processor.py:171} INFO - Processing /home/airflow/.local/lib/python3.6/site-packages/airflow/example_dags/example_trigger_controller_dag.py took 0.393 seconds
[2025-05-19 09:01:26,676] {processor.py:163} INFO - Started process (PID=1058) to work on /home/airflow/.local/lib/python3.6/site-packages/airflow/example_dags/example_trigger_controller_dag.py
[2025-05-19 09:01:26,686] {processor.py:642} INFO - Processing file /home/airflow/.local/lib/python3.6/site-packages/airflow/example_dags/example_trigger_controller_dag.py for tasks to queue
[2025-05-19 09:01:26,720] {logging_mixin.py:109} INFO - [2025-05-19 09:01:26,720] {dagbag.py:500} INFO - Filling up the DagBag from /home/airflow/.local/lib/python3.6/site-packages/airflow/example_dags/example_trigger_controller_dag.py
[2025-05-19 09:01:26,890] {processor.py:654} INFO - DAG(s) dict_keys(['example_trigger_controller_dag']) retrieved from /home/airflow/.local/lib/python3.6/site-packages/airflow/example_dags/example_trigger_controller_dag.py
[2025-05-19 09:01:26,958] {logging_mixin.py:109} INFO - [2025-05-19 09:01:26,958] {dag.py:2396} INFO - Sync 1 DAGs
[2025-05-19 09:01:27,086] {logging_mixin.py:109} INFO - [2025-05-19 09:01:27,086] {dag.py:2935} INFO - Setting next_dagrun for example_trigger_controller_dag to 2021-01-01T00:00:00+00:00
[2025-05-19 09:01:27,137] {processor.py:171} INFO - Processing /home/airflow/.local/lib/python3.6/site-packages/airflow/example_dags/example_trigger_controller_dag.py took 0.477 seconds
[2025-05-19 09:01:57,481] {processor.py:163} INFO - Started process (PID=1102) to work on /home/airflow/.local/lib/python3.6/site-packages/airflow/example_dags/example_trigger_controller_dag.py
[2025-05-19 09:01:57,485] {processor.py:642} INFO - Processing file /home/airflow/.local/lib/python3.6/site-packages/airflow/example_dags/example_trigger_controller_dag.py for tasks to queue
[2025-05-19 09:01:57,488] {logging_mixin.py:109} INFO - [2025-05-19 09:01:57,487] {dagbag.py:500} INFO - Filling up the DagBag from /home/airflow/.local/lib/python3.6/site-packages/airflow/example_dags/example_trigger_controller_dag.py
[2025-05-19 09:01:57,576] {processor.py:654} INFO - DAG(s) dict_keys(['example_trigger_controller_dag']) retrieved from /home/airflow/.local/lib/python3.6/site-packages/airflow/example_dags/example_trigger_controller_dag.py
[2025-05-19 09:01:57,652] {logging_mixin.py:109} INFO - [2025-05-19 09:01:57,647] {dag.py:2396} INFO - Sync 1 DAGs
[2025-05-19 09:01:57,746] {logging_mixin.py:109} INFO - [2025-05-19 09:01:57,746] {dag.py:2935} INFO - Setting next_dagrun for example_trigger_controller_dag to 2021-01-01T00:00:00+00:00
[2025-05-19 09:01:57,778] {processor.py:171} INFO - Processing /home/airflow/.local/lib/python3.6/site-packages/airflow/example_dags/example_trigger_controller_dag.py took 0.306 seconds
[2025-05-19 09:02:28,013] {processor.py:163} INFO - Started process (PID=1155) to work on /home/airflow/.local/lib/python3.6/site-packages/airflow/example_dags/example_trigger_controller_dag.py
[2025-05-19 09:02:28,017] {processor.py:642} INFO - Processing file /home/airflow/.local/lib/python3.6/site-packages/airflow/example_dags/example_trigger_controller_dag.py for tasks to queue
[2025-05-19 09:02:28,021] {logging_mixin.py:109} INFO - [2025-05-19 09:02:28,020] {dagbag.py:500} INFO - Filling up the DagBag from /home/airflow/.local/lib/python3.6/site-packages/airflow/example_dags/example_trigger_controller_dag.py
[2025-05-19 09:02:28,131] {processor.py:654} INFO - DAG(s) dict_keys(['example_trigger_controller_dag']) retrieved from /home/airflow/.local/lib/python3.6/site-packages/airflow/example_dags/example_trigger_controller_dag.py
[2025-05-19 09:02:28,174] {logging_mixin.py:109} INFO - [2025-05-19 09:02:28,174] {dag.py:2396} INFO - Sync 1 DAGs
[2025-05-19 09:02:28,290] {logging_mixin.py:109} INFO - [2025-05-19 09:02:28,289] {dag.py:2935} INFO - Setting next_dagrun for example_trigger_controller_dag to 2021-01-01T00:00:00+00:00
[2025-05-19 09:02:28,325] {processor.py:171} INFO - Processing /home/airflow/.local/lib/python3.6/site-packages/airflow/example_dags/example_trigger_controller_dag.py took 0.327 seconds
[2025-05-19 09:02:58,869] {processor.py:163} INFO - Started process (PID=1205) to work on /home/airflow/.local/lib/python3.6/site-packages/airflow/example_dags/example_trigger_controller_dag.py
[2025-05-19 09:02:58,875] {processor.py:642} INFO - Processing file /home/airflow/.local/lib/python3.6/site-packages/airflow/example_dags/example_trigger_controller_dag.py for tasks to queue
[2025-05-19 09:02:58,879] {logging_mixin.py:109} INFO - [2025-05-19 09:02:58,878] {dagbag.py:500} INFO - Filling up the DagBag from /home/airflow/.local/lib/python3.6/site-packages/airflow/example_dags/example_trigger_controller_dag.py
[2025-05-19 09:02:58,984] {processor.py:654} INFO - DAG(s) dict_keys(['example_trigger_controller_dag']) retrieved from /home/airflow/.local/lib/python3.6/site-packages/airflow/example_dags/example_trigger_controller_dag.py
[2025-05-19 09:02:59,018] {logging_mixin.py:109} INFO - [2025-05-19 09:02:59,017] {dag.py:2396} INFO - Sync 1 DAGs
[2025-05-19 09:02:59,084] {logging_mixin.py:109} INFO - [2025-05-19 09:02:59,084] {dag.py:2935} INFO - Setting next_dagrun for example_trigger_controller_dag to 2021-01-01T00:00:00+00:00
[2025-05-19 09:02:59,114] {processor.py:171} INFO - Processing /home/airflow/.local/lib/python3.6/site-packages/airflow/example_dags/example_trigger_controller_dag.py took 0.255 seconds
[2025-05-19 09:03:29,227] {processor.py:163} INFO - Started process (PID=1248) to work on /home/airflow/.local/lib/python3.6/site-packages/airflow/example_dags/example_trigger_controller_dag.py
[2025-05-19 09:03:29,230] {processor.py:642} INFO - Processing file /home/airflow/.local/lib/python3.6/site-packages/airflow/example_dags/example_trigger_controller_dag.py for tasks to queue
[2025-05-19 09:03:29,232] {logging_mixin.py:109} INFO - [2025-05-19 09:03:29,231] {dagbag.py:500} INFO - Filling up the DagBag from /home/airflow/.local/lib/python3.6/site-packages/airflow/example_dags/example_trigger_controller_dag.py
[2025-05-19 09:03:29,282] {processor.py:654} INFO - DAG(s) dict_keys(['example_trigger_controller_dag']) retrieved from /home/airflow/.local/lib/python3.6/site-packages/airflow/example_dags/example_trigger_controller_dag.py
[2025-05-19 09:03:29,304] {logging_mixin.py:109} INFO - [2025-05-19 09:03:29,304] {dag.py:2396} INFO - Sync 1 DAGs
[2025-05-19 09:03:29,340] {logging_mixin.py:109} INFO - [2025-05-19 09:03:29,340] {dag.py:2935} INFO - Setting next_dagrun for example_trigger_controller_dag to 2021-01-01T00:00:00+00:00
[2025-05-19 09:03:29,357] {processor.py:171} INFO - Processing /home/airflow/.local/lib/python3.6/site-packages/airflow/example_dags/example_trigger_controller_dag.py took 0.140 seconds
[2025-05-19 09:03:59,460] {processor.py:163} INFO - Started process (PID=1300) to work on /home/airflow/.local/lib/python3.6/site-packages/airflow/example_dags/example_trigger_controller_dag.py
[2025-05-19 09:03:59,463] {processor.py:642} INFO - Processing file /home/airflow/.local/lib/python3.6/site-packages/airflow/example_dags/example_trigger_controller_dag.py for tasks to queue
[2025-05-19 09:03:59,465] {logging_mixin.py:109} INFO - [2025-05-19 09:03:59,465] {dagbag.py:500} INFO - Filling up the DagBag from /home/airflow/.local/lib/python3.6/site-packages/airflow/example_dags/example_trigger_controller_dag.py
[2025-05-19 09:03:59,521] {processor.py:654} INFO - DAG(s) dict_keys(['example_trigger_controller_dag']) retrieved from /home/airflow/.local/lib/python3.6/site-packages/airflow/example_dags/example_trigger_controller_dag.py
[2025-05-19 09:03:59,544] {logging_mixin.py:109} INFO - [2025-05-19 09:03:59,544] {dag.py:2396} INFO - Sync 1 DAGs
[2025-05-19 09:03:59,582] {logging_mixin.py:109} INFO - [2025-05-19 09:03:59,581] {dag.py:2935} INFO - Setting next_dagrun for example_trigger_controller_dag to 2021-01-01T00:00:00+00:00
[2025-05-19 09:03:59,600] {processor.py:171} INFO - Processing /home/airflow/.local/lib/python3.6/site-packages/airflow/example_dags/example_trigger_controller_dag.py took 0.148 seconds
[2025-05-19 09:04:30,008] {processor.py:163} INFO - Started process (PID=1352) to work on /home/airflow/.local/lib/python3.6/site-packages/airflow/example_dags/example_trigger_controller_dag.py
[2025-05-19 09:04:30,011] {processor.py:642} INFO - Processing file /home/airflow/.local/lib/python3.6/site-packages/airflow/example_dags/example_trigger_controller_dag.py for tasks to queue
[2025-05-19 09:04:30,013] {logging_mixin.py:109} INFO - [2025-05-19 09:04:30,013] {dagbag.py:500} INFO - Filling up the DagBag from /home/airflow/.local/lib/python3.6/site-packages/airflow/example_dags/example_trigger_controller_dag.py
[2025-05-19 09:04:30,133] {processor.py:654} INFO - DAG(s) dict_keys(['example_trigger_controller_dag']) retrieved from /home/airflow/.local/lib/python3.6/site-packages/airflow/example_dags/example_trigger_controller_dag.py
[2025-05-19 09:04:30,178] {logging_mixin.py:109} INFO - [2025-05-19 09:04:30,177] {dag.py:2396} INFO - Sync 1 DAGs
[2025-05-19 09:04:30,235] {logging_mixin.py:109} INFO - [2025-05-19 09:04:30,235] {dag.py:2935} INFO - Setting next_dagrun for example_trigger_controller_dag to 2021-01-01T00:00:00+00:00
[2025-05-19 09:04:30,263] {processor.py:171} INFO - Processing /home/airflow/.local/lib/python3.6/site-packages/airflow/example_dags/example_trigger_controller_dag.py took 0.266 seconds
[2025-05-19 09:05:00,362] {processor.py:163} INFO - Started process (PID=1405) to work on /home/airflow/.local/lib/python3.6/site-packages/airflow/example_dags/example_trigger_controller_dag.py
[2025-05-19 09:05:00,373] {processor.py:642} INFO - Processing file /home/airflow/.local/lib/python3.6/site-packages/airflow/example_dags/example_trigger_controller_dag.py for tasks to queue
[2025-05-19 09:05:00,378] {logging_mixin.py:109} INFO - [2025-05-19 09:05:00,377] {dagbag.py:500} INFO - Filling up the DagBag from /home/airflow/.local/lib/python3.6/site-packages/airflow/example_dags/example_trigger_controller_dag.py
[2025-05-19 09:05:00,447] {processor.py:654} INFO - DAG(s) dict_keys(['example_trigger_controller_dag']) retrieved from /home/airflow/.local/lib/python3.6/site-packages/airflow/example_dags/example_trigger_controller_dag.py
[2025-05-19 09:05:00,477] {logging_mixin.py:109} INFO - [2025-05-19 09:05:00,477] {dag.py:2396} INFO - Sync 1 DAGs
[2025-05-19 09:05:00,548] {logging_mixin.py:109} INFO - [2025-05-19 09:05:00,548] {dag.py:2935} INFO - Setting next_dagrun for example_trigger_controller_dag to 2021-01-01T00:00:00+00:00
[2025-05-19 09:05:00,576] {processor.py:171} INFO - Processing /home/airflow/.local/lib/python3.6/site-packages/airflow/example_dags/example_trigger_controller_dag.py took 0.224 seconds
[2025-05-19 09:05:30,857] {processor.py:163} INFO - Started process (PID=1457) to work on /home/airflow/.local/lib/python3.6/site-packages/airflow/example_dags/example_trigger_controller_dag.py
[2025-05-19 09:05:30,860] {processor.py:642} INFO - Processing file /home/airflow/.local/lib/python3.6/site-packages/airflow/example_dags/example_trigger_controller_dag.py for tasks to queue
[2025-05-19 09:05:30,862] {logging_mixin.py:109} INFO - [2025-05-19 09:05:30,862] {dagbag.py:500} INFO - Filling up the DagBag from /home/airflow/.local/lib/python3.6/site-packages/airflow/example_dags/example_trigger_controller_dag.py
[2025-05-19 09:05:30,928] {processor.py:654} INFO - DAG(s) dict_keys(['example_trigger_controller_dag']) retrieved from /home/airflow/.local/lib/python3.6/site-packages/airflow/example_dags/example_trigger_controller_dag.py
[2025-05-19 09:05:30,957] {logging_mixin.py:109} INFO - [2025-05-19 09:05:30,956] {dag.py:2396} INFO - Sync 1 DAGs
[2025-05-19 09:05:31,006] {logging_mixin.py:109} INFO - [2025-05-19 09:05:31,005] {dag.py:2935} INFO - Setting next_dagrun for example_trigger_controller_dag to 2021-01-01T00:00:00+00:00
[2025-05-19 09:05:31,031] {processor.py:171} INFO - Processing /home/airflow/.local/lib/python3.6/site-packages/airflow/example_dags/example_trigger_controller_dag.py took 0.182 seconds
[2025-05-19 09:06:01,197] {processor.py:163} INFO - Started process (PID=1509) to work on /home/airflow/.local/lib/python3.6/site-packages/airflow/example_dags/example_trigger_controller_dag.py
[2025-05-19 09:06:01,200] {processor.py:642} INFO - Processing file /home/airflow/.local/lib/python3.6/site-packages/airflow/example_dags/example_trigger_controller_dag.py for tasks to queue
[2025-05-19 09:06:01,205] {logging_mixin.py:109} INFO - [2025-05-19 09:06:01,205] {dagbag.py:500} INFO - Filling up the DagBag from /home/airflow/.local/lib/python3.6/site-packages/airflow/example_dags/example_trigger_controller_dag.py
[2025-05-19 09:06:01,250] {processor.py:654} INFO - DAG(s) dict_keys(['example_trigger_controller_dag']) retrieved from /home/airflow/.local/lib/python3.6/site-packages/airflow/example_dags/example_trigger_controller_dag.py
[2025-05-19 09:06:01,271] {logging_mixin.py:109} INFO - [2025-05-19 09:06:01,271] {dag.py:2396} INFO - Sync 1 DAGs
[2025-05-19 09:06:01,306] {logging_mixin.py:109} INFO - [2025-05-19 09:06:01,306] {dag.py:2935} INFO - Setting next_dagrun for example_trigger_controller_dag to 2021-01-01T00:00:00+00:00
[2025-05-19 09:06:01,323] {processor.py:171} INFO - Processing /home/airflow/.local/lib/python3.6/site-packages/airflow/example_dags/example_trigger_controller_dag.py took 0.132 seconds
[2025-05-19 09:06:32,072] {processor.py:163} INFO - Started process (PID=1561) to work on /home/airflow/.local/lib/python3.6/site-packages/airflow/example_dags/example_trigger_controller_dag.py
[2025-05-19 09:06:32,073] {processor.py:642} INFO - Processing file /home/airflow/.local/lib/python3.6/site-packages/airflow/example_dags/example_trigger_controller_dag.py for tasks to queue
[2025-05-19 09:06:32,074] {logging_mixin.py:109} INFO - [2025-05-19 09:06:32,074] {dagbag.py:500} INFO - Filling up the DagBag from /home/airflow/.local/lib/python3.6/site-packages/airflow/example_dags/example_trigger_controller_dag.py
[2025-05-19 09:06:32,101] {processor.py:654} INFO - DAG(s) dict_keys(['example_trigger_controller_dag']) retrieved from /home/airflow/.local/lib/python3.6/site-packages/airflow/example_dags/example_trigger_controller_dag.py
[2025-05-19 09:06:32,111] {logging_mixin.py:109} INFO - [2025-05-19 09:06:32,111] {dag.py:2396} INFO - Sync 1 DAGs
[2025-05-19 09:06:32,130] {logging_mixin.py:109} INFO - [2025-05-19 09:06:32,129] {dag.py:2935} INFO - Setting next_dagrun for example_trigger_controller_dag to 2021-01-01T00:00:00+00:00
[2025-05-19 09:06:32,141] {processor.py:171} INFO - Processing /home/airflow/.local/lib/python3.6/site-packages/airflow/example_dags/example_trigger_controller_dag.py took 0.072 seconds
[2025-05-19 09:07:03,036] {processor.py:163} INFO - Started process (PID=1623) to work on /home/airflow/.local/lib/python3.6/site-packages/airflow/example_dags/example_trigger_controller_dag.py
[2025-05-19 09:07:03,038] {processor.py:642} INFO - Processing file /home/airflow/.local/lib/python3.6/site-packages/airflow/example_dags/example_trigger_controller_dag.py for tasks to queue
[2025-05-19 09:07:03,039] {logging_mixin.py:109} INFO - [2025-05-19 09:07:03,039] {dagbag.py:500} INFO - Filling up the DagBag from /home/airflow/.local/lib/python3.6/site-packages/airflow/example_dags/example_trigger_controller_dag.py
[2025-05-19 09:07:03,085] {processor.py:654} INFO - DAG(s) dict_keys(['example_trigger_controller_dag']) retrieved from /home/airflow/.local/lib/python3.6/site-packages/airflow/example_dags/example_trigger_controller_dag.py
[2025-05-19 09:07:03,104] {logging_mixin.py:109} INFO - [2025-05-19 09:07:03,104] {dag.py:2396} INFO - Sync 1 DAGs
[2025-05-19 09:07:03,132] {logging_mixin.py:109} INFO - [2025-05-19 09:07:03,131] {dag.py:2935} INFO - Setting next_dagrun for example_trigger_controller_dag to 2021-01-01T00:00:00+00:00
[2025-05-19 09:07:03,144] {processor.py:171} INFO - Processing /home/airflow/.local/lib/python3.6/site-packages/airflow/example_dags/example_trigger_controller_dag.py took 0.115 seconds
[2025-05-19 09:07:33,369] {processor.py:163} INFO - Started process (PID=1675) to work on /home/airflow/.local/lib/python3.6/site-packages/airflow/example_dags/example_trigger_controller_dag.py
[2025-05-19 09:07:33,371] {processor.py:642} INFO - Processing file /home/airflow/.local/lib/python3.6/site-packages/airflow/example_dags/example_trigger_controller_dag.py for tasks to queue
[2025-05-19 09:07:33,373] {logging_mixin.py:109} INFO - [2025-05-19 09:07:33,372] {dagbag.py:500} INFO - Filling up the DagBag from /home/airflow/.local/lib/python3.6/site-packages/airflow/example_dags/example_trigger_controller_dag.py
[2025-05-19 09:07:33,406] {processor.py:654} INFO - DAG(s) dict_keys(['example_trigger_controller_dag']) retrieved from /home/airflow/.local/lib/python3.6/site-packages/airflow/example_dags/example_trigger_controller_dag.py
[2025-05-19 09:07:33,421] {logging_mixin.py:109} INFO - [2025-05-19 09:07:33,421] {dag.py:2396} INFO - Sync 1 DAGs
[2025-05-19 09:07:33,446] {logging_mixin.py:109} INFO - [2025-05-19 09:07:33,446] {dag.py:2935} INFO - Setting next_dagrun for example_trigger_controller_dag to 2021-01-01T00:00:00+00:00
[2025-05-19 09:07:33,459] {processor.py:171} INFO - Processing /home/airflow/.local/lib/python3.6/site-packages/airflow/example_dags/example_trigger_controller_dag.py took 0.094 seconds
[2025-05-19 09:08:04,150] {processor.py:163} INFO - Started process (PID=1737) to work on /home/airflow/.local/lib/python3.6/site-packages/airflow/example_dags/example_trigger_controller_dag.py
[2025-05-19 09:08:04,153] {processor.py:642} INFO - Processing file /home/airflow/.local/lib/python3.6/site-packages/airflow/example_dags/example_trigger_controller_dag.py for tasks to queue
[2025-05-19 09:08:04,155] {logging_mixin.py:109} INFO - [2025-05-19 09:08:04,154] {dagbag.py:500} INFO - Filling up the DagBag from /home/airflow/.local/lib/python3.6/site-packages/airflow/example_dags/example_trigger_controller_dag.py
[2025-05-19 09:08:04,191] {processor.py:654} INFO - DAG(s) dict_keys(['example_trigger_controller_dag']) retrieved from /home/airflow/.local/lib/python3.6/site-packages/airflow/example_dags/example_trigger_controller_dag.py
[2025-05-19 09:08:04,206] {logging_mixin.py:109} INFO - [2025-05-19 09:08:04,206] {dag.py:2396} INFO - Sync 1 DAGs
[2025-05-19 09:08:04,233] {logging_mixin.py:109} INFO - [2025-05-19 09:08:04,233] {dag.py:2935} INFO - Setting next_dagrun for example_trigger_controller_dag to 2021-01-01T00:00:00+00:00
[2025-05-19 09:08:04,247] {processor.py:171} INFO - Processing /home/airflow/.local/lib/python3.6/site-packages/airflow/example_dags/example_trigger_controller_dag.py took 0.102 seconds
[2025-05-19 09:08:34,343] {processor.py:163} INFO - Started process (PID=1789) to work on /home/airflow/.local/lib/python3.6/site-packages/airflow/example_dags/example_trigger_controller_dag.py
[2025-05-19 09:08:34,345] {processor.py:642} INFO - Processing file /home/airflow/.local/lib/python3.6/site-packages/airflow/example_dags/example_trigger_controller_dag.py for tasks to queue
[2025-05-19 09:08:34,346] {logging_mixin.py:109} INFO - [2025-05-19 09:08:34,346] {dagbag.py:500} INFO - Filling up the DagBag from /home/airflow/.local/lib/python3.6/site-packages/airflow/example_dags/example_trigger_controller_dag.py
[2025-05-19 09:08:34,378] {processor.py:654} INFO - DAG(s) dict_keys(['example_trigger_controller_dag']) retrieved from /home/airflow/.local/lib/python3.6/site-packages/airflow/example_dags/example_trigger_controller_dag.py
[2025-05-19 09:08:34,393] {logging_mixin.py:109} INFO - [2025-05-19 09:08:34,392] {dag.py:2396} INFO - Sync 1 DAGs
[2025-05-19 09:08:34,415] {logging_mixin.py:109} INFO - [2025-05-19 09:08:34,415] {dag.py:2935} INFO - Setting next_dagrun for example_trigger_controller_dag to 2021-01-01T00:00:00+00:00
[2025-05-19 09:08:34,428] {processor.py:171} INFO - Processing /home/airflow/.local/lib/python3.6/site-packages/airflow/example_dags/example_trigger_controller_dag.py took 0.088 seconds
[2025-05-19 09:09:04,605] {processor.py:163} INFO - Started process (PID=1850) to work on /home/airflow/.local/lib/python3.6/site-packages/airflow/example_dags/example_trigger_controller_dag.py
[2025-05-19 09:09:04,609] {processor.py:642} INFO - Processing file /home/airflow/.local/lib/python3.6/site-packages/airflow/example_dags/example_trigger_controller_dag.py for tasks to queue
[2025-05-19 09:09:04,611] {logging_mixin.py:109} INFO - [2025-05-19 09:09:04,611] {dagbag.py:500} INFO - Filling up the DagBag from /home/airflow/.local/lib/python3.6/site-packages/airflow/example_dags/example_trigger_controller_dag.py
[2025-05-19 09:09:04,656] {processor.py:654} INFO - DAG(s) dict_keys(['example_trigger_controller_dag']) retrieved from /home/airflow/.local/lib/python3.6/site-packages/airflow/example_dags/example_trigger_controller_dag.py
[2025-05-19 09:09:04,672] {logging_mixin.py:109} INFO - [2025-05-19 09:09:04,672] {dag.py:2396} INFO - Sync 1 DAGs
[2025-05-19 09:09:04,701] {logging_mixin.py:109} INFO - [2025-05-19 09:09:04,701] {dag.py:2935} INFO - Setting next_dagrun for example_trigger_controller_dag to 2021-01-01T00:00:00+00:00
[2025-05-19 09:09:04,716] {processor.py:171} INFO - Processing /home/airflow/.local/lib/python3.6/site-packages/airflow/example_dags/example_trigger_controller_dag.py took 0.117 seconds
[2025-05-19 09:09:35,225] {processor.py:163} INFO - Started process (PID=1903) to work on /home/airflow/.local/lib/python3.6/site-packages/airflow/example_dags/example_trigger_controller_dag.py
[2025-05-19 09:09:35,227] {processor.py:642} INFO - Processing file /home/airflow/.local/lib/python3.6/site-packages/airflow/example_dags/example_trigger_controller_dag.py for tasks to queue
[2025-05-19 09:09:35,228] {logging_mixin.py:109} INFO - [2025-05-19 09:09:35,228] {dagbag.py:500} INFO - Filling up the DagBag from /home/airflow/.local/lib/python3.6/site-packages/airflow/example_dags/example_trigger_controller_dag.py
[2025-05-19 09:09:35,258] {processor.py:654} INFO - DAG(s) dict_keys(['example_trigger_controller_dag']) retrieved from /home/airflow/.local/lib/python3.6/site-packages/airflow/example_dags/example_trigger_controller_dag.py
[2025-05-19 09:09:35,270] {logging_mixin.py:109} INFO - [2025-05-19 09:09:35,270] {dag.py:2396} INFO - Sync 1 DAGs
[2025-05-19 09:09:35,292] {logging_mixin.py:109} INFO - [2025-05-19 09:09:35,292] {dag.py:2935} INFO - Setting next_dagrun for example_trigger_controller_dag to 2021-01-01T00:00:00+00:00
[2025-05-19 09:09:35,306] {processor.py:171} INFO - Processing /home/airflow/.local/lib/python3.6/site-packages/airflow/example_dags/example_trigger_controller_dag.py took 0.085 seconds
[2025-05-19 09:10:05,690] {processor.py:163} INFO - Started process (PID=1955) to work on /home/airflow/.local/lib/python3.6/site-packages/airflow/example_dags/example_trigger_controller_dag.py
[2025-05-19 09:10:05,693] {processor.py:642} INFO - Processing file /home/airflow/.local/lib/python3.6/site-packages/airflow/example_dags/example_trigger_controller_dag.py for tasks to queue
[2025-05-19 09:10:05,698] {logging_mixin.py:109} INFO - [2025-05-19 09:10:05,697] {dagbag.py:500} INFO - Filling up the DagBag from /home/airflow/.local/lib/python3.6/site-packages/airflow/example_dags/example_trigger_controller_dag.py
[2025-05-19 09:10:05,771] {processor.py:654} INFO - DAG(s) dict_keys(['example_trigger_controller_dag']) retrieved from /home/airflow/.local/lib/python3.6/site-packages/airflow/example_dags/example_trigger_controller_dag.py
[2025-05-19 09:10:05,797] {logging_mixin.py:109} INFO - [2025-05-19 09:10:05,796] {dag.py:2396} INFO - Sync 1 DAGs
[2025-05-19 09:10:05,841] {logging_mixin.py:109} INFO - [2025-05-19 09:10:05,841] {dag.py:2935} INFO - Setting next_dagrun for example_trigger_controller_dag to 2021-01-01T00:00:00+00:00
[2025-05-19 09:10:05,872] {processor.py:171} INFO - Processing /home/airflow/.local/lib/python3.6/site-packages/airflow/example_dags/example_trigger_controller_dag.py took 0.194 seconds
[2025-05-19 09:10:36,071] {processor.py:163} INFO - Started process (PID=2007) to work on /home/airflow/.local/lib/python3.6/site-packages/airflow/example_dags/example_trigger_controller_dag.py
[2025-05-19 09:10:36,073] {processor.py:642} INFO - Processing file /home/airflow/.local/lib/python3.6/site-packages/airflow/example_dags/example_trigger_controller_dag.py for tasks to queue
[2025-05-19 09:10:36,075] {logging_mixin.py:109} INFO - [2025-05-19 09:10:36,074] {dagbag.py:500} INFO - Filling up the DagBag from /home/airflow/.local/lib/python3.6/site-packages/airflow/example_dags/example_trigger_controller_dag.py
[2025-05-19 09:10:36,123] {processor.py:654} INFO - DAG(s) dict_keys(['example_trigger_controller_dag']) retrieved from /home/airflow/.local/lib/python3.6/site-packages/airflow/example_dags/example_trigger_controller_dag.py
[2025-05-19 09:10:36,145] {logging_mixin.py:109} INFO - [2025-05-19 09:10:36,145] {dag.py:2396} INFO - Sync 1 DAGs
[2025-05-19 09:10:36,180] {logging_mixin.py:109} INFO - [2025-05-19 09:10:36,180] {dag.py:2935} INFO - Setting next_dagrun for example_trigger_controller_dag to 2021-01-01T00:00:00+00:00
[2025-05-19 09:10:36,199] {processor.py:171} INFO - Processing /home/airflow/.local/lib/python3.6/site-packages/airflow/example_dags/example_trigger_controller_dag.py took 0.133 seconds
[2025-05-19 09:11:06,857] {processor.py:163} INFO - Started process (PID=2059) to work on /home/airflow/.local/lib/python3.6/site-packages/airflow/example_dags/example_trigger_controller_dag.py
[2025-05-19 09:11:06,860] {processor.py:642} INFO - Processing file /home/airflow/.local/lib/python3.6/site-packages/airflow/example_dags/example_trigger_controller_dag.py for tasks to queue
[2025-05-19 09:11:06,861] {logging_mixin.py:109} INFO - [2025-05-19 09:11:06,861] {dagbag.py:500} INFO - Filling up the DagBag from /home/airflow/.local/lib/python3.6/site-packages/airflow/example_dags/example_trigger_controller_dag.py
[2025-05-19 09:11:06,906] {processor.py:654} INFO - DAG(s) dict_keys(['example_trigger_controller_dag']) retrieved from /home/airflow/.local/lib/python3.6/site-packages/airflow/example_dags/example_trigger_controller_dag.py
[2025-05-19 09:11:06,925] {logging_mixin.py:109} INFO - [2025-05-19 09:11:06,925] {dag.py:2396} INFO - Sync 1 DAGs
[2025-05-19 09:11:06,960] {logging_mixin.py:109} INFO - [2025-05-19 09:11:06,960] {dag.py:2935} INFO - Setting next_dagrun for example_trigger_controller_dag to 2021-01-01T00:00:00+00:00
[2025-05-19 09:11:06,978] {processor.py:171} INFO - Processing /home/airflow/.local/lib/python3.6/site-packages/airflow/example_dags/example_trigger_controller_dag.py took 0.126 seconds
[2025-05-19 09:11:37,601] {processor.py:163} INFO - Started process (PID=2121) to work on /home/airflow/.local/lib/python3.6/site-packages/airflow/example_dags/example_trigger_controller_dag.py
[2025-05-19 09:11:37,603] {processor.py:642} INFO - Processing file /home/airflow/.local/lib/python3.6/site-packages/airflow/example_dags/example_trigger_controller_dag.py for tasks to queue
[2025-05-19 09:11:37,604] {logging_mixin.py:109} INFO - [2025-05-19 09:11:37,604] {dagbag.py:500} INFO - Filling up the DagBag from /home/airflow/.local/lib/python3.6/site-packages/airflow/example_dags/example_trigger_controller_dag.py
[2025-05-19 09:11:37,655] {processor.py:654} INFO - DAG(s) dict_keys(['example_trigger_controller_dag']) retrieved from /home/airflow/.local/lib/python3.6/site-packages/airflow/example_dags/example_trigger_controller_dag.py
[2025-05-19 09:11:37,672] {logging_mixin.py:109} INFO - [2025-05-19 09:11:37,672] {dag.py:2396} INFO - Sync 1 DAGs
[2025-05-19 09:11:37,735] {logging_mixin.py:109} INFO - [2025-05-19 09:11:37,735] {dag.py:2935} INFO - Setting next_dagrun for example_trigger_controller_dag to 2021-01-01T00:00:00+00:00
[2025-05-19 09:11:37,762] {processor.py:171} INFO - Processing /home/airflow/.local/lib/python3.6/site-packages/airflow/example_dags/example_trigger_controller_dag.py took 0.167 seconds
[2025-05-19 09:12:07,854] {processor.py:163} INFO - Started process (PID=2173) to work on /home/airflow/.local/lib/python3.6/site-packages/airflow/example_dags/example_trigger_controller_dag.py
[2025-05-19 09:12:07,856] {processor.py:642} INFO - Processing file /home/airflow/.local/lib/python3.6/site-packages/airflow/example_dags/example_trigger_controller_dag.py for tasks to queue
[2025-05-19 09:12:07,857] {logging_mixin.py:109} INFO - [2025-05-19 09:12:07,857] {dagbag.py:500} INFO - Filling up the DagBag from /home/airflow/.local/lib/python3.6/site-packages/airflow/example_dags/example_trigger_controller_dag.py
[2025-05-19 09:12:07,891] {processor.py:654} INFO - DAG(s) dict_keys(['example_trigger_controller_dag']) retrieved from /home/airflow/.local/lib/python3.6/site-packages/airflow/example_dags/example_trigger_controller_dag.py
[2025-05-19 09:12:07,905] {logging_mixin.py:109} INFO - [2025-05-19 09:12:07,905] {dag.py:2396} INFO - Sync 1 DAGs
[2025-05-19 09:12:07,928] {logging_mixin.py:109} INFO - [2025-05-19 09:12:07,928] {dag.py:2935} INFO - Setting next_dagrun for example_trigger_controller_dag to 2021-01-01T00:00:00+00:00
[2025-05-19 09:12:07,941] {processor.py:171} INFO - Processing /home/airflow/.local/lib/python3.6/site-packages/airflow/example_dags/example_trigger_controller_dag.py took 0.091 seconds
[2025-05-19 09:12:38,842] {processor.py:163} INFO - Started process (PID=2225) to work on /home/airflow/.local/lib/python3.6/site-packages/airflow/example_dags/example_trigger_controller_dag.py
[2025-05-19 09:12:38,845] {processor.py:642} INFO - Processing file /home/airflow/.local/lib/python3.6/site-packages/airflow/example_dags/example_trigger_controller_dag.py for tasks to queue
[2025-05-19 09:12:38,846] {logging_mixin.py:109} INFO - [2025-05-19 09:12:38,846] {dagbag.py:500} INFO - Filling up the DagBag from /home/airflow/.local/lib/python3.6/site-packages/airflow/example_dags/example_trigger_controller_dag.py
[2025-05-19 09:12:38,888] {processor.py:654} INFO - DAG(s) dict_keys(['example_trigger_controller_dag']) retrieved from /home/airflow/.local/lib/python3.6/site-packages/airflow/example_dags/example_trigger_controller_dag.py
[2025-05-19 09:12:38,909] {logging_mixin.py:109} INFO - [2025-05-19 09:12:38,909] {dag.py:2396} INFO - Sync 1 DAGs
[2025-05-19 09:12:38,940] {logging_mixin.py:109} INFO - [2025-05-19 09:12:38,940] {dag.py:2935} INFO - Setting next_dagrun for example_trigger_controller_dag to 2021-01-01T00:00:00+00:00
[2025-05-19 09:12:38,963] {processor.py:171} INFO - Processing /home/airflow/.local/lib/python3.6/site-packages/airflow/example_dags/example_trigger_controller_dag.py took 0.125 seconds
[2025-05-19 09:13:09,180] {processor.py:163} INFO - Started process (PID=2277) to work on /home/airflow/.local/lib/python3.6/site-packages/airflow/example_dags/example_trigger_controller_dag.py
[2025-05-19 09:13:09,182] {processor.py:642} INFO - Processing file /home/airflow/.local/lib/python3.6/site-packages/airflow/example_dags/example_trigger_controller_dag.py for tasks to queue
[2025-05-19 09:13:09,183] {logging_mixin.py:109} INFO - [2025-05-19 09:13:09,182] {dagbag.py:500} INFO - Filling up the DagBag from /home/airflow/.local/lib/python3.6/site-packages/airflow/example_dags/example_trigger_controller_dag.py
[2025-05-19 09:13:09,210] {processor.py:654} INFO - DAG(s) dict_keys(['example_trigger_controller_dag']) retrieved from /home/airflow/.local/lib/python3.6/site-packages/airflow/example_dags/example_trigger_controller_dag.py
[2025-05-19 09:13:09,221] {logging_mixin.py:109} INFO - [2025-05-19 09:13:09,221] {dag.py:2396} INFO - Sync 1 DAGs
[2025-05-19 09:13:09,241] {logging_mixin.py:109} INFO - [2025-05-19 09:13:09,241] {dag.py:2935} INFO - Setting next_dagrun for example_trigger_controller_dag to 2021-01-01T00:00:00+00:00
[2025-05-19 09:13:09,253] {processor.py:171} INFO - Processing /home/airflow/.local/lib/python3.6/site-packages/airflow/example_dags/example_trigger_controller_dag.py took 0.077 seconds
[2025-05-19 09:13:39,973] {processor.py:163} INFO - Started process (PID=2325) to work on /home/airflow/.local/lib/python3.6/site-packages/airflow/example_dags/example_trigger_controller_dag.py
[2025-05-19 09:13:39,977] {processor.py:642} INFO - Processing file /home/airflow/.local/lib/python3.6/site-packages/airflow/example_dags/example_trigger_controller_dag.py for tasks to queue
[2025-05-19 09:13:39,979] {logging_mixin.py:109} INFO - [2025-05-19 09:13:39,979] {dagbag.py:500} INFO - Filling up the DagBag from /home/airflow/.local/lib/python3.6/site-packages/airflow/example_dags/example_trigger_controller_dag.py
[2025-05-19 09:13:40,083] {processor.py:654} INFO - DAG(s) dict_keys(['example_trigger_controller_dag']) retrieved from /home/airflow/.local/lib/python3.6/site-packages/airflow/example_dags/example_trigger_controller_dag.py
[2025-05-19 09:13:40,190] {logging_mixin.py:109} INFO - [2025-05-19 09:13:40,189] {dag.py:2396} INFO - Sync 1 DAGs
[2025-05-19 09:13:40,303] {logging_mixin.py:109} INFO - [2025-05-19 09:13:40,302] {dag.py:2935} INFO - Setting next_dagrun for example_trigger_controller_dag to 2021-01-01T00:00:00+00:00
[2025-05-19 09:13:40,373] {processor.py:171} INFO - Processing /home/airflow/.local/lib/python3.6/site-packages/airflow/example_dags/example_trigger_controller_dag.py took 0.408 seconds
[2025-05-19 09:14:11,327] {processor.py:163} INFO - Started process (PID=2377) to work on /home/airflow/.local/lib/python3.6/site-packages/airflow/example_dags/example_trigger_controller_dag.py
[2025-05-19 09:14:11,329] {processor.py:642} INFO - Processing file /home/airflow/.local/lib/python3.6/site-packages/airflow/example_dags/example_trigger_controller_dag.py for tasks to queue
[2025-05-19 09:14:11,331] {logging_mixin.py:109} INFO - [2025-05-19 09:14:11,330] {dagbag.py:500} INFO - Filling up the DagBag from /home/airflow/.local/lib/python3.6/site-packages/airflow/example_dags/example_trigger_controller_dag.py
[2025-05-19 09:14:11,370] {processor.py:654} INFO - DAG(s) dict_keys(['example_trigger_controller_dag']) retrieved from /home/airflow/.local/lib/python3.6/site-packages/airflow/example_dags/example_trigger_controller_dag.py
[2025-05-19 09:14:11,385] {logging_mixin.py:109} INFO - [2025-05-19 09:14:11,385] {dag.py:2396} INFO - Sync 1 DAGs
[2025-05-19 09:14:11,412] {logging_mixin.py:109} INFO - [2025-05-19 09:14:11,412] {dag.py:2935} INFO - Setting next_dagrun for example_trigger_controller_dag to 2021-01-01T00:00:00+00:00
[2025-05-19 09:14:11,427] {processor.py:171} INFO - Processing /home/airflow/.local/lib/python3.6/site-packages/airflow/example_dags/example_trigger_controller_dag.py took 0.104 seconds
[2025-05-19 19:33:52,016] {processor.py:163} INFO - Started process (PID=59) to work on /home/airflow/.local/lib/python3.6/site-packages/airflow/example_dags/example_trigger_controller_dag.py
[2025-05-19 19:33:52,019] {processor.py:642} INFO - Processing file /home/airflow/.local/lib/python3.6/site-packages/airflow/example_dags/example_trigger_controller_dag.py for tasks to queue
[2025-05-19 19:33:52,022] {logging_mixin.py:109} INFO - [2025-05-19 19:33:52,021] {dagbag.py:500} INFO - Filling up the DagBag from /home/airflow/.local/lib/python3.6/site-packages/airflow/example_dags/example_trigger_controller_dag.py
[2025-05-19 19:33:52,492] {processor.py:654} INFO - DAG(s) dict_keys(['example_trigger_controller_dag']) retrieved from /home/airflow/.local/lib/python3.6/site-packages/airflow/example_dags/example_trigger_controller_dag.py
[2025-05-19 19:33:52,514] {logging_mixin.py:109} INFO - [2025-05-19 19:33:52,514] {dag.py:2396} INFO - Sync 1 DAGs
[2025-05-19 19:33:52,551] {logging_mixin.py:109} INFO - [2025-05-19 19:33:52,550] {dag.py:2935} INFO - Setting next_dagrun for example_trigger_controller_dag to 2021-01-01T00:00:00+00:00
[2025-05-19 19:33:52,569] {processor.py:171} INFO - Processing /home/airflow/.local/lib/python3.6/site-packages/airflow/example_dags/example_trigger_controller_dag.py took 0.560 seconds
[2025-05-19 19:34:24,317] {processor.py:163} INFO - Started process (PID=111) to work on /home/airflow/.local/lib/python3.6/site-packages/airflow/example_dags/example_trigger_controller_dag.py
[2025-05-19 19:34:24,321] {processor.py:642} INFO - Processing file /home/airflow/.local/lib/python3.6/site-packages/airflow/example_dags/example_trigger_controller_dag.py for tasks to queue
[2025-05-19 19:34:24,329] {logging_mixin.py:109} INFO - [2025-05-19 19:34:24,329] {dagbag.py:500} INFO - Filling up the DagBag from /home/airflow/.local/lib/python3.6/site-packages/airflow/example_dags/example_trigger_controller_dag.py
[2025-05-19 19:34:24,402] {processor.py:654} INFO - DAG(s) dict_keys(['example_trigger_controller_dag']) retrieved from /home/airflow/.local/lib/python3.6/site-packages/airflow/example_dags/example_trigger_controller_dag.py
[2025-05-19 19:34:24,428] {logging_mixin.py:109} INFO - [2025-05-19 19:34:24,428] {dag.py:2396} INFO - Sync 1 DAGs
[2025-05-19 19:34:24,528] {logging_mixin.py:109} INFO - [2025-05-19 19:34:24,526] {dag.py:2935} INFO - Setting next_dagrun for example_trigger_controller_dag to 2021-01-01T00:00:00+00:00
[2025-05-19 19:34:24,585] {processor.py:171} INFO - Processing /home/airflow/.local/lib/python3.6/site-packages/airflow/example_dags/example_trigger_controller_dag.py took 0.276 seconds
[2025-05-19 19:34:54,659] {processor.py:163} INFO - Started process (PID=153) to work on /home/airflow/.local/lib/python3.6/site-packages/airflow/example_dags/example_trigger_controller_dag.py
[2025-05-19 19:34:54,661] {processor.py:642} INFO - Processing file /home/airflow/.local/lib/python3.6/site-packages/airflow/example_dags/example_trigger_controller_dag.py for tasks to queue
[2025-05-19 19:34:54,663] {logging_mixin.py:109} INFO - [2025-05-19 19:34:54,663] {dagbag.py:500} INFO - Filling up the DagBag from /home/airflow/.local/lib/python3.6/site-packages/airflow/example_dags/example_trigger_controller_dag.py
[2025-05-19 19:34:54,704] {processor.py:654} INFO - DAG(s) dict_keys(['example_trigger_controller_dag']) retrieved from /home/airflow/.local/lib/python3.6/site-packages/airflow/example_dags/example_trigger_controller_dag.py
[2025-05-19 19:34:54,726] {logging_mixin.py:109} INFO - [2025-05-19 19:34:54,725] {dag.py:2396} INFO - Sync 1 DAGs
[2025-05-19 19:34:54,757] {logging_mixin.py:109} INFO - [2025-05-19 19:34:54,757] {dag.py:2935} INFO - Setting next_dagrun for example_trigger_controller_dag to 2021-01-01T00:00:00+00:00
[2025-05-19 19:34:54,771] {processor.py:171} INFO - Processing /home/airflow/.local/lib/python3.6/site-packages/airflow/example_dags/example_trigger_controller_dag.py took 0.117 seconds
[2025-05-19 19:35:26,465] {processor.py:163} INFO - Started process (PID=207) to work on /home/airflow/.local/lib/python3.6/site-packages/airflow/example_dags/example_trigger_controller_dag.py
[2025-05-19 19:35:26,474] {processor.py:642} INFO - Processing file /home/airflow/.local/lib/python3.6/site-packages/airflow/example_dags/example_trigger_controller_dag.py for tasks to queue
[2025-05-19 19:35:26,496] {logging_mixin.py:109} INFO - [2025-05-19 19:35:26,495] {dagbag.py:500} INFO - Filling up the DagBag from /home/airflow/.local/lib/python3.6/site-packages/airflow/example_dags/example_trigger_controller_dag.py
[2025-05-19 19:35:26,617] {processor.py:654} INFO - DAG(s) dict_keys(['example_trigger_controller_dag']) retrieved from /home/airflow/.local/lib/python3.6/site-packages/airflow/example_dags/example_trigger_controller_dag.py
[2025-05-19 19:35:26,652] {logging_mixin.py:109} INFO - [2025-05-19 19:35:26,652] {dag.py:2396} INFO - Sync 1 DAGs
[2025-05-19 19:35:26,710] {logging_mixin.py:109} INFO - [2025-05-19 19:35:26,709] {dag.py:2935} INFO - Setting next_dagrun for example_trigger_controller_dag to 2021-01-01T00:00:00+00:00
[2025-05-19 19:35:26,749] {processor.py:171} INFO - Processing /home/airflow/.local/lib/python3.6/site-packages/airflow/example_dags/example_trigger_controller_dag.py took 0.294 seconds
[2025-05-19 19:35:57,948] {processor.py:163} INFO - Started process (PID=259) to work on /home/airflow/.local/lib/python3.6/site-packages/airflow/example_dags/example_trigger_controller_dag.py
[2025-05-19 19:35:57,969] {processor.py:642} INFO - Processing file /home/airflow/.local/lib/python3.6/site-packages/airflow/example_dags/example_trigger_controller_dag.py for tasks to queue
[2025-05-19 19:35:57,971] {logging_mixin.py:109} INFO - [2025-05-19 19:35:57,971] {dagbag.py:500} INFO - Filling up the DagBag from /home/airflow/.local/lib/python3.6/site-packages/airflow/example_dags/example_trigger_controller_dag.py
[2025-05-19 19:35:58,089] {processor.py:654} INFO - DAG(s) dict_keys(['example_trigger_controller_dag']) retrieved from /home/airflow/.local/lib/python3.6/site-packages/airflow/example_dags/example_trigger_controller_dag.py
[2025-05-19 19:35:58,133] {logging_mixin.py:109} INFO - [2025-05-19 19:35:58,133] {dag.py:2396} INFO - Sync 1 DAGs
[2025-05-19 19:35:58,190] {logging_mixin.py:109} INFO - [2025-05-19 19:35:58,189] {dag.py:2935} INFO - Setting next_dagrun for example_trigger_controller_dag to 2021-01-01T00:00:00+00:00
[2025-05-19 19:35:58,236] {processor.py:171} INFO - Processing /home/airflow/.local/lib/python3.6/site-packages/airflow/example_dags/example_trigger_controller_dag.py took 0.305 seconds
[2025-05-19 19:36:28,306] {processor.py:163} INFO - Started process (PID=311) to work on /home/airflow/.local/lib/python3.6/site-packages/airflow/example_dags/example_trigger_controller_dag.py
[2025-05-19 19:36:28,308] {processor.py:642} INFO - Processing file /home/airflow/.local/lib/python3.6/site-packages/airflow/example_dags/example_trigger_controller_dag.py for tasks to queue
[2025-05-19 19:36:28,310] {logging_mixin.py:109} INFO - [2025-05-19 19:36:28,310] {dagbag.py:500} INFO - Filling up the DagBag from /home/airflow/.local/lib/python3.6/site-packages/airflow/example_dags/example_trigger_controller_dag.py
[2025-05-19 19:36:28,366] {processor.py:654} INFO - DAG(s) dict_keys(['example_trigger_controller_dag']) retrieved from /home/airflow/.local/lib/python3.6/site-packages/airflow/example_dags/example_trigger_controller_dag.py
[2025-05-19 19:36:28,389] {logging_mixin.py:109} INFO - [2025-05-19 19:36:28,389] {dag.py:2396} INFO - Sync 1 DAGs
[2025-05-19 19:36:28,431] {logging_mixin.py:109} INFO - [2025-05-19 19:36:28,430] {dag.py:2935} INFO - Setting next_dagrun for example_trigger_controller_dag to 2021-01-01T00:00:00+00:00
[2025-05-19 19:36:28,451] {processor.py:171} INFO - Processing /home/airflow/.local/lib/python3.6/site-packages/airflow/example_dags/example_trigger_controller_dag.py took 0.155 seconds
[2025-05-19 19:36:58,647] {processor.py:163} INFO - Started process (PID=363) to work on /home/airflow/.local/lib/python3.6/site-packages/airflow/example_dags/example_trigger_controller_dag.py
[2025-05-19 19:36:58,648] {processor.py:642} INFO - Processing file /home/airflow/.local/lib/python3.6/site-packages/airflow/example_dags/example_trigger_controller_dag.py for tasks to queue
[2025-05-19 19:36:58,649] {logging_mixin.py:109} INFO - [2025-05-19 19:36:58,649] {dagbag.py:500} INFO - Filling up the DagBag from /home/airflow/.local/lib/python3.6/site-packages/airflow/example_dags/example_trigger_controller_dag.py
[2025-05-19 19:36:58,676] {processor.py:654} INFO - DAG(s) dict_keys(['example_trigger_controller_dag']) retrieved from /home/airflow/.local/lib/python3.6/site-packages/airflow/example_dags/example_trigger_controller_dag.py
[2025-05-19 19:36:58,687] {logging_mixin.py:109} INFO - [2025-05-19 19:36:58,687] {dag.py:2396} INFO - Sync 1 DAGs
[2025-05-19 19:36:58,706] {logging_mixin.py:109} INFO - [2025-05-19 19:36:58,706] {dag.py:2935} INFO - Setting next_dagrun for example_trigger_controller_dag to 2021-01-01T00:00:00+00:00
[2025-05-19 19:36:58,718] {processor.py:171} INFO - Processing /home/airflow/.local/lib/python3.6/site-packages/airflow/example_dags/example_trigger_controller_dag.py took 0.074 seconds
