[2025-05-19 08:53:27,579] {processor.py:163} INFO - Started process (PID=212) to work on /home/airflow/.local/lib/python3.6/site-packages/airflow/example_dags/example_xcomargs.py
[2025-05-19 08:53:27,585] {processor.py:642} INFO - Processing file /home/airflow/.local/lib/python3.6/site-packages/airflow/example_dags/example_xcomargs.py for tasks to queue
[2025-05-19 08:53:27,608] {logging_mixin.py:109} INFO - [2025-05-19 08:53:27,608] {dagbag.py:500} INFO - Filling up the DagBag from /home/airflow/.local/lib/python3.6/site-packages/airflow/example_dags/example_xcomargs.py
[2025-05-19 08:53:27,931] {processor.py:654} INFO - DAG(s) dict_keys(['example_xcom_args', 'example_xcom_args_with_operators']) retrieved from /home/airflow/.local/lib/python3.6/site-packages/airflow/example_dags/example_xcomargs.py
[2025-05-19 08:53:40,461] {logging_mixin.py:109} INFO - [2025-05-19 08:53:40,461] {manager.py:496} INFO - Created Permission View: can read on DAG:example_xcom_args
[2025-05-19 08:53:40,526] {logging_mixin.py:109} INFO - [2025-05-19 08:53:40,526] {manager.py:496} INFO - Created Permission View: can edit on DAG:example_xcom_args
[2025-05-19 08:53:40,677] {logging_mixin.py:109} INFO - [2025-05-19 08:53:40,677] {manager.py:496} INFO - Created Permission View: can read on DAG:example_xcom_args_with_operators
[2025-05-19 08:53:40,741] {logging_mixin.py:109} INFO - [2025-05-19 08:53:40,741] {manager.py:496} INFO - Created Permission View: can edit on DAG:example_xcom_args_with_operators
[2025-05-19 08:53:40,763] {logging_mixin.py:109} INFO - [2025-05-19 08:53:40,744] {dag.py:2396} INFO - Sync 2 DAGs
[2025-05-19 08:53:40,857] {logging_mixin.py:109} INFO - [2025-05-19 08:53:40,839] {dag.py:2415} INFO - Creating ORM DAG for example_xcom_args
[2025-05-19 08:53:40,862] {logging_mixin.py:109} INFO - [2025-05-19 08:53:40,861] {dag.py:2415} INFO - Creating ORM DAG for example_xcom_args_with_operators
[2025-05-19 08:53:40,925] {logging_mixin.py:109} INFO - [2025-05-19 08:53:40,924] {dag.py:2935} INFO - Setting next_dagrun for example_xcom_args to None
[2025-05-19 08:53:40,936] {logging_mixin.py:109} INFO - [2025-05-19 08:53:40,936] {dag.py:2935} INFO - Setting next_dagrun for example_xcom_args_with_operators to None
[2025-05-19 08:53:41,021] {processor.py:171} INFO - Processing /home/airflow/.local/lib/python3.6/site-packages/airflow/example_dags/example_xcomargs.py took 13.453 seconds
[2025-05-19 08:55:23,835] {processor.py:163} INFO - Started process (PID=446) to work on /home/airflow/.local/lib/python3.6/site-packages/airflow/example_dags/example_xcomargs.py
[2025-05-19 08:55:23,839] {processor.py:642} INFO - Processing file /home/airflow/.local/lib/python3.6/site-packages/airflow/example_dags/example_xcomargs.py for tasks to queue
[2025-05-19 08:55:23,841] {logging_mixin.py:109} INFO - [2025-05-19 08:55:23,841] {dagbag.py:500} INFO - Filling up the DagBag from /home/airflow/.local/lib/python3.6/site-packages/airflow/example_dags/example_xcomargs.py
[2025-05-19 08:55:24,057] {processor.py:654} INFO - DAG(s) dict_keys(['example_xcom_args', 'example_xcom_args_with_operators']) retrieved from /home/airflow/.local/lib/python3.6/site-packages/airflow/example_dags/example_xcomargs.py
[2025-05-19 08:55:25,353] {logging_mixin.py:109} INFO - [2025-05-19 08:55:25,352] {dag.py:2396} INFO - Sync 2 DAGs
[2025-05-19 08:55:25,511] {logging_mixin.py:109} INFO - [2025-05-19 08:55:25,511] {dag.py:2935} INFO - Setting next_dagrun for example_xcom_args to None
[2025-05-19 08:55:25,513] {logging_mixin.py:109} INFO - [2025-05-19 08:55:25,513] {dag.py:2935} INFO - Setting next_dagrun for example_xcom_args_with_operators to None
[2025-05-19 08:55:25,581] {processor.py:171} INFO - Processing /home/airflow/.local/lib/python3.6/site-packages/airflow/example_dags/example_xcomargs.py took 1.776 seconds
[2025-05-19 08:55:57,282] {processor.py:163} INFO - Started process (PID=498) to work on /home/airflow/.local/lib/python3.6/site-packages/airflow/example_dags/example_xcomargs.py
[2025-05-19 08:55:57,306] {processor.py:642} INFO - Processing file /home/airflow/.local/lib/python3.6/site-packages/airflow/example_dags/example_xcomargs.py for tasks to queue
[2025-05-19 08:55:57,319] {logging_mixin.py:109} INFO - [2025-05-19 08:55:57,319] {dagbag.py:500} INFO - Filling up the DagBag from /home/airflow/.local/lib/python3.6/site-packages/airflow/example_dags/example_xcomargs.py
[2025-05-19 08:55:57,545] {processor.py:654} INFO - DAG(s) dict_keys(['example_xcom_args', 'example_xcom_args_with_operators']) retrieved from /home/airflow/.local/lib/python3.6/site-packages/airflow/example_dags/example_xcomargs.py
[2025-05-19 08:55:59,013] {logging_mixin.py:109} INFO - [2025-05-19 08:55:59,012] {dag.py:2396} INFO - Sync 2 DAGs
[2025-05-19 08:55:59,090] {logging_mixin.py:109} INFO - [2025-05-19 08:55:59,090] {dag.py:2935} INFO - Setting next_dagrun for example_xcom_args to None
[2025-05-19 08:55:59,097] {logging_mixin.py:109} INFO - [2025-05-19 08:55:59,096] {dag.py:2935} INFO - Setting next_dagrun for example_xcom_args_with_operators to None
[2025-05-19 08:55:59,165] {processor.py:171} INFO - Processing /home/airflow/.local/lib/python3.6/site-packages/airflow/example_dags/example_xcomargs.py took 1.900 seconds
[2025-05-19 08:56:29,357] {processor.py:163} INFO - Started process (PID=551) to work on /home/airflow/.local/lib/python3.6/site-packages/airflow/example_dags/example_xcomargs.py
[2025-05-19 08:56:29,361] {processor.py:642} INFO - Processing file /home/airflow/.local/lib/python3.6/site-packages/airflow/example_dags/example_xcomargs.py for tasks to queue
[2025-05-19 08:56:29,363] {logging_mixin.py:109} INFO - [2025-05-19 08:56:29,363] {dagbag.py:500} INFO - Filling up the DagBag from /home/airflow/.local/lib/python3.6/site-packages/airflow/example_dags/example_xcomargs.py
[2025-05-19 08:56:29,481] {processor.py:654} INFO - DAG(s) dict_keys(['example_xcom_args', 'example_xcom_args_with_operators']) retrieved from /home/airflow/.local/lib/python3.6/site-packages/airflow/example_dags/example_xcomargs.py
[2025-05-19 08:56:30,301] {logging_mixin.py:109} INFO - [2025-05-19 08:56:30,301] {dag.py:2396} INFO - Sync 2 DAGs
[2025-05-19 08:56:30,384] {logging_mixin.py:109} INFO - [2025-05-19 08:56:30,383] {dag.py:2935} INFO - Setting next_dagrun for example_xcom_args to None
[2025-05-19 08:56:30,385] {logging_mixin.py:109} INFO - [2025-05-19 08:56:30,385] {dag.py:2935} INFO - Setting next_dagrun for example_xcom_args_with_operators to None
[2025-05-19 08:56:30,487] {processor.py:171} INFO - Processing /home/airflow/.local/lib/python3.6/site-packages/airflow/example_dags/example_xcomargs.py took 1.140 seconds
[2025-05-19 08:57:00,638] {processor.py:163} INFO - Started process (PID=606) to work on /home/airflow/.local/lib/python3.6/site-packages/airflow/example_dags/example_xcomargs.py
[2025-05-19 08:57:00,641] {processor.py:642} INFO - Processing file /home/airflow/.local/lib/python3.6/site-packages/airflow/example_dags/example_xcomargs.py for tasks to queue
[2025-05-19 08:57:00,643] {logging_mixin.py:109} INFO - [2025-05-19 08:57:00,642] {dagbag.py:500} INFO - Filling up the DagBag from /home/airflow/.local/lib/python3.6/site-packages/airflow/example_dags/example_xcomargs.py
[2025-05-19 08:57:00,726] {processor.py:654} INFO - DAG(s) dict_keys(['example_xcom_args', 'example_xcom_args_with_operators']) retrieved from /home/airflow/.local/lib/python3.6/site-packages/airflow/example_dags/example_xcomargs.py
[2025-05-19 08:57:00,751] {logging_mixin.py:109} INFO - [2025-05-19 08:57:00,751] {dag.py:2396} INFO - Sync 2 DAGs
[2025-05-19 08:57:00,783] {logging_mixin.py:109} INFO - [2025-05-19 08:57:00,783] {dag.py:2935} INFO - Setting next_dagrun for example_xcom_args to None
[2025-05-19 08:57:00,784] {logging_mixin.py:109} INFO - [2025-05-19 08:57:00,784] {dag.py:2935} INFO - Setting next_dagrun for example_xcom_args_with_operators to None
[2025-05-19 08:57:00,804] {processor.py:171} INFO - Processing /home/airflow/.local/lib/python3.6/site-packages/airflow/example_dags/example_xcomargs.py took 0.172 seconds
[2025-05-19 08:57:31,150] {processor.py:163} INFO - Started process (PID=656) to work on /home/airflow/.local/lib/python3.6/site-packages/airflow/example_dags/example_xcomargs.py
[2025-05-19 08:57:31,158] {processor.py:642} INFO - Processing file /home/airflow/.local/lib/python3.6/site-packages/airflow/example_dags/example_xcomargs.py for tasks to queue
[2025-05-19 08:57:31,162] {logging_mixin.py:109} INFO - [2025-05-19 08:57:31,162] {dagbag.py:500} INFO - Filling up the DagBag from /home/airflow/.local/lib/python3.6/site-packages/airflow/example_dags/example_xcomargs.py
[2025-05-19 08:57:31,362] {processor.py:654} INFO - DAG(s) dict_keys(['example_xcom_args', 'example_xcom_args_with_operators']) retrieved from /home/airflow/.local/lib/python3.6/site-packages/airflow/example_dags/example_xcomargs.py
[2025-05-19 08:57:32,248] {logging_mixin.py:109} INFO - [2025-05-19 08:57:32,248] {dag.py:2396} INFO - Sync 2 DAGs
[2025-05-19 08:57:32,308] {logging_mixin.py:109} INFO - [2025-05-19 08:57:32,308] {dag.py:2935} INFO - Setting next_dagrun for example_xcom_args to None
[2025-05-19 08:57:32,309] {logging_mixin.py:109} INFO - [2025-05-19 08:57:32,309] {dag.py:2935} INFO - Setting next_dagrun for example_xcom_args_with_operators to None
[2025-05-19 08:57:32,342] {processor.py:171} INFO - Processing /home/airflow/.local/lib/python3.6/site-packages/airflow/example_dags/example_xcomargs.py took 1.208 seconds
[2025-05-19 08:58:02,773] {processor.py:163} INFO - Started process (PID=711) to work on /home/airflow/.local/lib/python3.6/site-packages/airflow/example_dags/example_xcomargs.py
[2025-05-19 08:58:02,775] {processor.py:642} INFO - Processing file /home/airflow/.local/lib/python3.6/site-packages/airflow/example_dags/example_xcomargs.py for tasks to queue
[2025-05-19 08:58:02,777] {logging_mixin.py:109} INFO - [2025-05-19 08:58:02,777] {dagbag.py:500} INFO - Filling up the DagBag from /home/airflow/.local/lib/python3.6/site-packages/airflow/example_dags/example_xcomargs.py
[2025-05-19 08:58:02,866] {processor.py:654} INFO - DAG(s) dict_keys(['example_xcom_args', 'example_xcom_args_with_operators']) retrieved from /home/airflow/.local/lib/python3.6/site-packages/airflow/example_dags/example_xcomargs.py
[2025-05-19 08:58:03,291] {logging_mixin.py:109} INFO - [2025-05-19 08:58:03,291] {dag.py:2396} INFO - Sync 2 DAGs
[2025-05-19 08:58:03,334] {logging_mixin.py:109} INFO - [2025-05-19 08:58:03,334] {dag.py:2935} INFO - Setting next_dagrun for example_xcom_args to None
[2025-05-19 08:58:03,335] {logging_mixin.py:109} INFO - [2025-05-19 08:58:03,335] {dag.py:2935} INFO - Setting next_dagrun for example_xcom_args_with_operators to None
[2025-05-19 08:58:03,360] {processor.py:171} INFO - Processing /home/airflow/.local/lib/python3.6/site-packages/airflow/example_dags/example_xcomargs.py took 0.596 seconds
[2025-05-19 08:58:33,532] {processor.py:163} INFO - Started process (PID=765) to work on /home/airflow/.local/lib/python3.6/site-packages/airflow/example_dags/example_xcomargs.py
[2025-05-19 08:58:33,535] {processor.py:642} INFO - Processing file /home/airflow/.local/lib/python3.6/site-packages/airflow/example_dags/example_xcomargs.py for tasks to queue
[2025-05-19 08:58:33,537] {logging_mixin.py:109} INFO - [2025-05-19 08:58:33,536] {dagbag.py:500} INFO - Filling up the DagBag from /home/airflow/.local/lib/python3.6/site-packages/airflow/example_dags/example_xcomargs.py
[2025-05-19 08:58:33,610] {processor.py:654} INFO - DAG(s) dict_keys(['example_xcom_args', 'example_xcom_args_with_operators']) retrieved from /home/airflow/.local/lib/python3.6/site-packages/airflow/example_dags/example_xcomargs.py
[2025-05-19 08:58:34,091] {logging_mixin.py:109} INFO - [2025-05-19 08:58:34,090] {dag.py:2396} INFO - Sync 2 DAGs
[2025-05-19 08:58:34,126] {logging_mixin.py:109} INFO - [2025-05-19 08:58:34,125] {dag.py:2935} INFO - Setting next_dagrun for example_xcom_args to None
[2025-05-19 08:58:34,127] {logging_mixin.py:109} INFO - [2025-05-19 08:58:34,127] {dag.py:2935} INFO - Setting next_dagrun for example_xcom_args_with_operators to None
[2025-05-19 08:58:34,150] {processor.py:171} INFO - Processing /home/airflow/.local/lib/python3.6/site-packages/airflow/example_dags/example_xcomargs.py took 0.625 seconds
[2025-05-19 08:59:04,421] {processor.py:163} INFO - Started process (PID=816) to work on /home/airflow/.local/lib/python3.6/site-packages/airflow/example_dags/example_xcomargs.py
[2025-05-19 08:59:04,430] {processor.py:642} INFO - Processing file /home/airflow/.local/lib/python3.6/site-packages/airflow/example_dags/example_xcomargs.py for tasks to queue
[2025-05-19 08:59:04,434] {logging_mixin.py:109} INFO - [2025-05-19 08:59:04,433] {dagbag.py:500} INFO - Filling up the DagBag from /home/airflow/.local/lib/python3.6/site-packages/airflow/example_dags/example_xcomargs.py
[2025-05-19 08:59:04,523] {processor.py:654} INFO - DAG(s) dict_keys(['example_xcom_args', 'example_xcom_args_with_operators']) retrieved from /home/airflow/.local/lib/python3.6/site-packages/airflow/example_dags/example_xcomargs.py
[2025-05-19 08:59:05,097] {logging_mixin.py:109} INFO - [2025-05-19 08:59:05,096] {dag.py:2396} INFO - Sync 2 DAGs
[2025-05-19 08:59:05,136] {logging_mixin.py:109} INFO - [2025-05-19 08:59:05,136] {dag.py:2935} INFO - Setting next_dagrun for example_xcom_args to None
[2025-05-19 08:59:05,138] {logging_mixin.py:109} INFO - [2025-05-19 08:59:05,137] {dag.py:2935} INFO - Setting next_dagrun for example_xcom_args_with_operators to None
[2025-05-19 08:59:05,159] {processor.py:171} INFO - Processing /home/airflow/.local/lib/python3.6/site-packages/airflow/example_dags/example_xcomargs.py took 0.768 seconds
[2025-05-19 08:59:35,533] {processor.py:163} INFO - Started process (PID=881) to work on /home/airflow/.local/lib/python3.6/site-packages/airflow/example_dags/example_xcomargs.py
[2025-05-19 08:59:35,537] {processor.py:642} INFO - Processing file /home/airflow/.local/lib/python3.6/site-packages/airflow/example_dags/example_xcomargs.py for tasks to queue
[2025-05-19 08:59:35,540] {logging_mixin.py:109} INFO - [2025-05-19 08:59:35,540] {dagbag.py:500} INFO - Filling up the DagBag from /home/airflow/.local/lib/python3.6/site-packages/airflow/example_dags/example_xcomargs.py
[2025-05-19 08:59:35,693] {processor.py:654} INFO - DAG(s) dict_keys(['example_xcom_args', 'example_xcom_args_with_operators']) retrieved from /home/airflow/.local/lib/python3.6/site-packages/airflow/example_dags/example_xcomargs.py
[2025-05-19 08:59:36,399] {logging_mixin.py:109} INFO - [2025-05-19 08:59:36,398] {dag.py:2396} INFO - Sync 2 DAGs
[2025-05-19 08:59:36,443] {logging_mixin.py:109} INFO - [2025-05-19 08:59:36,442] {dag.py:2935} INFO - Setting next_dagrun for example_xcom_args to None
[2025-05-19 08:59:36,444] {logging_mixin.py:109} INFO - [2025-05-19 08:59:36,444] {dag.py:2935} INFO - Setting next_dagrun for example_xcom_args_with_operators to None
[2025-05-19 08:59:36,468] {processor.py:171} INFO - Processing /home/airflow/.local/lib/python3.6/site-packages/airflow/example_dags/example_xcomargs.py took 0.952 seconds
[2025-05-19 09:00:06,594] {processor.py:163} INFO - Started process (PID=926) to work on /home/airflow/.local/lib/python3.6/site-packages/airflow/example_dags/example_xcomargs.py
[2025-05-19 09:00:06,597] {processor.py:642} INFO - Processing file /home/airflow/.local/lib/python3.6/site-packages/airflow/example_dags/example_xcomargs.py for tasks to queue
[2025-05-19 09:00:06,598] {logging_mixin.py:109} INFO - [2025-05-19 09:00:06,598] {dagbag.py:500} INFO - Filling up the DagBag from /home/airflow/.local/lib/python3.6/site-packages/airflow/example_dags/example_xcomargs.py
[2025-05-19 09:00:06,672] {processor.py:654} INFO - DAG(s) dict_keys(['example_xcom_args', 'example_xcom_args_with_operators']) retrieved from /home/airflow/.local/lib/python3.6/site-packages/airflow/example_dags/example_xcomargs.py
[2025-05-19 09:00:07,250] {logging_mixin.py:109} INFO - [2025-05-19 09:00:07,250] {dag.py:2396} INFO - Sync 2 DAGs
[2025-05-19 09:00:07,284] {logging_mixin.py:109} INFO - [2025-05-19 09:00:07,284] {dag.py:2935} INFO - Setting next_dagrun for example_xcom_args to None
[2025-05-19 09:00:07,285] {logging_mixin.py:109} INFO - [2025-05-19 09:00:07,285] {dag.py:2935} INFO - Setting next_dagrun for example_xcom_args_with_operators to None
[2025-05-19 09:00:07,306] {processor.py:171} INFO - Processing /home/airflow/.local/lib/python3.6/site-packages/airflow/example_dags/example_xcomargs.py took 0.719 seconds
[2025-05-19 09:00:38,080] {processor.py:163} INFO - Started process (PID=987) to work on /home/airflow/.local/lib/python3.6/site-packages/airflow/example_dags/example_xcomargs.py
[2025-05-19 09:00:38,083] {processor.py:642} INFO - Processing file /home/airflow/.local/lib/python3.6/site-packages/airflow/example_dags/example_xcomargs.py for tasks to queue
[2025-05-19 09:00:38,085] {logging_mixin.py:109} INFO - [2025-05-19 09:00:38,085] {dagbag.py:500} INFO - Filling up the DagBag from /home/airflow/.local/lib/python3.6/site-packages/airflow/example_dags/example_xcomargs.py
[2025-05-19 09:00:38,181] {processor.py:654} INFO - DAG(s) dict_keys(['example_xcom_args', 'example_xcom_args_with_operators']) retrieved from /home/airflow/.local/lib/python3.6/site-packages/airflow/example_dags/example_xcomargs.py
[2025-05-19 09:00:38,796] {logging_mixin.py:109} INFO - [2025-05-19 09:00:38,796] {dag.py:2396} INFO - Sync 2 DAGs
[2025-05-19 09:00:38,858] {logging_mixin.py:109} INFO - [2025-05-19 09:00:38,858] {dag.py:2935} INFO - Setting next_dagrun for example_xcom_args to None
[2025-05-19 09:00:38,860] {logging_mixin.py:109} INFO - [2025-05-19 09:00:38,859] {dag.py:2935} INFO - Setting next_dagrun for example_xcom_args_with_operators to None
[2025-05-19 09:00:38,899] {processor.py:171} INFO - Processing /home/airflow/.local/lib/python3.6/site-packages/airflow/example_dags/example_xcomargs.py took 0.826 seconds
[2025-05-19 09:01:09,650] {processor.py:163} INFO - Started process (PID=1039) to work on /home/airflow/.local/lib/python3.6/site-packages/airflow/example_dags/example_xcomargs.py
[2025-05-19 09:01:09,654] {processor.py:642} INFO - Processing file /home/airflow/.local/lib/python3.6/site-packages/airflow/example_dags/example_xcomargs.py for tasks to queue
[2025-05-19 09:01:09,655] {logging_mixin.py:109} INFO - [2025-05-19 09:01:09,655] {dagbag.py:500} INFO - Filling up the DagBag from /home/airflow/.local/lib/python3.6/site-packages/airflow/example_dags/example_xcomargs.py
[2025-05-19 09:01:09,764] {processor.py:654} INFO - DAG(s) dict_keys(['example_xcom_args', 'example_xcom_args_with_operators']) retrieved from /home/airflow/.local/lib/python3.6/site-packages/airflow/example_dags/example_xcomargs.py
[2025-05-19 09:01:10,454] {logging_mixin.py:109} INFO - [2025-05-19 09:01:10,454] {dag.py:2396} INFO - Sync 2 DAGs
[2025-05-19 09:01:10,507] {logging_mixin.py:109} INFO - [2025-05-19 09:01:10,507] {dag.py:2935} INFO - Setting next_dagrun for example_xcom_args to None
[2025-05-19 09:01:10,508] {logging_mixin.py:109} INFO - [2025-05-19 09:01:10,508] {dag.py:2935} INFO - Setting next_dagrun for example_xcom_args_with_operators to None
[2025-05-19 09:01:10,536] {processor.py:171} INFO - Processing /home/airflow/.local/lib/python3.6/site-packages/airflow/example_dags/example_xcomargs.py took 0.894 seconds
[2025-05-19 09:01:40,730] {processor.py:163} INFO - Started process (PID=1082) to work on /home/airflow/.local/lib/python3.6/site-packages/airflow/example_dags/example_xcomargs.py
[2025-05-19 09:01:40,734] {processor.py:642} INFO - Processing file /home/airflow/.local/lib/python3.6/site-packages/airflow/example_dags/example_xcomargs.py for tasks to queue
[2025-05-19 09:01:40,736] {logging_mixin.py:109} INFO - [2025-05-19 09:01:40,736] {dagbag.py:500} INFO - Filling up the DagBag from /home/airflow/.local/lib/python3.6/site-packages/airflow/example_dags/example_xcomargs.py
[2025-05-19 09:01:40,846] {processor.py:654} INFO - DAG(s) dict_keys(['example_xcom_args', 'example_xcom_args_with_operators']) retrieved from /home/airflow/.local/lib/python3.6/site-packages/airflow/example_dags/example_xcomargs.py
[2025-05-19 09:01:41,448] {logging_mixin.py:109} INFO - [2025-05-19 09:01:41,447] {dag.py:2396} INFO - Sync 2 DAGs
[2025-05-19 09:01:41,484] {logging_mixin.py:109} INFO - [2025-05-19 09:01:41,484] {dag.py:2935} INFO - Setting next_dagrun for example_xcom_args to None
[2025-05-19 09:01:41,486] {logging_mixin.py:109} INFO - [2025-05-19 09:01:41,485] {dag.py:2935} INFO - Setting next_dagrun for example_xcom_args_with_operators to None
[2025-05-19 09:01:41,510] {processor.py:171} INFO - Processing /home/airflow/.local/lib/python3.6/site-packages/airflow/example_dags/example_xcomargs.py took 0.797 seconds
[2025-05-19 09:02:13,590] {processor.py:163} INFO - Started process (PID=1134) to work on /home/airflow/.local/lib/python3.6/site-packages/airflow/example_dags/example_xcomargs.py
[2025-05-19 09:02:13,599] {processor.py:642} INFO - Processing file /home/airflow/.local/lib/python3.6/site-packages/airflow/example_dags/example_xcomargs.py for tasks to queue
[2025-05-19 09:02:13,604] {logging_mixin.py:109} INFO - [2025-05-19 09:02:13,602] {dagbag.py:500} INFO - Filling up the DagBag from /home/airflow/.local/lib/python3.6/site-packages/airflow/example_dags/example_xcomargs.py
[2025-05-19 09:02:13,819] {processor.py:654} INFO - DAG(s) dict_keys(['example_xcom_args', 'example_xcom_args_with_operators']) retrieved from /home/airflow/.local/lib/python3.6/site-packages/airflow/example_dags/example_xcomargs.py
[2025-05-19 09:02:15,206] {logging_mixin.py:109} INFO - [2025-05-19 09:02:15,205] {dag.py:2396} INFO - Sync 2 DAGs
[2025-05-19 09:02:15,319] {logging_mixin.py:109} INFO - [2025-05-19 09:02:15,318] {dag.py:2935} INFO - Setting next_dagrun for example_xcom_args to None
[2025-05-19 09:02:15,338] {logging_mixin.py:109} INFO - [2025-05-19 09:02:15,338] {dag.py:2935} INFO - Setting next_dagrun for example_xcom_args_with_operators to None
[2025-05-19 09:02:15,407] {processor.py:171} INFO - Processing /home/airflow/.local/lib/python3.6/site-packages/airflow/example_dags/example_xcomargs.py took 1.835 seconds
[2025-05-19 09:02:46,558] {processor.py:163} INFO - Started process (PID=1187) to work on /home/airflow/.local/lib/python3.6/site-packages/airflow/example_dags/example_xcomargs.py
[2025-05-19 09:02:46,565] {processor.py:642} INFO - Processing file /home/airflow/.local/lib/python3.6/site-packages/airflow/example_dags/example_xcomargs.py for tasks to queue
[2025-05-19 09:02:46,570] {logging_mixin.py:109} INFO - [2025-05-19 09:02:46,569] {dagbag.py:500} INFO - Filling up the DagBag from /home/airflow/.local/lib/python3.6/site-packages/airflow/example_dags/example_xcomargs.py
[2025-05-19 09:02:46,726] {processor.py:654} INFO - DAG(s) dict_keys(['example_xcom_args', 'example_xcom_args_with_operators']) retrieved from /home/airflow/.local/lib/python3.6/site-packages/airflow/example_dags/example_xcomargs.py
[2025-05-19 09:02:47,443] {logging_mixin.py:109} INFO - [2025-05-19 09:02:47,443] {dag.py:2396} INFO - Sync 2 DAGs
[2025-05-19 09:02:47,493] {logging_mixin.py:109} INFO - [2025-05-19 09:02:47,493] {dag.py:2935} INFO - Setting next_dagrun for example_xcom_args to None
[2025-05-19 09:02:47,495] {logging_mixin.py:109} INFO - [2025-05-19 09:02:47,495] {dag.py:2935} INFO - Setting next_dagrun for example_xcom_args_with_operators to None
[2025-05-19 09:02:47,519] {processor.py:171} INFO - Processing /home/airflow/.local/lib/python3.6/site-packages/airflow/example_dags/example_xcomargs.py took 0.973 seconds
[2025-05-19 09:03:17,696] {processor.py:163} INFO - Started process (PID=1239) to work on /home/airflow/.local/lib/python3.6/site-packages/airflow/example_dags/example_xcomargs.py
[2025-05-19 09:03:17,711] {processor.py:642} INFO - Processing file /home/airflow/.local/lib/python3.6/site-packages/airflow/example_dags/example_xcomargs.py for tasks to queue
[2025-05-19 09:03:17,713] {logging_mixin.py:109} INFO - [2025-05-19 09:03:17,713] {dagbag.py:500} INFO - Filling up the DagBag from /home/airflow/.local/lib/python3.6/site-packages/airflow/example_dags/example_xcomargs.py
[2025-05-19 09:03:17,895] {processor.py:654} INFO - DAG(s) dict_keys(['example_xcom_args', 'example_xcom_args_with_operators']) retrieved from /home/airflow/.local/lib/python3.6/site-packages/airflow/example_dags/example_xcomargs.py
[2025-05-19 09:03:19,454] {logging_mixin.py:109} INFO - [2025-05-19 09:03:19,454] {dag.py:2396} INFO - Sync 2 DAGs
[2025-05-19 09:03:19,588] {logging_mixin.py:109} INFO - [2025-05-19 09:03:19,587] {dag.py:2935} INFO - Setting next_dagrun for example_xcom_args to None
[2025-05-19 09:03:19,609] {logging_mixin.py:109} INFO - [2025-05-19 09:03:19,609] {dag.py:2935} INFO - Setting next_dagrun for example_xcom_args_with_operators to None
[2025-05-19 09:03:19,677] {processor.py:171} INFO - Processing /home/airflow/.local/lib/python3.6/site-packages/airflow/example_dags/example_xcomargs.py took 1.997 seconds
[2025-05-19 09:03:50,460] {processor.py:163} INFO - Started process (PID=1293) to work on /home/airflow/.local/lib/python3.6/site-packages/airflow/example_dags/example_xcomargs.py
[2025-05-19 09:03:50,462] {processor.py:642} INFO - Processing file /home/airflow/.local/lib/python3.6/site-packages/airflow/example_dags/example_xcomargs.py for tasks to queue
[2025-05-19 09:03:50,464] {logging_mixin.py:109} INFO - [2025-05-19 09:03:50,464] {dagbag.py:500} INFO - Filling up the DagBag from /home/airflow/.local/lib/python3.6/site-packages/airflow/example_dags/example_xcomargs.py
[2025-05-19 09:03:50,534] {processor.py:654} INFO - DAG(s) dict_keys(['example_xcom_args', 'example_xcom_args_with_operators']) retrieved from /home/airflow/.local/lib/python3.6/site-packages/airflow/example_dags/example_xcomargs.py
[2025-05-19 09:03:50,945] {logging_mixin.py:109} INFO - [2025-05-19 09:03:50,945] {dag.py:2396} INFO - Sync 2 DAGs
[2025-05-19 09:03:50,973] {logging_mixin.py:109} INFO - [2025-05-19 09:03:50,973] {dag.py:2935} INFO - Setting next_dagrun for example_xcom_args to None
[2025-05-19 09:03:50,975] {logging_mixin.py:109} INFO - [2025-05-19 09:03:50,975] {dag.py:2935} INFO - Setting next_dagrun for example_xcom_args_with_operators to None
[2025-05-19 09:03:51,015] {processor.py:171} INFO - Processing /home/airflow/.local/lib/python3.6/site-packages/airflow/example_dags/example_xcomargs.py took 0.560 seconds
[2025-05-19 09:04:21,296] {processor.py:163} INFO - Started process (PID=1345) to work on /home/airflow/.local/lib/python3.6/site-packages/airflow/example_dags/example_xcomargs.py
[2025-05-19 09:04:21,299] {processor.py:642} INFO - Processing file /home/airflow/.local/lib/python3.6/site-packages/airflow/example_dags/example_xcomargs.py for tasks to queue
[2025-05-19 09:04:21,301] {logging_mixin.py:109} INFO - [2025-05-19 09:04:21,300] {dagbag.py:500} INFO - Filling up the DagBag from /home/airflow/.local/lib/python3.6/site-packages/airflow/example_dags/example_xcomargs.py
[2025-05-19 09:04:21,413] {processor.py:654} INFO - DAG(s) dict_keys(['example_xcom_args', 'example_xcom_args_with_operators']) retrieved from /home/airflow/.local/lib/python3.6/site-packages/airflow/example_dags/example_xcomargs.py
[2025-05-19 09:04:22,042] {logging_mixin.py:109} INFO - [2025-05-19 09:04:22,042] {dag.py:2396} INFO - Sync 2 DAGs
[2025-05-19 09:04:22,082] {logging_mixin.py:109} INFO - [2025-05-19 09:04:22,081] {dag.py:2935} INFO - Setting next_dagrun for example_xcom_args to None
[2025-05-19 09:04:22,083] {logging_mixin.py:109} INFO - [2025-05-19 09:04:22,083] {dag.py:2935} INFO - Setting next_dagrun for example_xcom_args_with_operators to None
[2025-05-19 09:04:22,105] {processor.py:171} INFO - Processing /home/airflow/.local/lib/python3.6/site-packages/airflow/example_dags/example_xcomargs.py took 0.816 seconds
[2025-05-19 09:04:52,626] {processor.py:163} INFO - Started process (PID=1387) to work on /home/airflow/.local/lib/python3.6/site-packages/airflow/example_dags/example_xcomargs.py
[2025-05-19 09:04:52,634] {processor.py:642} INFO - Processing file /home/airflow/.local/lib/python3.6/site-packages/airflow/example_dags/example_xcomargs.py for tasks to queue
[2025-05-19 09:04:52,644] {logging_mixin.py:109} INFO - [2025-05-19 09:04:52,644] {dagbag.py:500} INFO - Filling up the DagBag from /home/airflow/.local/lib/python3.6/site-packages/airflow/example_dags/example_xcomargs.py
[2025-05-19 09:04:52,852] {processor.py:654} INFO - DAG(s) dict_keys(['example_xcom_args', 'example_xcom_args_with_operators']) retrieved from /home/airflow/.local/lib/python3.6/site-packages/airflow/example_dags/example_xcomargs.py
[2025-05-19 09:04:53,561] {logging_mixin.py:109} INFO - [2025-05-19 09:04:53,561] {dag.py:2396} INFO - Sync 2 DAGs
[2025-05-19 09:04:53,602] {logging_mixin.py:109} INFO - [2025-05-19 09:04:53,601] {dag.py:2935} INFO - Setting next_dagrun for example_xcom_args to None
[2025-05-19 09:04:53,603] {logging_mixin.py:109} INFO - [2025-05-19 09:04:53,603] {dag.py:2935} INFO - Setting next_dagrun for example_xcom_args_with_operators to None
[2025-05-19 09:04:53,636] {processor.py:171} INFO - Processing /home/airflow/.local/lib/python3.6/site-packages/airflow/example_dags/example_xcomargs.py took 1.030 seconds
[2025-05-19 09:05:24,247] {processor.py:163} INFO - Started process (PID=1440) to work on /home/airflow/.local/lib/python3.6/site-packages/airflow/example_dags/example_xcomargs.py
[2025-05-19 09:05:24,251] {processor.py:642} INFO - Processing file /home/airflow/.local/lib/python3.6/site-packages/airflow/example_dags/example_xcomargs.py for tasks to queue
[2025-05-19 09:05:24,253] {logging_mixin.py:109} INFO - [2025-05-19 09:05:24,253] {dagbag.py:500} INFO - Filling up the DagBag from /home/airflow/.local/lib/python3.6/site-packages/airflow/example_dags/example_xcomargs.py
[2025-05-19 09:05:24,348] {processor.py:654} INFO - DAG(s) dict_keys(['example_xcom_args', 'example_xcom_args_with_operators']) retrieved from /home/airflow/.local/lib/python3.6/site-packages/airflow/example_dags/example_xcomargs.py
[2025-05-19 09:05:25,001] {logging_mixin.py:109} INFO - [2025-05-19 09:05:25,000] {dag.py:2396} INFO - Sync 2 DAGs
[2025-05-19 09:05:25,043] {logging_mixin.py:109} INFO - [2025-05-19 09:05:25,043] {dag.py:2935} INFO - Setting next_dagrun for example_xcom_args to None
[2025-05-19 09:05:25,044] {logging_mixin.py:109} INFO - [2025-05-19 09:05:25,044] {dag.py:2935} INFO - Setting next_dagrun for example_xcom_args_with_operators to None
[2025-05-19 09:05:25,068] {processor.py:171} INFO - Processing /home/airflow/.local/lib/python3.6/site-packages/airflow/example_dags/example_xcomargs.py took 0.830 seconds
[2025-05-19 09:05:55,884] {processor.py:163} INFO - Started process (PID=1502) to work on /home/airflow/.local/lib/python3.6/site-packages/airflow/example_dags/example_xcomargs.py
[2025-05-19 09:05:55,893] {processor.py:642} INFO - Processing file /home/airflow/.local/lib/python3.6/site-packages/airflow/example_dags/example_xcomargs.py for tasks to queue
[2025-05-19 09:05:55,897] {logging_mixin.py:109} INFO - [2025-05-19 09:05:55,897] {dagbag.py:500} INFO - Filling up the DagBag from /home/airflow/.local/lib/python3.6/site-packages/airflow/example_dags/example_xcomargs.py
[2025-05-19 09:05:55,990] {processor.py:654} INFO - DAG(s) dict_keys(['example_xcom_args', 'example_xcom_args_with_operators']) retrieved from /home/airflow/.local/lib/python3.6/site-packages/airflow/example_dags/example_xcomargs.py
[2025-05-19 09:05:56,395] {logging_mixin.py:109} INFO - [2025-05-19 09:05:56,395] {dag.py:2396} INFO - Sync 2 DAGs
[2025-05-19 09:05:56,431] {logging_mixin.py:109} INFO - [2025-05-19 09:05:56,431] {dag.py:2935} INFO - Setting next_dagrun for example_xcom_args to None
[2025-05-19 09:05:56,432] {logging_mixin.py:109} INFO - [2025-05-19 09:05:56,432] {dag.py:2935} INFO - Setting next_dagrun for example_xcom_args_with_operators to None
[2025-05-19 09:05:56,455] {processor.py:171} INFO - Processing /home/airflow/.local/lib/python3.6/site-packages/airflow/example_dags/example_xcomargs.py took 0.579 seconds
[2025-05-19 09:06:26,704] {processor.py:163} INFO - Started process (PID=1554) to work on /home/airflow/.local/lib/python3.6/site-packages/airflow/example_dags/example_xcomargs.py
[2025-05-19 09:06:26,706] {processor.py:642} INFO - Processing file /home/airflow/.local/lib/python3.6/site-packages/airflow/example_dags/example_xcomargs.py for tasks to queue
[2025-05-19 09:06:26,708] {logging_mixin.py:109} INFO - [2025-05-19 09:06:26,708] {dagbag.py:500} INFO - Filling up the DagBag from /home/airflow/.local/lib/python3.6/site-packages/airflow/example_dags/example_xcomargs.py
[2025-05-19 09:06:26,760] {processor.py:654} INFO - DAG(s) dict_keys(['example_xcom_args', 'example_xcom_args_with_operators']) retrieved from /home/airflow/.local/lib/python3.6/site-packages/airflow/example_dags/example_xcomargs.py
[2025-05-19 09:06:26,779] {logging_mixin.py:109} INFO - [2025-05-19 09:06:26,779] {dag.py:2396} INFO - Sync 2 DAGs
[2025-05-19 09:06:26,816] {logging_mixin.py:109} INFO - [2025-05-19 09:06:26,816] {dag.py:2935} INFO - Setting next_dagrun for example_xcom_args to None
[2025-05-19 09:06:26,817] {logging_mixin.py:109} INFO - [2025-05-19 09:06:26,816] {dag.py:2935} INFO - Setting next_dagrun for example_xcom_args_with_operators to None
[2025-05-19 09:06:26,835] {processor.py:171} INFO - Processing /home/airflow/.local/lib/python3.6/site-packages/airflow/example_dags/example_xcomargs.py took 0.134 seconds
[2025-05-19 09:06:57,312] {processor.py:163} INFO - Started process (PID=1606) to work on /home/airflow/.local/lib/python3.6/site-packages/airflow/example_dags/example_xcomargs.py
[2025-05-19 09:06:57,314] {processor.py:642} INFO - Processing file /home/airflow/.local/lib/python3.6/site-packages/airflow/example_dags/example_xcomargs.py for tasks to queue
[2025-05-19 09:06:57,316] {logging_mixin.py:109} INFO - [2025-05-19 09:06:57,316] {dagbag.py:500} INFO - Filling up the DagBag from /home/airflow/.local/lib/python3.6/site-packages/airflow/example_dags/example_xcomargs.py
[2025-05-19 09:06:57,359] {processor.py:654} INFO - DAG(s) dict_keys(['example_xcom_args', 'example_xcom_args_with_operators']) retrieved from /home/airflow/.local/lib/python3.6/site-packages/airflow/example_dags/example_xcomargs.py
[2025-05-19 09:06:57,660] {logging_mixin.py:109} INFO - [2025-05-19 09:06:57,660] {dag.py:2396} INFO - Sync 2 DAGs
[2025-05-19 09:06:57,686] {logging_mixin.py:109} INFO - [2025-05-19 09:06:57,686] {dag.py:2935} INFO - Setting next_dagrun for example_xcom_args to None
[2025-05-19 09:06:57,687] {logging_mixin.py:109} INFO - [2025-05-19 09:06:57,687] {dag.py:2935} INFO - Setting next_dagrun for example_xcom_args_with_operators to None
[2025-05-19 09:06:57,703] {processor.py:171} INFO - Processing /home/airflow/.local/lib/python3.6/site-packages/airflow/example_dags/example_xcomargs.py took 0.394 seconds
[2025-05-19 09:07:27,816] {processor.py:163} INFO - Started process (PID=1668) to work on /home/airflow/.local/lib/python3.6/site-packages/airflow/example_dags/example_xcomargs.py
[2025-05-19 09:07:27,818] {processor.py:642} INFO - Processing file /home/airflow/.local/lib/python3.6/site-packages/airflow/example_dags/example_xcomargs.py for tasks to queue
[2025-05-19 09:07:27,819] {logging_mixin.py:109} INFO - [2025-05-19 09:07:27,818] {dagbag.py:500} INFO - Filling up the DagBag from /home/airflow/.local/lib/python3.6/site-packages/airflow/example_dags/example_xcomargs.py
[2025-05-19 09:07:27,858] {processor.py:654} INFO - DAG(s) dict_keys(['example_xcom_args', 'example_xcom_args_with_operators']) retrieved from /home/airflow/.local/lib/python3.6/site-packages/airflow/example_dags/example_xcomargs.py
[2025-05-19 09:07:28,070] {logging_mixin.py:109} INFO - [2025-05-19 09:07:28,070] {dag.py:2396} INFO - Sync 2 DAGs
[2025-05-19 09:07:28,089] {logging_mixin.py:109} INFO - [2025-05-19 09:07:28,089] {dag.py:2935} INFO - Setting next_dagrun for example_xcom_args to None
[2025-05-19 09:07:28,089] {logging_mixin.py:109} INFO - [2025-05-19 09:07:28,089] {dag.py:2935} INFO - Setting next_dagrun for example_xcom_args_with_operators to None
[2025-05-19 09:07:28,103] {processor.py:171} INFO - Processing /home/airflow/.local/lib/python3.6/site-packages/airflow/example_dags/example_xcomargs.py took 0.290 seconds
[2025-05-19 09:07:58,510] {processor.py:163} INFO - Started process (PID=1720) to work on /home/airflow/.local/lib/python3.6/site-packages/airflow/example_dags/example_xcomargs.py
[2025-05-19 09:07:58,511] {processor.py:642} INFO - Processing file /home/airflow/.local/lib/python3.6/site-packages/airflow/example_dags/example_xcomargs.py for tasks to queue
[2025-05-19 09:07:58,512] {logging_mixin.py:109} INFO - [2025-05-19 09:07:58,512] {dagbag.py:500} INFO - Filling up the DagBag from /home/airflow/.local/lib/python3.6/site-packages/airflow/example_dags/example_xcomargs.py
[2025-05-19 09:07:58,559] {processor.py:654} INFO - DAG(s) dict_keys(['example_xcom_args', 'example_xcom_args_with_operators']) retrieved from /home/airflow/.local/lib/python3.6/site-packages/airflow/example_dags/example_xcomargs.py
[2025-05-19 09:07:58,840] {logging_mixin.py:109} INFO - [2025-05-19 09:07:58,839] {dag.py:2396} INFO - Sync 2 DAGs
[2025-05-19 09:07:58,861] {logging_mixin.py:109} INFO - [2025-05-19 09:07:58,861] {dag.py:2935} INFO - Setting next_dagrun for example_xcom_args to None
[2025-05-19 09:07:58,862] {logging_mixin.py:109} INFO - [2025-05-19 09:07:58,862] {dag.py:2935} INFO - Setting next_dagrun for example_xcom_args_with_operators to None
[2025-05-19 09:07:58,878] {processor.py:171} INFO - Processing /home/airflow/.local/lib/python3.6/site-packages/airflow/example_dags/example_xcomargs.py took 0.372 seconds
[2025-05-19 09:08:29,698] {processor.py:163} INFO - Started process (PID=1782) to work on /home/airflow/.local/lib/python3.6/site-packages/airflow/example_dags/example_xcomargs.py
[2025-05-19 09:08:29,699] {processor.py:642} INFO - Processing file /home/airflow/.local/lib/python3.6/site-packages/airflow/example_dags/example_xcomargs.py for tasks to queue
[2025-05-19 09:08:29,700] {logging_mixin.py:109} INFO - [2025-05-19 09:08:29,700] {dagbag.py:500} INFO - Filling up the DagBag from /home/airflow/.local/lib/python3.6/site-packages/airflow/example_dags/example_xcomargs.py
[2025-05-19 09:08:29,744] {processor.py:654} INFO - DAG(s) dict_keys(['example_xcom_args', 'example_xcom_args_with_operators']) retrieved from /home/airflow/.local/lib/python3.6/site-packages/airflow/example_dags/example_xcomargs.py
[2025-05-19 09:08:30,023] {logging_mixin.py:109} INFO - [2025-05-19 09:08:30,023] {dag.py:2396} INFO - Sync 2 DAGs
[2025-05-19 09:08:30,046] {logging_mixin.py:109} INFO - [2025-05-19 09:08:30,046] {dag.py:2935} INFO - Setting next_dagrun for example_xcom_args to None
[2025-05-19 09:08:30,047] {logging_mixin.py:109} INFO - [2025-05-19 09:08:30,047] {dag.py:2935} INFO - Setting next_dagrun for example_xcom_args_with_operators to None
[2025-05-19 09:08:30,062] {processor.py:171} INFO - Processing /home/airflow/.local/lib/python3.6/site-packages/airflow/example_dags/example_xcomargs.py took 0.368 seconds
[2025-05-19 09:09:00,719] {processor.py:163} INFO - Started process (PID=1834) to work on /home/airflow/.local/lib/python3.6/site-packages/airflow/example_dags/example_xcomargs.py
[2025-05-19 09:09:00,721] {processor.py:642} INFO - Processing file /home/airflow/.local/lib/python3.6/site-packages/airflow/example_dags/example_xcomargs.py for tasks to queue
[2025-05-19 09:09:00,723] {logging_mixin.py:109} INFO - [2025-05-19 09:09:00,723] {dagbag.py:500} INFO - Filling up the DagBag from /home/airflow/.local/lib/python3.6/site-packages/airflow/example_dags/example_xcomargs.py
[2025-05-19 09:09:00,774] {processor.py:654} INFO - DAG(s) dict_keys(['example_xcom_args', 'example_xcom_args_with_operators']) retrieved from /home/airflow/.local/lib/python3.6/site-packages/airflow/example_dags/example_xcomargs.py
[2025-05-19 09:09:01,158] {logging_mixin.py:109} INFO - [2025-05-19 09:09:01,158] {dag.py:2396} INFO - Sync 2 DAGs
[2025-05-19 09:09:01,190] {logging_mixin.py:109} INFO - [2025-05-19 09:09:01,190] {dag.py:2935} INFO - Setting next_dagrun for example_xcom_args to None
[2025-05-19 09:09:01,191] {logging_mixin.py:109} INFO - [2025-05-19 09:09:01,191] {dag.py:2935} INFO - Setting next_dagrun for example_xcom_args_with_operators to None
[2025-05-19 09:09:01,213] {processor.py:171} INFO - Processing /home/airflow/.local/lib/python3.6/site-packages/airflow/example_dags/example_xcomargs.py took 0.498 seconds
[2025-05-19 09:09:31,376] {processor.py:163} INFO - Started process (PID=1896) to work on /home/airflow/.local/lib/python3.6/site-packages/airflow/example_dags/example_xcomargs.py
[2025-05-19 09:09:31,378] {processor.py:642} INFO - Processing file /home/airflow/.local/lib/python3.6/site-packages/airflow/example_dags/example_xcomargs.py for tasks to queue
[2025-05-19 09:09:31,380] {logging_mixin.py:109} INFO - [2025-05-19 09:09:31,380] {dagbag.py:500} INFO - Filling up the DagBag from /home/airflow/.local/lib/python3.6/site-packages/airflow/example_dags/example_xcomargs.py
[2025-05-19 09:09:31,453] {processor.py:654} INFO - DAG(s) dict_keys(['example_xcom_args', 'example_xcom_args_with_operators']) retrieved from /home/airflow/.local/lib/python3.6/site-packages/airflow/example_dags/example_xcomargs.py
[2025-05-19 09:09:31,891] {logging_mixin.py:109} INFO - [2025-05-19 09:09:31,891] {dag.py:2396} INFO - Sync 2 DAGs
[2025-05-19 09:09:31,924] {logging_mixin.py:109} INFO - [2025-05-19 09:09:31,924] {dag.py:2935} INFO - Setting next_dagrun for example_xcom_args to None
[2025-05-19 09:09:31,925] {logging_mixin.py:109} INFO - [2025-05-19 09:09:31,925] {dag.py:2935} INFO - Setting next_dagrun for example_xcom_args_with_operators to None
[2025-05-19 09:09:31,947] {processor.py:171} INFO - Processing /home/airflow/.local/lib/python3.6/site-packages/airflow/example_dags/example_xcomargs.py took 0.576 seconds
[2025-05-19 09:10:02,472] {processor.py:163} INFO - Started process (PID=1948) to work on /home/airflow/.local/lib/python3.6/site-packages/airflow/example_dags/example_xcomargs.py
[2025-05-19 09:10:02,474] {processor.py:642} INFO - Processing file /home/airflow/.local/lib/python3.6/site-packages/airflow/example_dags/example_xcomargs.py for tasks to queue
[2025-05-19 09:10:02,476] {logging_mixin.py:109} INFO - [2025-05-19 09:10:02,476] {dagbag.py:500} INFO - Filling up the DagBag from /home/airflow/.local/lib/python3.6/site-packages/airflow/example_dags/example_xcomargs.py
[2025-05-19 09:10:02,533] {processor.py:654} INFO - DAG(s) dict_keys(['example_xcom_args', 'example_xcom_args_with_operators']) retrieved from /home/airflow/.local/lib/python3.6/site-packages/airflow/example_dags/example_xcomargs.py
[2025-05-19 09:10:02,858] {logging_mixin.py:109} INFO - [2025-05-19 09:10:02,858] {dag.py:2396} INFO - Sync 2 DAGs
[2025-05-19 09:10:02,884] {logging_mixin.py:109} INFO - [2025-05-19 09:10:02,884] {dag.py:2935} INFO - Setting next_dagrun for example_xcom_args to None
[2025-05-19 09:10:02,885] {logging_mixin.py:109} INFO - [2025-05-19 09:10:02,885] {dag.py:2935} INFO - Setting next_dagrun for example_xcom_args_with_operators to None
[2025-05-19 09:10:02,903] {processor.py:171} INFO - Processing /home/airflow/.local/lib/python3.6/site-packages/airflow/example_dags/example_xcomargs.py took 0.436 seconds
[2025-05-19 09:10:33,850] {processor.py:163} INFO - Started process (PID=2000) to work on /home/airflow/.local/lib/python3.6/site-packages/airflow/example_dags/example_xcomargs.py
[2025-05-19 09:10:33,852] {processor.py:642} INFO - Processing file /home/airflow/.local/lib/python3.6/site-packages/airflow/example_dags/example_xcomargs.py for tasks to queue
[2025-05-19 09:10:33,853] {logging_mixin.py:109} INFO - [2025-05-19 09:10:33,853] {dagbag.py:500} INFO - Filling up the DagBag from /home/airflow/.local/lib/python3.6/site-packages/airflow/example_dags/example_xcomargs.py
[2025-05-19 09:10:33,919] {processor.py:654} INFO - DAG(s) dict_keys(['example_xcom_args', 'example_xcom_args_with_operators']) retrieved from /home/airflow/.local/lib/python3.6/site-packages/airflow/example_dags/example_xcomargs.py
[2025-05-19 09:10:34,366] {logging_mixin.py:109} INFO - [2025-05-19 09:10:34,366] {dag.py:2396} INFO - Sync 2 DAGs
[2025-05-19 09:10:34,405] {logging_mixin.py:109} INFO - [2025-05-19 09:10:34,404] {dag.py:2935} INFO - Setting next_dagrun for example_xcom_args to None
[2025-05-19 09:10:34,406] {logging_mixin.py:109} INFO - [2025-05-19 09:10:34,406] {dag.py:2935} INFO - Setting next_dagrun for example_xcom_args_with_operators to None
[2025-05-19 09:10:34,431] {processor.py:171} INFO - Processing /home/airflow/.local/lib/python3.6/site-packages/airflow/example_dags/example_xcomargs.py took 0.586 seconds
[2025-05-19 09:11:04,630] {processor.py:163} INFO - Started process (PID=2052) to work on /home/airflow/.local/lib/python3.6/site-packages/airflow/example_dags/example_xcomargs.py
[2025-05-19 09:11:04,644] {processor.py:642} INFO - Processing file /home/airflow/.local/lib/python3.6/site-packages/airflow/example_dags/example_xcomargs.py for tasks to queue
[2025-05-19 09:11:04,649] {logging_mixin.py:109} INFO - [2025-05-19 09:11:04,649] {dagbag.py:500} INFO - Filling up the DagBag from /home/airflow/.local/lib/python3.6/site-packages/airflow/example_dags/example_xcomargs.py
[2025-05-19 09:11:04,784] {processor.py:654} INFO - DAG(s) dict_keys(['example_xcom_args', 'example_xcom_args_with_operators']) retrieved from /home/airflow/.local/lib/python3.6/site-packages/airflow/example_dags/example_xcomargs.py
[2025-05-19 09:11:05,381] {logging_mixin.py:109} INFO - [2025-05-19 09:11:05,381] {dag.py:2396} INFO - Sync 2 DAGs
[2025-05-19 09:11:05,421] {logging_mixin.py:109} INFO - [2025-05-19 09:11:05,420] {dag.py:2935} INFO - Setting next_dagrun for example_xcom_args to None
[2025-05-19 09:11:05,422] {logging_mixin.py:109} INFO - [2025-05-19 09:11:05,422] {dag.py:2935} INFO - Setting next_dagrun for example_xcom_args_with_operators to None
[2025-05-19 09:11:05,450] {processor.py:171} INFO - Processing /home/airflow/.local/lib/python3.6/site-packages/airflow/example_dags/example_xcomargs.py took 0.833 seconds
[2025-05-19 09:11:35,519] {processor.py:163} INFO - Started process (PID=2115) to work on /home/airflow/.local/lib/python3.6/site-packages/airflow/example_dags/example_xcomargs.py
[2025-05-19 09:11:35,523] {processor.py:642} INFO - Processing file /home/airflow/.local/lib/python3.6/site-packages/airflow/example_dags/example_xcomargs.py for tasks to queue
[2025-05-19 09:11:35,526] {logging_mixin.py:109} INFO - [2025-05-19 09:11:35,525] {dagbag.py:500} INFO - Filling up the DagBag from /home/airflow/.local/lib/python3.6/site-packages/airflow/example_dags/example_xcomargs.py
[2025-05-19 09:11:35,625] {processor.py:654} INFO - DAG(s) dict_keys(['example_xcom_args', 'example_xcom_args_with_operators']) retrieved from /home/airflow/.local/lib/python3.6/site-packages/airflow/example_dags/example_xcomargs.py
[2025-05-19 09:11:36,178] {logging_mixin.py:109} INFO - [2025-05-19 09:11:36,177] {dag.py:2396} INFO - Sync 2 DAGs
[2025-05-19 09:11:36,214] {logging_mixin.py:109} INFO - [2025-05-19 09:11:36,214] {dag.py:2935} INFO - Setting next_dagrun for example_xcom_args to None
[2025-05-19 09:11:36,215] {logging_mixin.py:109} INFO - [2025-05-19 09:11:36,215] {dag.py:2935} INFO - Setting next_dagrun for example_xcom_args_with_operators to None
[2025-05-19 09:11:36,238] {processor.py:171} INFO - Processing /home/airflow/.local/lib/python3.6/site-packages/airflow/example_dags/example_xcomargs.py took 0.728 seconds
[2025-05-19 09:12:07,100] {processor.py:163} INFO - Started process (PID=2167) to work on /home/airflow/.local/lib/python3.6/site-packages/airflow/example_dags/example_xcomargs.py
[2025-05-19 09:12:07,102] {processor.py:642} INFO - Processing file /home/airflow/.local/lib/python3.6/site-packages/airflow/example_dags/example_xcomargs.py for tasks to queue
[2025-05-19 09:12:07,103] {logging_mixin.py:109} INFO - [2025-05-19 09:12:07,103] {dagbag.py:500} INFO - Filling up the DagBag from /home/airflow/.local/lib/python3.6/site-packages/airflow/example_dags/example_xcomargs.py
[2025-05-19 09:12:07,146] {processor.py:654} INFO - DAG(s) dict_keys(['example_xcom_args', 'example_xcom_args_with_operators']) retrieved from /home/airflow/.local/lib/python3.6/site-packages/airflow/example_dags/example_xcomargs.py
[2025-05-19 09:12:07,413] {logging_mixin.py:109} INFO - [2025-05-19 09:12:07,413] {dag.py:2396} INFO - Sync 2 DAGs
[2025-05-19 09:12:07,436] {logging_mixin.py:109} INFO - [2025-05-19 09:12:07,435] {dag.py:2935} INFO - Setting next_dagrun for example_xcom_args to None
[2025-05-19 09:12:07,437] {logging_mixin.py:109} INFO - [2025-05-19 09:12:07,436] {dag.py:2935} INFO - Setting next_dagrun for example_xcom_args_with_operators to None
[2025-05-19 09:12:07,452] {processor.py:171} INFO - Processing /home/airflow/.local/lib/python3.6/site-packages/airflow/example_dags/example_xcomargs.py took 0.358 seconds
[2025-05-19 09:12:37,714] {processor.py:163} INFO - Started process (PID=2219) to work on /home/airflow/.local/lib/python3.6/site-packages/airflow/example_dags/example_xcomargs.py
[2025-05-19 09:12:37,717] {processor.py:642} INFO - Processing file /home/airflow/.local/lib/python3.6/site-packages/airflow/example_dags/example_xcomargs.py for tasks to queue
[2025-05-19 09:12:37,719] {logging_mixin.py:109} INFO - [2025-05-19 09:12:37,719] {dagbag.py:500} INFO - Filling up the DagBag from /home/airflow/.local/lib/python3.6/site-packages/airflow/example_dags/example_xcomargs.py
[2025-05-19 09:12:37,805] {processor.py:654} INFO - DAG(s) dict_keys(['example_xcom_args', 'example_xcom_args_with_operators']) retrieved from /home/airflow/.local/lib/python3.6/site-packages/airflow/example_dags/example_xcomargs.py
[2025-05-19 09:12:38,299] {logging_mixin.py:109} INFO - [2025-05-19 09:12:38,299] {dag.py:2396} INFO - Sync 2 DAGs
[2025-05-19 09:12:38,338] {logging_mixin.py:109} INFO - [2025-05-19 09:12:38,338] {dag.py:2935} INFO - Setting next_dagrun for example_xcom_args to None
[2025-05-19 09:12:38,339] {logging_mixin.py:109} INFO - [2025-05-19 09:12:38,339] {dag.py:2935} INFO - Setting next_dagrun for example_xcom_args_with_operators to None
[2025-05-19 09:12:38,361] {processor.py:171} INFO - Processing /home/airflow/.local/lib/python3.6/site-packages/airflow/example_dags/example_xcomargs.py took 0.655 seconds
[2025-05-19 09:13:08,460] {processor.py:163} INFO - Started process (PID=2271) to work on /home/airflow/.local/lib/python3.6/site-packages/airflow/example_dags/example_xcomargs.py
[2025-05-19 09:13:08,462] {processor.py:642} INFO - Processing file /home/airflow/.local/lib/python3.6/site-packages/airflow/example_dags/example_xcomargs.py for tasks to queue
[2025-05-19 09:13:08,463] {logging_mixin.py:109} INFO - [2025-05-19 09:13:08,463] {dagbag.py:500} INFO - Filling up the DagBag from /home/airflow/.local/lib/python3.6/site-packages/airflow/example_dags/example_xcomargs.py
[2025-05-19 09:13:08,507] {processor.py:654} INFO - DAG(s) dict_keys(['example_xcom_args', 'example_xcom_args_with_operators']) retrieved from /home/airflow/.local/lib/python3.6/site-packages/airflow/example_dags/example_xcomargs.py
[2025-05-19 09:13:08,816] {logging_mixin.py:109} INFO - [2025-05-19 09:13:08,816] {dag.py:2396} INFO - Sync 2 DAGs
[2025-05-19 09:13:08,838] {logging_mixin.py:109} INFO - [2025-05-19 09:13:08,837] {dag.py:2935} INFO - Setting next_dagrun for example_xcom_args to None
[2025-05-19 09:13:08,838] {logging_mixin.py:109} INFO - [2025-05-19 09:13:08,838] {dag.py:2935} INFO - Setting next_dagrun for example_xcom_args_with_operators to None
[2025-05-19 09:13:08,851] {processor.py:171} INFO - Processing /home/airflow/.local/lib/python3.6/site-packages/airflow/example_dags/example_xcomargs.py took 0.394 seconds
[2025-05-19 09:13:40,021] {processor.py:163} INFO - Started process (PID=2326) to work on /home/airflow/.local/lib/python3.6/site-packages/airflow/example_dags/example_xcomargs.py
[2025-05-19 09:13:40,025] {processor.py:642} INFO - Processing file /home/airflow/.local/lib/python3.6/site-packages/airflow/example_dags/example_xcomargs.py for tasks to queue
[2025-05-19 09:13:40,031] {logging_mixin.py:109} INFO - [2025-05-19 09:13:40,031] {dagbag.py:500} INFO - Filling up the DagBag from /home/airflow/.local/lib/python3.6/site-packages/airflow/example_dags/example_xcomargs.py
[2025-05-19 09:13:40,265] {processor.py:654} INFO - DAG(s) dict_keys(['example_xcom_args', 'example_xcom_args_with_operators']) retrieved from /home/airflow/.local/lib/python3.6/site-packages/airflow/example_dags/example_xcomargs.py
[2025-05-19 09:13:42,114] {logging_mixin.py:109} INFO - [2025-05-19 09:13:42,114] {dag.py:2396} INFO - Sync 2 DAGs
[2025-05-19 09:13:42,216] {logging_mixin.py:109} INFO - [2025-05-19 09:13:42,216] {dag.py:2935} INFO - Setting next_dagrun for example_xcom_args to None
[2025-05-19 09:13:42,219] {logging_mixin.py:109} INFO - [2025-05-19 09:13:42,219] {dag.py:2935} INFO - Setting next_dagrun for example_xcom_args_with_operators to None
[2025-05-19 09:13:42,276] {processor.py:171} INFO - Processing /home/airflow/.local/lib/python3.6/site-packages/airflow/example_dags/example_xcomargs.py took 2.270 seconds
[2025-05-19 09:14:12,354] {processor.py:163} INFO - Started process (PID=2378) to work on /home/airflow/.local/lib/python3.6/site-packages/airflow/example_dags/example_xcomargs.py
[2025-05-19 09:14:12,357] {processor.py:642} INFO - Processing file /home/airflow/.local/lib/python3.6/site-packages/airflow/example_dags/example_xcomargs.py for tasks to queue
[2025-05-19 09:14:12,359] {logging_mixin.py:109} INFO - [2025-05-19 09:14:12,358] {dagbag.py:500} INFO - Filling up the DagBag from /home/airflow/.local/lib/python3.6/site-packages/airflow/example_dags/example_xcomargs.py
[2025-05-19 09:14:12,436] {processor.py:654} INFO - DAG(s) dict_keys(['example_xcom_args', 'example_xcom_args_with_operators']) retrieved from /home/airflow/.local/lib/python3.6/site-packages/airflow/example_dags/example_xcomargs.py
[2025-05-19 09:14:13,158] {logging_mixin.py:109} INFO - [2025-05-19 09:14:13,158] {dag.py:2396} INFO - Sync 2 DAGs
[2025-05-19 09:14:13,188] {logging_mixin.py:109} INFO - [2025-05-19 09:14:13,188] {dag.py:2935} INFO - Setting next_dagrun for example_xcom_args to None
[2025-05-19 09:14:13,189] {logging_mixin.py:109} INFO - [2025-05-19 09:14:13,189] {dag.py:2935} INFO - Setting next_dagrun for example_xcom_args_with_operators to None
[2025-05-19 09:14:13,208] {processor.py:171} INFO - Processing /home/airflow/.local/lib/python3.6/site-packages/airflow/example_dags/example_xcomargs.py took 0.860 seconds
[2025-05-19 19:33:55,378] {processor.py:163} INFO - Started process (PID=67) to work on /home/airflow/.local/lib/python3.6/site-packages/airflow/example_dags/example_xcomargs.py
[2025-05-19 19:33:55,388] {processor.py:642} INFO - Processing file /home/airflow/.local/lib/python3.6/site-packages/airflow/example_dags/example_xcomargs.py for tasks to queue
[2025-05-19 19:33:55,390] {logging_mixin.py:109} INFO - [2025-05-19 19:33:55,390] {dagbag.py:500} INFO - Filling up the DagBag from /home/airflow/.local/lib/python3.6/site-packages/airflow/example_dags/example_xcomargs.py
[2025-05-19 19:33:55,754] {processor.py:654} INFO - DAG(s) dict_keys(['example_xcom_args', 'example_xcom_args_with_operators']) retrieved from /home/airflow/.local/lib/python3.6/site-packages/airflow/example_dags/example_xcomargs.py
[2025-05-19 19:33:56,455] {logging_mixin.py:109} INFO - [2025-05-19 19:33:56,455] {dag.py:2396} INFO - Sync 2 DAGs
[2025-05-19 19:33:56,499] {logging_mixin.py:109} INFO - [2025-05-19 19:33:56,499] {dag.py:2935} INFO - Setting next_dagrun for example_xcom_args to None
[2025-05-19 19:33:56,502] {logging_mixin.py:109} INFO - [2025-05-19 19:33:56,502] {dag.py:2935} INFO - Setting next_dagrun for example_xcom_args_with_operators to None
[2025-05-19 19:33:56,549] {processor.py:171} INFO - Processing /home/airflow/.local/lib/python3.6/site-packages/airflow/example_dags/example_xcomargs.py took 1.181 seconds
[2025-05-19 19:34:28,285] {processor.py:163} INFO - Started process (PID=119) to work on /home/airflow/.local/lib/python3.6/site-packages/airflow/example_dags/example_xcomargs.py
[2025-05-19 19:34:28,312] {processor.py:642} INFO - Processing file /home/airflow/.local/lib/python3.6/site-packages/airflow/example_dags/example_xcomargs.py for tasks to queue
[2025-05-19 19:34:28,314] {logging_mixin.py:109} INFO - [2025-05-19 19:34:28,314] {dagbag.py:500} INFO - Filling up the DagBag from /home/airflow/.local/lib/python3.6/site-packages/airflow/example_dags/example_xcomargs.py
[2025-05-19 19:34:28,580] {processor.py:654} INFO - DAG(s) dict_keys(['example_xcom_args', 'example_xcom_args_with_operators']) retrieved from /home/airflow/.local/lib/python3.6/site-packages/airflow/example_dags/example_xcomargs.py
[2025-05-19 19:34:30,390] {logging_mixin.py:109} INFO - [2025-05-19 19:34:30,389] {dag.py:2396} INFO - Sync 2 DAGs
[2025-05-19 19:34:30,565] {logging_mixin.py:109} INFO - [2025-05-19 19:34:30,564] {dag.py:2935} INFO - Setting next_dagrun for example_xcom_args to None
[2025-05-19 19:34:30,568] {logging_mixin.py:109} INFO - [2025-05-19 19:34:30,567] {dag.py:2935} INFO - Setting next_dagrun for example_xcom_args_with_operators to None
[2025-05-19 19:34:30,926] {processor.py:171} INFO - Processing /home/airflow/.local/lib/python3.6/site-packages/airflow/example_dags/example_xcomargs.py took 2.655 seconds
[2025-05-19 19:35:01,357] {processor.py:163} INFO - Started process (PID=174) to work on /home/airflow/.local/lib/python3.6/site-packages/airflow/example_dags/example_xcomargs.py
[2025-05-19 19:35:01,359] {processor.py:642} INFO - Processing file /home/airflow/.local/lib/python3.6/site-packages/airflow/example_dags/example_xcomargs.py for tasks to queue
[2025-05-19 19:35:01,361] {logging_mixin.py:109} INFO - [2025-05-19 19:35:01,361] {dagbag.py:500} INFO - Filling up the DagBag from /home/airflow/.local/lib/python3.6/site-packages/airflow/example_dags/example_xcomargs.py
[2025-05-19 19:35:01,503] {processor.py:654} INFO - DAG(s) dict_keys(['example_xcom_args', 'example_xcom_args_with_operators']) retrieved from /home/airflow/.local/lib/python3.6/site-packages/airflow/example_dags/example_xcomargs.py
[2025-05-19 19:35:02,378] {logging_mixin.py:109} INFO - [2025-05-19 19:35:02,378] {dag.py:2396} INFO - Sync 2 DAGs
[2025-05-19 19:35:02,422] {logging_mixin.py:109} INFO - [2025-05-19 19:35:02,422] {dag.py:2935} INFO - Setting next_dagrun for example_xcom_args to None
[2025-05-19 19:35:02,423] {logging_mixin.py:109} INFO - [2025-05-19 19:35:02,423] {dag.py:2935} INFO - Setting next_dagrun for example_xcom_args_with_operators to None
[2025-05-19 19:35:02,446] {processor.py:171} INFO - Processing /home/airflow/.local/lib/python3.6/site-packages/airflow/example_dags/example_xcomargs.py took 1.095 seconds
[2025-05-19 19:35:33,042] {processor.py:163} INFO - Started process (PID=217) to work on /home/airflow/.local/lib/python3.6/site-packages/airflow/example_dags/example_xcomargs.py
[2025-05-19 19:35:33,045] {processor.py:642} INFO - Processing file /home/airflow/.local/lib/python3.6/site-packages/airflow/example_dags/example_xcomargs.py for tasks to queue
[2025-05-19 19:35:33,046] {logging_mixin.py:109} INFO - [2025-05-19 19:35:33,046] {dagbag.py:500} INFO - Filling up the DagBag from /home/airflow/.local/lib/python3.6/site-packages/airflow/example_dags/example_xcomargs.py
[2025-05-19 19:35:33,132] {processor.py:654} INFO - DAG(s) dict_keys(['example_xcom_args', 'example_xcom_args_with_operators']) retrieved from /home/airflow/.local/lib/python3.6/site-packages/airflow/example_dags/example_xcomargs.py
[2025-05-19 19:35:33,867] {logging_mixin.py:109} INFO - [2025-05-19 19:35:33,866] {dag.py:2396} INFO - Sync 2 DAGs
[2025-05-19 19:35:33,901] {logging_mixin.py:109} INFO - [2025-05-19 19:35:33,901] {dag.py:2935} INFO - Setting next_dagrun for example_xcom_args to None
[2025-05-19 19:35:33,902] {logging_mixin.py:109} INFO - [2025-05-19 19:35:33,902] {dag.py:2935} INFO - Setting next_dagrun for example_xcom_args_with_operators to None
[2025-05-19 19:35:33,923] {processor.py:171} INFO - Processing /home/airflow/.local/lib/python3.6/site-packages/airflow/example_dags/example_xcomargs.py took 0.886 seconds
[2025-05-19 19:36:04,068] {processor.py:163} INFO - Started process (PID=272) to work on /home/airflow/.local/lib/python3.6/site-packages/airflow/example_dags/example_xcomargs.py
[2025-05-19 19:36:04,069] {processor.py:642} INFO - Processing file /home/airflow/.local/lib/python3.6/site-packages/airflow/example_dags/example_xcomargs.py for tasks to queue
[2025-05-19 19:36:04,071] {logging_mixin.py:109} INFO - [2025-05-19 19:36:04,071] {dagbag.py:500} INFO - Filling up the DagBag from /home/airflow/.local/lib/python3.6/site-packages/airflow/example_dags/example_xcomargs.py
[2025-05-19 19:36:04,168] {processor.py:654} INFO - DAG(s) dict_keys(['example_xcom_args', 'example_xcom_args_with_operators']) retrieved from /home/airflow/.local/lib/python3.6/site-packages/airflow/example_dags/example_xcomargs.py
[2025-05-19 19:36:04,730] {logging_mixin.py:109} INFO - [2025-05-19 19:36:04,730] {dag.py:2396} INFO - Sync 2 DAGs
[2025-05-19 19:36:04,755] {logging_mixin.py:109} INFO - [2025-05-19 19:36:04,755] {dag.py:2935} INFO - Setting next_dagrun for example_xcom_args to None
[2025-05-19 19:36:04,756] {logging_mixin.py:109} INFO - [2025-05-19 19:36:04,756] {dag.py:2935} INFO - Setting next_dagrun for example_xcom_args_with_operators to None
[2025-05-19 19:36:04,773] {processor.py:171} INFO - Processing /home/airflow/.local/lib/python3.6/site-packages/airflow/example_dags/example_xcomargs.py took 0.709 seconds
[2025-05-19 19:36:35,690] {processor.py:163} INFO - Started process (PID=335) to work on /home/airflow/.local/lib/python3.6/site-packages/airflow/example_dags/example_xcomargs.py
[2025-05-19 19:36:35,697] {processor.py:642} INFO - Processing file /home/airflow/.local/lib/python3.6/site-packages/airflow/example_dags/example_xcomargs.py for tasks to queue
[2025-05-19 19:36:35,699] {logging_mixin.py:109} INFO - [2025-05-19 19:36:35,699] {dagbag.py:500} INFO - Filling up the DagBag from /home/airflow/.local/lib/python3.6/site-packages/airflow/example_dags/example_xcomargs.py
[2025-05-19 19:36:35,848] {processor.py:654} INFO - DAG(s) dict_keys(['example_xcom_args', 'example_xcom_args_with_operators']) retrieved from /home/airflow/.local/lib/python3.6/site-packages/airflow/example_dags/example_xcomargs.py
[2025-05-19 19:36:36,285] {logging_mixin.py:109} INFO - [2025-05-19 19:36:36,284] {dag.py:2396} INFO - Sync 2 DAGs
[2025-05-19 19:36:36,310] {logging_mixin.py:109} INFO - [2025-05-19 19:36:36,310] {dag.py:2935} INFO - Setting next_dagrun for example_xcom_args to None
[2025-05-19 19:36:36,311] {logging_mixin.py:109} INFO - [2025-05-19 19:36:36,311] {dag.py:2935} INFO - Setting next_dagrun for example_xcom_args_with_operators to None
[2025-05-19 19:36:36,331] {processor.py:171} INFO - Processing /home/airflow/.local/lib/python3.6/site-packages/airflow/example_dags/example_xcomargs.py took 0.651 seconds
[2025-05-19 19:37:06,978] {processor.py:163} INFO - Started process (PID=389) to work on /home/airflow/.local/lib/python3.6/site-packages/airflow/example_dags/example_xcomargs.py
[2025-05-19 19:37:06,980] {processor.py:642} INFO - Processing file /home/airflow/.local/lib/python3.6/site-packages/airflow/example_dags/example_xcomargs.py for tasks to queue
[2025-05-19 19:37:06,981] {logging_mixin.py:109} INFO - [2025-05-19 19:37:06,981] {dagbag.py:500} INFO - Filling up the DagBag from /home/airflow/.local/lib/python3.6/site-packages/airflow/example_dags/example_xcomargs.py
[2025-05-19 19:37:07,031] {processor.py:654} INFO - DAG(s) dict_keys(['example_xcom_args', 'example_xcom_args_with_operators']) retrieved from /home/airflow/.local/lib/python3.6/site-packages/airflow/example_dags/example_xcomargs.py
[2025-05-19 19:37:07,497] {logging_mixin.py:109} INFO - [2025-05-19 19:37:07,497] {dag.py:2396} INFO - Sync 2 DAGs
[2025-05-19 19:37:07,547] {logging_mixin.py:109} INFO - [2025-05-19 19:37:07,546] {dag.py:2935} INFO - Setting next_dagrun for example_xcom_args to None
[2025-05-19 19:37:07,551] {logging_mixin.py:109} INFO - [2025-05-19 19:37:07,551] {dag.py:2935} INFO - Setting next_dagrun for example_xcom_args_with_operators to None
[2025-05-19 19:37:07,581] {processor.py:171} INFO - Processing /home/airflow/.local/lib/python3.6/site-packages/airflow/example_dags/example_xcomargs.py took 0.608 seconds
