[2025-05-19 08:54:06,051] {processor.py:163} INFO - Started process (PID=286) to work on /home/airflow/.local/lib/python3.6/site-packages/airflow/example_dags/example_branch_operator.py
[2025-05-19 08:54:06,063] {processor.py:642} INFO - Processing file /home/airflow/.local/lib/python3.6/site-packages/airflow/example_dags/example_branch_operator.py for tasks to queue
[2025-05-19 08:54:06,072] {logging_mixin.py:109} INFO - [2025-05-19 08:54:06,072] {dagbag.py:500} INFO - Filling up the DagBag from /home/airflow/.local/lib/python3.6/site-packages/airflow/example_dags/example_branch_operator.py
[2025-05-19 08:54:06,563] {processor.py:654} INFO - DAG(s) dict_keys(['example_branch_operator']) retrieved from /home/airflow/.local/lib/python3.6/site-packages/airflow/example_dags/example_branch_operator.py
[2025-05-19 08:54:16,003] {logging_mixin.py:109} INFO - [2025-05-19 08:54:16,002] {manager.py:496} INFO - Created Permission View: can read on DAG:example_branch_operator
[2025-05-19 08:54:16,083] {logging_mixin.py:109} INFO - [2025-05-19 08:54:16,082] {manager.py:496} INFO - Created Permission View: can edit on DAG:example_branch_operator
[2025-05-19 08:54:16,101] {logging_mixin.py:109} INFO - [2025-05-19 08:54:16,086] {dag.py:2396} INFO - Sync 1 DAGs
[2025-05-19 08:54:16,191] {logging_mixin.py:109} INFO - [2025-05-19 08:54:16,175] {dag.py:2415} INFO - Creating ORM DAG for example_branch_operator
[2025-05-19 08:54:16,240] {logging_mixin.py:109} INFO - [2025-05-19 08:54:16,240] {dag.py:2935} INFO - Setting next_dagrun for example_branch_operator to 2025-05-18 00:00:00+00:00
[2025-05-19 08:54:16,333] {processor.py:171} INFO - Processing /home/airflow/.local/lib/python3.6/site-packages/airflow/example_dags/example_branch_operator.py took 11.985 seconds
[2025-05-19 08:55:26,467] {processor.py:163} INFO - Started process (PID=460) to work on /home/airflow/.local/lib/python3.6/site-packages/airflow/example_dags/example_branch_operator.py
[2025-05-19 08:55:26,473] {processor.py:642} INFO - Processing file /home/airflow/.local/lib/python3.6/site-packages/airflow/example_dags/example_branch_operator.py for tasks to queue
[2025-05-19 08:55:26,477] {logging_mixin.py:109} INFO - [2025-05-19 08:55:26,477] {dagbag.py:500} INFO - Filling up the DagBag from /home/airflow/.local/lib/python3.6/site-packages/airflow/example_dags/example_branch_operator.py
[2025-05-19 08:55:26,642] {processor.py:654} INFO - DAG(s) dict_keys(['example_branch_operator']) retrieved from /home/airflow/.local/lib/python3.6/site-packages/airflow/example_dags/example_branch_operator.py
[2025-05-19 08:55:26,697] {logging_mixin.py:109} INFO - [2025-05-19 08:55:26,696] {dag.py:2396} INFO - Sync 1 DAGs
[2025-05-19 08:55:26,799] {logging_mixin.py:109} INFO - [2025-05-19 08:55:26,798] {dag.py:2935} INFO - Setting next_dagrun for example_branch_operator to 2025-05-18 00:00:00+00:00
[2025-05-19 08:55:26,846] {processor.py:171} INFO - Processing /home/airflow/.local/lib/python3.6/site-packages/airflow/example_dags/example_branch_operator.py took 0.408 seconds
[2025-05-19 08:55:59,265] {processor.py:163} INFO - Started process (PID=503) to work on /home/airflow/.local/lib/python3.6/site-packages/airflow/example_dags/example_branch_operator.py
[2025-05-19 08:55:59,279] {processor.py:642} INFO - Processing file /home/airflow/.local/lib/python3.6/site-packages/airflow/example_dags/example_branch_operator.py for tasks to queue
[2025-05-19 08:55:59,296] {logging_mixin.py:109} INFO - [2025-05-19 08:55:59,296] {dagbag.py:500} INFO - Filling up the DagBag from /home/airflow/.local/lib/python3.6/site-packages/airflow/example_dags/example_branch_operator.py
[2025-05-19 08:55:59,449] {processor.py:654} INFO - DAG(s) dict_keys(['example_branch_operator']) retrieved from /home/airflow/.local/lib/python3.6/site-packages/airflow/example_dags/example_branch_operator.py
[2025-05-19 08:55:59,511] {logging_mixin.py:109} INFO - [2025-05-19 08:55:59,511] {dag.py:2396} INFO - Sync 1 DAGs
[2025-05-19 08:55:59,634] {logging_mixin.py:109} INFO - [2025-05-19 08:55:59,633] {dag.py:2935} INFO - Setting next_dagrun for example_branch_operator to 2025-05-18 00:00:00+00:00
[2025-05-19 08:55:59,685] {processor.py:171} INFO - Processing /home/airflow/.local/lib/python3.6/site-packages/airflow/example_dags/example_branch_operator.py took 0.438 seconds
[2025-05-19 08:56:30,243] {processor.py:163} INFO - Started process (PID=555) to work on /home/airflow/.local/lib/python3.6/site-packages/airflow/example_dags/example_branch_operator.py
[2025-05-19 08:56:30,247] {processor.py:642} INFO - Processing file /home/airflow/.local/lib/python3.6/site-packages/airflow/example_dags/example_branch_operator.py for tasks to queue
[2025-05-19 08:56:30,250] {logging_mixin.py:109} INFO - [2025-05-19 08:56:30,249] {dagbag.py:500} INFO - Filling up the DagBag from /home/airflow/.local/lib/python3.6/site-packages/airflow/example_dags/example_branch_operator.py
[2025-05-19 08:56:30,352] {processor.py:654} INFO - DAG(s) dict_keys(['example_branch_operator']) retrieved from /home/airflow/.local/lib/python3.6/site-packages/airflow/example_dags/example_branch_operator.py
[2025-05-19 08:56:30,415] {logging_mixin.py:109} INFO - [2025-05-19 08:56:30,414] {dag.py:2396} INFO - Sync 1 DAGs
[2025-05-19 08:56:30,555] {logging_mixin.py:109} INFO - [2025-05-19 08:56:30,555] {dag.py:2935} INFO - Setting next_dagrun for example_branch_operator to 2025-05-18 00:00:00+00:00
[2025-05-19 08:56:30,620] {processor.py:171} INFO - Processing /home/airflow/.local/lib/python3.6/site-packages/airflow/example_dags/example_branch_operator.py took 0.387 seconds
[2025-05-19 08:57:00,891] {processor.py:163} INFO - Started process (PID=607) to work on /home/airflow/.local/lib/python3.6/site-packages/airflow/example_dags/example_branch_operator.py
[2025-05-19 08:57:00,895] {processor.py:642} INFO - Processing file /home/airflow/.local/lib/python3.6/site-packages/airflow/example_dags/example_branch_operator.py for tasks to queue
[2025-05-19 08:57:00,898] {logging_mixin.py:109} INFO - [2025-05-19 08:57:00,898] {dagbag.py:500} INFO - Filling up the DagBag from /home/airflow/.local/lib/python3.6/site-packages/airflow/example_dags/example_branch_operator.py
[2025-05-19 08:57:01,034] {processor.py:654} INFO - DAG(s) dict_keys(['example_branch_operator']) retrieved from /home/airflow/.local/lib/python3.6/site-packages/airflow/example_dags/example_branch_operator.py
[2025-05-19 08:57:01,068] {logging_mixin.py:109} INFO - [2025-05-19 08:57:01,068] {dag.py:2396} INFO - Sync 1 DAGs
[2025-05-19 08:57:01,121] {logging_mixin.py:109} INFO - [2025-05-19 08:57:01,121] {dag.py:2935} INFO - Setting next_dagrun for example_branch_operator to 2025-05-18 00:00:00+00:00
[2025-05-19 08:56:59,336] {processor.py:171} INFO - Processing /home/airflow/.local/lib/python3.6/site-packages/airflow/example_dags/example_branch_operator.py took 0.289 seconds
[2025-05-19 08:57:29,963] {processor.py:163} INFO - Started process (PID=655) to work on /home/airflow/.local/lib/python3.6/site-packages/airflow/example_dags/example_branch_operator.py
[2025-05-19 08:57:29,966] {processor.py:642} INFO - Processing file /home/airflow/.local/lib/python3.6/site-packages/airflow/example_dags/example_branch_operator.py for tasks to queue
[2025-05-19 08:57:29,967] {logging_mixin.py:109} INFO - [2025-05-19 08:57:29,967] {dagbag.py:500} INFO - Filling up the DagBag from /home/airflow/.local/lib/python3.6/site-packages/airflow/example_dags/example_branch_operator.py
[2025-05-19 08:57:30,029] {processor.py:654} INFO - DAG(s) dict_keys(['example_branch_operator']) retrieved from /home/airflow/.local/lib/python3.6/site-packages/airflow/example_dags/example_branch_operator.py
[2025-05-19 08:57:30,051] {logging_mixin.py:109} INFO - [2025-05-19 08:57:30,051] {dag.py:2396} INFO - Sync 1 DAGs
[2025-05-19 08:57:30,096] {logging_mixin.py:109} INFO - [2025-05-19 08:57:30,096] {dag.py:2935} INFO - Setting next_dagrun for example_branch_operator to 2025-05-18 00:00:00+00:00
[2025-05-19 08:57:30,124] {processor.py:171} INFO - Processing /home/airflow/.local/lib/python3.6/site-packages/airflow/example_dags/example_branch_operator.py took 0.169 seconds
[2025-05-19 08:58:00,343] {processor.py:163} INFO - Started process (PID=707) to work on /home/airflow/.local/lib/python3.6/site-packages/airflow/example_dags/example_branch_operator.py
[2025-05-19 08:58:00,346] {processor.py:642} INFO - Processing file /home/airflow/.local/lib/python3.6/site-packages/airflow/example_dags/example_branch_operator.py for tasks to queue
[2025-05-19 08:58:00,348] {logging_mixin.py:109} INFO - [2025-05-19 08:58:00,348] {dagbag.py:500} INFO - Filling up the DagBag from /home/airflow/.local/lib/python3.6/site-packages/airflow/example_dags/example_branch_operator.py
[2025-05-19 08:58:00,421] {processor.py:654} INFO - DAG(s) dict_keys(['example_branch_operator']) retrieved from /home/airflow/.local/lib/python3.6/site-packages/airflow/example_dags/example_branch_operator.py
[2025-05-19 08:58:00,451] {logging_mixin.py:109} INFO - [2025-05-19 08:58:00,451] {dag.py:2396} INFO - Sync 1 DAGs
[2025-05-19 08:58:00,493] {logging_mixin.py:109} INFO - [2025-05-19 08:58:00,492] {dag.py:2935} INFO - Setting next_dagrun for example_branch_operator to 2025-05-18 00:00:00+00:00
[2025-05-19 08:58:00,511] {processor.py:171} INFO - Processing /home/airflow/.local/lib/python3.6/site-packages/airflow/example_dags/example_branch_operator.py took 0.176 seconds
[2025-05-19 08:58:30,593] {processor.py:163} INFO - Started process (PID=759) to work on /home/airflow/.local/lib/python3.6/site-packages/airflow/example_dags/example_branch_operator.py
[2025-05-19 08:58:30,597] {processor.py:642} INFO - Processing file /home/airflow/.local/lib/python3.6/site-packages/airflow/example_dags/example_branch_operator.py for tasks to queue
[2025-05-19 08:58:30,599] {logging_mixin.py:109} INFO - [2025-05-19 08:58:30,598] {dagbag.py:500} INFO - Filling up the DagBag from /home/airflow/.local/lib/python3.6/site-packages/airflow/example_dags/example_branch_operator.py
[2025-05-19 08:58:30,679] {processor.py:654} INFO - DAG(s) dict_keys(['example_branch_operator']) retrieved from /home/airflow/.local/lib/python3.6/site-packages/airflow/example_dags/example_branch_operator.py
[2025-05-19 08:58:30,715] {logging_mixin.py:109} INFO - [2025-05-19 08:58:30,715] {dag.py:2396} INFO - Sync 1 DAGs
[2025-05-19 08:58:30,772] {logging_mixin.py:109} INFO - [2025-05-19 08:58:30,772] {dag.py:2935} INFO - Setting next_dagrun for example_branch_operator to 2025-05-18 00:00:00+00:00
[2025-05-19 08:58:30,793] {processor.py:171} INFO - Processing /home/airflow/.local/lib/python3.6/site-packages/airflow/example_dags/example_branch_operator.py took 0.206 seconds
[2025-05-19 08:59:01,549] {processor.py:163} INFO - Started process (PID=811) to work on /home/airflow/.local/lib/python3.6/site-packages/airflow/example_dags/example_branch_operator.py
[2025-05-19 08:59:01,552] {processor.py:642} INFO - Processing file /home/airflow/.local/lib/python3.6/site-packages/airflow/example_dags/example_branch_operator.py for tasks to queue
[2025-05-19 08:59:01,554] {logging_mixin.py:109} INFO - [2025-05-19 08:59:01,554] {dagbag.py:500} INFO - Filling up the DagBag from /home/airflow/.local/lib/python3.6/site-packages/airflow/example_dags/example_branch_operator.py
[2025-05-19 08:59:01,616] {processor.py:654} INFO - DAG(s) dict_keys(['example_branch_operator']) retrieved from /home/airflow/.local/lib/python3.6/site-packages/airflow/example_dags/example_branch_operator.py
[2025-05-19 08:59:01,639] {logging_mixin.py:109} INFO - [2025-05-19 08:59:01,639] {dag.py:2396} INFO - Sync 1 DAGs
[2025-05-19 08:59:01,676] {logging_mixin.py:109} INFO - [2025-05-19 08:59:01,676] {dag.py:2935} INFO - Setting next_dagrun for example_branch_operator to 2025-05-18 00:00:00+00:00
[2025-05-19 08:59:01,693] {processor.py:171} INFO - Processing /home/airflow/.local/lib/python3.6/site-packages/airflow/example_dags/example_branch_operator.py took 0.150 seconds
[2025-05-19 08:59:32,556] {processor.py:163} INFO - Started process (PID=863) to work on /home/airflow/.local/lib/python3.6/site-packages/airflow/example_dags/example_branch_operator.py
[2025-05-19 08:59:32,559] {processor.py:642} INFO - Processing file /home/airflow/.local/lib/python3.6/site-packages/airflow/example_dags/example_branch_operator.py for tasks to queue
[2025-05-19 08:59:32,561] {logging_mixin.py:109} INFO - [2025-05-19 08:59:32,561] {dagbag.py:500} INFO - Filling up the DagBag from /home/airflow/.local/lib/python3.6/site-packages/airflow/example_dags/example_branch_operator.py
[2025-05-19 08:59:32,624] {processor.py:654} INFO - DAG(s) dict_keys(['example_branch_operator']) retrieved from /home/airflow/.local/lib/python3.6/site-packages/airflow/example_dags/example_branch_operator.py
[2025-05-19 08:59:32,651] {logging_mixin.py:109} INFO - [2025-05-19 08:59:32,651] {dag.py:2396} INFO - Sync 1 DAGs
[2025-05-19 08:59:32,701] {logging_mixin.py:109} INFO - [2025-05-19 08:59:32,700] {dag.py:2935} INFO - Setting next_dagrun for example_branch_operator to 2025-05-18 00:00:00+00:00
[2025-05-19 08:59:32,724] {processor.py:171} INFO - Processing /home/airflow/.local/lib/python3.6/site-packages/airflow/example_dags/example_branch_operator.py took 0.177 seconds
[2025-05-19 09:00:04,054] {processor.py:163} INFO - Started process (PID=916) to work on /home/airflow/.local/lib/python3.6/site-packages/airflow/example_dags/example_branch_operator.py
[2025-05-19 09:00:04,057] {processor.py:642} INFO - Processing file /home/airflow/.local/lib/python3.6/site-packages/airflow/example_dags/example_branch_operator.py for tasks to queue
[2025-05-19 09:00:04,059] {logging_mixin.py:109} INFO - [2025-05-19 09:00:04,058] {dagbag.py:500} INFO - Filling up the DagBag from /home/airflow/.local/lib/python3.6/site-packages/airflow/example_dags/example_branch_operator.py
[2025-05-19 09:00:04,132] {processor.py:654} INFO - DAG(s) dict_keys(['example_branch_operator']) retrieved from /home/airflow/.local/lib/python3.6/site-packages/airflow/example_dags/example_branch_operator.py
[2025-05-19 09:00:04,163] {logging_mixin.py:109} INFO - [2025-05-19 09:00:04,162] {dag.py:2396} INFO - Sync 1 DAGs
[2025-05-19 09:00:04,206] {logging_mixin.py:109} INFO - [2025-05-19 09:00:04,206] {dag.py:2935} INFO - Setting next_dagrun for example_branch_operator to 2025-05-18 00:00:00+00:00
[2025-05-19 09:00:04,237] {processor.py:171} INFO - Processing /home/airflow/.local/lib/python3.6/site-packages/airflow/example_dags/example_branch_operator.py took 0.189 seconds
[2025-05-19 09:00:36,123] {processor.py:163} INFO - Started process (PID=971) to work on /home/airflow/.local/lib/python3.6/site-packages/airflow/example_dags/example_branch_operator.py
[2025-05-19 09:00:36,126] {processor.py:642} INFO - Processing file /home/airflow/.local/lib/python3.6/site-packages/airflow/example_dags/example_branch_operator.py for tasks to queue
[2025-05-19 09:00:36,128] {logging_mixin.py:109} INFO - [2025-05-19 09:00:36,128] {dagbag.py:500} INFO - Filling up the DagBag from /home/airflow/.local/lib/python3.6/site-packages/airflow/example_dags/example_branch_operator.py
[2025-05-19 09:00:36,212] {processor.py:654} INFO - DAG(s) dict_keys(['example_branch_operator']) retrieved from /home/airflow/.local/lib/python3.6/site-packages/airflow/example_dags/example_branch_operator.py
[2025-05-19 09:00:36,245] {logging_mixin.py:109} INFO - [2025-05-19 09:00:36,245] {dag.py:2396} INFO - Sync 1 DAGs
[2025-05-19 09:00:36,301] {logging_mixin.py:109} INFO - [2025-05-19 09:00:36,301] {dag.py:2935} INFO - Setting next_dagrun for example_branch_operator to 2025-05-18 00:00:00+00:00
[2025-05-19 09:00:36,326] {processor.py:171} INFO - Processing /home/airflow/.local/lib/python3.6/site-packages/airflow/example_dags/example_branch_operator.py took 0.210 seconds
[2025-05-19 09:01:07,520] {processor.py:163} INFO - Started process (PID=1023) to work on /home/airflow/.local/lib/python3.6/site-packages/airflow/example_dags/example_branch_operator.py
[2025-05-19 09:01:07,526] {processor.py:642} INFO - Processing file /home/airflow/.local/lib/python3.6/site-packages/airflow/example_dags/example_branch_operator.py for tasks to queue
[2025-05-19 09:01:07,529] {logging_mixin.py:109} INFO - [2025-05-19 09:01:07,529] {dagbag.py:500} INFO - Filling up the DagBag from /home/airflow/.local/lib/python3.6/site-packages/airflow/example_dags/example_branch_operator.py
[2025-05-19 09:01:07,639] {processor.py:654} INFO - DAG(s) dict_keys(['example_branch_operator']) retrieved from /home/airflow/.local/lib/python3.6/site-packages/airflow/example_dags/example_branch_operator.py
[2025-05-19 09:01:07,682] {logging_mixin.py:109} INFO - [2025-05-19 09:01:07,682] {dag.py:2396} INFO - Sync 1 DAGs
[2025-05-19 09:01:07,755] {logging_mixin.py:109} INFO - [2025-05-19 09:01:07,755] {dag.py:2935} INFO - Setting next_dagrun for example_branch_operator to 2025-05-18 00:00:00+00:00
[2025-05-19 09:01:07,782] {processor.py:171} INFO - Processing /home/airflow/.local/lib/python3.6/site-packages/airflow/example_dags/example_branch_operator.py took 0.281 seconds
[2025-05-19 09:01:39,527] {processor.py:163} INFO - Started process (PID=1075) to work on /home/airflow/.local/lib/python3.6/site-packages/airflow/example_dags/example_branch_operator.py
[2025-05-19 09:01:39,531] {processor.py:642} INFO - Processing file /home/airflow/.local/lib/python3.6/site-packages/airflow/example_dags/example_branch_operator.py for tasks to queue
[2025-05-19 09:01:39,533] {logging_mixin.py:109} INFO - [2025-05-19 09:01:39,533] {dagbag.py:500} INFO - Filling up the DagBag from /home/airflow/.local/lib/python3.6/site-packages/airflow/example_dags/example_branch_operator.py
[2025-05-19 09:01:39,665] {processor.py:654} INFO - DAG(s) dict_keys(['example_branch_operator']) retrieved from /home/airflow/.local/lib/python3.6/site-packages/airflow/example_dags/example_branch_operator.py
[2025-05-19 09:01:39,709] {logging_mixin.py:109} INFO - [2025-05-19 09:01:39,708] {dag.py:2396} INFO - Sync 1 DAGs
[2025-05-19 09:01:39,786] {logging_mixin.py:109} INFO - [2025-05-19 09:01:39,785] {dag.py:2935} INFO - Setting next_dagrun for example_branch_operator to 2025-05-18 00:00:00+00:00
[2025-05-19 09:01:39,813] {processor.py:171} INFO - Processing /home/airflow/.local/lib/python3.6/site-packages/airflow/example_dags/example_branch_operator.py took 0.296 seconds
[2025-05-19 09:02:12,202] {processor.py:163} INFO - Started process (PID=1128) to work on /home/airflow/.local/lib/python3.6/site-packages/airflow/example_dags/example_branch_operator.py
[2025-05-19 09:02:12,208] {processor.py:642} INFO - Processing file /home/airflow/.local/lib/python3.6/site-packages/airflow/example_dags/example_branch_operator.py for tasks to queue
[2025-05-19 09:02:12,211] {logging_mixin.py:109} INFO - [2025-05-19 09:02:12,211] {dagbag.py:500} INFO - Filling up the DagBag from /home/airflow/.local/lib/python3.6/site-packages/airflow/example_dags/example_branch_operator.py
[2025-05-19 09:02:12,332] {processor.py:654} INFO - DAG(s) dict_keys(['example_branch_operator']) retrieved from /home/airflow/.local/lib/python3.6/site-packages/airflow/example_dags/example_branch_operator.py
[2025-05-19 09:02:12,375] {logging_mixin.py:109} INFO - [2025-05-19 09:02:12,375] {dag.py:2396} INFO - Sync 1 DAGs
[2025-05-19 09:02:12,428] {logging_mixin.py:109} INFO - [2025-05-19 09:02:12,428] {dag.py:2935} INFO - Setting next_dagrun for example_branch_operator to 2025-05-18 00:00:00+00:00
[2025-05-19 09:02:12,457] {processor.py:171} INFO - Processing /home/airflow/.local/lib/python3.6/site-packages/airflow/example_dags/example_branch_operator.py took 0.268 seconds
[2025-05-19 09:02:44,332] {processor.py:163} INFO - Started process (PID=1180) to work on /home/airflow/.local/lib/python3.6/site-packages/airflow/example_dags/example_branch_operator.py
[2025-05-19 09:02:44,335] {processor.py:642} INFO - Processing file /home/airflow/.local/lib/python3.6/site-packages/airflow/example_dags/example_branch_operator.py for tasks to queue
[2025-05-19 09:02:44,340] {logging_mixin.py:109} INFO - [2025-05-19 09:02:44,339] {dagbag.py:500} INFO - Filling up the DagBag from /home/airflow/.local/lib/python3.6/site-packages/airflow/example_dags/example_branch_operator.py
[2025-05-19 09:02:44,522] {processor.py:654} INFO - DAG(s) dict_keys(['example_branch_operator']) retrieved from /home/airflow/.local/lib/python3.6/site-packages/airflow/example_dags/example_branch_operator.py
[2025-05-19 09:02:44,625] {logging_mixin.py:109} INFO - [2025-05-19 09:02:44,625] {dag.py:2396} INFO - Sync 1 DAGs
[2025-05-19 09:02:44,837] {logging_mixin.py:109} INFO - [2025-05-19 09:02:44,836] {dag.py:2935} INFO - Setting next_dagrun for example_branch_operator to 2025-05-18 00:00:00+00:00
[2025-05-19 09:02:44,960] {processor.py:171} INFO - Processing /home/airflow/.local/lib/python3.6/site-packages/airflow/example_dags/example_branch_operator.py took 0.639 seconds
[2025-05-19 09:03:15,395] {processor.py:163} INFO - Started process (PID=1232) to work on /home/airflow/.local/lib/python3.6/site-packages/airflow/example_dags/example_branch_operator.py
[2025-05-19 09:03:15,398] {processor.py:642} INFO - Processing file /home/airflow/.local/lib/python3.6/site-packages/airflow/example_dags/example_branch_operator.py for tasks to queue
[2025-05-19 09:03:15,400] {logging_mixin.py:109} INFO - [2025-05-19 09:03:15,400] {dagbag.py:500} INFO - Filling up the DagBag from /home/airflow/.local/lib/python3.6/site-packages/airflow/example_dags/example_branch_operator.py
[2025-05-19 09:03:15,483] {processor.py:654} INFO - DAG(s) dict_keys(['example_branch_operator']) retrieved from /home/airflow/.local/lib/python3.6/site-packages/airflow/example_dags/example_branch_operator.py
[2025-05-19 09:03:15,512] {logging_mixin.py:109} INFO - [2025-05-19 09:03:15,512] {dag.py:2396} INFO - Sync 1 DAGs
[2025-05-19 09:03:15,562] {logging_mixin.py:109} INFO - [2025-05-19 09:03:15,562] {dag.py:2935} INFO - Setting next_dagrun for example_branch_operator to 2025-05-18 00:00:00+00:00
[2025-05-19 09:03:15,582] {processor.py:171} INFO - Processing /home/airflow/.local/lib/python3.6/site-packages/airflow/example_dags/example_branch_operator.py took 0.196 seconds
[2025-05-19 09:03:45,725] {processor.py:163} INFO - Started process (PID=1273) to work on /home/airflow/.local/lib/python3.6/site-packages/airflow/example_dags/example_branch_operator.py
[2025-05-19 09:03:45,727] {processor.py:642} INFO - Processing file /home/airflow/.local/lib/python3.6/site-packages/airflow/example_dags/example_branch_operator.py for tasks to queue
[2025-05-19 09:03:45,729] {logging_mixin.py:109} INFO - [2025-05-19 09:03:45,729] {dagbag.py:500} INFO - Filling up the DagBag from /home/airflow/.local/lib/python3.6/site-packages/airflow/example_dags/example_branch_operator.py
[2025-05-19 09:03:45,793] {processor.py:654} INFO - DAG(s) dict_keys(['example_branch_operator']) retrieved from /home/airflow/.local/lib/python3.6/site-packages/airflow/example_dags/example_branch_operator.py
[2025-05-19 09:03:45,816] {logging_mixin.py:109} INFO - [2025-05-19 09:03:45,816] {dag.py:2396} INFO - Sync 1 DAGs
[2025-05-19 09:03:45,859] {logging_mixin.py:109} INFO - [2025-05-19 09:03:45,859] {dag.py:2935} INFO - Setting next_dagrun for example_branch_operator to 2025-05-18 00:00:00+00:00
[2025-05-19 09:03:45,878] {processor.py:171} INFO - Processing /home/airflow/.local/lib/python3.6/site-packages/airflow/example_dags/example_branch_operator.py took 0.161 seconds
[2025-05-19 09:04:16,127] {processor.py:163} INFO - Started process (PID=1325) to work on /home/airflow/.local/lib/python3.6/site-packages/airflow/example_dags/example_branch_operator.py
[2025-05-19 09:04:16,129] {processor.py:642} INFO - Processing file /home/airflow/.local/lib/python3.6/site-packages/airflow/example_dags/example_branch_operator.py for tasks to queue
[2025-05-19 09:04:16,132] {logging_mixin.py:109} INFO - [2025-05-19 09:04:16,131] {dagbag.py:500} INFO - Filling up the DagBag from /home/airflow/.local/lib/python3.6/site-packages/airflow/example_dags/example_branch_operator.py
[2025-05-19 09:04:16,198] {processor.py:654} INFO - DAG(s) dict_keys(['example_branch_operator']) retrieved from /home/airflow/.local/lib/python3.6/site-packages/airflow/example_dags/example_branch_operator.py
[2025-05-19 09:04:16,225] {logging_mixin.py:109} INFO - [2025-05-19 09:04:16,225] {dag.py:2396} INFO - Sync 1 DAGs
[2025-05-19 09:04:16,266] {logging_mixin.py:109} INFO - [2025-05-19 09:04:16,266] {dag.py:2935} INFO - Setting next_dagrun for example_branch_operator to 2025-05-18 00:00:00+00:00
[2025-05-19 09:04:16,285] {processor.py:171} INFO - Processing /home/airflow/.local/lib/python3.6/site-packages/airflow/example_dags/example_branch_operator.py took 0.166 seconds
[2025-05-19 09:04:46,412] {processor.py:163} INFO - Started process (PID=1376) to work on /home/airflow/.local/lib/python3.6/site-packages/airflow/example_dags/example_branch_operator.py
[2025-05-19 09:04:46,417] {processor.py:642} INFO - Processing file /home/airflow/.local/lib/python3.6/site-packages/airflow/example_dags/example_branch_operator.py for tasks to queue
[2025-05-19 09:04:46,420] {logging_mixin.py:109} INFO - [2025-05-19 09:04:46,419] {dagbag.py:500} INFO - Filling up the DagBag from /home/airflow/.local/lib/python3.6/site-packages/airflow/example_dags/example_branch_operator.py
[2025-05-19 09:04:46,522] {processor.py:654} INFO - DAG(s) dict_keys(['example_branch_operator']) retrieved from /home/airflow/.local/lib/python3.6/site-packages/airflow/example_dags/example_branch_operator.py
[2025-05-19 09:04:46,565] {logging_mixin.py:109} INFO - [2025-05-19 09:04:46,564] {dag.py:2396} INFO - Sync 1 DAGs
[2025-05-19 09:04:46,625] {logging_mixin.py:109} INFO - [2025-05-19 09:04:46,625] {dag.py:2935} INFO - Setting next_dagrun for example_branch_operator to 2025-05-18 00:00:00+00:00
[2025-05-19 09:04:46,655] {processor.py:171} INFO - Processing /home/airflow/.local/lib/python3.6/site-packages/airflow/example_dags/example_branch_operator.py took 0.256 seconds
[2025-05-19 09:05:17,480] {processor.py:163} INFO - Started process (PID=1429) to work on /home/airflow/.local/lib/python3.6/site-packages/airflow/example_dags/example_branch_operator.py
[2025-05-19 09:05:17,483] {processor.py:642} INFO - Processing file /home/airflow/.local/lib/python3.6/site-packages/airflow/example_dags/example_branch_operator.py for tasks to queue
[2025-05-19 09:05:17,485] {logging_mixin.py:109} INFO - [2025-05-19 09:05:17,485] {dagbag.py:500} INFO - Filling up the DagBag from /home/airflow/.local/lib/python3.6/site-packages/airflow/example_dags/example_branch_operator.py
[2025-05-19 09:05:17,579] {processor.py:654} INFO - DAG(s) dict_keys(['example_branch_operator']) retrieved from /home/airflow/.local/lib/python3.6/site-packages/airflow/example_dags/example_branch_operator.py
[2025-05-19 09:05:17,610] {logging_mixin.py:109} INFO - [2025-05-19 09:05:17,610] {dag.py:2396} INFO - Sync 1 DAGs
[2025-05-19 09:05:17,676] {logging_mixin.py:109} INFO - [2025-05-19 09:05:17,675] {dag.py:2935} INFO - Setting next_dagrun for example_branch_operator to 2025-05-18 00:00:00+00:00
[2025-05-19 09:05:17,702] {processor.py:171} INFO - Processing /home/airflow/.local/lib/python3.6/site-packages/airflow/example_dags/example_branch_operator.py took 0.235 seconds
[2025-05-19 09:05:48,482] {processor.py:163} INFO - Started process (PID=1481) to work on /home/airflow/.local/lib/python3.6/site-packages/airflow/example_dags/example_branch_operator.py
[2025-05-19 09:05:48,485] {processor.py:642} INFO - Processing file /home/airflow/.local/lib/python3.6/site-packages/airflow/example_dags/example_branch_operator.py for tasks to queue
[2025-05-19 09:05:48,486] {logging_mixin.py:109} INFO - [2025-05-19 09:05:48,486] {dagbag.py:500} INFO - Filling up the DagBag from /home/airflow/.local/lib/python3.6/site-packages/airflow/example_dags/example_branch_operator.py
[2025-05-19 09:05:48,541] {processor.py:654} INFO - DAG(s) dict_keys(['example_branch_operator']) retrieved from /home/airflow/.local/lib/python3.6/site-packages/airflow/example_dags/example_branch_operator.py
[2025-05-19 09:05:48,562] {logging_mixin.py:109} INFO - [2025-05-19 09:05:48,562] {dag.py:2396} INFO - Sync 1 DAGs
[2025-05-19 09:05:48,598] {logging_mixin.py:109} INFO - [2025-05-19 09:05:48,598] {dag.py:2935} INFO - Setting next_dagrun for example_branch_operator to 2025-05-18 00:00:00+00:00
[2025-05-19 09:05:48,613] {processor.py:171} INFO - Processing /home/airflow/.local/lib/python3.6/site-packages/airflow/example_dags/example_branch_operator.py took 0.138 seconds
[2025-05-19 09:06:19,494] {processor.py:163} INFO - Started process (PID=1533) to work on /home/airflow/.local/lib/python3.6/site-packages/airflow/example_dags/example_branch_operator.py
[2025-05-19 09:06:19,496] {processor.py:642} INFO - Processing file /home/airflow/.local/lib/python3.6/site-packages/airflow/example_dags/example_branch_operator.py for tasks to queue
[2025-05-19 09:06:19,497] {logging_mixin.py:109} INFO - [2025-05-19 09:06:19,497] {dagbag.py:500} INFO - Filling up the DagBag from /home/airflow/.local/lib/python3.6/site-packages/airflow/example_dags/example_branch_operator.py
[2025-05-19 09:06:19,531] {processor.py:654} INFO - DAG(s) dict_keys(['example_branch_operator']) retrieved from /home/airflow/.local/lib/python3.6/site-packages/airflow/example_dags/example_branch_operator.py
[2025-05-19 09:06:19,545] {logging_mixin.py:109} INFO - [2025-05-19 09:06:19,545] {dag.py:2396} INFO - Sync 1 DAGs
[2025-05-19 09:06:19,566] {logging_mixin.py:109} INFO - [2025-05-19 09:06:19,566] {dag.py:2935} INFO - Setting next_dagrun for example_branch_operator to 2025-05-18 00:00:00+00:00
[2025-05-19 09:06:19,578] {processor.py:171} INFO - Processing /home/airflow/.local/lib/python3.6/site-packages/airflow/example_dags/example_branch_operator.py took 0.087 seconds
[2025-05-19 09:06:50,184] {processor.py:163} INFO - Started process (PID=1595) to work on /home/airflow/.local/lib/python3.6/site-packages/airflow/example_dags/example_branch_operator.py
[2025-05-19 09:06:50,188] {processor.py:642} INFO - Processing file /home/airflow/.local/lib/python3.6/site-packages/airflow/example_dags/example_branch_operator.py for tasks to queue
[2025-05-19 09:06:50,191] {logging_mixin.py:109} INFO - [2025-05-19 09:06:50,190] {dagbag.py:500} INFO - Filling up the DagBag from /home/airflow/.local/lib/python3.6/site-packages/airflow/example_dags/example_branch_operator.py
[2025-05-19 09:06:50,267] {processor.py:654} INFO - DAG(s) dict_keys(['example_branch_operator']) retrieved from /home/airflow/.local/lib/python3.6/site-packages/airflow/example_dags/example_branch_operator.py
[2025-05-19 09:06:50,294] {logging_mixin.py:109} INFO - [2025-05-19 09:06:50,294] {dag.py:2396} INFO - Sync 1 DAGs
[2025-05-19 09:06:50,358] {logging_mixin.py:109} INFO - [2025-05-19 09:06:50,357] {dag.py:2935} INFO - Setting next_dagrun for example_branch_operator to 2025-05-18 00:00:00+00:00
[2025-05-19 09:06:50,391] {processor.py:171} INFO - Processing /home/airflow/.local/lib/python3.6/site-packages/airflow/example_dags/example_branch_operator.py took 0.214 seconds
[2025-05-19 09:07:20,613] {processor.py:163} INFO - Started process (PID=1646) to work on /home/airflow/.local/lib/python3.6/site-packages/airflow/example_dags/example_branch_operator.py
[2025-05-19 09:07:20,614] {processor.py:642} INFO - Processing file /home/airflow/.local/lib/python3.6/site-packages/airflow/example_dags/example_branch_operator.py for tasks to queue
[2025-05-19 09:07:20,616] {logging_mixin.py:109} INFO - [2025-05-19 09:07:20,615] {dagbag.py:500} INFO - Filling up the DagBag from /home/airflow/.local/lib/python3.6/site-packages/airflow/example_dags/example_branch_operator.py
[2025-05-19 09:07:20,659] {processor.py:654} INFO - DAG(s) dict_keys(['example_branch_operator']) retrieved from /home/airflow/.local/lib/python3.6/site-packages/airflow/example_dags/example_branch_operator.py
[2025-05-19 09:07:20,695] {logging_mixin.py:109} INFO - [2025-05-19 09:07:20,695] {dag.py:2396} INFO - Sync 1 DAGs
[2025-05-19 09:07:20,754] {logging_mixin.py:109} INFO - [2025-05-19 09:07:20,754] {dag.py:2935} INFO - Setting next_dagrun for example_branch_operator to 2025-05-18 00:00:00+00:00
[2025-05-19 09:07:20,769] {processor.py:171} INFO - Processing /home/airflow/.local/lib/python3.6/site-packages/airflow/example_dags/example_branch_operator.py took 0.161 seconds
[2025-05-19 09:07:51,485] {processor.py:163} INFO - Started process (PID=1709) to work on /home/airflow/.local/lib/python3.6/site-packages/airflow/example_dags/example_branch_operator.py
[2025-05-19 09:07:51,486] {processor.py:642} INFO - Processing file /home/airflow/.local/lib/python3.6/site-packages/airflow/example_dags/example_branch_operator.py for tasks to queue
[2025-05-19 09:07:51,487] {logging_mixin.py:109} INFO - [2025-05-19 09:07:51,487] {dagbag.py:500} INFO - Filling up the DagBag from /home/airflow/.local/lib/python3.6/site-packages/airflow/example_dags/example_branch_operator.py
[2025-05-19 09:07:51,532] {processor.py:654} INFO - DAG(s) dict_keys(['example_branch_operator']) retrieved from /home/airflow/.local/lib/python3.6/site-packages/airflow/example_dags/example_branch_operator.py
[2025-05-19 09:07:51,550] {logging_mixin.py:109} INFO - [2025-05-19 09:07:51,550] {dag.py:2396} INFO - Sync 1 DAGs
[2025-05-19 09:07:51,576] {logging_mixin.py:109} INFO - [2025-05-19 09:07:51,576] {dag.py:2935} INFO - Setting next_dagrun for example_branch_operator to 2025-05-18 00:00:00+00:00
[2025-05-19 09:07:51,590] {processor.py:171} INFO - Processing /home/airflow/.local/lib/python3.6/site-packages/airflow/example_dags/example_branch_operator.py took 0.109 seconds
[2025-05-19 09:08:22,495] {processor.py:163} INFO - Started process (PID=1761) to work on /home/airflow/.local/lib/python3.6/site-packages/airflow/example_dags/example_branch_operator.py
[2025-05-19 09:08:22,496] {processor.py:642} INFO - Processing file /home/airflow/.local/lib/python3.6/site-packages/airflow/example_dags/example_branch_operator.py for tasks to queue
[2025-05-19 09:08:22,498] {logging_mixin.py:109} INFO - [2025-05-19 09:08:22,497] {dagbag.py:500} INFO - Filling up the DagBag from /home/airflow/.local/lib/python3.6/site-packages/airflow/example_dags/example_branch_operator.py
[2025-05-19 09:08:22,542] {processor.py:654} INFO - DAG(s) dict_keys(['example_branch_operator']) retrieved from /home/airflow/.local/lib/python3.6/site-packages/airflow/example_dags/example_branch_operator.py
[2025-05-19 09:08:22,557] {logging_mixin.py:109} INFO - [2025-05-19 09:08:22,557] {dag.py:2396} INFO - Sync 1 DAGs
[2025-05-19 09:08:22,581] {logging_mixin.py:109} INFO - [2025-05-19 09:08:22,581] {dag.py:2935} INFO - Setting next_dagrun for example_branch_operator to 2025-05-18 00:00:00+00:00
[2025-05-19 09:08:22,597] {processor.py:171} INFO - Processing /home/airflow/.local/lib/python3.6/site-packages/airflow/example_dags/example_branch_operator.py took 0.107 seconds
[2025-05-19 09:08:53,335] {processor.py:163} INFO - Started process (PID=1823) to work on /home/airflow/.local/lib/python3.6/site-packages/airflow/example_dags/example_branch_operator.py
[2025-05-19 09:08:53,337] {processor.py:642} INFO - Processing file /home/airflow/.local/lib/python3.6/site-packages/airflow/example_dags/example_branch_operator.py for tasks to queue
[2025-05-19 09:08:53,338] {logging_mixin.py:109} INFO - [2025-05-19 09:08:53,338] {dagbag.py:500} INFO - Filling up the DagBag from /home/airflow/.local/lib/python3.6/site-packages/airflow/example_dags/example_branch_operator.py
[2025-05-19 09:08:53,382] {processor.py:654} INFO - DAG(s) dict_keys(['example_branch_operator']) retrieved from /home/airflow/.local/lib/python3.6/site-packages/airflow/example_dags/example_branch_operator.py
[2025-05-19 09:08:53,400] {logging_mixin.py:109} INFO - [2025-05-19 09:08:53,400] {dag.py:2396} INFO - Sync 1 DAGs
[2025-05-19 09:08:53,434] {logging_mixin.py:109} INFO - [2025-05-19 09:08:53,434] {dag.py:2935} INFO - Setting next_dagrun for example_branch_operator to 2025-05-18 00:00:00+00:00
[2025-05-19 09:08:53,448] {processor.py:171} INFO - Processing /home/airflow/.local/lib/python3.6/site-packages/airflow/example_dags/example_branch_operator.py took 0.117 seconds
[2025-05-19 09:09:24,015] {processor.py:163} INFO - Started process (PID=1875) to work on /home/airflow/.local/lib/python3.6/site-packages/airflow/example_dags/example_branch_operator.py
[2025-05-19 09:09:24,017] {processor.py:642} INFO - Processing file /home/airflow/.local/lib/python3.6/site-packages/airflow/example_dags/example_branch_operator.py for tasks to queue
[2025-05-19 09:09:24,018] {logging_mixin.py:109} INFO - [2025-05-19 09:09:24,018] {dagbag.py:500} INFO - Filling up the DagBag from /home/airflow/.local/lib/python3.6/site-packages/airflow/example_dags/example_branch_operator.py
[2025-05-19 09:09:24,055] {processor.py:654} INFO - DAG(s) dict_keys(['example_branch_operator']) retrieved from /home/airflow/.local/lib/python3.6/site-packages/airflow/example_dags/example_branch_operator.py
[2025-05-19 09:09:24,070] {logging_mixin.py:109} INFO - [2025-05-19 09:09:24,070] {dag.py:2396} INFO - Sync 1 DAGs
[2025-05-19 09:09:24,095] {logging_mixin.py:109} INFO - [2025-05-19 09:09:24,095] {dag.py:2935} INFO - Setting next_dagrun for example_branch_operator to 2025-05-18 00:00:00+00:00
[2025-05-19 09:09:24,107] {processor.py:171} INFO - Processing /home/airflow/.local/lib/python3.6/site-packages/airflow/example_dags/example_branch_operator.py took 0.097 seconds
[2025-05-19 09:09:54,262] {processor.py:163} INFO - Started process (PID=1926) to work on /home/airflow/.local/lib/python3.6/site-packages/airflow/example_dags/example_branch_operator.py
[2025-05-19 09:09:54,264] {processor.py:642} INFO - Processing file /home/airflow/.local/lib/python3.6/site-packages/airflow/example_dags/example_branch_operator.py for tasks to queue
[2025-05-19 09:09:54,265] {logging_mixin.py:109} INFO - [2025-05-19 09:09:54,265] {dagbag.py:500} INFO - Filling up the DagBag from /home/airflow/.local/lib/python3.6/site-packages/airflow/example_dags/example_branch_operator.py
[2025-05-19 09:09:54,301] {processor.py:654} INFO - DAG(s) dict_keys(['example_branch_operator']) retrieved from /home/airflow/.local/lib/python3.6/site-packages/airflow/example_dags/example_branch_operator.py
[2025-05-19 09:09:54,315] {logging_mixin.py:109} INFO - [2025-05-19 09:09:54,315] {dag.py:2396} INFO - Sync 1 DAGs
[2025-05-19 09:09:54,338] {logging_mixin.py:109} INFO - [2025-05-19 09:09:54,338] {dag.py:2935} INFO - Setting next_dagrun for example_branch_operator to 2025-05-18 00:00:00+00:00
[2025-05-19 09:09:54,350] {processor.py:171} INFO - Processing /home/airflow/.local/lib/python3.6/site-packages/airflow/example_dags/example_branch_operator.py took 0.091 seconds
[2025-05-19 09:10:24,672] {processor.py:163} INFO - Started process (PID=1978) to work on /home/airflow/.local/lib/python3.6/site-packages/airflow/example_dags/example_branch_operator.py
[2025-05-19 09:10:24,674] {processor.py:642} INFO - Processing file /home/airflow/.local/lib/python3.6/site-packages/airflow/example_dags/example_branch_operator.py for tasks to queue
[2025-05-19 09:10:24,675] {logging_mixin.py:109} INFO - [2025-05-19 09:10:24,675] {dagbag.py:500} INFO - Filling up the DagBag from /home/airflow/.local/lib/python3.6/site-packages/airflow/example_dags/example_branch_operator.py
[2025-05-19 09:10:24,715] {processor.py:654} INFO - DAG(s) dict_keys(['example_branch_operator']) retrieved from /home/airflow/.local/lib/python3.6/site-packages/airflow/example_dags/example_branch_operator.py
[2025-05-19 09:10:24,730] {logging_mixin.py:109} INFO - [2025-05-19 09:10:24,730] {dag.py:2396} INFO - Sync 1 DAGs
[2025-05-19 09:10:24,755] {logging_mixin.py:109} INFO - [2025-05-19 09:10:24,755] {dag.py:2935} INFO - Setting next_dagrun for example_branch_operator to 2025-05-18 00:00:00+00:00
[2025-05-19 09:10:24,769] {processor.py:171} INFO - Processing /home/airflow/.local/lib/python3.6/site-packages/airflow/example_dags/example_branch_operator.py took 0.100 seconds
[2025-05-19 09:10:54,837] {processor.py:163} INFO - Started process (PID=2040) to work on /home/airflow/.local/lib/python3.6/site-packages/airflow/example_dags/example_branch_operator.py
[2025-05-19 09:10:54,840] {processor.py:642} INFO - Processing file /home/airflow/.local/lib/python3.6/site-packages/airflow/example_dags/example_branch_operator.py for tasks to queue
[2025-05-19 09:10:54,841] {logging_mixin.py:109} INFO - [2025-05-19 09:10:54,841] {dagbag.py:500} INFO - Filling up the DagBag from /home/airflow/.local/lib/python3.6/site-packages/airflow/example_dags/example_branch_operator.py
[2025-05-19 09:10:54,944] {processor.py:654} INFO - DAG(s) dict_keys(['example_branch_operator']) retrieved from /home/airflow/.local/lib/python3.6/site-packages/airflow/example_dags/example_branch_operator.py
[2025-05-19 09:10:54,988] {logging_mixin.py:109} INFO - [2025-05-19 09:10:54,987] {dag.py:2396} INFO - Sync 1 DAGs
[2025-05-19 09:10:55,045] {logging_mixin.py:109} INFO - [2025-05-19 09:10:55,044] {dag.py:2935} INFO - Setting next_dagrun for example_branch_operator to 2025-05-18 00:00:00+00:00
[2025-05-19 09:10:55,066] {processor.py:171} INFO - Processing /home/airflow/.local/lib/python3.6/site-packages/airflow/example_dags/example_branch_operator.py took 0.234 seconds
[2025-05-19 09:11:25,260] {processor.py:163} INFO - Started process (PID=2093) to work on /home/airflow/.local/lib/python3.6/site-packages/airflow/example_dags/example_branch_operator.py
[2025-05-19 09:11:25,264] {processor.py:642} INFO - Processing file /home/airflow/.local/lib/python3.6/site-packages/airflow/example_dags/example_branch_operator.py for tasks to queue
[2025-05-19 09:11:25,266] {logging_mixin.py:109} INFO - [2025-05-19 09:11:25,266] {dagbag.py:500} INFO - Filling up the DagBag from /home/airflow/.local/lib/python3.6/site-packages/airflow/example_dags/example_branch_operator.py
[2025-05-19 09:11:25,336] {processor.py:654} INFO - DAG(s) dict_keys(['example_branch_operator']) retrieved from /home/airflow/.local/lib/python3.6/site-packages/airflow/example_dags/example_branch_operator.py
[2025-05-19 09:11:25,371] {logging_mixin.py:109} INFO - [2025-05-19 09:11:25,371] {dag.py:2396} INFO - Sync 1 DAGs
[2025-05-19 09:11:25,419] {logging_mixin.py:109} INFO - [2025-05-19 09:11:25,419] {dag.py:2935} INFO - Setting next_dagrun for example_branch_operator to 2025-05-18 00:00:00+00:00
[2025-05-19 09:11:25,446] {processor.py:171} INFO - Processing /home/airflow/.local/lib/python3.6/site-packages/airflow/example_dags/example_branch_operator.py took 0.193 seconds
[2025-05-19 09:11:55,814] {processor.py:163} INFO - Started process (PID=2145) to work on /home/airflow/.local/lib/python3.6/site-packages/airflow/example_dags/example_branch_operator.py
[2025-05-19 09:11:55,819] {processor.py:642} INFO - Processing file /home/airflow/.local/lib/python3.6/site-packages/airflow/example_dags/example_branch_operator.py for tasks to queue
[2025-05-19 09:11:55,828] {logging_mixin.py:109} INFO - [2025-05-19 09:11:55,828] {dagbag.py:500} INFO - Filling up the DagBag from /home/airflow/.local/lib/python3.6/site-packages/airflow/example_dags/example_branch_operator.py
[2025-05-19 09:11:55,908] {processor.py:654} INFO - DAG(s) dict_keys(['example_branch_operator']) retrieved from /home/airflow/.local/lib/python3.6/site-packages/airflow/example_dags/example_branch_operator.py
[2025-05-19 09:11:55,939] {logging_mixin.py:109} INFO - [2025-05-19 09:11:55,938] {dag.py:2396} INFO - Sync 1 DAGs
[2025-05-19 09:11:55,999] {logging_mixin.py:109} INFO - [2025-05-19 09:11:55,999] {dag.py:2935} INFO - Setting next_dagrun for example_branch_operator to 2025-05-18 00:00:00+00:00
[2025-05-19 09:11:56,017] {processor.py:171} INFO - Processing /home/airflow/.local/lib/python3.6/site-packages/airflow/example_dags/example_branch_operator.py took 0.209 seconds
[2025-05-19 09:12:26,790] {processor.py:163} INFO - Started process (PID=2197) to work on /home/airflow/.local/lib/python3.6/site-packages/airflow/example_dags/example_branch_operator.py
[2025-05-19 09:12:26,794] {processor.py:642} INFO - Processing file /home/airflow/.local/lib/python3.6/site-packages/airflow/example_dags/example_branch_operator.py for tasks to queue
[2025-05-19 09:12:26,797] {logging_mixin.py:109} INFO - [2025-05-19 09:12:26,796] {dagbag.py:500} INFO - Filling up the DagBag from /home/airflow/.local/lib/python3.6/site-packages/airflow/example_dags/example_branch_operator.py
[2025-05-19 09:12:26,879] {processor.py:654} INFO - DAG(s) dict_keys(['example_branch_operator']) retrieved from /home/airflow/.local/lib/python3.6/site-packages/airflow/example_dags/example_branch_operator.py
[2025-05-19 09:12:26,911] {logging_mixin.py:109} INFO - [2025-05-19 09:12:26,911] {dag.py:2396} INFO - Sync 1 DAGs
[2025-05-19 09:12:26,975] {logging_mixin.py:109} INFO - [2025-05-19 09:12:26,974] {dag.py:2935} INFO - Setting next_dagrun for example_branch_operator to 2025-05-18 00:00:00+00:00
[2025-05-19 09:12:26,997] {processor.py:171} INFO - Processing /home/airflow/.local/lib/python3.6/site-packages/airflow/example_dags/example_branch_operator.py took 0.213 seconds
[2025-05-19 09:12:57,467] {processor.py:163} INFO - Started process (PID=2249) to work on /home/airflow/.local/lib/python3.6/site-packages/airflow/example_dags/example_branch_operator.py
[2025-05-19 09:12:57,470] {processor.py:642} INFO - Processing file /home/airflow/.local/lib/python3.6/site-packages/airflow/example_dags/example_branch_operator.py for tasks to queue
[2025-05-19 09:12:57,471] {logging_mixin.py:109} INFO - [2025-05-19 09:12:57,471] {dagbag.py:500} INFO - Filling up the DagBag from /home/airflow/.local/lib/python3.6/site-packages/airflow/example_dags/example_branch_operator.py
[2025-05-19 09:12:57,518] {processor.py:654} INFO - DAG(s) dict_keys(['example_branch_operator']) retrieved from /home/airflow/.local/lib/python3.6/site-packages/airflow/example_dags/example_branch_operator.py
[2025-05-19 09:12:57,538] {logging_mixin.py:109} INFO - [2025-05-19 09:12:57,537] {dag.py:2396} INFO - Sync 1 DAGs
[2025-05-19 09:12:57,567] {logging_mixin.py:109} INFO - [2025-05-19 09:12:57,566] {dag.py:2935} INFO - Setting next_dagrun for example_branch_operator to 2025-05-18 00:00:00+00:00
[2025-05-19 09:12:57,581] {processor.py:171} INFO - Processing /home/airflow/.local/lib/python3.6/site-packages/airflow/example_dags/example_branch_operator.py took 0.118 seconds
[2025-05-19 09:13:27,711] {processor.py:163} INFO - Started process (PID=2301) to work on /home/airflow/.local/lib/python3.6/site-packages/airflow/example_dags/example_branch_operator.py
[2025-05-19 09:13:27,718] {processor.py:642} INFO - Processing file /home/airflow/.local/lib/python3.6/site-packages/airflow/example_dags/example_branch_operator.py for tasks to queue
[2025-05-19 09:13:27,721] {logging_mixin.py:109} INFO - [2025-05-19 09:13:27,720] {dagbag.py:500} INFO - Filling up the DagBag from /home/airflow/.local/lib/python3.6/site-packages/airflow/example_dags/example_branch_operator.py
[2025-05-19 09:13:27,957] {processor.py:654} INFO - DAG(s) dict_keys(['example_branch_operator']) retrieved from /home/airflow/.local/lib/python3.6/site-packages/airflow/example_dags/example_branch_operator.py
[2025-05-19 09:13:28,074] {logging_mixin.py:109} INFO - [2025-05-19 09:13:28,074] {dag.py:2396} INFO - Sync 1 DAGs
[2025-05-19 09:13:28,240] {logging_mixin.py:109} INFO - [2025-05-19 09:13:28,240] {dag.py:2935} INFO - Setting next_dagrun for example_branch_operator to 2025-05-18 00:00:00+00:00
[2025-05-19 09:13:28,286] {processor.py:171} INFO - Processing /home/airflow/.local/lib/python3.6/site-packages/airflow/example_dags/example_branch_operator.py took 0.601 seconds
[2025-05-19 09:13:58,636] {processor.py:163} INFO - Started process (PID=2354) to work on /home/airflow/.local/lib/python3.6/site-packages/airflow/example_dags/example_branch_operator.py
[2025-05-19 09:13:58,639] {processor.py:642} INFO - Processing file /home/airflow/.local/lib/python3.6/site-packages/airflow/example_dags/example_branch_operator.py for tasks to queue
[2025-05-19 09:13:58,642] {logging_mixin.py:109} INFO - [2025-05-19 09:13:58,641] {dagbag.py:500} INFO - Filling up the DagBag from /home/airflow/.local/lib/python3.6/site-packages/airflow/example_dags/example_branch_operator.py
[2025-05-19 09:13:58,712] {processor.py:654} INFO - DAG(s) dict_keys(['example_branch_operator']) retrieved from /home/airflow/.local/lib/python3.6/site-packages/airflow/example_dags/example_branch_operator.py
[2025-05-19 09:13:58,754] {logging_mixin.py:109} INFO - [2025-05-19 09:13:58,753] {dag.py:2396} INFO - Sync 1 DAGs
[2025-05-19 09:13:58,815] {logging_mixin.py:109} INFO - [2025-05-19 09:13:58,814] {dag.py:2935} INFO - Setting next_dagrun for example_branch_operator to 2025-05-18 00:00:00+00:00
[2025-05-19 09:13:58,841] {processor.py:171} INFO - Processing /home/airflow/.local/lib/python3.6/site-packages/airflow/example_dags/example_branch_operator.py took 0.210 seconds
[2025-05-19 09:14:28,975] {processor.py:163} INFO - Started process (PID=2413) to work on /home/airflow/.local/lib/python3.6/site-packages/airflow/example_dags/example_branch_operator.py
[2025-05-19 09:14:28,978] {processor.py:642} INFO - Processing file /home/airflow/.local/lib/python3.6/site-packages/airflow/example_dags/example_branch_operator.py for tasks to queue
[2025-05-19 09:14:28,980] {logging_mixin.py:109} INFO - [2025-05-19 09:14:28,979] {dagbag.py:500} INFO - Filling up the DagBag from /home/airflow/.local/lib/python3.6/site-packages/airflow/example_dags/example_branch_operator.py
[2025-05-19 09:14:29,041] {processor.py:654} INFO - DAG(s) dict_keys(['example_branch_operator']) retrieved from /home/airflow/.local/lib/python3.6/site-packages/airflow/example_dags/example_branch_operator.py
[2025-05-19 09:14:29,062] {logging_mixin.py:109} INFO - [2025-05-19 09:14:29,062] {dag.py:2396} INFO - Sync 1 DAGs
[2025-05-19 09:14:29,096] {logging_mixin.py:109} INFO - [2025-05-19 09:14:29,096] {dag.py:2935} INFO - Setting next_dagrun for example_branch_operator to 2025-05-18 00:00:00+00:00
[2025-05-19 09:14:29,110] {processor.py:171} INFO - Processing /home/airflow/.local/lib/python3.6/site-packages/airflow/example_dags/example_branch_operator.py took 0.142 seconds
[2025-05-19 19:33:57,385] {processor.py:163} INFO - Started process (PID=73) to work on /home/airflow/.local/lib/python3.6/site-packages/airflow/example_dags/example_branch_operator.py
[2025-05-19 19:33:57,388] {processor.py:642} INFO - Processing file /home/airflow/.local/lib/python3.6/site-packages/airflow/example_dags/example_branch_operator.py for tasks to queue
[2025-05-19 19:33:57,390] {logging_mixin.py:109} INFO - [2025-05-19 19:33:57,390] {dagbag.py:500} INFO - Filling up the DagBag from /home/airflow/.local/lib/python3.6/site-packages/airflow/example_dags/example_branch_operator.py
[2025-05-19 19:33:57,283] {processor.py:654} INFO - DAG(s) dict_keys(['example_branch_operator']) retrieved from /home/airflow/.local/lib/python3.6/site-packages/airflow/example_dags/example_branch_operator.py
[2025-05-19 19:33:57,309] {logging_mixin.py:109} INFO - [2025-05-19 19:33:57,309] {dag.py:2396} INFO - Sync 1 DAGs
[2025-05-19 19:33:57,351] {logging_mixin.py:109} INFO - [2025-05-19 19:33:57,350] {dag.py:2935} INFO - Setting next_dagrun for example_branch_operator to 2025-05-18 00:00:00+00:00
[2025-05-19 19:33:57,367] {processor.py:171} INFO - Processing /home/airflow/.local/lib/python3.6/site-packages/airflow/example_dags/example_branch_operator.py took 0.477 seconds
[2025-05-19 19:34:32,660] {processor.py:163} INFO - Started process (PID=125) to work on /home/airflow/.local/lib/python3.6/site-packages/airflow/example_dags/example_branch_operator.py
[2025-05-19 19:34:32,673] {processor.py:642} INFO - Processing file /home/airflow/.local/lib/python3.6/site-packages/airflow/example_dags/example_branch_operator.py for tasks to queue
[2025-05-19 19:34:32,676] {logging_mixin.py:109} INFO - [2025-05-19 19:34:32,676] {dagbag.py:500} INFO - Filling up the DagBag from /home/airflow/.local/lib/python3.6/site-packages/airflow/example_dags/example_branch_operator.py
[2025-05-19 19:34:32,837] {processor.py:654} INFO - DAG(s) dict_keys(['example_branch_operator']) retrieved from /home/airflow/.local/lib/python3.6/site-packages/airflow/example_dags/example_branch_operator.py
[2025-05-19 19:34:32,927] {logging_mixin.py:109} INFO - [2025-05-19 19:34:32,926] {dag.py:2396} INFO - Sync 1 DAGs
[2025-05-19 19:34:33,046] {logging_mixin.py:109} INFO - [2025-05-19 19:34:33,046] {dag.py:2935} INFO - Setting next_dagrun for example_branch_operator to 2025-05-18 00:00:00+00:00
[2025-05-19 19:34:33,099] {processor.py:171} INFO - Processing /home/airflow/.local/lib/python3.6/site-packages/airflow/example_dags/example_branch_operator.py took 0.447 seconds
[2025-05-19 19:35:03,364] {processor.py:163} INFO - Started process (PID=179) to work on /home/airflow/.local/lib/python3.6/site-packages/airflow/example_dags/example_branch_operator.py
[2025-05-19 19:35:03,367] {processor.py:642} INFO - Processing file /home/airflow/.local/lib/python3.6/site-packages/airflow/example_dags/example_branch_operator.py for tasks to queue
[2025-05-19 19:35:03,369] {logging_mixin.py:109} INFO - [2025-05-19 19:35:03,369] {dagbag.py:500} INFO - Filling up the DagBag from /home/airflow/.local/lib/python3.6/site-packages/airflow/example_dags/example_branch_operator.py
[2025-05-19 19:35:03,456] {processor.py:654} INFO - DAG(s) dict_keys(['example_branch_operator']) retrieved from /home/airflow/.local/lib/python3.6/site-packages/airflow/example_dags/example_branch_operator.py
[2025-05-19 19:35:03,501] {logging_mixin.py:109} INFO - [2025-05-19 19:35:03,501] {dag.py:2396} INFO - Sync 1 DAGs
[2025-05-19 19:35:03,567] {logging_mixin.py:109} INFO - [2025-05-19 19:35:03,566] {dag.py:2935} INFO - Setting next_dagrun for example_branch_operator to 2025-05-18 00:00:00+00:00
[2025-05-19 19:35:03,590] {processor.py:171} INFO - Processing /home/airflow/.local/lib/python3.6/site-packages/airflow/example_dags/example_branch_operator.py took 0.234 seconds
[2025-05-19 19:35:33,833] {processor.py:163} INFO - Started process (PID=221) to work on /home/airflow/.local/lib/python3.6/site-packages/airflow/example_dags/example_branch_operator.py
[2025-05-19 19:35:33,837] {processor.py:642} INFO - Processing file /home/airflow/.local/lib/python3.6/site-packages/airflow/example_dags/example_branch_operator.py for tasks to queue
[2025-05-19 19:35:33,839] {logging_mixin.py:109} INFO - [2025-05-19 19:35:33,838] {dagbag.py:500} INFO - Filling up the DagBag from /home/airflow/.local/lib/python3.6/site-packages/airflow/example_dags/example_branch_operator.py
[2025-05-19 19:35:33,903] {processor.py:654} INFO - DAG(s) dict_keys(['example_branch_operator']) retrieved from /home/airflow/.local/lib/python3.6/site-packages/airflow/example_dags/example_branch_operator.py
[2025-05-19 19:35:33,924] {logging_mixin.py:109} INFO - [2025-05-19 19:35:33,924] {dag.py:2396} INFO - Sync 1 DAGs
[2025-05-19 19:35:33,965] {logging_mixin.py:109} INFO - [2025-05-19 19:35:33,965] {dag.py:2935} INFO - Setting next_dagrun for example_branch_operator to 2025-05-18 00:00:00+00:00
[2025-05-19 19:35:33,982] {processor.py:171} INFO - Processing /home/airflow/.local/lib/python3.6/site-packages/airflow/example_dags/example_branch_operator.py took 0.155 seconds
[2025-05-19 19:36:04,068] {processor.py:163} INFO - Started process (PID=273) to work on /home/airflow/.local/lib/python3.6/site-packages/airflow/example_dags/example_branch_operator.py
[2025-05-19 19:36:04,069] {processor.py:642} INFO - Processing file /home/airflow/.local/lib/python3.6/site-packages/airflow/example_dags/example_branch_operator.py for tasks to queue
[2025-05-19 19:36:04,071] {logging_mixin.py:109} INFO - [2025-05-19 19:36:04,070] {dagbag.py:500} INFO - Filling up the DagBag from /home/airflow/.local/lib/python3.6/site-packages/airflow/example_dags/example_branch_operator.py
[2025-05-19 19:36:04,140] {processor.py:654} INFO - DAG(s) dict_keys(['example_branch_operator']) retrieved from /home/airflow/.local/lib/python3.6/site-packages/airflow/example_dags/example_branch_operator.py
[2025-05-19 19:36:04,207] {logging_mixin.py:109} INFO - [2025-05-19 19:36:04,206] {dag.py:2396} INFO - Sync 1 DAGs
[2025-05-19 19:36:04,252] {logging_mixin.py:109} INFO - [2025-05-19 19:36:04,252] {dag.py:2935} INFO - Setting next_dagrun for example_branch_operator to 2025-05-18 00:00:00+00:00
[2025-05-19 19:36:04,278] {processor.py:171} INFO - Processing /home/airflow/.local/lib/python3.6/site-packages/airflow/example_dags/example_branch_operator.py took 0.215 seconds
[2025-05-19 19:36:34,444] {processor.py:163} INFO - Started process (PID=334) to work on /home/airflow/.local/lib/python3.6/site-packages/airflow/example_dags/example_branch_operator.py
[2025-05-19 19:36:34,446] {processor.py:642} INFO - Processing file /home/airflow/.local/lib/python3.6/site-packages/airflow/example_dags/example_branch_operator.py for tasks to queue
[2025-05-19 19:36:34,448] {logging_mixin.py:109} INFO - [2025-05-19 19:36:34,448] {dagbag.py:500} INFO - Filling up the DagBag from /home/airflow/.local/lib/python3.6/site-packages/airflow/example_dags/example_branch_operator.py
[2025-05-19 19:36:34,530] {processor.py:654} INFO - DAG(s) dict_keys(['example_branch_operator']) retrieved from /home/airflow/.local/lib/python3.6/site-packages/airflow/example_dags/example_branch_operator.py
[2025-05-19 19:36:34,559] {logging_mixin.py:109} INFO - [2025-05-19 19:36:34,559] {dag.py:2396} INFO - Sync 1 DAGs
[2025-05-19 19:36:34,605] {logging_mixin.py:109} INFO - [2025-05-19 19:36:34,605] {dag.py:2935} INFO - Setting next_dagrun for example_branch_operator to 2025-05-18 00:00:00+00:00
[2025-05-19 19:36:34,623] {processor.py:171} INFO - Processing /home/airflow/.local/lib/python3.6/site-packages/airflow/example_dags/example_branch_operator.py took 0.187 seconds
[2025-05-19 19:37:04,740] {processor.py:163} INFO - Started process (PID=388) to work on /home/airflow/.local/lib/python3.6/site-packages/airflow/example_dags/example_branch_operator.py
[2025-05-19 19:37:04,744] {processor.py:642} INFO - Processing file /home/airflow/.local/lib/python3.6/site-packages/airflow/example_dags/example_branch_operator.py for tasks to queue
[2025-05-19 19:37:04,746] {logging_mixin.py:109} INFO - [2025-05-19 19:37:04,746] {dagbag.py:500} INFO - Filling up the DagBag from /home/airflow/.local/lib/python3.6/site-packages/airflow/example_dags/example_branch_operator.py
[2025-05-19 19:37:04,843] {processor.py:654} INFO - DAG(s) dict_keys(['example_branch_operator']) retrieved from /home/airflow/.local/lib/python3.6/site-packages/airflow/example_dags/example_branch_operator.py
[2025-05-19 19:37:04,879] {logging_mixin.py:109} INFO - [2025-05-19 19:37:04,879] {dag.py:2396} INFO - Sync 1 DAGs
[2025-05-19 19:37:04,936] {logging_mixin.py:109} INFO - [2025-05-19 19:37:04,936] {dag.py:2935} INFO - Setting next_dagrun for example_branch_operator to 2025-05-18 00:00:00+00:00
[2025-05-19 19:37:04,959] {processor.py:171} INFO - Processing /home/airflow/.local/lib/python3.6/site-packages/airflow/example_dags/example_branch_operator.py took 0.225 seconds
