[2025-05-19 08:53:52,008] {processor.py:163} INFO - Started process (PID=268) to work on /home/airflow/.local/lib/python3.6/site-packages/airflow/example_dags/example_external_task_marker_dag.py
[2025-05-19 08:53:52,023] {processor.py:642} INFO - Processing file /home/airflow/.local/lib/python3.6/site-packages/airflow/example_dags/example_external_task_marker_dag.py for tasks to queue
[2025-05-19 08:53:52,046] {logging_mixin.py:109} INFO - [2025-05-19 08:53:52,045] {dagbag.py:500} INFO - Filling up the DagBag from /home/airflow/.local/lib/python3.6/site-packages/airflow/example_dags/example_external_task_marker_dag.py
[2025-05-19 08:53:52,322] {processor.py:654} INFO - DAG(s) dict_keys(['example_external_task_marker_parent', 'example_external_task_marker_child']) retrieved from /home/airflow/.local/lib/python3.6/site-packages/airflow/example_dags/example_external_task_marker_dag.py
[2025-05-19 08:54:05,296] {logging_mixin.py:109} INFO - [2025-05-19 08:54:05,295] {manager.py:496} INFO - Created Permission View: can read on DAG:example_external_task_marker_parent
[2025-05-19 08:54:05,381] {logging_mixin.py:109} INFO - [2025-05-19 08:54:05,381] {manager.py:496} INFO - Created Permission View: can edit on DAG:example_external_task_marker_parent
[2025-05-19 08:54:05,488] {logging_mixin.py:109} INFO - [2025-05-19 08:54:05,488] {manager.py:496} INFO - Created Permission View: can read on DAG:example_external_task_marker_child
[2025-05-19 08:54:05,546] {logging_mixin.py:109} INFO - [2025-05-19 08:54:05,546] {manager.py:496} INFO - Created Permission View: can edit on DAG:example_external_task_marker_child
[2025-05-19 08:54:05,558] {logging_mixin.py:109} INFO - [2025-05-19 08:54:05,548] {dag.py:2396} INFO - Sync 2 DAGs
[2025-05-19 08:54:05,619] {logging_mixin.py:109} INFO - [2025-05-19 08:54:05,615] {dag.py:2415} INFO - Creating ORM DAG for example_external_task_marker_child
[2025-05-19 08:54:05,624] {logging_mixin.py:109} INFO - [2025-05-19 08:54:05,624] {dag.py:2415} INFO - Creating ORM DAG for example_external_task_marker_parent
[2025-05-19 08:54:05,659] {logging_mixin.py:109} INFO - [2025-05-19 08:54:05,659] {dag.py:2935} INFO - Setting next_dagrun for example_external_task_marker_child to None
[2025-05-19 08:54:05,661] {logging_mixin.py:109} INFO - [2025-05-19 08:54:05,661] {dag.py:2935} INFO - Setting next_dagrun for example_external_task_marker_parent to None
[2025-05-19 08:54:05,748] {processor.py:171} INFO - Processing /home/airflow/.local/lib/python3.6/site-packages/airflow/example_dags/example_external_task_marker_dag.py took 13.784 seconds
[2025-05-19 08:55:25,787] {processor.py:163} INFO - Started process (PID=456) to work on /home/airflow/.local/lib/python3.6/site-packages/airflow/example_dags/example_external_task_marker_dag.py
[2025-05-19 08:55:25,810] {processor.py:642} INFO - Processing file /home/airflow/.local/lib/python3.6/site-packages/airflow/example_dags/example_external_task_marker_dag.py for tasks to queue
[2025-05-19 08:55:25,817] {logging_mixin.py:109} INFO - [2025-05-19 08:55:25,817] {dagbag.py:500} INFO - Filling up the DagBag from /home/airflow/.local/lib/python3.6/site-packages/airflow/example_dags/example_external_task_marker_dag.py
[2025-05-19 08:55:26,066] {processor.py:654} INFO - DAG(s) dict_keys(['example_external_task_marker_parent', 'example_external_task_marker_child']) retrieved from /home/airflow/.local/lib/python3.6/site-packages/airflow/example_dags/example_external_task_marker_dag.py
[2025-05-19 08:55:26,132] {logging_mixin.py:109} INFO - [2025-05-19 08:55:26,132] {dag.py:2396} INFO - Sync 2 DAGs
[2025-05-19 08:55:26,278] {logging_mixin.py:109} INFO - [2025-05-19 08:55:26,278] {dag.py:2935} INFO - Setting next_dagrun for example_external_task_marker_child to None
[2025-05-19 08:55:26,285] {logging_mixin.py:109} INFO - [2025-05-19 08:55:26,285] {dag.py:2935} INFO - Setting next_dagrun for example_external_task_marker_parent to None
[2025-05-19 08:55:26,331] {processor.py:171} INFO - Processing /home/airflow/.local/lib/python3.6/site-packages/airflow/example_dags/example_external_task_marker_dag.py took 0.590 seconds
[2025-05-19 08:55:58,653] {processor.py:163} INFO - Started process (PID=501) to work on /home/airflow/.local/lib/python3.6/site-packages/airflow/example_dags/example_external_task_marker_dag.py
[2025-05-19 08:55:58,661] {processor.py:642} INFO - Processing file /home/airflow/.local/lib/python3.6/site-packages/airflow/example_dags/example_external_task_marker_dag.py for tasks to queue
[2025-05-19 08:55:58,667] {logging_mixin.py:109} INFO - [2025-05-19 08:55:58,666] {dagbag.py:500} INFO - Filling up the DagBag from /home/airflow/.local/lib/python3.6/site-packages/airflow/example_dags/example_external_task_marker_dag.py
[2025-05-19 08:55:58,787] {processor.py:654} INFO - DAG(s) dict_keys(['example_external_task_marker_parent', 'example_external_task_marker_child']) retrieved from /home/airflow/.local/lib/python3.6/site-packages/airflow/example_dags/example_external_task_marker_dag.py
[2025-05-19 08:55:58,876] {logging_mixin.py:109} INFO - [2025-05-19 08:55:58,876] {dag.py:2396} INFO - Sync 2 DAGs
[2025-05-19 08:55:58,992] {logging_mixin.py:109} INFO - [2025-05-19 08:55:58,992] {dag.py:2935} INFO - Setting next_dagrun for example_external_task_marker_child to None
[2025-05-19 08:55:59,005] {logging_mixin.py:109} INFO - [2025-05-19 08:55:59,005] {dag.py:2935} INFO - Setting next_dagrun for example_external_task_marker_parent to None
[2025-05-19 08:55:59,077] {processor.py:171} INFO - Processing /home/airflow/.local/lib/python3.6/site-packages/airflow/example_dags/example_external_task_marker_dag.py took 0.460 seconds
[2025-05-19 08:56:29,648] {processor.py:163} INFO - Started process (PID=553) to work on /home/airflow/.local/lib/python3.6/site-packages/airflow/example_dags/example_external_task_marker_dag.py
[2025-05-19 08:56:29,653] {processor.py:642} INFO - Processing file /home/airflow/.local/lib/python3.6/site-packages/airflow/example_dags/example_external_task_marker_dag.py for tasks to queue
[2025-05-19 08:56:29,655] {logging_mixin.py:109} INFO - [2025-05-19 08:56:29,655] {dagbag.py:500} INFO - Filling up the DagBag from /home/airflow/.local/lib/python3.6/site-packages/airflow/example_dags/example_external_task_marker_dag.py
[2025-05-19 08:56:29,746] {processor.py:654} INFO - DAG(s) dict_keys(['example_external_task_marker_parent', 'example_external_task_marker_child']) retrieved from /home/airflow/.local/lib/python3.6/site-packages/airflow/example_dags/example_external_task_marker_dag.py
[2025-05-19 08:56:29,810] {logging_mixin.py:109} INFO - [2025-05-19 08:56:29,810] {dag.py:2396} INFO - Sync 2 DAGs
[2025-05-19 08:56:29,888] {logging_mixin.py:109} INFO - [2025-05-19 08:56:29,888] {dag.py:2935} INFO - Setting next_dagrun for example_external_task_marker_child to None
[2025-05-19 08:56:29,890] {logging_mixin.py:109} INFO - [2025-05-19 08:56:29,889] {dag.py:2935} INFO - Setting next_dagrun for example_external_task_marker_parent to None
[2025-05-19 08:56:29,922] {processor.py:171} INFO - Processing /home/airflow/.local/lib/python3.6/site-packages/airflow/example_dags/example_external_task_marker_dag.py took 0.286 seconds
[2025-05-19 08:57:00,102] {processor.py:163} INFO - Started process (PID=604) to work on /home/airflow/.local/lib/python3.6/site-packages/airflow/example_dags/example_external_task_marker_dag.py
[2025-05-19 08:57:00,115] {processor.py:642} INFO - Processing file /home/airflow/.local/lib/python3.6/site-packages/airflow/example_dags/example_external_task_marker_dag.py for tasks to queue
[2025-05-19 08:57:00,120] {logging_mixin.py:109} INFO - [2025-05-19 08:57:00,119] {dagbag.py:500} INFO - Filling up the DagBag from /home/airflow/.local/lib/python3.6/site-packages/airflow/example_dags/example_external_task_marker_dag.py
[2025-05-19 08:57:00,217] {processor.py:654} INFO - DAG(s) dict_keys(['example_external_task_marker_parent', 'example_external_task_marker_child']) retrieved from /home/airflow/.local/lib/python3.6/site-packages/airflow/example_dags/example_external_task_marker_dag.py
[2025-05-19 08:57:00,251] {logging_mixin.py:109} INFO - [2025-05-19 08:57:00,250] {dag.py:2396} INFO - Sync 2 DAGs
[2025-05-19 08:57:00,304] {logging_mixin.py:109} INFO - [2025-05-19 08:57:00,304] {dag.py:2935} INFO - Setting next_dagrun for example_external_task_marker_child to None
[2025-05-19 08:57:00,307] {logging_mixin.py:109} INFO - [2025-05-19 08:57:00,306] {dag.py:2935} INFO - Setting next_dagrun for example_external_task_marker_parent to None
[2025-05-19 08:57:00,341] {processor.py:171} INFO - Processing /home/airflow/.local/lib/python3.6/site-packages/airflow/example_dags/example_external_task_marker_dag.py took 0.284 seconds
[2025-05-19 08:57:31,663] {processor.py:163} INFO - Started process (PID=658) to work on /home/airflow/.local/lib/python3.6/site-packages/airflow/example_dags/example_external_task_marker_dag.py
[2025-05-19 08:57:31,666] {processor.py:642} INFO - Processing file /home/airflow/.local/lib/python3.6/site-packages/airflow/example_dags/example_external_task_marker_dag.py for tasks to queue
[2025-05-19 08:57:31,668] {logging_mixin.py:109} INFO - [2025-05-19 08:57:31,668] {dagbag.py:500} INFO - Filling up the DagBag from /home/airflow/.local/lib/python3.6/site-packages/airflow/example_dags/example_external_task_marker_dag.py
[2025-05-19 08:57:31,752] {processor.py:654} INFO - DAG(s) dict_keys(['example_external_task_marker_parent', 'example_external_task_marker_child']) retrieved from /home/airflow/.local/lib/python3.6/site-packages/airflow/example_dags/example_external_task_marker_dag.py
[2025-05-19 08:57:31,798] {logging_mixin.py:109} INFO - [2025-05-19 08:57:31,798] {dag.py:2396} INFO - Sync 2 DAGs
[2025-05-19 08:57:31,860] {logging_mixin.py:109} INFO - [2025-05-19 08:57:31,860] {dag.py:2935} INFO - Setting next_dagrun for example_external_task_marker_child to None
[2025-05-19 08:57:31,862] {logging_mixin.py:109} INFO - [2025-05-19 08:57:31,862] {dag.py:2935} INFO - Setting next_dagrun for example_external_task_marker_parent to None
[2025-05-19 08:57:31,891] {processor.py:171} INFO - Processing /home/airflow/.local/lib/python3.6/site-packages/airflow/example_dags/example_external_task_marker_dag.py took 0.248 seconds
[2025-05-19 08:58:02,353] {processor.py:163} INFO - Started process (PID=709) to work on /home/airflow/.local/lib/python3.6/site-packages/airflow/example_dags/example_external_task_marker_dag.py
[2025-05-19 08:58:02,357] {processor.py:642} INFO - Processing file /home/airflow/.local/lib/python3.6/site-packages/airflow/example_dags/example_external_task_marker_dag.py for tasks to queue
[2025-05-19 08:58:02,359] {logging_mixin.py:109} INFO - [2025-05-19 08:58:02,359] {dagbag.py:500} INFO - Filling up the DagBag from /home/airflow/.local/lib/python3.6/site-packages/airflow/example_dags/example_external_task_marker_dag.py
[2025-05-19 08:58:02,428] {processor.py:654} INFO - DAG(s) dict_keys(['example_external_task_marker_parent', 'example_external_task_marker_child']) retrieved from /home/airflow/.local/lib/python3.6/site-packages/airflow/example_dags/example_external_task_marker_dag.py
[2025-05-19 08:58:02,461] {logging_mixin.py:109} INFO - [2025-05-19 08:58:02,460] {dag.py:2396} INFO - Sync 2 DAGs
[2025-05-19 08:58:02,495] {logging_mixin.py:109} INFO - [2025-05-19 08:58:02,495] {dag.py:2935} INFO - Setting next_dagrun for example_external_task_marker_child to None
[2025-05-19 08:58:02,497] {logging_mixin.py:109} INFO - [2025-05-19 08:58:02,497] {dag.py:2935} INFO - Setting next_dagrun for example_external_task_marker_parent to None
[2025-05-19 08:58:02,517] {processor.py:171} INFO - Processing /home/airflow/.local/lib/python3.6/site-packages/airflow/example_dags/example_external_task_marker_dag.py took 0.174 seconds
[2025-05-19 08:58:32,662] {processor.py:163} INFO - Started process (PID=761) to work on /home/airflow/.local/lib/python3.6/site-packages/airflow/example_dags/example_external_task_marker_dag.py
[2025-05-19 08:58:32,666] {processor.py:642} INFO - Processing file /home/airflow/.local/lib/python3.6/site-packages/airflow/example_dags/example_external_task_marker_dag.py for tasks to queue
[2025-05-19 08:58:32,668] {logging_mixin.py:109} INFO - [2025-05-19 08:58:32,668] {dagbag.py:500} INFO - Filling up the DagBag from /home/airflow/.local/lib/python3.6/site-packages/airflow/example_dags/example_external_task_marker_dag.py
[2025-05-19 08:58:32,728] {processor.py:654} INFO - DAG(s) dict_keys(['example_external_task_marker_parent', 'example_external_task_marker_child']) retrieved from /home/airflow/.local/lib/python3.6/site-packages/airflow/example_dags/example_external_task_marker_dag.py
[2025-05-19 08:58:32,769] {logging_mixin.py:109} INFO - [2025-05-19 08:58:32,768] {dag.py:2396} INFO - Sync 2 DAGs
[2025-05-19 08:58:32,814] {logging_mixin.py:109} INFO - [2025-05-19 08:58:32,814] {dag.py:2935} INFO - Setting next_dagrun for example_external_task_marker_child to None
[2025-05-19 08:58:32,816] {logging_mixin.py:109} INFO - [2025-05-19 08:58:32,815] {dag.py:2935} INFO - Setting next_dagrun for example_external_task_marker_parent to None
[2025-05-19 08:58:32,837] {processor.py:171} INFO - Processing /home/airflow/.local/lib/python3.6/site-packages/airflow/example_dags/example_external_task_marker_dag.py took 0.180 seconds
[2025-05-19 08:59:02,950] {processor.py:163} INFO - Started process (PID=812) to work on /home/airflow/.local/lib/python3.6/site-packages/airflow/example_dags/example_external_task_marker_dag.py
[2025-05-19 08:59:02,954] {processor.py:642} INFO - Processing file /home/airflow/.local/lib/python3.6/site-packages/airflow/example_dags/example_external_task_marker_dag.py for tasks to queue
[2025-05-19 08:59:02,956] {logging_mixin.py:109} INFO - [2025-05-19 08:59:02,956] {dagbag.py:500} INFO - Filling up the DagBag from /home/airflow/.local/lib/python3.6/site-packages/airflow/example_dags/example_external_task_marker_dag.py
[2025-05-19 08:59:03,001] {processor.py:654} INFO - DAG(s) dict_keys(['example_external_task_marker_parent', 'example_external_task_marker_child']) retrieved from /home/airflow/.local/lib/python3.6/site-packages/airflow/example_dags/example_external_task_marker_dag.py
[2025-05-19 08:59:03,020] {logging_mixin.py:109} INFO - [2025-05-19 08:59:03,020] {dag.py:2396} INFO - Sync 2 DAGs
[2025-05-19 08:59:03,048] {logging_mixin.py:109} INFO - [2025-05-19 08:59:03,048] {dag.py:2935} INFO - Setting next_dagrun for example_external_task_marker_child to None
[2025-05-19 08:59:03,050] {logging_mixin.py:109} INFO - [2025-05-19 08:59:03,049] {dag.py:2935} INFO - Setting next_dagrun for example_external_task_marker_parent to None
[2025-05-19 08:59:03,066] {processor.py:171} INFO - Processing /home/airflow/.local/lib/python3.6/site-packages/airflow/example_dags/example_external_task_marker_dag.py took 0.126 seconds
[2025-05-19 08:59:33,633] {processor.py:163} INFO - Started process (PID=865) to work on /home/airflow/.local/lib/python3.6/site-packages/airflow/example_dags/example_external_task_marker_dag.py
[2025-05-19 08:59:33,636] {processor.py:642} INFO - Processing file /home/airflow/.local/lib/python3.6/site-packages/airflow/example_dags/example_external_task_marker_dag.py for tasks to queue
[2025-05-19 08:59:33,639] {logging_mixin.py:109} INFO - [2025-05-19 08:59:33,639] {dagbag.py:500} INFO - Filling up the DagBag from /home/airflow/.local/lib/python3.6/site-packages/airflow/example_dags/example_external_task_marker_dag.py
[2025-05-19 08:59:33,735] {processor.py:654} INFO - DAG(s) dict_keys(['example_external_task_marker_parent', 'example_external_task_marker_child']) retrieved from /home/airflow/.local/lib/python3.6/site-packages/airflow/example_dags/example_external_task_marker_dag.py
[2025-05-19 08:59:33,774] {logging_mixin.py:109} INFO - [2025-05-19 08:59:33,774] {dag.py:2396} INFO - Sync 2 DAGs
[2025-05-19 08:59:33,825] {logging_mixin.py:109} INFO - [2025-05-19 08:59:33,824] {dag.py:2935} INFO - Setting next_dagrun for example_external_task_marker_child to None
[2025-05-19 08:59:33,826] {logging_mixin.py:109} INFO - [2025-05-19 08:59:33,826] {dag.py:2935} INFO - Setting next_dagrun for example_external_task_marker_parent to None
[2025-05-19 08:59:33,852] {processor.py:171} INFO - Processing /home/airflow/.local/lib/python3.6/site-packages/airflow/example_dags/example_external_task_marker_dag.py took 0.227 seconds
[2025-05-19 09:00:04,507] {processor.py:163} INFO - Started process (PID=918) to work on /home/airflow/.local/lib/python3.6/site-packages/airflow/example_dags/example_external_task_marker_dag.py
[2025-05-19 09:00:04,510] {processor.py:642} INFO - Processing file /home/airflow/.local/lib/python3.6/site-packages/airflow/example_dags/example_external_task_marker_dag.py for tasks to queue
[2025-05-19 09:00:04,512] {logging_mixin.py:109} INFO - [2025-05-19 09:00:04,511] {dagbag.py:500} INFO - Filling up the DagBag from /home/airflow/.local/lib/python3.6/site-packages/airflow/example_dags/example_external_task_marker_dag.py
[2025-05-19 09:00:04,576] {processor.py:654} INFO - DAG(s) dict_keys(['example_external_task_marker_parent', 'example_external_task_marker_child']) retrieved from /home/airflow/.local/lib/python3.6/site-packages/airflow/example_dags/example_external_task_marker_dag.py
[2025-05-19 09:00:04,603] {logging_mixin.py:109} INFO - [2025-05-19 09:00:04,603] {dag.py:2396} INFO - Sync 2 DAGs
[2025-05-19 09:00:04,640] {logging_mixin.py:109} INFO - [2025-05-19 09:00:04,639] {dag.py:2935} INFO - Setting next_dagrun for example_external_task_marker_child to None
[2025-05-19 09:00:04,641] {logging_mixin.py:109} INFO - [2025-05-19 09:00:04,640] {dag.py:2935} INFO - Setting next_dagrun for example_external_task_marker_parent to None
[2025-05-19 09:00:04,662] {processor.py:171} INFO - Processing /home/airflow/.local/lib/python3.6/site-packages/airflow/example_dags/example_external_task_marker_dag.py took 0.162 seconds
[2025-05-19 09:00:35,848] {processor.py:163} INFO - Started process (PID=969) to work on /home/airflow/.local/lib/python3.6/site-packages/airflow/example_dags/example_external_task_marker_dag.py
[2025-05-19 09:00:35,851] {processor.py:642} INFO - Processing file /home/airflow/.local/lib/python3.6/site-packages/airflow/example_dags/example_external_task_marker_dag.py for tasks to queue
[2025-05-19 09:00:35,853] {logging_mixin.py:109} INFO - [2025-05-19 09:00:35,853] {dagbag.py:500} INFO - Filling up the DagBag from /home/airflow/.local/lib/python3.6/site-packages/airflow/example_dags/example_external_task_marker_dag.py
[2025-05-19 09:00:35,939] {processor.py:654} INFO - DAG(s) dict_keys(['example_external_task_marker_parent', 'example_external_task_marker_child']) retrieved from /home/airflow/.local/lib/python3.6/site-packages/airflow/example_dags/example_external_task_marker_dag.py
[2025-05-19 09:00:35,972] {logging_mixin.py:109} INFO - [2025-05-19 09:00:35,972] {dag.py:2396} INFO - Sync 2 DAGs
[2025-05-19 09:00:36,026] {logging_mixin.py:109} INFO - [2025-05-19 09:00:36,026] {dag.py:2935} INFO - Setting next_dagrun for example_external_task_marker_child to None
[2025-05-19 09:00:36,027] {logging_mixin.py:109} INFO - [2025-05-19 09:00:36,027] {dag.py:2935} INFO - Setting next_dagrun for example_external_task_marker_parent to None
[2025-05-19 09:00:36,052] {processor.py:171} INFO - Processing /home/airflow/.local/lib/python3.6/site-packages/airflow/example_dags/example_external_task_marker_dag.py took 0.217 seconds
[2025-05-19 09:01:07,193] {processor.py:163} INFO - Started process (PID=1021) to work on /home/airflow/.local/lib/python3.6/site-packages/airflow/example_dags/example_external_task_marker_dag.py
[2025-05-19 09:01:07,197] {processor.py:642} INFO - Processing file /home/airflow/.local/lib/python3.6/site-packages/airflow/example_dags/example_external_task_marker_dag.py for tasks to queue
[2025-05-19 09:01:07,199] {logging_mixin.py:109} INFO - [2025-05-19 09:01:07,199] {dagbag.py:500} INFO - Filling up the DagBag from /home/airflow/.local/lib/python3.6/site-packages/airflow/example_dags/example_external_task_marker_dag.py
[2025-05-19 09:01:07,282] {processor.py:654} INFO - DAG(s) dict_keys(['example_external_task_marker_parent', 'example_external_task_marker_child']) retrieved from /home/airflow/.local/lib/python3.6/site-packages/airflow/example_dags/example_external_task_marker_dag.py
[2025-05-19 09:01:07,316] {logging_mixin.py:109} INFO - [2025-05-19 09:01:07,316] {dag.py:2396} INFO - Sync 2 DAGs
[2025-05-19 09:01:07,361] {logging_mixin.py:109} INFO - [2025-05-19 09:01:07,361] {dag.py:2935} INFO - Setting next_dagrun for example_external_task_marker_child to None
[2025-05-19 09:01:07,363] {logging_mixin.py:109} INFO - [2025-05-19 09:01:07,363] {dag.py:2935} INFO - Setting next_dagrun for example_external_task_marker_parent to None
[2025-05-19 09:01:07,393] {processor.py:171} INFO - Processing /home/airflow/.local/lib/python3.6/site-packages/airflow/example_dags/example_external_task_marker_dag.py took 0.211 seconds
[2025-05-19 09:01:38,743] {processor.py:163} INFO - Started process (PID=1073) to work on /home/airflow/.local/lib/python3.6/site-packages/airflow/example_dags/example_external_task_marker_dag.py
[2025-05-19 09:01:38,745] {processor.py:642} INFO - Processing file /home/airflow/.local/lib/python3.6/site-packages/airflow/example_dags/example_external_task_marker_dag.py for tasks to queue
[2025-05-19 09:01:38,748] {logging_mixin.py:109} INFO - [2025-05-19 09:01:38,748] {dagbag.py:500} INFO - Filling up the DagBag from /home/airflow/.local/lib/python3.6/site-packages/airflow/example_dags/example_external_task_marker_dag.py
[2025-05-19 09:01:38,870] {processor.py:654} INFO - DAG(s) dict_keys(['example_external_task_marker_parent', 'example_external_task_marker_child']) retrieved from /home/airflow/.local/lib/python3.6/site-packages/airflow/example_dags/example_external_task_marker_dag.py
[2025-05-19 09:01:38,936] {logging_mixin.py:109} INFO - [2025-05-19 09:01:38,936] {dag.py:2396} INFO - Sync 2 DAGs
[2025-05-19 09:01:38,990] {logging_mixin.py:109} INFO - [2025-05-19 09:01:38,990] {dag.py:2935} INFO - Setting next_dagrun for example_external_task_marker_child to None
[2025-05-19 09:01:38,992] {logging_mixin.py:109} INFO - [2025-05-19 09:01:38,992] {dag.py:2935} INFO - Setting next_dagrun for example_external_task_marker_parent to None
[2025-05-19 09:01:39,038] {processor.py:171} INFO - Processing /home/airflow/.local/lib/python3.6/site-packages/airflow/example_dags/example_external_task_marker_dag.py took 0.307 seconds
[2025-05-19 09:02:11,578] {processor.py:163} INFO - Started process (PID=1126) to work on /home/airflow/.local/lib/python3.6/site-packages/airflow/example_dags/example_external_task_marker_dag.py
[2025-05-19 09:02:11,582] {processor.py:642} INFO - Processing file /home/airflow/.local/lib/python3.6/site-packages/airflow/example_dags/example_external_task_marker_dag.py for tasks to queue
[2025-05-19 09:02:11,587] {logging_mixin.py:109} INFO - [2025-05-19 09:02:11,587] {dagbag.py:500} INFO - Filling up the DagBag from /home/airflow/.local/lib/python3.6/site-packages/airflow/example_dags/example_external_task_marker_dag.py
[2025-05-19 09:02:11,727] {processor.py:654} INFO - DAG(s) dict_keys(['example_external_task_marker_parent', 'example_external_task_marker_child']) retrieved from /home/airflow/.local/lib/python3.6/site-packages/airflow/example_dags/example_external_task_marker_dag.py
[2025-05-19 09:02:11,769] {logging_mixin.py:109} INFO - [2025-05-19 09:02:11,769] {dag.py:2396} INFO - Sync 2 DAGs
[2025-05-19 09:02:11,829] {logging_mixin.py:109} INFO - [2025-05-19 09:02:11,828] {dag.py:2935} INFO - Setting next_dagrun for example_external_task_marker_child to None
[2025-05-19 09:02:11,830] {logging_mixin.py:109} INFO - [2025-05-19 09:02:11,830] {dag.py:2935} INFO - Setting next_dagrun for example_external_task_marker_parent to None
[2025-05-19 09:02:11,864] {processor.py:171} INFO - Processing /home/airflow/.local/lib/python3.6/site-packages/airflow/example_dags/example_external_task_marker_dag.py took 0.300 seconds
[2025-05-19 09:02:43,720] {processor.py:163} INFO - Started process (PID=1178) to work on /home/airflow/.local/lib/python3.6/site-packages/airflow/example_dags/example_external_task_marker_dag.py
[2025-05-19 09:02:43,728] {processor.py:642} INFO - Processing file /home/airflow/.local/lib/python3.6/site-packages/airflow/example_dags/example_external_task_marker_dag.py for tasks to queue
[2025-05-19 09:02:43,730] {logging_mixin.py:109} INFO - [2025-05-19 09:02:43,730] {dagbag.py:500} INFO - Filling up the DagBag from /home/airflow/.local/lib/python3.6/site-packages/airflow/example_dags/example_external_task_marker_dag.py
[2025-05-19 09:02:43,873] {processor.py:654} INFO - DAG(s) dict_keys(['example_external_task_marker_parent', 'example_external_task_marker_child']) retrieved from /home/airflow/.local/lib/python3.6/site-packages/airflow/example_dags/example_external_task_marker_dag.py
[2025-05-19 09:02:43,961] {logging_mixin.py:109} INFO - [2025-05-19 09:02:43,960] {dag.py:2396} INFO - Sync 2 DAGs
[2025-05-19 09:02:44,106] {logging_mixin.py:109} INFO - [2025-05-19 09:02:44,106] {dag.py:2935} INFO - Setting next_dagrun for example_external_task_marker_child to None
[2025-05-19 09:02:44,179] {logging_mixin.py:109} INFO - [2025-05-19 09:02:44,178] {dag.py:2935} INFO - Setting next_dagrun for example_external_task_marker_parent to None
[2025-05-19 09:02:44,234] {processor.py:171} INFO - Processing /home/airflow/.local/lib/python3.6/site-packages/airflow/example_dags/example_external_task_marker_dag.py took 0.524 seconds
[2025-05-19 09:03:14,822] {processor.py:163} INFO - Started process (PID=1229) to work on /home/airflow/.local/lib/python3.6/site-packages/airflow/example_dags/example_external_task_marker_dag.py
[2025-05-19 09:03:14,825] {processor.py:642} INFO - Processing file /home/airflow/.local/lib/python3.6/site-packages/airflow/example_dags/example_external_task_marker_dag.py for tasks to queue
[2025-05-19 09:03:14,827] {logging_mixin.py:109} INFO - [2025-05-19 09:03:14,827] {dagbag.py:500} INFO - Filling up the DagBag from /home/airflow/.local/lib/python3.6/site-packages/airflow/example_dags/example_external_task_marker_dag.py
[2025-05-19 09:03:14,903] {processor.py:654} INFO - DAG(s) dict_keys(['example_external_task_marker_parent', 'example_external_task_marker_child']) retrieved from /home/airflow/.local/lib/python3.6/site-packages/airflow/example_dags/example_external_task_marker_dag.py
[2025-05-19 09:03:14,943] {logging_mixin.py:109} INFO - [2025-05-19 09:03:14,942] {dag.py:2396} INFO - Sync 2 DAGs
[2025-05-19 09:03:15,003] {logging_mixin.py:109} INFO - [2025-05-19 09:03:15,003] {dag.py:2935} INFO - Setting next_dagrun for example_external_task_marker_child to None
[2025-05-19 09:03:15,004] {logging_mixin.py:109} INFO - [2025-05-19 09:03:15,004] {dag.py:2935} INFO - Setting next_dagrun for example_external_task_marker_parent to None
[2025-05-19 09:03:15,032] {processor.py:171} INFO - Processing /home/airflow/.local/lib/python3.6/site-packages/airflow/example_dags/example_external_task_marker_dag.py took 0.220 seconds
[2025-05-19 09:03:45,362] {processor.py:163} INFO - Started process (PID=1271) to work on /home/airflow/.local/lib/python3.6/site-packages/airflow/example_dags/example_external_task_marker_dag.py
[2025-05-19 09:03:45,366] {processor.py:642} INFO - Processing file /home/airflow/.local/lib/python3.6/site-packages/airflow/example_dags/example_external_task_marker_dag.py for tasks to queue
[2025-05-19 09:03:45,368] {logging_mixin.py:109} INFO - [2025-05-19 09:03:45,368] {dagbag.py:500} INFO - Filling up the DagBag from /home/airflow/.local/lib/python3.6/site-packages/airflow/example_dags/example_external_task_marker_dag.py
[2025-05-19 09:03:45,423] {processor.py:654} INFO - DAG(s) dict_keys(['example_external_task_marker_parent', 'example_external_task_marker_child']) retrieved from /home/airflow/.local/lib/python3.6/site-packages/airflow/example_dags/example_external_task_marker_dag.py
[2025-05-19 09:03:45,448] {logging_mixin.py:109} INFO - [2025-05-19 09:03:45,448] {dag.py:2396} INFO - Sync 2 DAGs
[2025-05-19 09:03:45,483] {logging_mixin.py:109} INFO - [2025-05-19 09:03:45,482] {dag.py:2935} INFO - Setting next_dagrun for example_external_task_marker_child to None
[2025-05-19 09:03:45,484] {logging_mixin.py:109} INFO - [2025-05-19 09:03:45,484] {dag.py:2935} INFO - Setting next_dagrun for example_external_task_marker_parent to None
[2025-05-19 09:03:45,503] {processor.py:171} INFO - Processing /home/airflow/.local/lib/python3.6/site-packages/airflow/example_dags/example_external_task_marker_dag.py took 0.149 seconds
[2025-05-19 09:04:15,715] {processor.py:163} INFO - Started process (PID=1322) to work on /home/airflow/.local/lib/python3.6/site-packages/airflow/example_dags/example_external_task_marker_dag.py
[2025-05-19 09:04:15,718] {processor.py:642} INFO - Processing file /home/airflow/.local/lib/python3.6/site-packages/airflow/example_dags/example_external_task_marker_dag.py for tasks to queue
[2025-05-19 09:04:15,720] {logging_mixin.py:109} INFO - [2025-05-19 09:04:15,719] {dagbag.py:500} INFO - Filling up the DagBag from /home/airflow/.local/lib/python3.6/site-packages/airflow/example_dags/example_external_task_marker_dag.py
[2025-05-19 09:04:15,820] {processor.py:654} INFO - DAG(s) dict_keys(['example_external_task_marker_parent', 'example_external_task_marker_child']) retrieved from /home/airflow/.local/lib/python3.6/site-packages/airflow/example_dags/example_external_task_marker_dag.py
[2025-05-19 09:04:15,879] {logging_mixin.py:109} INFO - [2025-05-19 09:04:15,878] {dag.py:2396} INFO - Sync 2 DAGs
[2025-05-19 09:04:15,934] {logging_mixin.py:109} INFO - [2025-05-19 09:04:15,934] {dag.py:2935} INFO - Setting next_dagrun for example_external_task_marker_child to None
[2025-05-19 09:04:15,936] {logging_mixin.py:109} INFO - [2025-05-19 09:04:15,936] {dag.py:2935} INFO - Setting next_dagrun for example_external_task_marker_parent to None
[2025-05-19 09:04:15,960] {processor.py:171} INFO - Processing /home/airflow/.local/lib/python3.6/site-packages/airflow/example_dags/example_external_task_marker_dag.py took 0.255 seconds
[2025-05-19 09:04:46,150] {processor.py:163} INFO - Started process (PID=1374) to work on /home/airflow/.local/lib/python3.6/site-packages/airflow/example_dags/example_external_task_marker_dag.py
[2025-05-19 09:04:46,155] {processor.py:642} INFO - Processing file /home/airflow/.local/lib/python3.6/site-packages/airflow/example_dags/example_external_task_marker_dag.py for tasks to queue
[2025-05-19 09:04:46,158] {logging_mixin.py:109} INFO - [2025-05-19 09:04:46,158] {dagbag.py:500} INFO - Filling up the DagBag from /home/airflow/.local/lib/python3.6/site-packages/airflow/example_dags/example_external_task_marker_dag.py
[2025-05-19 09:04:46,225] {processor.py:654} INFO - DAG(s) dict_keys(['example_external_task_marker_parent', 'example_external_task_marker_child']) retrieved from /home/airflow/.local/lib/python3.6/site-packages/airflow/example_dags/example_external_task_marker_dag.py
[2025-05-19 09:04:46,263] {logging_mixin.py:109} INFO - [2025-05-19 09:04:46,262] {dag.py:2396} INFO - Sync 2 DAGs
[2025-05-19 09:04:46,312] {logging_mixin.py:109} INFO - [2025-05-19 09:04:46,311] {dag.py:2935} INFO - Setting next_dagrun for example_external_task_marker_child to None
[2025-05-19 09:04:46,313] {logging_mixin.py:109} INFO - [2025-05-19 09:04:46,313] {dag.py:2935} INFO - Setting next_dagrun for example_external_task_marker_parent to None
[2025-05-19 09:04:46,337] {processor.py:171} INFO - Processing /home/airflow/.local/lib/python3.6/site-packages/airflow/example_dags/example_external_task_marker_dag.py took 0.198 seconds
[2025-05-19 09:05:16,863] {processor.py:163} INFO - Started process (PID=1427) to work on /home/airflow/.local/lib/python3.6/site-packages/airflow/example_dags/example_external_task_marker_dag.py
[2025-05-19 09:05:16,873] {processor.py:642} INFO - Processing file /home/airflow/.local/lib/python3.6/site-packages/airflow/example_dags/example_external_task_marker_dag.py for tasks to queue
[2025-05-19 09:05:16,876] {logging_mixin.py:109} INFO - [2025-05-19 09:05:16,876] {dagbag.py:500} INFO - Filling up the DagBag from /home/airflow/.local/lib/python3.6/site-packages/airflow/example_dags/example_external_task_marker_dag.py
[2025-05-19 09:05:16,961] {processor.py:654} INFO - DAG(s) dict_keys(['example_external_task_marker_parent', 'example_external_task_marker_child']) retrieved from /home/airflow/.local/lib/python3.6/site-packages/airflow/example_dags/example_external_task_marker_dag.py
[2025-05-19 09:05:17,002] {logging_mixin.py:109} INFO - [2025-05-19 09:05:17,002] {dag.py:2396} INFO - Sync 2 DAGs
[2025-05-19 09:05:17,050] {logging_mixin.py:109} INFO - [2025-05-19 09:05:17,050] {dag.py:2935} INFO - Setting next_dagrun for example_external_task_marker_child to None
[2025-05-19 09:05:17,051] {logging_mixin.py:109} INFO - [2025-05-19 09:05:17,051] {dag.py:2935} INFO - Setting next_dagrun for example_external_task_marker_parent to None
[2025-05-19 09:05:17,077] {processor.py:171} INFO - Processing /home/airflow/.local/lib/python3.6/site-packages/airflow/example_dags/example_external_task_marker_dag.py took 0.230 seconds
[2025-05-19 09:05:47,162] {processor.py:163} INFO - Started process (PID=1478) to work on /home/airflow/.local/lib/python3.6/site-packages/airflow/example_dags/example_external_task_marker_dag.py
[2025-05-19 09:05:47,170] {processor.py:642} INFO - Processing file /home/airflow/.local/lib/python3.6/site-packages/airflow/example_dags/example_external_task_marker_dag.py for tasks to queue
[2025-05-19 09:05:47,172] {logging_mixin.py:109} INFO - [2025-05-19 09:05:47,172] {dagbag.py:500} INFO - Filling up the DagBag from /home/airflow/.local/lib/python3.6/site-packages/airflow/example_dags/example_external_task_marker_dag.py
[2025-05-19 09:05:47,274] {processor.py:654} INFO - DAG(s) dict_keys(['example_external_task_marker_parent', 'example_external_task_marker_child']) retrieved from /home/airflow/.local/lib/python3.6/site-packages/airflow/example_dags/example_external_task_marker_dag.py
[2025-05-19 09:05:47,324] {logging_mixin.py:109} INFO - [2025-05-19 09:05:47,323] {dag.py:2396} INFO - Sync 2 DAGs
[2025-05-19 09:05:47,358] {logging_mixin.py:109} INFO - [2025-05-19 09:05:47,358] {dag.py:2935} INFO - Setting next_dagrun for example_external_task_marker_child to None
[2025-05-19 09:05:47,359] {logging_mixin.py:109} INFO - [2025-05-19 09:05:47,359] {dag.py:2935} INFO - Setting next_dagrun for example_external_task_marker_parent to None
[2025-05-19 09:05:47,375] {processor.py:171} INFO - Processing /home/airflow/.local/lib/python3.6/site-packages/airflow/example_dags/example_external_task_marker_dag.py took 0.224 seconds
[2025-05-19 09:06:17,495] {processor.py:163} INFO - Started process (PID=1530) to work on /home/airflow/.local/lib/python3.6/site-packages/airflow/example_dags/example_external_task_marker_dag.py
[2025-05-19 09:06:17,497] {processor.py:642} INFO - Processing file /home/airflow/.local/lib/python3.6/site-packages/airflow/example_dags/example_external_task_marker_dag.py for tasks to queue
[2025-05-19 09:06:17,500] {logging_mixin.py:109} INFO - [2025-05-19 09:06:17,499] {dagbag.py:500} INFO - Filling up the DagBag from /home/airflow/.local/lib/python3.6/site-packages/airflow/example_dags/example_external_task_marker_dag.py
[2025-05-19 09:06:17,543] {processor.py:654} INFO - DAG(s) dict_keys(['example_external_task_marker_parent', 'example_external_task_marker_child']) retrieved from /home/airflow/.local/lib/python3.6/site-packages/airflow/example_dags/example_external_task_marker_dag.py
[2025-05-19 09:06:17,566] {logging_mixin.py:109} INFO - [2025-05-19 09:06:17,566] {dag.py:2396} INFO - Sync 2 DAGs
[2025-05-19 09:06:17,595] {logging_mixin.py:109} INFO - [2025-05-19 09:06:17,595] {dag.py:2935} INFO - Setting next_dagrun for example_external_task_marker_child to None
[2025-05-19 09:06:17,596] {logging_mixin.py:109} INFO - [2025-05-19 09:06:17,596] {dag.py:2935} INFO - Setting next_dagrun for example_external_task_marker_parent to None
[2025-05-19 09:06:17,611] {processor.py:171} INFO - Processing /home/airflow/.local/lib/python3.6/site-packages/airflow/example_dags/example_external_task_marker_dag.py took 0.124 seconds
[2025-05-19 09:06:48,144] {processor.py:163} INFO - Started process (PID=1591) to work on /home/airflow/.local/lib/python3.6/site-packages/airflow/example_dags/example_external_task_marker_dag.py
[2025-05-19 09:06:48,150] {processor.py:642} INFO - Processing file /home/airflow/.local/lib/python3.6/site-packages/airflow/example_dags/example_external_task_marker_dag.py for tasks to queue
[2025-05-19 09:06:48,152] {logging_mixin.py:109} INFO - [2025-05-19 09:06:48,152] {dagbag.py:500} INFO - Filling up the DagBag from /home/airflow/.local/lib/python3.6/site-packages/airflow/example_dags/example_external_task_marker_dag.py
[2025-05-19 09:06:48,201] {processor.py:654} INFO - DAG(s) dict_keys(['example_external_task_marker_parent', 'example_external_task_marker_child']) retrieved from /home/airflow/.local/lib/python3.6/site-packages/airflow/example_dags/example_external_task_marker_dag.py
[2025-05-19 09:06:48,226] {logging_mixin.py:109} INFO - [2025-05-19 09:06:48,226] {dag.py:2396} INFO - Sync 2 DAGs
[2025-05-19 09:06:48,259] {logging_mixin.py:109} INFO - [2025-05-19 09:06:48,258] {dag.py:2935} INFO - Setting next_dagrun for example_external_task_marker_child to None
[2025-05-19 09:06:48,259] {logging_mixin.py:109} INFO - [2025-05-19 09:06:48,259] {dag.py:2935} INFO - Setting next_dagrun for example_external_task_marker_parent to None
[2025-05-19 09:06:48,274] {processor.py:171} INFO - Processing /home/airflow/.local/lib/python3.6/site-packages/airflow/example_dags/example_external_task_marker_dag.py took 0.135 seconds
[2025-05-19 09:07:18,316] {processor.py:163} INFO - Started process (PID=1644) to work on /home/airflow/.local/lib/python3.6/site-packages/airflow/example_dags/example_external_task_marker_dag.py
[2025-05-19 09:07:18,318] {processor.py:642} INFO - Processing file /home/airflow/.local/lib/python3.6/site-packages/airflow/example_dags/example_external_task_marker_dag.py for tasks to queue
[2025-05-19 09:07:18,319] {logging_mixin.py:109} INFO - [2025-05-19 09:07:18,319] {dagbag.py:500} INFO - Filling up the DagBag from /home/airflow/.local/lib/python3.6/site-packages/airflow/example_dags/example_external_task_marker_dag.py
[2025-05-19 09:07:18,370] {processor.py:654} INFO - DAG(s) dict_keys(['example_external_task_marker_parent', 'example_external_task_marker_child']) retrieved from /home/airflow/.local/lib/python3.6/site-packages/airflow/example_dags/example_external_task_marker_dag.py
[2025-05-19 09:07:18,394] {logging_mixin.py:109} INFO - [2025-05-19 09:07:18,394] {dag.py:2396} INFO - Sync 2 DAGs
[2025-05-19 09:07:18,423] {logging_mixin.py:109} INFO - [2025-05-19 09:07:18,423] {dag.py:2935} INFO - Setting next_dagrun for example_external_task_marker_child to None
[2025-05-19 09:07:18,424] {logging_mixin.py:109} INFO - [2025-05-19 09:07:18,424] {dag.py:2935} INFO - Setting next_dagrun for example_external_task_marker_parent to None
[2025-05-19 09:07:18,445] {processor.py:171} INFO - Processing /home/airflow/.local/lib/python3.6/site-packages/airflow/example_dags/example_external_task_marker_dag.py took 0.134 seconds
[2025-05-19 09:07:49,170] {processor.py:163} INFO - Started process (PID=1696) to work on /home/airflow/.local/lib/python3.6/site-packages/airflow/example_dags/example_external_task_marker_dag.py
[2025-05-19 09:07:49,172] {processor.py:642} INFO - Processing file /home/airflow/.local/lib/python3.6/site-packages/airflow/example_dags/example_external_task_marker_dag.py for tasks to queue
[2025-05-19 09:07:49,173] {logging_mixin.py:109} INFO - [2025-05-19 09:07:49,173] {dagbag.py:500} INFO - Filling up the DagBag from /home/airflow/.local/lib/python3.6/site-packages/airflow/example_dags/example_external_task_marker_dag.py
[2025-05-19 09:07:49,208] {processor.py:654} INFO - DAG(s) dict_keys(['example_external_task_marker_parent', 'example_external_task_marker_child']) retrieved from /home/airflow/.local/lib/python3.6/site-packages/airflow/example_dags/example_external_task_marker_dag.py
[2025-05-19 09:07:49,226] {logging_mixin.py:109} INFO - [2025-05-19 09:07:49,226] {dag.py:2396} INFO - Sync 2 DAGs
[2025-05-19 09:07:49,250] {logging_mixin.py:109} INFO - [2025-05-19 09:07:49,250] {dag.py:2935} INFO - Setting next_dagrun for example_external_task_marker_child to None
[2025-05-19 09:07:49,251] {logging_mixin.py:109} INFO - [2025-05-19 09:07:49,251] {dag.py:2935} INFO - Setting next_dagrun for example_external_task_marker_parent to None
[2025-05-19 09:07:49,264] {processor.py:171} INFO - Processing /home/airflow/.local/lib/python3.6/site-packages/airflow/example_dags/example_external_task_marker_dag.py took 0.099 seconds
[2025-05-19 09:08:19,374] {processor.py:163} INFO - Started process (PID=1758) to work on /home/airflow/.local/lib/python3.6/site-packages/airflow/example_dags/example_external_task_marker_dag.py
[2025-05-19 09:08:19,376] {processor.py:642} INFO - Processing file /home/airflow/.local/lib/python3.6/site-packages/airflow/example_dags/example_external_task_marker_dag.py for tasks to queue
[2025-05-19 09:08:19,377] {logging_mixin.py:109} INFO - [2025-05-19 09:08:19,377] {dagbag.py:500} INFO - Filling up the DagBag from /home/airflow/.local/lib/python3.6/site-packages/airflow/example_dags/example_external_task_marker_dag.py
[2025-05-19 09:08:19,406] {processor.py:654} INFO - DAG(s) dict_keys(['example_external_task_marker_parent', 'example_external_task_marker_child']) retrieved from /home/airflow/.local/lib/python3.6/site-packages/airflow/example_dags/example_external_task_marker_dag.py
[2025-05-19 09:08:19,420] {logging_mixin.py:109} INFO - [2025-05-19 09:08:19,419] {dag.py:2396} INFO - Sync 2 DAGs
[2025-05-19 09:08:19,440] {logging_mixin.py:109} INFO - [2025-05-19 09:08:19,440] {dag.py:2935} INFO - Setting next_dagrun for example_external_task_marker_child to None
[2025-05-19 09:08:19,441] {logging_mixin.py:109} INFO - [2025-05-19 09:08:19,441] {dag.py:2935} INFO - Setting next_dagrun for example_external_task_marker_parent to None
[2025-05-19 09:08:19,453] {processor.py:171} INFO - Processing /home/airflow/.local/lib/python3.6/site-packages/airflow/example_dags/example_external_task_marker_dag.py took 0.083 seconds
[2025-05-19 09:08:50,165] {processor.py:163} INFO - Started process (PID=1810) to work on /home/airflow/.local/lib/python3.6/site-packages/airflow/example_dags/example_external_task_marker_dag.py
[2025-05-19 09:08:50,169] {processor.py:642} INFO - Processing file /home/airflow/.local/lib/python3.6/site-packages/airflow/example_dags/example_external_task_marker_dag.py for tasks to queue
[2025-05-19 09:08:50,171] {logging_mixin.py:109} INFO - [2025-05-19 09:08:50,170] {dagbag.py:500} INFO - Filling up the DagBag from /home/airflow/.local/lib/python3.6/site-packages/airflow/example_dags/example_external_task_marker_dag.py
[2025-05-19 09:08:50,219] {processor.py:654} INFO - DAG(s) dict_keys(['example_external_task_marker_parent', 'example_external_task_marker_child']) retrieved from /home/airflow/.local/lib/python3.6/site-packages/airflow/example_dags/example_external_task_marker_dag.py
[2025-05-19 09:08:50,237] {logging_mixin.py:109} INFO - [2025-05-19 09:08:50,237] {dag.py:2396} INFO - Sync 2 DAGs
[2025-05-19 09:08:50,267] {logging_mixin.py:109} INFO - [2025-05-19 09:08:50,267] {dag.py:2935} INFO - Setting next_dagrun for example_external_task_marker_child to None
[2025-05-19 09:08:50,268] {logging_mixin.py:109} INFO - [2025-05-19 09:08:50,268] {dag.py:2935} INFO - Setting next_dagrun for example_external_task_marker_parent to None
[2025-05-19 09:08:50,279] {processor.py:171} INFO - Processing /home/airflow/.local/lib/python3.6/site-packages/airflow/example_dags/example_external_task_marker_dag.py took 0.132 seconds
[2025-05-19 09:09:20,886] {processor.py:163} INFO - Started process (PID=1872) to work on /home/airflow/.local/lib/python3.6/site-packages/airflow/example_dags/example_external_task_marker_dag.py
[2025-05-19 09:09:20,888] {processor.py:642} INFO - Processing file /home/airflow/.local/lib/python3.6/site-packages/airflow/example_dags/example_external_task_marker_dag.py for tasks to queue
[2025-05-19 09:09:20,889] {logging_mixin.py:109} INFO - [2025-05-19 09:09:20,889] {dagbag.py:500} INFO - Filling up the DagBag from /home/airflow/.local/lib/python3.6/site-packages/airflow/example_dags/example_external_task_marker_dag.py
[2025-05-19 09:09:20,924] {processor.py:654} INFO - DAG(s) dict_keys(['example_external_task_marker_parent', 'example_external_task_marker_child']) retrieved from /home/airflow/.local/lib/python3.6/site-packages/airflow/example_dags/example_external_task_marker_dag.py
[2025-05-19 09:09:20,940] {logging_mixin.py:109} INFO - [2025-05-19 09:09:20,940] {dag.py:2396} INFO - Sync 2 DAGs
[2025-05-19 09:09:20,960] {logging_mixin.py:109} INFO - [2025-05-19 09:09:20,960] {dag.py:2935} INFO - Setting next_dagrun for example_external_task_marker_child to None
[2025-05-19 09:09:20,960] {logging_mixin.py:109} INFO - [2025-05-19 09:09:20,960] {dag.py:2935} INFO - Setting next_dagrun for example_external_task_marker_parent to None
[2025-05-19 09:09:20,973] {processor.py:171} INFO - Processing /home/airflow/.local/lib/python3.6/site-packages/airflow/example_dags/example_external_task_marker_dag.py took 0.091 seconds
[2025-05-19 09:09:51,011] {processor.py:163} INFO - Started process (PID=1924) to work on /home/airflow/.local/lib/python3.6/site-packages/airflow/example_dags/example_external_task_marker_dag.py
[2025-05-19 09:09:51,013] {processor.py:642} INFO - Processing file /home/airflow/.local/lib/python3.6/site-packages/airflow/example_dags/example_external_task_marker_dag.py for tasks to queue
[2025-05-19 09:09:51,014] {logging_mixin.py:109} INFO - [2025-05-19 09:09:51,014] {dagbag.py:500} INFO - Filling up the DagBag from /home/airflow/.local/lib/python3.6/site-packages/airflow/example_dags/example_external_task_marker_dag.py
[2025-05-19 09:09:51,044] {processor.py:654} INFO - DAG(s) dict_keys(['example_external_task_marker_parent', 'example_external_task_marker_child']) retrieved from /home/airflow/.local/lib/python3.6/site-packages/airflow/example_dags/example_external_task_marker_dag.py
[2025-05-19 09:09:51,059] {logging_mixin.py:109} INFO - [2025-05-19 09:09:51,059] {dag.py:2396} INFO - Sync 2 DAGs
[2025-05-19 09:09:51,080] {logging_mixin.py:109} INFO - [2025-05-19 09:09:51,079] {dag.py:2935} INFO - Setting next_dagrun for example_external_task_marker_child to None
[2025-05-19 09:09:51,080] {logging_mixin.py:109} INFO - [2025-05-19 09:09:51,080] {dag.py:2935} INFO - Setting next_dagrun for example_external_task_marker_parent to None
[2025-05-19 09:09:51,092] {processor.py:171} INFO - Processing /home/airflow/.local/lib/python3.6/site-packages/airflow/example_dags/example_external_task_marker_dag.py took 0.085 seconds
[2025-05-19 09:10:21,534] {processor.py:163} INFO - Started process (PID=1976) to work on /home/airflow/.local/lib/python3.6/site-packages/airflow/example_dags/example_external_task_marker_dag.py
[2025-05-19 09:10:21,536] {processor.py:642} INFO - Processing file /home/airflow/.local/lib/python3.6/site-packages/airflow/example_dags/example_external_task_marker_dag.py for tasks to queue
[2025-05-19 09:10:21,537] {logging_mixin.py:109} INFO - [2025-05-19 09:10:21,537] {dagbag.py:500} INFO - Filling up the DagBag from /home/airflow/.local/lib/python3.6/site-packages/airflow/example_dags/example_external_task_marker_dag.py
[2025-05-19 09:10:21,572] {processor.py:654} INFO - DAG(s) dict_keys(['example_external_task_marker_parent', 'example_external_task_marker_child']) retrieved from /home/airflow/.local/lib/python3.6/site-packages/airflow/example_dags/example_external_task_marker_dag.py
[2025-05-19 09:10:21,589] {logging_mixin.py:109} INFO - [2025-05-19 09:10:21,589] {dag.py:2396} INFO - Sync 2 DAGs
[2025-05-19 09:10:21,615] {logging_mixin.py:109} INFO - [2025-05-19 09:10:21,615] {dag.py:2935} INFO - Setting next_dagrun for example_external_task_marker_child to None
[2025-05-19 09:10:21,616] {logging_mixin.py:109} INFO - [2025-05-19 09:10:21,616] {dag.py:2935} INFO - Setting next_dagrun for example_external_task_marker_parent to None
[2025-05-19 09:10:21,627] {processor.py:171} INFO - Processing /home/airflow/.local/lib/python3.6/site-packages/airflow/example_dags/example_external_task_marker_dag.py took 0.097 seconds
[2025-05-19 09:10:51,673] {processor.py:163} INFO - Started process (PID=2028) to work on /home/airflow/.local/lib/python3.6/site-packages/airflow/example_dags/example_external_task_marker_dag.py
[2025-05-19 09:10:51,675] {processor.py:642} INFO - Processing file /home/airflow/.local/lib/python3.6/site-packages/airflow/example_dags/example_external_task_marker_dag.py for tasks to queue
[2025-05-19 09:10:51,677] {logging_mixin.py:109} INFO - [2025-05-19 09:10:51,677] {dagbag.py:500} INFO - Filling up the DagBag from /home/airflow/.local/lib/python3.6/site-packages/airflow/example_dags/example_external_task_marker_dag.py
[2025-05-19 09:10:51,721] {processor.py:654} INFO - DAG(s) dict_keys(['example_external_task_marker_parent', 'example_external_task_marker_child']) retrieved from /home/airflow/.local/lib/python3.6/site-packages/airflow/example_dags/example_external_task_marker_dag.py
[2025-05-19 09:10:51,741] {logging_mixin.py:109} INFO - [2025-05-19 09:10:51,741] {dag.py:2396} INFO - Sync 2 DAGs
[2025-05-19 09:10:51,769] {logging_mixin.py:109} INFO - [2025-05-19 09:10:51,769] {dag.py:2935} INFO - Setting next_dagrun for example_external_task_marker_child to None
[2025-05-19 09:10:51,770] {logging_mixin.py:109} INFO - [2025-05-19 09:10:51,770] {dag.py:2935} INFO - Setting next_dagrun for example_external_task_marker_parent to None
[2025-05-19 09:10:51,785] {processor.py:171} INFO - Processing /home/airflow/.local/lib/python3.6/site-packages/airflow/example_dags/example_external_task_marker_dag.py took 0.117 seconds
[2025-05-19 09:11:22,909] {processor.py:163} INFO - Started process (PID=2091) to work on /home/airflow/.local/lib/python3.6/site-packages/airflow/example_dags/example_external_task_marker_dag.py
[2025-05-19 09:11:22,917] {processor.py:642} INFO - Processing file /home/airflow/.local/lib/python3.6/site-packages/airflow/example_dags/example_external_task_marker_dag.py for tasks to queue
[2025-05-19 09:11:22,919] {logging_mixin.py:109} INFO - [2025-05-19 09:11:22,919] {dagbag.py:500} INFO - Filling up the DagBag from /home/airflow/.local/lib/python3.6/site-packages/airflow/example_dags/example_external_task_marker_dag.py
[2025-05-19 09:11:23,014] {processor.py:654} INFO - DAG(s) dict_keys(['example_external_task_marker_parent', 'example_external_task_marker_child']) retrieved from /home/airflow/.local/lib/python3.6/site-packages/airflow/example_dags/example_external_task_marker_dag.py
[2025-05-19 09:11:23,075] {logging_mixin.py:109} INFO - [2025-05-19 09:11:23,075] {dag.py:2396} INFO - Sync 2 DAGs
[2025-05-19 09:11:23,124] {logging_mixin.py:109} INFO - [2025-05-19 09:11:23,124] {dag.py:2935} INFO - Setting next_dagrun for example_external_task_marker_child to None
[2025-05-19 09:11:23,126] {logging_mixin.py:109} INFO - [2025-05-19 09:11:23,126] {dag.py:2935} INFO - Setting next_dagrun for example_external_task_marker_parent to None
[2025-05-19 09:11:23,151] {processor.py:171} INFO - Processing /home/airflow/.local/lib/python3.6/site-packages/airflow/example_dags/example_external_task_marker_dag.py took 0.263 seconds
[2025-05-19 09:11:53,557] {processor.py:163} INFO - Started process (PID=2143) to work on /home/airflow/.local/lib/python3.6/site-packages/airflow/example_dags/example_external_task_marker_dag.py
[2025-05-19 09:11:53,559] {processor.py:642} INFO - Processing file /home/airflow/.local/lib/python3.6/site-packages/airflow/example_dags/example_external_task_marker_dag.py for tasks to queue
[2025-05-19 09:11:53,561] {logging_mixin.py:109} INFO - [2025-05-19 09:11:53,560] {dagbag.py:500} INFO - Filling up the DagBag from /home/airflow/.local/lib/python3.6/site-packages/airflow/example_dags/example_external_task_marker_dag.py
[2025-05-19 09:11:53,618] {processor.py:654} INFO - DAG(s) dict_keys(['example_external_task_marker_parent', 'example_external_task_marker_child']) retrieved from /home/airflow/.local/lib/python3.6/site-packages/airflow/example_dags/example_external_task_marker_dag.py
[2025-05-19 09:11:53,648] {logging_mixin.py:109} INFO - [2025-05-19 09:11:53,648] {dag.py:2396} INFO - Sync 2 DAGs
[2025-05-19 09:11:53,688] {logging_mixin.py:109} INFO - [2025-05-19 09:11:53,688] {dag.py:2935} INFO - Setting next_dagrun for example_external_task_marker_child to None
[2025-05-19 09:11:53,689] {logging_mixin.py:109} INFO - [2025-05-19 09:11:53,689] {dag.py:2935} INFO - Setting next_dagrun for example_external_task_marker_parent to None
[2025-05-19 09:11:53,708] {processor.py:171} INFO - Processing /home/airflow/.local/lib/python3.6/site-packages/airflow/example_dags/example_external_task_marker_dag.py took 0.159 seconds
[2025-05-19 09:12:24,357] {processor.py:163} INFO - Started process (PID=2195) to work on /home/airflow/.local/lib/python3.6/site-packages/airflow/example_dags/example_external_task_marker_dag.py
[2025-05-19 09:12:24,359] {processor.py:642} INFO - Processing file /home/airflow/.local/lib/python3.6/site-packages/airflow/example_dags/example_external_task_marker_dag.py for tasks to queue
[2025-05-19 09:12:24,360] {logging_mixin.py:109} INFO - [2025-05-19 09:12:24,360] {dagbag.py:500} INFO - Filling up the DagBag from /home/airflow/.local/lib/python3.6/site-packages/airflow/example_dags/example_external_task_marker_dag.py
[2025-05-19 09:12:24,419] {processor.py:654} INFO - DAG(s) dict_keys(['example_external_task_marker_parent', 'example_external_task_marker_child']) retrieved from /home/airflow/.local/lib/python3.6/site-packages/airflow/example_dags/example_external_task_marker_dag.py
[2025-05-19 09:12:24,469] {logging_mixin.py:109} INFO - [2025-05-19 09:12:24,469] {dag.py:2396} INFO - Sync 2 DAGs
[2025-05-19 09:12:24,524] {logging_mixin.py:109} INFO - [2025-05-19 09:12:24,523] {dag.py:2935} INFO - Setting next_dagrun for example_external_task_marker_child to None
[2025-05-19 09:12:24,526] {logging_mixin.py:109} INFO - [2025-05-19 09:12:24,525] {dag.py:2935} INFO - Setting next_dagrun for example_external_task_marker_parent to None
[2025-05-19 09:12:24,552] {processor.py:171} INFO - Processing /home/airflow/.local/lib/python3.6/site-packages/airflow/example_dags/example_external_task_marker_dag.py took 0.201 seconds
[2025-05-19 09:12:54,754] {processor.py:163} INFO - Started process (PID=2246) to work on /home/airflow/.local/lib/python3.6/site-packages/airflow/example_dags/example_external_task_marker_dag.py
[2025-05-19 09:12:54,759] {processor.py:642} INFO - Processing file /home/airflow/.local/lib/python3.6/site-packages/airflow/example_dags/example_external_task_marker_dag.py for tasks to queue
[2025-05-19 09:12:54,768] {logging_mixin.py:109} INFO - [2025-05-19 09:12:54,763] {dagbag.py:500} INFO - Filling up the DagBag from /home/airflow/.local/lib/python3.6/site-packages/airflow/example_dags/example_external_task_marker_dag.py
[2025-05-19 09:12:54,888] {processor.py:654} INFO - DAG(s) dict_keys(['example_external_task_marker_parent', 'example_external_task_marker_child']) retrieved from /home/airflow/.local/lib/python3.6/site-packages/airflow/example_dags/example_external_task_marker_dag.py
[2025-05-19 09:12:54,951] {logging_mixin.py:109} INFO - [2025-05-19 09:12:54,950] {dag.py:2396} INFO - Sync 2 DAGs
[2025-05-19 09:12:55,026] {logging_mixin.py:109} INFO - [2025-05-19 09:12:55,026] {dag.py:2935} INFO - Setting next_dagrun for example_external_task_marker_child to None
[2025-05-19 09:12:55,028] {logging_mixin.py:109} INFO - [2025-05-19 09:12:55,028] {dag.py:2935} INFO - Setting next_dagrun for example_external_task_marker_parent to None
[2025-05-19 09:12:55,075] {processor.py:171} INFO - Processing /home/airflow/.local/lib/python3.6/site-packages/airflow/example_dags/example_external_task_marker_dag.py took 0.340 seconds
[2025-05-19 09:13:25,232] {processor.py:163} INFO - Started process (PID=2298) to work on /home/airflow/.local/lib/python3.6/site-packages/airflow/example_dags/example_external_task_marker_dag.py
[2025-05-19 09:13:25,251] {processor.py:642} INFO - Processing file /home/airflow/.local/lib/python3.6/site-packages/airflow/example_dags/example_external_task_marker_dag.py for tasks to queue
[2025-05-19 09:13:25,261] {logging_mixin.py:109} INFO - [2025-05-19 09:13:25,261] {dagbag.py:500} INFO - Filling up the DagBag from /home/airflow/.local/lib/python3.6/site-packages/airflow/example_dags/example_external_task_marker_dag.py
[2025-05-19 09:13:25,378] {processor.py:654} INFO - DAG(s) dict_keys(['example_external_task_marker_parent', 'example_external_task_marker_child']) retrieved from /home/airflow/.local/lib/python3.6/site-packages/airflow/example_dags/example_external_task_marker_dag.py
[2025-05-19 09:13:25,445] {logging_mixin.py:109} INFO - [2025-05-19 09:13:25,444] {dag.py:2396} INFO - Sync 2 DAGs
[2025-05-19 09:13:25,507] {logging_mixin.py:109} INFO - [2025-05-19 09:13:25,507] {dag.py:2935} INFO - Setting next_dagrun for example_external_task_marker_child to None
[2025-05-19 09:13:25,508] {logging_mixin.py:109} INFO - [2025-05-19 09:13:25,508] {dag.py:2935} INFO - Setting next_dagrun for example_external_task_marker_parent to None
[2025-05-19 09:13:25,532] {processor.py:171} INFO - Processing /home/airflow/.local/lib/python3.6/site-packages/airflow/example_dags/example_external_task_marker_dag.py took 0.308 seconds
[2025-05-19 09:13:56,183] {processor.py:163} INFO - Started process (PID=2350) to work on /home/airflow/.local/lib/python3.6/site-packages/airflow/example_dags/example_external_task_marker_dag.py
[2025-05-19 09:13:56,187] {processor.py:642} INFO - Processing file /home/airflow/.local/lib/python3.6/site-packages/airflow/example_dags/example_external_task_marker_dag.py for tasks to queue
[2025-05-19 09:13:56,189] {logging_mixin.py:109} INFO - [2025-05-19 09:13:56,188] {dagbag.py:500} INFO - Filling up the DagBag from /home/airflow/.local/lib/python3.6/site-packages/airflow/example_dags/example_external_task_marker_dag.py
[2025-05-19 09:13:56,265] {processor.py:654} INFO - DAG(s) dict_keys(['example_external_task_marker_parent', 'example_external_task_marker_child']) retrieved from /home/airflow/.local/lib/python3.6/site-packages/airflow/example_dags/example_external_task_marker_dag.py
[2025-05-19 09:13:56,309] {logging_mixin.py:109} INFO - [2025-05-19 09:13:56,309] {dag.py:2396} INFO - Sync 2 DAGs
[2025-05-19 09:13:56,359] {logging_mixin.py:109} INFO - [2025-05-19 09:13:56,359] {dag.py:2935} INFO - Setting next_dagrun for example_external_task_marker_child to None
[2025-05-19 09:13:56,361] {logging_mixin.py:109} INFO - [2025-05-19 09:13:56,361] {dag.py:2935} INFO - Setting next_dagrun for example_external_task_marker_parent to None
[2025-05-19 09:13:56,384] {processor.py:171} INFO - Processing /home/airflow/.local/lib/python3.6/site-packages/airflow/example_dags/example_external_task_marker_dag.py took 0.207 seconds
[2025-05-19 09:14:26,940] {processor.py:163} INFO - Started process (PID=2403) to work on /home/airflow/.local/lib/python3.6/site-packages/airflow/example_dags/example_external_task_marker_dag.py
[2025-05-19 09:14:26,942] {processor.py:642} INFO - Processing file /home/airflow/.local/lib/python3.6/site-packages/airflow/example_dags/example_external_task_marker_dag.py for tasks to queue
[2025-05-19 09:14:26,943] {logging_mixin.py:109} INFO - [2025-05-19 09:14:26,943] {dagbag.py:500} INFO - Filling up the DagBag from /home/airflow/.local/lib/python3.6/site-packages/airflow/example_dags/example_external_task_marker_dag.py
[2025-05-19 09:14:26,989] {processor.py:654} INFO - DAG(s) dict_keys(['example_external_task_marker_parent', 'example_external_task_marker_child']) retrieved from /home/airflow/.local/lib/python3.6/site-packages/airflow/example_dags/example_external_task_marker_dag.py
[2025-05-19 09:14:27,010] {logging_mixin.py:109} INFO - [2025-05-19 09:14:27,010] {dag.py:2396} INFO - Sync 2 DAGs
[2025-05-19 09:14:27,037] {logging_mixin.py:109} INFO - [2025-05-19 09:14:27,037] {dag.py:2935} INFO - Setting next_dagrun for example_external_task_marker_child to None
[2025-05-19 09:14:27,038] {logging_mixin.py:109} INFO - [2025-05-19 09:14:27,038] {dag.py:2935} INFO - Setting next_dagrun for example_external_task_marker_parent to None
[2025-05-19 09:14:27,052] {processor.py:171} INFO - Processing /home/airflow/.local/lib/python3.6/site-packages/airflow/example_dags/example_external_task_marker_dag.py took 0.116 seconds
[2025-05-19 19:33:56,643] {processor.py:163} INFO - Started process (PID=71) to work on /home/airflow/.local/lib/python3.6/site-packages/airflow/example_dags/example_external_task_marker_dag.py
[2025-05-19 19:33:56,646] {processor.py:642} INFO - Processing file /home/airflow/.local/lib/python3.6/site-packages/airflow/example_dags/example_external_task_marker_dag.py for tasks to queue
[2025-05-19 19:33:56,648] {logging_mixin.py:109} INFO - [2025-05-19 19:33:56,648] {dagbag.py:500} INFO - Filling up the DagBag from /home/airflow/.local/lib/python3.6/site-packages/airflow/example_dags/example_external_task_marker_dag.py
[2025-05-19 19:33:57,147] {processor.py:654} INFO - DAG(s) dict_keys(['example_external_task_marker_parent', 'example_external_task_marker_child']) retrieved from /home/airflow/.local/lib/python3.6/site-packages/airflow/example_dags/example_external_task_marker_dag.py
[2025-05-19 19:33:57,215] {logging_mixin.py:109} INFO - [2025-05-19 19:33:57,215] {dag.py:2396} INFO - Sync 2 DAGs
[2025-05-19 19:33:57,266] {logging_mixin.py:109} INFO - [2025-05-19 19:33:57,266] {dag.py:2935} INFO - Setting next_dagrun for example_external_task_marker_child to None
[2025-05-19 19:33:57,274] {logging_mixin.py:109} INFO - [2025-05-19 19:33:57,273] {dag.py:2935} INFO - Setting next_dagrun for example_external_task_marker_parent to None
[2025-05-19 19:33:57,310] {processor.py:171} INFO - Processing /home/airflow/.local/lib/python3.6/site-packages/airflow/example_dags/example_external_task_marker_dag.py took 0.678 seconds
[2025-05-19 19:34:31,593] {processor.py:163} INFO - Started process (PID=123) to work on /home/airflow/.local/lib/python3.6/site-packages/airflow/example_dags/example_external_task_marker_dag.py
[2025-05-19 19:34:31,610] {processor.py:642} INFO - Processing file /home/airflow/.local/lib/python3.6/site-packages/airflow/example_dags/example_external_task_marker_dag.py for tasks to queue
[2025-05-19 19:34:31,613] {logging_mixin.py:109} INFO - [2025-05-19 19:34:31,612] {dagbag.py:500} INFO - Filling up the DagBag from /home/airflow/.local/lib/python3.6/site-packages/airflow/example_dags/example_external_task_marker_dag.py
[2025-05-19 19:34:31,789] {processor.py:654} INFO - DAG(s) dict_keys(['example_external_task_marker_parent', 'example_external_task_marker_child']) retrieved from /home/airflow/.local/lib/python3.6/site-packages/airflow/example_dags/example_external_task_marker_dag.py
[2025-05-19 19:34:31,909] {logging_mixin.py:109} INFO - [2025-05-19 19:34:31,909] {dag.py:2396} INFO - Sync 2 DAGs
[2025-05-19 19:34:32,061] {logging_mixin.py:109} INFO - [2025-05-19 19:34:32,060] {dag.py:2935} INFO - Setting next_dagrun for example_external_task_marker_child to None
[2025-05-19 19:34:32,070] {logging_mixin.py:109} INFO - [2025-05-19 19:34:32,070] {dag.py:2935} INFO - Setting next_dagrun for example_external_task_marker_parent to None
[2025-05-19 19:34:32,163] {processor.py:171} INFO - Processing /home/airflow/.local/lib/python3.6/site-packages/airflow/example_dags/example_external_task_marker_dag.py took 0.583 seconds
[2025-05-19 19:35:02,507] {processor.py:163} INFO - Started process (PID=176) to work on /home/airflow/.local/lib/python3.6/site-packages/airflow/example_dags/example_external_task_marker_dag.py
[2025-05-19 19:35:02,510] {processor.py:642} INFO - Processing file /home/airflow/.local/lib/python3.6/site-packages/airflow/example_dags/example_external_task_marker_dag.py for tasks to queue
[2025-05-19 19:35:02,511] {logging_mixin.py:109} INFO - [2025-05-19 19:35:02,511] {dagbag.py:500} INFO - Filling up the DagBag from /home/airflow/.local/lib/python3.6/site-packages/airflow/example_dags/example_external_task_marker_dag.py
[2025-05-19 19:35:02,567] {processor.py:654} INFO - DAG(s) dict_keys(['example_external_task_marker_parent', 'example_external_task_marker_child']) retrieved from /home/airflow/.local/lib/python3.6/site-packages/airflow/example_dags/example_external_task_marker_dag.py
[2025-05-19 19:35:02,597] {logging_mixin.py:109} INFO - [2025-05-19 19:35:02,597] {dag.py:2396} INFO - Sync 2 DAGs
[2025-05-19 19:35:02,630] {logging_mixin.py:109} INFO - [2025-05-19 19:35:02,629] {dag.py:2935} INFO - Setting next_dagrun for example_external_task_marker_child to None
[2025-05-19 19:35:02,631] {logging_mixin.py:109} INFO - [2025-05-19 19:35:02,631] {dag.py:2935} INFO - Setting next_dagrun for example_external_task_marker_parent to None
[2025-05-19 19:35:02,652] {processor.py:171} INFO - Processing /home/airflow/.local/lib/python3.6/site-packages/airflow/example_dags/example_external_task_marker_dag.py took 0.150 seconds
[2025-05-19 19:35:33,333] {processor.py:163} INFO - Started process (PID=219) to work on /home/airflow/.local/lib/python3.6/site-packages/airflow/example_dags/example_external_task_marker_dag.py
[2025-05-19 19:35:33,342] {processor.py:642} INFO - Processing file /home/airflow/.local/lib/python3.6/site-packages/airflow/example_dags/example_external_task_marker_dag.py for tasks to queue
[2025-05-19 19:35:33,345] {logging_mixin.py:109} INFO - [2025-05-19 19:35:33,345] {dagbag.py:500} INFO - Filling up the DagBag from /home/airflow/.local/lib/python3.6/site-packages/airflow/example_dags/example_external_task_marker_dag.py
[2025-05-19 19:35:33,467] {processor.py:654} INFO - DAG(s) dict_keys(['example_external_task_marker_parent', 'example_external_task_marker_child']) retrieved from /home/airflow/.local/lib/python3.6/site-packages/airflow/example_dags/example_external_task_marker_dag.py
[2025-05-19 19:35:33,515] {logging_mixin.py:109} INFO - [2025-05-19 19:35:33,515] {dag.py:2396} INFO - Sync 2 DAGs
[2025-05-19 19:35:33,566] {logging_mixin.py:109} INFO - [2025-05-19 19:35:33,566] {dag.py:2935} INFO - Setting next_dagrun for example_external_task_marker_child to None
[2025-05-19 19:35:33,567] {logging_mixin.py:109} INFO - [2025-05-19 19:35:33,567] {dag.py:2935} INFO - Setting next_dagrun for example_external_task_marker_parent to None
[2025-05-19 19:35:33,595] {processor.py:171} INFO - Processing /home/airflow/.local/lib/python3.6/site-packages/airflow/example_dags/example_external_task_marker_dag.py took 0.273 seconds
[2025-05-19 19:36:03,772] {processor.py:163} INFO - Started process (PID=270) to work on /home/airflow/.local/lib/python3.6/site-packages/airflow/example_dags/example_external_task_marker_dag.py
[2025-05-19 19:36:03,773] {processor.py:642} INFO - Processing file /home/airflow/.local/lib/python3.6/site-packages/airflow/example_dags/example_external_task_marker_dag.py for tasks to queue
[2025-05-19 19:36:03,774] {logging_mixin.py:109} INFO - [2025-05-19 19:36:03,774] {dagbag.py:500} INFO - Filling up the DagBag from /home/airflow/.local/lib/python3.6/site-packages/airflow/example_dags/example_external_task_marker_dag.py
[2025-05-19 19:36:03,815] {processor.py:654} INFO - DAG(s) dict_keys(['example_external_task_marker_parent', 'example_external_task_marker_child']) retrieved from /home/airflow/.local/lib/python3.6/site-packages/airflow/example_dags/example_external_task_marker_dag.py
[2025-05-19 19:36:03,836] {logging_mixin.py:109} INFO - [2025-05-19 19:36:03,835] {dag.py:2396} INFO - Sync 2 DAGs
[2025-05-19 19:36:03,867] {logging_mixin.py:109} INFO - [2025-05-19 19:36:03,866] {dag.py:2935} INFO - Setting next_dagrun for example_external_task_marker_child to None
[2025-05-19 19:36:03,868] {logging_mixin.py:109} INFO - [2025-05-19 19:36:03,867] {dag.py:2935} INFO - Setting next_dagrun for example_external_task_marker_parent to None
[2025-05-19 19:36:03,882] {processor.py:171} INFO - Processing /home/airflow/.local/lib/python3.6/site-packages/airflow/example_dags/example_external_task_marker_dag.py took 0.115 seconds
[2025-05-19 19:36:34,087] {processor.py:163} INFO - Started process (PID=331) to work on /home/airflow/.local/lib/python3.6/site-packages/airflow/example_dags/example_external_task_marker_dag.py
[2025-05-19 19:36:34,091] {processor.py:642} INFO - Processing file /home/airflow/.local/lib/python3.6/site-packages/airflow/example_dags/example_external_task_marker_dag.py for tasks to queue
[2025-05-19 19:36:34,093] {logging_mixin.py:109} INFO - [2025-05-19 19:36:34,093] {dagbag.py:500} INFO - Filling up the DagBag from /home/airflow/.local/lib/python3.6/site-packages/airflow/example_dags/example_external_task_marker_dag.py
[2025-05-19 19:36:34,165] {processor.py:654} INFO - DAG(s) dict_keys(['example_external_task_marker_parent', 'example_external_task_marker_child']) retrieved from /home/airflow/.local/lib/python3.6/site-packages/airflow/example_dags/example_external_task_marker_dag.py
[2025-05-19 19:36:34,215] {logging_mixin.py:109} INFO - [2025-05-19 19:36:34,215] {dag.py:2396} INFO - Sync 2 DAGs
[2025-05-19 19:36:34,298] {logging_mixin.py:109} INFO - [2025-05-19 19:36:34,298] {dag.py:2935} INFO - Setting next_dagrun for example_external_task_marker_child to None
[2025-05-19 19:36:34,301] {logging_mixin.py:109} INFO - [2025-05-19 19:36:34,301] {dag.py:2935} INFO - Setting next_dagrun for example_external_task_marker_parent to None
[2025-05-19 19:36:34,329] {processor.py:171} INFO - Processing /home/airflow/.local/lib/python3.6/site-packages/airflow/example_dags/example_external_task_marker_dag.py took 0.249 seconds
[2025-05-19 19:37:04,493] {processor.py:163} INFO - Started process (PID=386) to work on /home/airflow/.local/lib/python3.6/site-packages/airflow/example_dags/example_external_task_marker_dag.py
[2025-05-19 19:37:04,496] {processor.py:642} INFO - Processing file /home/airflow/.local/lib/python3.6/site-packages/airflow/example_dags/example_external_task_marker_dag.py for tasks to queue
[2025-05-19 19:37:04,498] {logging_mixin.py:109} INFO - [2025-05-19 19:37:04,498] {dagbag.py:500} INFO - Filling up the DagBag from /home/airflow/.local/lib/python3.6/site-packages/airflow/example_dags/example_external_task_marker_dag.py
[2025-05-19 19:37:04,554] {processor.py:654} INFO - DAG(s) dict_keys(['example_external_task_marker_parent', 'example_external_task_marker_child']) retrieved from /home/airflow/.local/lib/python3.6/site-packages/airflow/example_dags/example_external_task_marker_dag.py
[2025-05-19 19:37:04,595] {logging_mixin.py:109} INFO - [2025-05-19 19:37:04,594] {dag.py:2396} INFO - Sync 2 DAGs
[2025-05-19 19:37:04,653] {logging_mixin.py:109} INFO - [2025-05-19 19:37:04,652] {dag.py:2935} INFO - Setting next_dagrun for example_external_task_marker_child to None
[2025-05-19 19:37:04,654] {logging_mixin.py:109} INFO - [2025-05-19 19:37:04,654] {dag.py:2935} INFO - Setting next_dagrun for example_external_task_marker_parent to None
[2025-05-19 19:37:04,674] {processor.py:171} INFO - Processing /home/airflow/.local/lib/python3.6/site-packages/airflow/example_dags/example_external_task_marker_dag.py took 0.188 seconds
