[2025-05-19 08:51:48,937] {processor.py:163} INFO - Started process (PID=53) to work on /home/airflow/.local/lib/python3.6/site-packages/airflow/example_dags/example_xcom.py
[2025-05-19 08:51:48,951] {processor.py:642} INFO - Processing file /home/airflow/.local/lib/python3.6/site-packages/airflow/example_dags/example_xcom.py for tasks to queue
[2025-05-19 08:51:48,956] {logging_mixin.py:109} INFO - [2025-05-19 08:51:48,956] {dagbag.py:500} INFO - Filling up the DagBag from /home/airflow/.local/lib/python3.6/site-packages/airflow/example_dags/example_xcom.py
[2025-05-19 08:51:49,354] {processor.py:654} INFO - DAG(s) dict_keys(['example_xcom']) retrieved from /home/airflow/.local/lib/python3.6/site-packages/airflow/example_dags/example_xcom.py
[2025-05-19 08:52:09,840] {logging_mixin.py:109} INFO - [2025-05-19 08:52:09,839] {manager.py:496} INFO - Created Permission View: can read on DAG:example_xcom
[2025-05-19 08:52:09,877] {logging_mixin.py:109} INFO - [2025-05-19 08:52:09,876] {manager.py:496} INFO - Created Permission View: can edit on DAG:example_xcom
[2025-05-19 08:52:09,882] {logging_mixin.py:109} INFO - [2025-05-19 08:52:09,878] {dag.py:2396} INFO - Sync 1 DAGs
[2025-05-19 08:52:09,926] {logging_mixin.py:109} INFO - [2025-05-19 08:52:09,920] {dag.py:2415} INFO - Creating ORM DAG for example_xcom
[2025-05-19 08:52:09,956] {logging_mixin.py:109} INFO - [2025-05-19 08:52:09,956] {dag.py:2935} INFO - Setting next_dagrun for example_xcom to 2021-01-01T00:00:00+00:00
[2025-05-19 08:52:09,997] {processor.py:171} INFO - Processing /home/airflow/.local/lib/python3.6/site-packages/airflow/example_dags/example_xcom.py took 21.069 seconds
[2025-05-19 08:55:16,418] {processor.py:163} INFO - Started process (PID=434) to work on /home/airflow/.local/lib/python3.6/site-packages/airflow/example_dags/example_xcom.py
[2025-05-19 08:55:16,425] {processor.py:642} INFO - Processing file /home/airflow/.local/lib/python3.6/site-packages/airflow/example_dags/example_xcom.py for tasks to queue
[2025-05-19 08:55:16,436] {logging_mixin.py:109} INFO - [2025-05-19 08:55:16,433] {dagbag.py:500} INFO - Filling up the DagBag from /home/airflow/.local/lib/python3.6/site-packages/airflow/example_dags/example_xcom.py
[2025-05-19 08:55:16,824] {processor.py:654} INFO - DAG(s) dict_keys(['example_xcom']) retrieved from /home/airflow/.local/lib/python3.6/site-packages/airflow/example_dags/example_xcom.py
[2025-05-19 08:55:18,742] {logging_mixin.py:109} INFO - [2025-05-19 08:55:18,742] {dag.py:2396} INFO - Sync 1 DAGs
[2025-05-19 08:55:18,846] {logging_mixin.py:109} INFO - [2025-05-19 08:55:18,846] {dag.py:2935} INFO - Setting next_dagrun for example_xcom to 2021-01-01T00:00:00+00:00
[2025-05-19 08:55:18,944] {processor.py:171} INFO - Processing /home/airflow/.local/lib/python3.6/site-packages/airflow/example_dags/example_xcom.py took 2.547 seconds
[2025-05-19 08:55:49,622] {processor.py:163} INFO - Started process (PID=487) to work on /home/airflow/.local/lib/python3.6/site-packages/airflow/example_dags/example_xcom.py
[2025-05-19 08:55:49,628] {processor.py:642} INFO - Processing file /home/airflow/.local/lib/python3.6/site-packages/airflow/example_dags/example_xcom.py for tasks to queue
[2025-05-19 08:55:49,631] {logging_mixin.py:109} INFO - [2025-05-19 08:55:49,631] {dagbag.py:500} INFO - Filling up the DagBag from /home/airflow/.local/lib/python3.6/site-packages/airflow/example_dags/example_xcom.py
[2025-05-19 08:55:49,874] {processor.py:654} INFO - DAG(s) dict_keys(['example_xcom']) retrieved from /home/airflow/.local/lib/python3.6/site-packages/airflow/example_dags/example_xcom.py
[2025-05-19 08:55:51,613] {logging_mixin.py:109} INFO - [2025-05-19 08:55:51,612] {dag.py:2396} INFO - Sync 1 DAGs
[2025-05-19 08:55:51,693] {logging_mixin.py:109} INFO - [2025-05-19 08:55:51,692] {dag.py:2935} INFO - Setting next_dagrun for example_xcom to 2021-01-01T00:00:00+00:00
[2025-05-19 08:55:51,771] {processor.py:171} INFO - Processing /home/airflow/.local/lib/python3.6/site-packages/airflow/example_dags/example_xcom.py took 2.184 seconds
[2025-05-19 08:56:22,000] {processor.py:163} INFO - Started process (PID=530) to work on /home/airflow/.local/lib/python3.6/site-packages/airflow/example_dags/example_xcom.py
[2025-05-19 08:56:22,003] {processor.py:642} INFO - Processing file /home/airflow/.local/lib/python3.6/site-packages/airflow/example_dags/example_xcom.py for tasks to queue
[2025-05-19 08:56:22,005] {logging_mixin.py:109} INFO - [2025-05-19 08:56:22,005] {dagbag.py:500} INFO - Filling up the DagBag from /home/airflow/.local/lib/python3.6/site-packages/airflow/example_dags/example_xcom.py
[2025-05-19 08:56:22,086] {processor.py:654} INFO - DAG(s) dict_keys(['example_xcom']) retrieved from /home/airflow/.local/lib/python3.6/site-packages/airflow/example_dags/example_xcom.py
[2025-05-19 08:56:22,530] {logging_mixin.py:109} INFO - [2025-05-19 08:56:22,529] {dag.py:2396} INFO - Sync 1 DAGs
[2025-05-19 08:56:22,565] {logging_mixin.py:109} INFO - [2025-05-19 08:56:22,565] {dag.py:2935} INFO - Setting next_dagrun for example_xcom to 2021-01-01T00:00:00+00:00
[2025-05-19 08:56:22,590] {processor.py:171} INFO - Processing /home/airflow/.local/lib/python3.6/site-packages/airflow/example_dags/example_xcom.py took 0.596 seconds
[2025-05-19 08:56:53,368] {processor.py:163} INFO - Started process (PID=593) to work on /home/airflow/.local/lib/python3.6/site-packages/airflow/example_dags/example_xcom.py
[2025-05-19 08:56:53,370] {processor.py:642} INFO - Processing file /home/airflow/.local/lib/python3.6/site-packages/airflow/example_dags/example_xcom.py for tasks to queue
[2025-05-19 08:56:53,372] {logging_mixin.py:109} INFO - [2025-05-19 08:56:53,372] {dagbag.py:500} INFO - Filling up the DagBag from /home/airflow/.local/lib/python3.6/site-packages/airflow/example_dags/example_xcom.py
[2025-05-19 08:56:53,439] {processor.py:654} INFO - DAG(s) dict_keys(['example_xcom']) retrieved from /home/airflow/.local/lib/python3.6/site-packages/airflow/example_dags/example_xcom.py
[2025-05-19 08:56:53,886] {logging_mixin.py:109} INFO - [2025-05-19 08:56:53,885] {dag.py:2396} INFO - Sync 1 DAGs
[2025-05-19 08:56:53,917] {logging_mixin.py:109} INFO - [2025-05-19 08:56:53,916] {dag.py:2935} INFO - Setting next_dagrun for example_xcom to 2021-01-01T00:00:00+00:00
[2025-05-19 08:56:53,936] {processor.py:171} INFO - Processing /home/airflow/.local/lib/python3.6/site-packages/airflow/example_dags/example_xcom.py took 0.576 seconds
[2025-05-19 08:57:24,729] {processor.py:163} INFO - Started process (PID=646) to work on /home/airflow/.local/lib/python3.6/site-packages/airflow/example_dags/example_xcom.py
[2025-05-19 08:57:24,734] {processor.py:642} INFO - Processing file /home/airflow/.local/lib/python3.6/site-packages/airflow/example_dags/example_xcom.py for tasks to queue
[2025-05-19 08:57:24,737] {logging_mixin.py:109} INFO - [2025-05-19 08:57:24,737] {dagbag.py:500} INFO - Filling up the DagBag from /home/airflow/.local/lib/python3.6/site-packages/airflow/example_dags/example_xcom.py
[2025-05-19 08:57:24,936] {processor.py:654} INFO - DAG(s) dict_keys(['example_xcom']) retrieved from /home/airflow/.local/lib/python3.6/site-packages/airflow/example_dags/example_xcom.py
[2025-05-19 08:57:25,607] {logging_mixin.py:109} INFO - [2025-05-19 08:57:25,606] {dag.py:2396} INFO - Sync 1 DAGs
[2025-05-19 08:57:25,641] {logging_mixin.py:109} INFO - [2025-05-19 08:57:25,640] {dag.py:2935} INFO - Setting next_dagrun for example_xcom to 2021-01-01T00:00:00+00:00
[2025-05-19 08:57:25,661] {processor.py:171} INFO - Processing /home/airflow/.local/lib/python3.6/site-packages/airflow/example_dags/example_xcom.py took 0.950 seconds
[2025-05-19 08:57:56,421] {processor.py:163} INFO - Started process (PID=698) to work on /home/airflow/.local/lib/python3.6/site-packages/airflow/example_dags/example_xcom.py
[2025-05-19 08:57:56,424] {processor.py:642} INFO - Processing file /home/airflow/.local/lib/python3.6/site-packages/airflow/example_dags/example_xcom.py for tasks to queue
[2025-05-19 08:57:56,426] {logging_mixin.py:109} INFO - [2025-05-19 08:57:56,426] {dagbag.py:500} INFO - Filling up the DagBag from /home/airflow/.local/lib/python3.6/site-packages/airflow/example_dags/example_xcom.py
[2025-05-19 08:57:56,565] {processor.py:654} INFO - DAG(s) dict_keys(['example_xcom']) retrieved from /home/airflow/.local/lib/python3.6/site-packages/airflow/example_dags/example_xcom.py
[2025-05-19 08:57:57,203] {logging_mixin.py:109} INFO - [2025-05-19 08:57:57,203] {dag.py:2396} INFO - Sync 1 DAGs
[2025-05-19 08:57:57,247] {logging_mixin.py:109} INFO - [2025-05-19 08:57:57,246] {dag.py:2935} INFO - Setting next_dagrun for example_xcom to 2021-01-01T00:00:00+00:00
[2025-05-19 08:57:57,271] {processor.py:171} INFO - Processing /home/airflow/.local/lib/python3.6/site-packages/airflow/example_dags/example_xcom.py took 0.858 seconds
[2025-05-19 08:58:27,448] {processor.py:163} INFO - Started process (PID=750) to work on /home/airflow/.local/lib/python3.6/site-packages/airflow/example_dags/example_xcom.py
[2025-05-19 08:58:27,452] {processor.py:642} INFO - Processing file /home/airflow/.local/lib/python3.6/site-packages/airflow/example_dags/example_xcom.py for tasks to queue
[2025-05-19 08:58:27,454] {logging_mixin.py:109} INFO - [2025-05-19 08:58:27,454] {dagbag.py:500} INFO - Filling up the DagBag from /home/airflow/.local/lib/python3.6/site-packages/airflow/example_dags/example_xcom.py
[2025-05-19 08:58:27,537] {processor.py:654} INFO - DAG(s) dict_keys(['example_xcom']) retrieved from /home/airflow/.local/lib/python3.6/site-packages/airflow/example_dags/example_xcom.py
[2025-05-19 08:58:27,587] {logging_mixin.py:109} INFO - [2025-05-19 08:58:27,586] {dag.py:2396} INFO - Sync 1 DAGs
[2025-05-19 08:58:27,637] {logging_mixin.py:109} INFO - [2025-05-19 08:58:27,637] {dag.py:2935} INFO - Setting next_dagrun for example_xcom to 2021-01-01T00:00:00+00:00
[2025-05-19 08:58:27,658] {processor.py:171} INFO - Processing /home/airflow/.local/lib/python3.6/site-packages/airflow/example_dags/example_xcom.py took 0.219 seconds
[2025-05-19 08:58:57,767] {processor.py:163} INFO - Started process (PID=802) to work on /home/airflow/.local/lib/python3.6/site-packages/airflow/example_dags/example_xcom.py
[2025-05-19 08:58:57,770] {processor.py:642} INFO - Processing file /home/airflow/.local/lib/python3.6/site-packages/airflow/example_dags/example_xcom.py for tasks to queue
[2025-05-19 08:58:57,771] {logging_mixin.py:109} INFO - [2025-05-19 08:58:57,771] {dagbag.py:500} INFO - Filling up the DagBag from /home/airflow/.local/lib/python3.6/site-packages/airflow/example_dags/example_xcom.py
[2025-05-19 08:58:57,841] {processor.py:654} INFO - DAG(s) dict_keys(['example_xcom']) retrieved from /home/airflow/.local/lib/python3.6/site-packages/airflow/example_dags/example_xcom.py
[2025-05-19 08:58:58,201] {logging_mixin.py:109} INFO - [2025-05-19 08:58:58,201] {dag.py:2396} INFO - Sync 1 DAGs
[2025-05-19 08:58:58,228] {logging_mixin.py:109} INFO - [2025-05-19 08:58:58,228] {dag.py:2935} INFO - Setting next_dagrun for example_xcom to 2021-01-01T00:00:00+00:00
[2025-05-19 08:58:58,247] {processor.py:171} INFO - Processing /home/airflow/.local/lib/python3.6/site-packages/airflow/example_dags/example_xcom.py took 0.486 seconds
[2025-05-19 08:59:28,791] {processor.py:163} INFO - Started process (PID=854) to work on /home/airflow/.local/lib/python3.6/site-packages/airflow/example_dags/example_xcom.py
[2025-05-19 08:59:28,794] {processor.py:642} INFO - Processing file /home/airflow/.local/lib/python3.6/site-packages/airflow/example_dags/example_xcom.py for tasks to queue
[2025-05-19 08:59:28,796] {logging_mixin.py:109} INFO - [2025-05-19 08:59:28,795] {dagbag.py:500} INFO - Filling up the DagBag from /home/airflow/.local/lib/python3.6/site-packages/airflow/example_dags/example_xcom.py
[2025-05-19 08:59:28,881] {processor.py:654} INFO - DAG(s) dict_keys(['example_xcom']) retrieved from /home/airflow/.local/lib/python3.6/site-packages/airflow/example_dags/example_xcom.py
[2025-05-19 08:59:29,265] {logging_mixin.py:109} INFO - [2025-05-19 08:59:29,264] {dag.py:2396} INFO - Sync 1 DAGs
[2025-05-19 08:59:29,290] {logging_mixin.py:109} INFO - [2025-05-19 08:59:29,290] {dag.py:2935} INFO - Setting next_dagrun for example_xcom to 2021-01-01T00:00:00+00:00
[2025-05-19 08:59:29,310] {processor.py:171} INFO - Processing /home/airflow/.local/lib/python3.6/site-packages/airflow/example_dags/example_xcom.py took 0.525 seconds
[2025-05-19 08:59:59,459] {processor.py:163} INFO - Started process (PID=909) to work on /home/airflow/.local/lib/python3.6/site-packages/airflow/example_dags/example_xcom.py
[2025-05-19 08:59:59,466] {processor.py:642} INFO - Processing file /home/airflow/.local/lib/python3.6/site-packages/airflow/example_dags/example_xcom.py for tasks to queue
[2025-05-19 08:59:59,484] {logging_mixin.py:109} INFO - [2025-05-19 08:59:59,483] {dagbag.py:500} INFO - Filling up the DagBag from /home/airflow/.local/lib/python3.6/site-packages/airflow/example_dags/example_xcom.py
[2025-05-19 08:59:59,633] {processor.py:654} INFO - DAG(s) dict_keys(['example_xcom']) retrieved from /home/airflow/.local/lib/python3.6/site-packages/airflow/example_dags/example_xcom.py
[2025-05-19 09:00:00,519] {logging_mixin.py:109} INFO - [2025-05-19 09:00:00,519] {dag.py:2396} INFO - Sync 1 DAGs
[2025-05-19 09:00:00,563] {logging_mixin.py:109} INFO - [2025-05-19 09:00:00,563] {dag.py:2935} INFO - Setting next_dagrun for example_xcom to 2021-01-01T00:00:00+00:00
[2025-05-19 09:00:00,588] {processor.py:171} INFO - Processing /home/airflow/.local/lib/python3.6/site-packages/airflow/example_dags/example_xcom.py took 1.140 seconds
[2025-05-19 09:00:31,067] {processor.py:163} INFO - Started process (PID=961) to work on /home/airflow/.local/lib/python3.6/site-packages/airflow/example_dags/example_xcom.py
[2025-05-19 09:00:31,070] {processor.py:642} INFO - Processing file /home/airflow/.local/lib/python3.6/site-packages/airflow/example_dags/example_xcom.py for tasks to queue
[2025-05-19 09:00:31,071] {logging_mixin.py:109} INFO - [2025-05-19 09:00:31,071] {dagbag.py:500} INFO - Filling up the DagBag from /home/airflow/.local/lib/python3.6/site-packages/airflow/example_dags/example_xcom.py
[2025-05-19 09:00:31,209] {processor.py:654} INFO - DAG(s) dict_keys(['example_xcom']) retrieved from /home/airflow/.local/lib/python3.6/site-packages/airflow/example_dags/example_xcom.py
[2025-05-19 09:00:31,799] {logging_mixin.py:109} INFO - [2025-05-19 09:00:31,799] {dag.py:2396} INFO - Sync 1 DAGs
[2025-05-19 09:00:31,854] {logging_mixin.py:109} INFO - [2025-05-19 09:00:31,854] {dag.py:2935} INFO - Setting next_dagrun for example_xcom to 2021-01-01T00:00:00+00:00
[2025-05-19 09:00:31,892] {processor.py:171} INFO - Processing /home/airflow/.local/lib/python3.6/site-packages/airflow/example_dags/example_xcom.py took 0.832 seconds
[2025-05-19 09:01:02,321] {processor.py:163} INFO - Started process (PID=1013) to work on /home/airflow/.local/lib/python3.6/site-packages/airflow/example_dags/example_xcom.py
[2025-05-19 09:01:02,323] {processor.py:642} INFO - Processing file /home/airflow/.local/lib/python3.6/site-packages/airflow/example_dags/example_xcom.py for tasks to queue
[2025-05-19 09:01:02,325] {logging_mixin.py:109} INFO - [2025-05-19 09:01:02,324] {dagbag.py:500} INFO - Filling up the DagBag from /home/airflow/.local/lib/python3.6/site-packages/airflow/example_dags/example_xcom.py
[2025-05-19 09:01:02,384] {processor.py:654} INFO - DAG(s) dict_keys(['example_xcom']) retrieved from /home/airflow/.local/lib/python3.6/site-packages/airflow/example_dags/example_xcom.py
[2025-05-19 09:01:02,786] {logging_mixin.py:109} INFO - [2025-05-19 09:01:02,785] {dag.py:2396} INFO - Sync 1 DAGs
[2025-05-19 09:01:02,818] {logging_mixin.py:109} INFO - [2025-05-19 09:01:02,818] {dag.py:2935} INFO - Setting next_dagrun for example_xcom to 2021-01-01T00:00:00+00:00
[2025-05-19 09:01:02,836] {processor.py:171} INFO - Processing /home/airflow/.local/lib/python3.6/site-packages/airflow/example_dags/example_xcom.py took 0.521 seconds
[2025-05-19 09:01:32,931] {processor.py:163} INFO - Started process (PID=1065) to work on /home/airflow/.local/lib/python3.6/site-packages/airflow/example_dags/example_xcom.py
[2025-05-19 09:01:32,934] {processor.py:642} INFO - Processing file /home/airflow/.local/lib/python3.6/site-packages/airflow/example_dags/example_xcom.py for tasks to queue
[2025-05-19 09:01:32,937] {logging_mixin.py:109} INFO - [2025-05-19 09:01:32,936] {dagbag.py:500} INFO - Filling up the DagBag from /home/airflow/.local/lib/python3.6/site-packages/airflow/example_dags/example_xcom.py
[2025-05-19 09:01:33,011] {processor.py:654} INFO - DAG(s) dict_keys(['example_xcom']) retrieved from /home/airflow/.local/lib/python3.6/site-packages/airflow/example_dags/example_xcom.py
[2025-05-19 09:01:33,654] {logging_mixin.py:109} INFO - [2025-05-19 09:01:33,654] {dag.py:2396} INFO - Sync 1 DAGs
[2025-05-19 09:01:33,709] {logging_mixin.py:109} INFO - [2025-05-19 09:01:33,708] {dag.py:2935} INFO - Setting next_dagrun for example_xcom to 2021-01-01T00:00:00+00:00
[2025-05-19 09:01:33,748] {processor.py:171} INFO - Processing /home/airflow/.local/lib/python3.6/site-packages/airflow/example_dags/example_xcom.py took 0.824 seconds
[2025-05-19 09:02:03,843] {processor.py:163} INFO - Started process (PID=1118) to work on /home/airflow/.local/lib/python3.6/site-packages/airflow/example_dags/example_xcom.py
[2025-05-19 09:02:03,848] {processor.py:642} INFO - Processing file /home/airflow/.local/lib/python3.6/site-packages/airflow/example_dags/example_xcom.py for tasks to queue
[2025-05-19 09:02:03,850] {logging_mixin.py:109} INFO - [2025-05-19 09:02:03,850] {dagbag.py:500} INFO - Filling up the DagBag from /home/airflow/.local/lib/python3.6/site-packages/airflow/example_dags/example_xcom.py
[2025-05-19 09:02:04,000] {processor.py:654} INFO - DAG(s) dict_keys(['example_xcom']) retrieved from /home/airflow/.local/lib/python3.6/site-packages/airflow/example_dags/example_xcom.py
[2025-05-19 09:02:05,085] {logging_mixin.py:109} INFO - [2025-05-19 09:02:05,085] {dag.py:2396} INFO - Sync 1 DAGs
[2025-05-19 09:02:05,213] {logging_mixin.py:109} INFO - [2025-05-19 09:02:05,212] {dag.py:2935} INFO - Setting next_dagrun for example_xcom to 2021-01-01T00:00:00+00:00
[2025-05-19 09:02:05,429] {processor.py:171} INFO - Processing /home/airflow/.local/lib/python3.6/site-packages/airflow/example_dags/example_xcom.py took 1.597 seconds
[2025-05-19 09:02:35,806] {processor.py:163} INFO - Started process (PID=1160) to work on /home/airflow/.local/lib/python3.6/site-packages/airflow/example_dags/example_xcom.py
[2025-05-19 09:02:35,809] {processor.py:642} INFO - Processing file /home/airflow/.local/lib/python3.6/site-packages/airflow/example_dags/example_xcom.py for tasks to queue
[2025-05-19 09:02:35,811] {logging_mixin.py:109} INFO - [2025-05-19 09:02:35,811] {dagbag.py:500} INFO - Filling up the DagBag from /home/airflow/.local/lib/python3.6/site-packages/airflow/example_dags/example_xcom.py
[2025-05-19 09:02:35,910] {processor.py:654} INFO - DAG(s) dict_keys(['example_xcom']) retrieved from /home/airflow/.local/lib/python3.6/site-packages/airflow/example_dags/example_xcom.py
[2025-05-19 09:02:36,447] {logging_mixin.py:109} INFO - [2025-05-19 09:02:36,447] {dag.py:2396} INFO - Sync 1 DAGs
[2025-05-19 09:02:36,489] {logging_mixin.py:109} INFO - [2025-05-19 09:02:36,489] {dag.py:2935} INFO - Setting next_dagrun for example_xcom to 2021-01-01T00:00:00+00:00
[2025-05-19 09:02:36,516] {processor.py:171} INFO - Processing /home/airflow/.local/lib/python3.6/site-packages/airflow/example_dags/example_xcom.py took 0.720 seconds
[2025-05-19 09:03:06,757] {processor.py:163} INFO - Started process (PID=1212) to work on /home/airflow/.local/lib/python3.6/site-packages/airflow/example_dags/example_xcom.py
[2025-05-19 09:03:06,761] {processor.py:642} INFO - Processing file /home/airflow/.local/lib/python3.6/site-packages/airflow/example_dags/example_xcom.py for tasks to queue
[2025-05-19 09:03:06,764] {logging_mixin.py:109} INFO - [2025-05-19 09:03:06,763] {dagbag.py:500} INFO - Filling up the DagBag from /home/airflow/.local/lib/python3.6/site-packages/airflow/example_dags/example_xcom.py
[2025-05-19 09:03:06,898] {processor.py:654} INFO - DAG(s) dict_keys(['example_xcom']) retrieved from /home/airflow/.local/lib/python3.6/site-packages/airflow/example_dags/example_xcom.py
[2025-05-19 09:03:07,813] {logging_mixin.py:109} INFO - [2025-05-19 09:03:07,812] {dag.py:2396} INFO - Sync 1 DAGs
[2025-05-19 09:03:07,869] {logging_mixin.py:109} INFO - [2025-05-19 09:03:07,869] {dag.py:2935} INFO - Setting next_dagrun for example_xcom to 2021-01-01T00:00:00+00:00
[2025-05-19 09:03:07,895] {processor.py:171} INFO - Processing /home/airflow/.local/lib/python3.6/site-packages/airflow/example_dags/example_xcom.py took 1.148 seconds
[2025-05-19 09:03:38,447] {processor.py:163} INFO - Started process (PID=1264) to work on /home/airflow/.local/lib/python3.6/site-packages/airflow/example_dags/example_xcom.py
[2025-05-19 09:03:38,471] {processor.py:642} INFO - Processing file /home/airflow/.local/lib/python3.6/site-packages/airflow/example_dags/example_xcom.py for tasks to queue
[2025-05-19 09:03:38,474] {logging_mixin.py:109} INFO - [2025-05-19 09:03:38,473] {dagbag.py:500} INFO - Filling up the DagBag from /home/airflow/.local/lib/python3.6/site-packages/airflow/example_dags/example_xcom.py
[2025-05-19 09:03:38,656] {processor.py:654} INFO - DAG(s) dict_keys(['example_xcom']) retrieved from /home/airflow/.local/lib/python3.6/site-packages/airflow/example_dags/example_xcom.py
[2025-05-19 09:03:39,493] {logging_mixin.py:109} INFO - [2025-05-19 09:03:39,493] {dag.py:2396} INFO - Sync 1 DAGs
[2025-05-19 09:03:39,571] {logging_mixin.py:109} INFO - [2025-05-19 09:03:39,570] {dag.py:2935} INFO - Setting next_dagrun for example_xcom to 2021-01-01T00:00:00+00:00
[2025-05-19 09:03:39,598] {processor.py:171} INFO - Processing /home/airflow/.local/lib/python3.6/site-packages/airflow/example_dags/example_xcom.py took 1.171 seconds
[2025-05-19 09:04:10,414] {processor.py:163} INFO - Started process (PID=1316) to work on /home/airflow/.local/lib/python3.6/site-packages/airflow/example_dags/example_xcom.py
[2025-05-19 09:04:10,417] {processor.py:642} INFO - Processing file /home/airflow/.local/lib/python3.6/site-packages/airflow/example_dags/example_xcom.py for tasks to queue
[2025-05-19 09:04:10,418] {logging_mixin.py:109} INFO - [2025-05-19 09:04:10,418] {dagbag.py:500} INFO - Filling up the DagBag from /home/airflow/.local/lib/python3.6/site-packages/airflow/example_dags/example_xcom.py
[2025-05-19 09:04:10,507] {processor.py:654} INFO - DAG(s) dict_keys(['example_xcom']) retrieved from /home/airflow/.local/lib/python3.6/site-packages/airflow/example_dags/example_xcom.py
[2025-05-19 09:04:11,218] {logging_mixin.py:109} INFO - [2025-05-19 09:04:11,217] {dag.py:2396} INFO - Sync 1 DAGs
[2025-05-19 09:04:11,268] {logging_mixin.py:109} INFO - [2025-05-19 09:04:11,267] {dag.py:2935} INFO - Setting next_dagrun for example_xcom to 2021-01-01T00:00:00+00:00
[2025-05-19 09:04:11,296] {processor.py:171} INFO - Processing /home/airflow/.local/lib/python3.6/site-packages/airflow/example_dags/example_xcom.py took 0.888 seconds
[2025-05-19 09:04:41,570] {processor.py:163} INFO - Started process (PID=1368) to work on /home/airflow/.local/lib/python3.6/site-packages/airflow/example_dags/example_xcom.py
[2025-05-19 09:04:41,576] {processor.py:642} INFO - Processing file /home/airflow/.local/lib/python3.6/site-packages/airflow/example_dags/example_xcom.py for tasks to queue
[2025-05-19 09:04:41,578] {logging_mixin.py:109} INFO - [2025-05-19 09:04:41,578] {dagbag.py:500} INFO - Filling up the DagBag from /home/airflow/.local/lib/python3.6/site-packages/airflow/example_dags/example_xcom.py
[2025-05-19 09:04:41,761] {processor.py:654} INFO - DAG(s) dict_keys(['example_xcom']) retrieved from /home/airflow/.local/lib/python3.6/site-packages/airflow/example_dags/example_xcom.py
[2025-05-19 09:04:42,580] {logging_mixin.py:109} INFO - [2025-05-19 09:04:42,580] {dag.py:2396} INFO - Sync 1 DAGs
[2025-05-19 09:04:42,626] {logging_mixin.py:109} INFO - [2025-05-19 09:04:42,625] {dag.py:2935} INFO - Setting next_dagrun for example_xcom to 2021-01-01T00:00:00+00:00
[2025-05-19 09:04:42,649] {processor.py:171} INFO - Processing /home/airflow/.local/lib/python3.6/site-packages/airflow/example_dags/example_xcom.py took 1.088 seconds
[2025-05-19 09:05:12,984] {processor.py:163} INFO - Started process (PID=1421) to work on /home/airflow/.local/lib/python3.6/site-packages/airflow/example_dags/example_xcom.py
[2025-05-19 09:05:12,987] {processor.py:642} INFO - Processing file /home/airflow/.local/lib/python3.6/site-packages/airflow/example_dags/example_xcom.py for tasks to queue
[2025-05-19 09:05:12,990] {logging_mixin.py:109} INFO - [2025-05-19 09:05:12,989] {dagbag.py:500} INFO - Filling up the DagBag from /home/airflow/.local/lib/python3.6/site-packages/airflow/example_dags/example_xcom.py
[2025-05-19 09:05:13,072] {processor.py:654} INFO - DAG(s) dict_keys(['example_xcom']) retrieved from /home/airflow/.local/lib/python3.6/site-packages/airflow/example_dags/example_xcom.py
[2025-05-19 09:05:13,671] {logging_mixin.py:109} INFO - [2025-05-19 09:05:13,671] {dag.py:2396} INFO - Sync 1 DAGs
[2025-05-19 09:05:13,723] {logging_mixin.py:109} INFO - [2025-05-19 09:05:13,722] {dag.py:2935} INFO - Setting next_dagrun for example_xcom to 2021-01-01T00:00:00+00:00
[2025-05-19 09:05:13,756] {processor.py:171} INFO - Processing /home/airflow/.local/lib/python3.6/site-packages/airflow/example_dags/example_xcom.py took 0.778 seconds
[2025-05-19 09:05:43,827] {processor.py:163} INFO - Started process (PID=1473) to work on /home/airflow/.local/lib/python3.6/site-packages/airflow/example_dags/example_xcom.py
[2025-05-19 09:05:43,829] {processor.py:642} INFO - Processing file /home/airflow/.local/lib/python3.6/site-packages/airflow/example_dags/example_xcom.py for tasks to queue
[2025-05-19 09:05:43,832] {logging_mixin.py:109} INFO - [2025-05-19 09:05:43,831] {dagbag.py:500} INFO - Filling up the DagBag from /home/airflow/.local/lib/python3.6/site-packages/airflow/example_dags/example_xcom.py
[2025-05-19 09:05:43,893] {processor.py:654} INFO - DAG(s) dict_keys(['example_xcom']) retrieved from /home/airflow/.local/lib/python3.6/site-packages/airflow/example_dags/example_xcom.py
[2025-05-19 09:05:44,228] {logging_mixin.py:109} INFO - [2025-05-19 09:05:44,228] {dag.py:2396} INFO - Sync 1 DAGs
[2025-05-19 09:05:44,253] {logging_mixin.py:109} INFO - [2025-05-19 09:05:44,253] {dag.py:2935} INFO - Setting next_dagrun for example_xcom to 2021-01-01T00:00:00+00:00
[2025-05-19 09:05:44,271] {processor.py:171} INFO - Processing /home/airflow/.local/lib/python3.6/site-packages/airflow/example_dags/example_xcom.py took 0.450 seconds
[2025-05-19 09:06:14,892] {processor.py:163} INFO - Started process (PID=1525) to work on /home/airflow/.local/lib/python3.6/site-packages/airflow/example_dags/example_xcom.py
[2025-05-19 09:06:14,894] {processor.py:642} INFO - Processing file /home/airflow/.local/lib/python3.6/site-packages/airflow/example_dags/example_xcom.py for tasks to queue
[2025-05-19 09:06:14,896] {logging_mixin.py:109} INFO - [2025-05-19 09:06:14,895] {dagbag.py:500} INFO - Filling up the DagBag from /home/airflow/.local/lib/python3.6/site-packages/airflow/example_dags/example_xcom.py
[2025-05-19 09:06:14,937] {processor.py:654} INFO - DAG(s) dict_keys(['example_xcom']) retrieved from /home/airflow/.local/lib/python3.6/site-packages/airflow/example_dags/example_xcom.py
[2025-05-19 09:06:15,196] {logging_mixin.py:109} INFO - [2025-05-19 09:06:15,196] {dag.py:2396} INFO - Sync 1 DAGs
[2025-05-19 09:06:15,216] {logging_mixin.py:109} INFO - [2025-05-19 09:06:15,216] {dag.py:2935} INFO - Setting next_dagrun for example_xcom to 2021-01-01T00:00:00+00:00
[2025-05-19 09:06:15,231] {processor.py:171} INFO - Processing /home/airflow/.local/lib/python3.6/site-packages/airflow/example_dags/example_xcom.py took 0.342 seconds
[2025-05-19 09:06:45,489] {processor.py:163} INFO - Started process (PID=1577) to work on /home/airflow/.local/lib/python3.6/site-packages/airflow/example_dags/example_xcom.py
[2025-05-19 09:06:45,491] {processor.py:642} INFO - Processing file /home/airflow/.local/lib/python3.6/site-packages/airflow/example_dags/example_xcom.py for tasks to queue
[2025-05-19 09:06:45,493] {logging_mixin.py:109} INFO - [2025-05-19 09:06:45,492] {dagbag.py:500} INFO - Filling up the DagBag from /home/airflow/.local/lib/python3.6/site-packages/airflow/example_dags/example_xcom.py
[2025-05-19 09:06:45,551] {processor.py:654} INFO - DAG(s) dict_keys(['example_xcom']) retrieved from /home/airflow/.local/lib/python3.6/site-packages/airflow/example_dags/example_xcom.py
[2025-05-19 09:06:45,984] {logging_mixin.py:109} INFO - [2025-05-19 09:06:45,984] {dag.py:2396} INFO - Sync 1 DAGs
[2025-05-19 09:06:46,011] {logging_mixin.py:109} INFO - [2025-05-19 09:06:46,011] {dag.py:2935} INFO - Setting next_dagrun for example_xcom to 2021-01-01T00:00:00+00:00
[2025-05-19 09:06:46,029] {processor.py:171} INFO - Processing /home/airflow/.local/lib/python3.6/site-packages/airflow/example_dags/example_xcom.py took 0.545 seconds
[2025-05-19 09:07:16,389] {processor.py:163} INFO - Started process (PID=1639) to work on /home/airflow/.local/lib/python3.6/site-packages/airflow/example_dags/example_xcom.py
[2025-05-19 09:07:16,391] {processor.py:642} INFO - Processing file /home/airflow/.local/lib/python3.6/site-packages/airflow/example_dags/example_xcom.py for tasks to queue
[2025-05-19 09:07:16,392] {logging_mixin.py:109} INFO - [2025-05-19 09:07:16,392] {dagbag.py:500} INFO - Filling up the DagBag from /home/airflow/.local/lib/python3.6/site-packages/airflow/example_dags/example_xcom.py
[2025-05-19 09:07:16,446] {processor.py:654} INFO - DAG(s) dict_keys(['example_xcom']) retrieved from /home/airflow/.local/lib/python3.6/site-packages/airflow/example_dags/example_xcom.py
[2025-05-19 09:07:16,908] {logging_mixin.py:109} INFO - [2025-05-19 09:07:16,908] {dag.py:2396} INFO - Sync 1 DAGs
[2025-05-19 09:07:16,936] {logging_mixin.py:109} INFO - [2025-05-19 09:07:16,936] {dag.py:2935} INFO - Setting next_dagrun for example_xcom to 2021-01-01T00:00:00+00:00
[2025-05-19 09:07:16,955] {processor.py:171} INFO - Processing /home/airflow/.local/lib/python3.6/site-packages/airflow/example_dags/example_xcom.py took 0.571 seconds
[2025-05-19 09:07:47,756] {processor.py:163} INFO - Started process (PID=1691) to work on /home/airflow/.local/lib/python3.6/site-packages/airflow/example_dags/example_xcom.py
[2025-05-19 09:07:47,758] {processor.py:642} INFO - Processing file /home/airflow/.local/lib/python3.6/site-packages/airflow/example_dags/example_xcom.py for tasks to queue
[2025-05-19 09:07:47,759] {logging_mixin.py:109} INFO - [2025-05-19 09:07:47,759] {dagbag.py:500} INFO - Filling up the DagBag from /home/airflow/.local/lib/python3.6/site-packages/airflow/example_dags/example_xcom.py
[2025-05-19 09:07:47,801] {processor.py:654} INFO - DAG(s) dict_keys(['example_xcom']) retrieved from /home/airflow/.local/lib/python3.6/site-packages/airflow/example_dags/example_xcom.py
[2025-05-19 09:07:48,080] {logging_mixin.py:109} INFO - [2025-05-19 09:07:48,080] {dag.py:2396} INFO - Sync 1 DAGs
[2025-05-19 09:07:48,103] {logging_mixin.py:109} INFO - [2025-05-19 09:07:48,103] {dag.py:2935} INFO - Setting next_dagrun for example_xcom to 2021-01-01T00:00:00+00:00
[2025-05-19 09:07:48,121] {processor.py:171} INFO - Processing /home/airflow/.local/lib/python3.6/site-packages/airflow/example_dags/example_xcom.py took 0.368 seconds
[2025-05-19 09:08:18,590] {processor.py:163} INFO - Started process (PID=1753) to work on /home/airflow/.local/lib/python3.6/site-packages/airflow/example_dags/example_xcom.py
[2025-05-19 09:08:18,592] {processor.py:642} INFO - Processing file /home/airflow/.local/lib/python3.6/site-packages/airflow/example_dags/example_xcom.py for tasks to queue
[2025-05-19 09:08:18,593] {logging_mixin.py:109} INFO - [2025-05-19 09:08:18,593] {dagbag.py:500} INFO - Filling up the DagBag from /home/airflow/.local/lib/python3.6/site-packages/airflow/example_dags/example_xcom.py
[2025-05-19 09:08:18,638] {processor.py:654} INFO - DAG(s) dict_keys(['example_xcom']) retrieved from /home/airflow/.local/lib/python3.6/site-packages/airflow/example_dags/example_xcom.py
[2025-05-19 09:08:17,158] {logging_mixin.py:109} INFO - [2025-05-19 09:08:17,158] {dag.py:2396} INFO - Sync 1 DAGs
[2025-05-19 09:08:17,179] {logging_mixin.py:109} INFO - [2025-05-19 09:08:17,179] {dag.py:2935} INFO - Setting next_dagrun for example_xcom to 2021-01-01T00:00:00+00:00
[2025-05-19 09:08:17,196] {processor.py:171} INFO - Processing /home/airflow/.local/lib/python3.6/site-packages/airflow/example_dags/example_xcom.py took 0.387 seconds
[2025-05-19 09:08:47,884] {processor.py:163} INFO - Started process (PID=1805) to work on /home/airflow/.local/lib/python3.6/site-packages/airflow/example_dags/example_xcom.py
[2025-05-19 09:08:47,885] {processor.py:642} INFO - Processing file /home/airflow/.local/lib/python3.6/site-packages/airflow/example_dags/example_xcom.py for tasks to queue
[2025-05-19 09:08:47,886] {logging_mixin.py:109} INFO - [2025-05-19 09:08:47,886] {dagbag.py:500} INFO - Filling up the DagBag from /home/airflow/.local/lib/python3.6/site-packages/airflow/example_dags/example_xcom.py
[2025-05-19 09:08:47,925] {processor.py:654} INFO - DAG(s) dict_keys(['example_xcom']) retrieved from /home/airflow/.local/lib/python3.6/site-packages/airflow/example_dags/example_xcom.py
[2025-05-19 09:08:47,930] {logging_mixin.py:109} INFO - [2025-05-19 09:08:47,929] {dag.py:2396} INFO - Sync 1 DAGs
[2025-05-19 09:08:47,950] {logging_mixin.py:109} INFO - [2025-05-19 09:08:47,949] {dag.py:2935} INFO - Setting next_dagrun for example_xcom to 2021-01-01T00:00:00+00:00
[2025-05-19 09:08:47,962] {processor.py:171} INFO - Processing /home/airflow/.local/lib/python3.6/site-packages/airflow/example_dags/example_xcom.py took 0.082 seconds
[2025-05-19 09:09:18,333] {processor.py:163} INFO - Started process (PID=1867) to work on /home/airflow/.local/lib/python3.6/site-packages/airflow/example_dags/example_xcom.py
[2025-05-19 09:09:18,335] {processor.py:642} INFO - Processing file /home/airflow/.local/lib/python3.6/site-packages/airflow/example_dags/example_xcom.py for tasks to queue
[2025-05-19 09:09:18,337] {logging_mixin.py:109} INFO - [2025-05-19 09:09:18,336] {dagbag.py:500} INFO - Filling up the DagBag from /home/airflow/.local/lib/python3.6/site-packages/airflow/example_dags/example_xcom.py
[2025-05-19 09:09:18,390] {processor.py:654} INFO - DAG(s) dict_keys(['example_xcom']) retrieved from /home/airflow/.local/lib/python3.6/site-packages/airflow/example_dags/example_xcom.py
[2025-05-19 09:09:18,780] {logging_mixin.py:109} INFO - [2025-05-19 09:09:18,780] {dag.py:2396} INFO - Sync 1 DAGs
[2025-05-19 09:09:18,813] {logging_mixin.py:109} INFO - [2025-05-19 09:09:18,812] {dag.py:2935} INFO - Setting next_dagrun for example_xcom to 2021-01-01T00:00:00+00:00
[2025-05-19 09:09:18,834] {processor.py:171} INFO - Processing /home/airflow/.local/lib/python3.6/site-packages/airflow/example_dags/example_xcom.py took 0.505 seconds
[2025-05-19 09:09:49,001] {processor.py:163} INFO - Started process (PID=1922) to work on /home/airflow/.local/lib/python3.6/site-packages/airflow/example_dags/example_xcom.py
[2025-05-19 09:09:49,003] {processor.py:642} INFO - Processing file /home/airflow/.local/lib/python3.6/site-packages/airflow/example_dags/example_xcom.py for tasks to queue
[2025-05-19 09:09:49,004] {logging_mixin.py:109} INFO - [2025-05-19 09:09:49,004] {dagbag.py:500} INFO - Filling up the DagBag from /home/airflow/.local/lib/python3.6/site-packages/airflow/example_dags/example_xcom.py
[2025-05-19 09:09:49,047] {processor.py:654} INFO - DAG(s) dict_keys(['example_xcom']) retrieved from /home/airflow/.local/lib/python3.6/site-packages/airflow/example_dags/example_xcom.py
[2025-05-19 09:09:49,307] {logging_mixin.py:109} INFO - [2025-05-19 09:09:49,307] {dag.py:2396} INFO - Sync 1 DAGs
[2025-05-19 09:09:49,329] {logging_mixin.py:109} INFO - [2025-05-19 09:09:49,329] {dag.py:2935} INFO - Setting next_dagrun for example_xcom to 2021-01-01T00:00:00+00:00
[2025-05-19 09:09:49,343] {processor.py:171} INFO - Processing /home/airflow/.local/lib/python3.6/site-packages/airflow/example_dags/example_xcom.py took 0.346 seconds
[2025-05-19 09:10:19,477] {processor.py:163} INFO - Started process (PID=1971) to work on /home/airflow/.local/lib/python3.6/site-packages/airflow/example_dags/example_xcom.py
[2025-05-19 09:10:19,480] {processor.py:642} INFO - Processing file /home/airflow/.local/lib/python3.6/site-packages/airflow/example_dags/example_xcom.py for tasks to queue
[2025-05-19 09:10:19,483] {logging_mixin.py:109} INFO - [2025-05-19 09:10:19,482] {dagbag.py:500} INFO - Filling up the DagBag from /home/airflow/.local/lib/python3.6/site-packages/airflow/example_dags/example_xcom.py
[2025-05-19 09:10:19,581] {processor.py:654} INFO - DAG(s) dict_keys(['example_xcom']) retrieved from /home/airflow/.local/lib/python3.6/site-packages/airflow/example_dags/example_xcom.py
[2025-05-19 09:10:20,355] {logging_mixin.py:109} INFO - [2025-05-19 09:10:20,355] {dag.py:2396} INFO - Sync 1 DAGs
[2025-05-19 09:10:20,405] {logging_mixin.py:109} INFO - [2025-05-19 09:10:20,402] {dag.py:2935} INFO - Setting next_dagrun for example_xcom to 2021-01-01T00:00:00+00:00
[2025-05-19 09:10:20,466] {processor.py:171} INFO - Processing /home/airflow/.local/lib/python3.6/site-packages/airflow/example_dags/example_xcom.py took 0.996 seconds
[2025-05-19 09:10:50,652] {processor.py:163} INFO - Started process (PID=2023) to work on /home/airflow/.local/lib/python3.6/site-packages/airflow/example_dags/example_xcom.py
[2025-05-19 09:10:50,654] {processor.py:642} INFO - Processing file /home/airflow/.local/lib/python3.6/site-packages/airflow/example_dags/example_xcom.py for tasks to queue
[2025-05-19 09:10:50,658] {logging_mixin.py:109} INFO - [2025-05-19 09:10:50,657] {dagbag.py:500} INFO - Filling up the DagBag from /home/airflow/.local/lib/python3.6/site-packages/airflow/example_dags/example_xcom.py
[2025-05-19 09:10:50,769] {processor.py:654} INFO - DAG(s) dict_keys(['example_xcom']) retrieved from /home/airflow/.local/lib/python3.6/site-packages/airflow/example_dags/example_xcom.py
[2025-05-19 09:10:51,423] {logging_mixin.py:109} INFO - [2025-05-19 09:10:51,422] {dag.py:2396} INFO - Sync 1 DAGs
[2025-05-19 09:10:51,460] {logging_mixin.py:109} INFO - [2025-05-19 09:10:51,459] {dag.py:2935} INFO - Setting next_dagrun for example_xcom to 2021-01-01T00:00:00+00:00
[2025-05-19 09:10:51,483] {processor.py:171} INFO - Processing /home/airflow/.local/lib/python3.6/site-packages/airflow/example_dags/example_xcom.py took 0.840 seconds
[2025-05-19 09:11:21,728] {processor.py:163} INFO - Started process (PID=2086) to work on /home/airflow/.local/lib/python3.6/site-packages/airflow/example_dags/example_xcom.py
[2025-05-19 09:11:21,733] {processor.py:642} INFO - Processing file /home/airflow/.local/lib/python3.6/site-packages/airflow/example_dags/example_xcom.py for tasks to queue
[2025-05-19 09:11:21,736] {logging_mixin.py:109} INFO - [2025-05-19 09:11:21,736] {dagbag.py:500} INFO - Filling up the DagBag from /home/airflow/.local/lib/python3.6/site-packages/airflow/example_dags/example_xcom.py
[2025-05-19 09:11:21,955] {processor.py:654} INFO - DAG(s) dict_keys(['example_xcom']) retrieved from /home/airflow/.local/lib/python3.6/site-packages/airflow/example_dags/example_xcom.py
[2025-05-19 09:11:22,662] {logging_mixin.py:109} INFO - [2025-05-19 09:11:22,662] {dag.py:2396} INFO - Sync 1 DAGs
[2025-05-19 09:11:22,753] {logging_mixin.py:109} INFO - [2025-05-19 09:11:22,753] {dag.py:2935} INFO - Setting next_dagrun for example_xcom to 2021-01-01T00:00:00+00:00
[2025-05-19 09:11:22,790] {processor.py:171} INFO - Processing /home/airflow/.local/lib/python3.6/site-packages/airflow/example_dags/example_xcom.py took 1.075 seconds
[2025-05-19 09:11:52,941] {processor.py:163} INFO - Started process (PID=2141) to work on /home/airflow/.local/lib/python3.6/site-packages/airflow/example_dags/example_xcom.py
[2025-05-19 09:11:52,944] {processor.py:642} INFO - Processing file /home/airflow/.local/lib/python3.6/site-packages/airflow/example_dags/example_xcom.py for tasks to queue
[2025-05-19 09:11:52,946] {logging_mixin.py:109} INFO - [2025-05-19 09:11:52,946] {dagbag.py:500} INFO - Filling up the DagBag from /home/airflow/.local/lib/python3.6/site-packages/airflow/example_dags/example_xcom.py
[2025-05-19 09:11:53,015] {processor.py:654} INFO - DAG(s) dict_keys(['example_xcom']) retrieved from /home/airflow/.local/lib/python3.6/site-packages/airflow/example_dags/example_xcom.py
[2025-05-19 09:11:53,456] {logging_mixin.py:109} INFO - [2025-05-19 09:11:53,456] {dag.py:2396} INFO - Sync 1 DAGs
[2025-05-19 09:11:53,488] {logging_mixin.py:109} INFO - [2025-05-19 09:11:53,487] {dag.py:2935} INFO - Setting next_dagrun for example_xcom to 2021-01-01T00:00:00+00:00
[2025-05-19 09:11:53,507] {processor.py:171} INFO - Processing /home/airflow/.local/lib/python3.6/site-packages/airflow/example_dags/example_xcom.py took 0.574 seconds
[2025-05-19 09:12:24,144] {processor.py:163} INFO - Started process (PID=2193) to work on /home/airflow/.local/lib/python3.6/site-packages/airflow/example_dags/example_xcom.py
[2025-05-19 09:12:24,150] {processor.py:642} INFO - Processing file /home/airflow/.local/lib/python3.6/site-packages/airflow/example_dags/example_xcom.py for tasks to queue
[2025-05-19 09:12:24,152] {logging_mixin.py:109} INFO - [2025-05-19 09:12:24,152] {dagbag.py:500} INFO - Filling up the DagBag from /home/airflow/.local/lib/python3.6/site-packages/airflow/example_dags/example_xcom.py
[2025-05-19 09:12:24,237] {processor.py:654} INFO - DAG(s) dict_keys(['example_xcom']) retrieved from /home/airflow/.local/lib/python3.6/site-packages/airflow/example_dags/example_xcom.py
[2025-05-19 09:12:24,785] {logging_mixin.py:109} INFO - [2025-05-19 09:12:24,785] {dag.py:2396} INFO - Sync 1 DAGs
[2025-05-19 09:12:24,815] {logging_mixin.py:109} INFO - [2025-05-19 09:12:24,815] {dag.py:2935} INFO - Setting next_dagrun for example_xcom to 2021-01-01T00:00:00+00:00
[2025-05-19 09:12:24,839] {processor.py:171} INFO - Processing /home/airflow/.local/lib/python3.6/site-packages/airflow/example_dags/example_xcom.py took 0.700 seconds
[2025-05-19 09:12:55,158] {processor.py:163} INFO - Started process (PID=2247) to work on /home/airflow/.local/lib/python3.6/site-packages/airflow/example_dags/example_xcom.py
[2025-05-19 09:12:55,168] {processor.py:642} INFO - Processing file /home/airflow/.local/lib/python3.6/site-packages/airflow/example_dags/example_xcom.py for tasks to queue
[2025-05-19 09:12:55,170] {logging_mixin.py:109} INFO - [2025-05-19 09:12:55,170] {dagbag.py:500} INFO - Filling up the DagBag from /home/airflow/.local/lib/python3.6/site-packages/airflow/example_dags/example_xcom.py
[2025-05-19 09:12:55,298] {processor.py:654} INFO - DAG(s) dict_keys(['example_xcom']) retrieved from /home/airflow/.local/lib/python3.6/site-packages/airflow/example_dags/example_xcom.py
[2025-05-19 09:12:55,784] {logging_mixin.py:109} INFO - [2025-05-19 09:12:55,784] {dag.py:2396} INFO - Sync 1 DAGs
[2025-05-19 09:12:55,812] {logging_mixin.py:109} INFO - [2025-05-19 09:12:55,812] {dag.py:2935} INFO - Setting next_dagrun for example_xcom to 2021-01-01T00:00:00+00:00
[2025-05-19 09:12:55,828] {processor.py:171} INFO - Processing /home/airflow/.local/lib/python3.6/site-packages/airflow/example_dags/example_xcom.py took 0.682 seconds
[2025-05-19 09:13:26,144] {processor.py:163} INFO - Started process (PID=2300) to work on /home/airflow/.local/lib/python3.6/site-packages/airflow/example_dags/example_xcom.py
[2025-05-19 09:13:26,148] {processor.py:642} INFO - Processing file /home/airflow/.local/lib/python3.6/site-packages/airflow/example_dags/example_xcom.py for tasks to queue
[2025-05-19 09:13:26,152] {logging_mixin.py:109} INFO - [2025-05-19 09:13:26,152] {dagbag.py:500} INFO - Filling up the DagBag from /home/airflow/.local/lib/python3.6/site-packages/airflow/example_dags/example_xcom.py
[2025-05-19 09:13:26,290] {processor.py:654} INFO - DAG(s) dict_keys(['example_xcom']) retrieved from /home/airflow/.local/lib/python3.6/site-packages/airflow/example_dags/example_xcom.py
[2025-05-19 09:13:27,611] {logging_mixin.py:109} INFO - [2025-05-19 09:13:27,610] {dag.py:2396} INFO - Sync 1 DAGs
[2025-05-19 09:13:27,725] {logging_mixin.py:109} INFO - [2025-05-19 09:13:27,725] {dag.py:2935} INFO - Setting next_dagrun for example_xcom to 2021-01-01T00:00:00+00:00
[2025-05-19 09:13:27,795] {processor.py:171} INFO - Processing /home/airflow/.local/lib/python3.6/site-packages/airflow/example_dags/example_xcom.py took 1.659 seconds
[2025-05-19 09:13:58,636] {processor.py:163} INFO - Started process (PID=2353) to work on /home/airflow/.local/lib/python3.6/site-packages/airflow/example_dags/example_xcom.py
[2025-05-19 09:13:58,640] {processor.py:642} INFO - Processing file /home/airflow/.local/lib/python3.6/site-packages/airflow/example_dags/example_xcom.py for tasks to queue
[2025-05-19 09:13:58,642] {logging_mixin.py:109} INFO - [2025-05-19 09:13:58,642] {dagbag.py:500} INFO - Filling up the DagBag from /home/airflow/.local/lib/python3.6/site-packages/airflow/example_dags/example_xcom.py
[2025-05-19 09:13:58,742] {processor.py:654} INFO - DAG(s) dict_keys(['example_xcom']) retrieved from /home/airflow/.local/lib/python3.6/site-packages/airflow/example_dags/example_xcom.py
[2025-05-19 09:13:59,646] {logging_mixin.py:109} INFO - [2025-05-19 09:13:59,646] {dag.py:2396} INFO - Sync 1 DAGs
[2025-05-19 09:13:59,724] {logging_mixin.py:109} INFO - [2025-05-19 09:13:59,723] {dag.py:2935} INFO - Setting next_dagrun for example_xcom to 2021-01-01T00:00:00+00:00
[2025-05-19 09:13:59,797] {processor.py:171} INFO - Processing /home/airflow/.local/lib/python3.6/site-packages/airflow/example_dags/example_xcom.py took 1.166 seconds
[2025-05-19 09:14:30,111] {processor.py:163} INFO - Started process (PID=2417) to work on /home/airflow/.local/lib/python3.6/site-packages/airflow/example_dags/example_xcom.py
[2025-05-19 09:14:30,113] {processor.py:642} INFO - Processing file /home/airflow/.local/lib/python3.6/site-packages/airflow/example_dags/example_xcom.py for tasks to queue
[2025-05-19 09:14:30,115] {logging_mixin.py:109} INFO - [2025-05-19 09:14:30,114] {dagbag.py:500} INFO - Filling up the DagBag from /home/airflow/.local/lib/python3.6/site-packages/airflow/example_dags/example_xcom.py
[2025-05-19 09:14:30,159] {processor.py:654} INFO - DAG(s) dict_keys(['example_xcom']) retrieved from /home/airflow/.local/lib/python3.6/site-packages/airflow/example_dags/example_xcom.py
[2025-05-19 09:14:30,544] {logging_mixin.py:109} INFO - [2025-05-19 09:14:30,543] {dag.py:2396} INFO - Sync 1 DAGs
[2025-05-19 09:14:30,572] {logging_mixin.py:109} INFO - [2025-05-19 09:14:30,571] {dag.py:2935} INFO - Setting next_dagrun for example_xcom to 2021-01-01T00:00:00+00:00
[2025-05-19 09:14:30,587] {processor.py:171} INFO - Processing /home/airflow/.local/lib/python3.6/site-packages/airflow/example_dags/example_xcom.py took 0.480 seconds
[2025-05-19 19:33:47,480] {processor.py:163} INFO - Started process (PID=55) to work on /home/airflow/.local/lib/python3.6/site-packages/airflow/example_dags/example_xcom.py
[2025-05-19 19:33:47,491] {processor.py:642} INFO - Processing file /home/airflow/.local/lib/python3.6/site-packages/airflow/example_dags/example_xcom.py for tasks to queue
[2025-05-19 19:33:47,493] {logging_mixin.py:109} INFO - [2025-05-19 19:33:47,493] {dagbag.py:500} INFO - Filling up the DagBag from /home/airflow/.local/lib/python3.6/site-packages/airflow/example_dags/example_xcom.py
[2025-05-19 19:33:47,710] {processor.py:654} INFO - DAG(s) dict_keys(['example_xcom']) retrieved from /home/airflow/.local/lib/python3.6/site-packages/airflow/example_dags/example_xcom.py
[2025-05-19 19:33:51,688] {logging_mixin.py:109} INFO - [2025-05-19 19:33:51,688] {dag.py:2396} INFO - Sync 1 DAGs
[2025-05-19 19:33:51,769] {logging_mixin.py:109} INFO - [2025-05-19 19:33:51,769] {dag.py:2935} INFO - Setting next_dagrun for example_xcom to 2021-01-01T00:00:00+00:00
[2025-05-19 19:33:51,825] {processor.py:171} INFO - Processing /home/airflow/.local/lib/python3.6/site-packages/airflow/example_dags/example_xcom.py took 4.358 seconds
[2025-05-19 19:34:22,052] {processor.py:163} INFO - Started process (PID=108) to work on /home/airflow/.local/lib/python3.6/site-packages/airflow/example_dags/example_xcom.py
[2025-05-19 19:34:22,070] {processor.py:642} INFO - Processing file /home/airflow/.local/lib/python3.6/site-packages/airflow/example_dags/example_xcom.py for tasks to queue
[2025-05-19 19:34:22,141] {logging_mixin.py:109} INFO - [2025-05-19 19:34:22,140] {dagbag.py:500} INFO - Filling up the DagBag from /home/airflow/.local/lib/python3.6/site-packages/airflow/example_dags/example_xcom.py
[2025-05-19 19:34:22,384] {processor.py:654} INFO - DAG(s) dict_keys(['example_xcom']) retrieved from /home/airflow/.local/lib/python3.6/site-packages/airflow/example_dags/example_xcom.py
[2025-05-19 19:34:24,014] {logging_mixin.py:109} INFO - [2025-05-19 19:34:24,013] {dag.py:2396} INFO - Sync 1 DAGs
[2025-05-19 19:34:24,084] {logging_mixin.py:109} INFO - [2025-05-19 19:34:24,084] {dag.py:2935} INFO - Setting next_dagrun for example_xcom to 2021-01-01T00:00:00+00:00
[2025-05-19 19:34:24,112] {processor.py:171} INFO - Processing /home/airflow/.local/lib/python3.6/site-packages/airflow/example_dags/example_xcom.py took 2.130 seconds
[2025-05-19 19:34:54,525] {processor.py:163} INFO - Started process (PID=151) to work on /home/airflow/.local/lib/python3.6/site-packages/airflow/example_dags/example_xcom.py
[2025-05-19 19:34:54,527] {processor.py:642} INFO - Processing file /home/airflow/.local/lib/python3.6/site-packages/airflow/example_dags/example_xcom.py for tasks to queue
[2025-05-19 19:34:54,528] {logging_mixin.py:109} INFO - [2025-05-19 19:34:54,528] {dagbag.py:500} INFO - Filling up the DagBag from /home/airflow/.local/lib/python3.6/site-packages/airflow/example_dags/example_xcom.py
[2025-05-19 19:34:54,577] {processor.py:654} INFO - DAG(s) dict_keys(['example_xcom']) retrieved from /home/airflow/.local/lib/python3.6/site-packages/airflow/example_dags/example_xcom.py
[2025-05-19 19:34:54,954] {logging_mixin.py:109} INFO - [2025-05-19 19:34:54,954] {dag.py:2396} INFO - Sync 1 DAGs
[2025-05-19 19:34:54,976] {logging_mixin.py:109} INFO - [2025-05-19 19:34:54,976] {dag.py:2935} INFO - Setting next_dagrun for example_xcom to 2021-01-01T00:00:00+00:00
[2025-05-19 19:34:54,992] {processor.py:171} INFO - Processing /home/airflow/.local/lib/python3.6/site-packages/airflow/example_dags/example_xcom.py took 0.472 seconds
[2025-05-19 19:35:25,483] {processor.py:163} INFO - Started process (PID=205) to work on /home/airflow/.local/lib/python3.6/site-packages/airflow/example_dags/example_xcom.py
[2025-05-19 19:35:25,486] {processor.py:642} INFO - Processing file /home/airflow/.local/lib/python3.6/site-packages/airflow/example_dags/example_xcom.py for tasks to queue
[2025-05-19 19:35:25,499] {logging_mixin.py:109} INFO - [2025-05-19 19:35:25,498] {dagbag.py:500} INFO - Filling up the DagBag from /home/airflow/.local/lib/python3.6/site-packages/airflow/example_dags/example_xcom.py
[2025-05-19 19:35:25,765] {processor.py:654} INFO - DAG(s) dict_keys(['example_xcom']) retrieved from /home/airflow/.local/lib/python3.6/site-packages/airflow/example_dags/example_xcom.py
[2025-05-19 19:35:26,214] {logging_mixin.py:109} INFO - [2025-05-19 19:35:26,213] {dag.py:2396} INFO - Sync 1 DAGs
[2025-05-19 19:35:26,334] {logging_mixin.py:109} INFO - [2025-05-19 19:35:26,333] {dag.py:2935} INFO - Setting next_dagrun for example_xcom to 2021-01-01T00:00:00+00:00
[2025-05-19 19:35:26,415] {processor.py:171} INFO - Processing /home/airflow/.local/lib/python3.6/site-packages/airflow/example_dags/example_xcom.py took 1.393 seconds
[2025-05-19 19:35:57,002] {processor.py:163} INFO - Started process (PID=257) to work on /home/airflow/.local/lib/python3.6/site-packages/airflow/example_dags/example_xcom.py
[2025-05-19 19:35:57,008] {processor.py:642} INFO - Processing file /home/airflow/.local/lib/python3.6/site-packages/airflow/example_dags/example_xcom.py for tasks to queue
[2025-05-19 19:35:57,013] {logging_mixin.py:109} INFO - [2025-05-19 19:35:57,013] {dagbag.py:500} INFO - Filling up the DagBag from /home/airflow/.local/lib/python3.6/site-packages/airflow/example_dags/example_xcom.py
[2025-05-19 19:35:57,119] {processor.py:654} INFO - DAG(s) dict_keys(['example_xcom']) retrieved from /home/airflow/.local/lib/python3.6/site-packages/airflow/example_dags/example_xcom.py
[2025-05-19 19:35:57,890] {logging_mixin.py:109} INFO - [2025-05-19 19:35:57,889] {dag.py:2396} INFO - Sync 1 DAGs
[2025-05-19 19:35:57,974] {logging_mixin.py:109} INFO - [2025-05-19 19:35:57,974] {dag.py:2935} INFO - Setting next_dagrun for example_xcom to 2021-01-01T00:00:00+00:00
[2025-05-19 19:35:58,045] {processor.py:171} INFO - Processing /home/airflow/.local/lib/python3.6/site-packages/airflow/example_dags/example_xcom.py took 1.051 seconds
[2025-05-19 19:36:28,116] {processor.py:163} INFO - Started process (PID=309) to work on /home/airflow/.local/lib/python3.6/site-packages/airflow/example_dags/example_xcom.py
[2025-05-19 19:36:28,117] {processor.py:642} INFO - Processing file /home/airflow/.local/lib/python3.6/site-packages/airflow/example_dags/example_xcom.py for tasks to queue
[2025-05-19 19:36:28,119] {logging_mixin.py:109} INFO - [2025-05-19 19:36:28,119] {dagbag.py:500} INFO - Filling up the DagBag from /home/airflow/.local/lib/python3.6/site-packages/airflow/example_dags/example_xcom.py
[2025-05-19 19:36:28,183] {processor.py:654} INFO - DAG(s) dict_keys(['example_xcom']) retrieved from /home/airflow/.local/lib/python3.6/site-packages/airflow/example_dags/example_xcom.py
[2025-05-19 19:36:28,207] {logging_mixin.py:109} INFO - [2025-05-19 19:36:28,207] {dag.py:2396} INFO - Sync 1 DAGs
[2025-05-19 19:36:28,234] {logging_mixin.py:109} INFO - [2025-05-19 19:36:28,233] {dag.py:2935} INFO - Setting next_dagrun for example_xcom to 2021-01-01T00:00:00+00:00
[2025-05-19 19:36:28,251] {processor.py:171} INFO - Processing /home/airflow/.local/lib/python3.6/site-packages/airflow/example_dags/example_xcom.py took 0.140 seconds
[2025-05-19 19:36:58,647] {processor.py:163} INFO - Started process (PID=362) to work on /home/airflow/.local/lib/python3.6/site-packages/airflow/example_dags/example_xcom.py
[2025-05-19 19:36:58,648] {processor.py:642} INFO - Processing file /home/airflow/.local/lib/python3.6/site-packages/airflow/example_dags/example_xcom.py for tasks to queue
[2025-05-19 19:36:58,649] {logging_mixin.py:109} INFO - [2025-05-19 19:36:58,649] {dagbag.py:500} INFO - Filling up the DagBag from /home/airflow/.local/lib/python3.6/site-packages/airflow/example_dags/example_xcom.py
[2025-05-19 19:36:58,686] {processor.py:654} INFO - DAG(s) dict_keys(['example_xcom']) retrieved from /home/airflow/.local/lib/python3.6/site-packages/airflow/example_dags/example_xcom.py
[2025-05-19 19:36:58,961] {logging_mixin.py:109} INFO - [2025-05-19 19:36:58,961] {dag.py:2396} INFO - Sync 1 DAGs
[2025-05-19 19:36:58,981] {logging_mixin.py:109} INFO - [2025-05-19 19:36:58,980] {dag.py:2935} INFO - Setting next_dagrun for example_xcom to 2021-01-01T00:00:00+00:00
[2025-05-19 19:36:58,994] {processor.py:171} INFO - Processing /home/airflow/.local/lib/python3.6/site-packages/airflow/example_dags/example_xcom.py took 0.349 seconds
