[2025-05-19 08:54:06,537] {processor.py:163} INFO - Started process (PID=287) to work on /home/airflow/.local/lib/python3.6/site-packages/airflow/example_dags/example_short_circuit_operator.py
[2025-05-19 08:54:06,551] {processor.py:642} INFO - Processing file /home/airflow/.local/lib/python3.6/site-packages/airflow/example_dags/example_short_circuit_operator.py for tasks to queue
[2025-05-19 08:54:06,555] {logging_mixin.py:109} INFO - [2025-05-19 08:54:06,554] {dagbag.py:500} INFO - Filling up the DagBag from /home/airflow/.local/lib/python3.6/site-packages/airflow/example_dags/example_short_circuit_operator.py
[2025-05-19 08:54:06,728] {processor.py:654} INFO - DAG(s) dict_keys(['example_short_circuit_operator']) retrieved from /home/airflow/.local/lib/python3.6/site-packages/airflow/example_dags/example_short_circuit_operator.py
[2025-05-19 08:54:16,523] {logging_mixin.py:109} INFO - [2025-05-19 08:54:16,523] {manager.py:496} INFO - Created Permission View: can read on DAG:example_short_circuit_operator
[2025-05-19 08:54:16,565] {logging_mixin.py:109} INFO - [2025-05-19 08:54:16,565] {manager.py:496} INFO - Created Permission View: can edit on DAG:example_short_circuit_operator
[2025-05-19 08:54:16,575] {logging_mixin.py:109} INFO - [2025-05-19 08:54:16,567] {dag.py:2396} INFO - Sync 1 DAGs
[2025-05-19 08:54:16,708] {logging_mixin.py:109} INFO - [2025-05-19 08:54:16,690] {dag.py:2415} INFO - Creating ORM DAG for example_short_circuit_operator
[2025-05-19 08:54:16,773] {logging_mixin.py:109} INFO - [2025-05-19 08:54:16,772] {dag.py:2935} INFO - Setting next_dagrun for example_short_circuit_operator to 2025-05-18T08:54:16.771031+00:00
[2025-05-19 08:54:16,870] {processor.py:171} INFO - Processing /home/airflow/.local/lib/python3.6/site-packages/airflow/example_dags/example_short_circuit_operator.py took 12.002 seconds
[2025-05-19 08:55:26,688] {processor.py:163} INFO - Started process (PID=461) to work on /home/airflow/.local/lib/python3.6/site-packages/airflow/example_dags/example_short_circuit_operator.py
[2025-05-19 08:55:26,694] {processor.py:642} INFO - Processing file /home/airflow/.local/lib/python3.6/site-packages/airflow/example_dags/example_short_circuit_operator.py for tasks to queue
[2025-05-19 08:55:26,698] {logging_mixin.py:109} INFO - [2025-05-19 08:55:26,698] {dagbag.py:500} INFO - Filling up the DagBag from /home/airflow/.local/lib/python3.6/site-packages/airflow/example_dags/example_short_circuit_operator.py
[2025-05-19 08:55:26,881] {processor.py:654} INFO - DAG(s) dict_keys(['example_short_circuit_operator']) retrieved from /home/airflow/.local/lib/python3.6/site-packages/airflow/example_dags/example_short_circuit_operator.py
[2025-05-19 08:55:26,945] {logging_mixin.py:109} INFO - [2025-05-19 08:55:26,943] {dag.py:2396} INFO - Sync 1 DAGs
[2025-05-19 08:55:27,115] {logging_mixin.py:109} INFO - [2025-05-19 08:55:27,115] {dag.py:2935} INFO - Setting next_dagrun for example_short_circuit_operator to 2025-05-18T08:55:27.114417+00:00
[2025-05-19 08:55:27,183] {processor.py:171} INFO - Processing /home/airflow/.local/lib/python3.6/site-packages/airflow/example_dags/example_short_circuit_operator.py took 0.512 seconds
[2025-05-19 08:55:59,715] {processor.py:163} INFO - Started process (PID=504) to work on /home/airflow/.local/lib/python3.6/site-packages/airflow/example_dags/example_short_circuit_operator.py
[2025-05-19 08:55:59,719] {processor.py:642} INFO - Processing file /home/airflow/.local/lib/python3.6/site-packages/airflow/example_dags/example_short_circuit_operator.py for tasks to queue
[2025-05-19 08:55:59,730] {logging_mixin.py:109} INFO - [2025-05-19 08:55:59,728] {dagbag.py:500} INFO - Filling up the DagBag from /home/airflow/.local/lib/python3.6/site-packages/airflow/example_dags/example_short_circuit_operator.py
[2025-05-19 08:55:59,911] {processor.py:654} INFO - DAG(s) dict_keys(['example_short_circuit_operator']) retrieved from /home/airflow/.local/lib/python3.6/site-packages/airflow/example_dags/example_short_circuit_operator.py
[2025-05-19 08:55:59,990] {logging_mixin.py:109} INFO - [2025-05-19 08:55:59,990] {dag.py:2396} INFO - Sync 1 DAGs
[2025-05-19 08:56:00,103] {logging_mixin.py:109} INFO - [2025-05-19 08:56:00,103] {dag.py:2935} INFO - Setting next_dagrun for example_short_circuit_operator to 2025-05-18T08:56:00.101117+00:00
[2025-05-19 08:56:00,156] {processor.py:171} INFO - Processing /home/airflow/.local/lib/python3.6/site-packages/airflow/example_dags/example_short_circuit_operator.py took 0.451 seconds
[2025-05-19 08:56:30,706] {processor.py:163} INFO - Started process (PID=556) to work on /home/airflow/.local/lib/python3.6/site-packages/airflow/example_dags/example_short_circuit_operator.py
[2025-05-19 08:56:30,711] {processor.py:642} INFO - Processing file /home/airflow/.local/lib/python3.6/site-packages/airflow/example_dags/example_short_circuit_operator.py for tasks to queue
[2025-05-19 08:56:30,718] {logging_mixin.py:109} INFO - [2025-05-19 08:56:30,718] {dagbag.py:500} INFO - Filling up the DagBag from /home/airflow/.local/lib/python3.6/site-packages/airflow/example_dags/example_short_circuit_operator.py
[2025-05-19 08:56:30,828] {processor.py:654} INFO - DAG(s) dict_keys(['example_short_circuit_operator']) retrieved from /home/airflow/.local/lib/python3.6/site-packages/airflow/example_dags/example_short_circuit_operator.py
[2025-05-19 08:56:30,864] {logging_mixin.py:109} INFO - [2025-05-19 08:56:30,862] {dag.py:2396} INFO - Sync 1 DAGs
[2025-05-19 08:56:30,922] {logging_mixin.py:109} INFO - [2025-05-19 08:56:30,921] {dag.py:2935} INFO - Setting next_dagrun for example_short_circuit_operator to 2025-05-18T08:56:30.921099+00:00
[2025-05-19 08:56:30,946] {processor.py:171} INFO - Processing /home/airflow/.local/lib/python3.6/site-packages/airflow/example_dags/example_short_circuit_operator.py took 0.263 seconds
[2025-05-19 08:57:01,053] {processor.py:163} INFO - Started process (PID=608) to work on /home/airflow/.local/lib/python3.6/site-packages/airflow/example_dags/example_short_circuit_operator.py
[2025-05-19 08:57:01,055] {processor.py:642} INFO - Processing file /home/airflow/.local/lib/python3.6/site-packages/airflow/example_dags/example_short_circuit_operator.py for tasks to queue
[2025-05-19 08:57:01,057] {logging_mixin.py:109} INFO - [2025-05-19 08:57:01,057] {dagbag.py:500} INFO - Filling up the DagBag from /home/airflow/.local/lib/python3.6/site-packages/airflow/example_dags/example_short_circuit_operator.py
[2025-05-19 08:57:01,107] {processor.py:654} INFO - DAG(s) dict_keys(['example_short_circuit_operator']) retrieved from /home/airflow/.local/lib/python3.6/site-packages/airflow/example_dags/example_short_circuit_operator.py
[2025-05-19 08:57:01,129] {logging_mixin.py:109} INFO - [2025-05-19 08:57:01,128] {dag.py:2396} INFO - Sync 1 DAGs
[2025-05-19 08:57:01,162] {logging_mixin.py:109} INFO - [2025-05-19 08:57:01,162] {dag.py:2935} INFO - Setting next_dagrun for example_short_circuit_operator to 2025-05-18T08:57:01.162210+00:00
[2025-05-19 08:57:01,183] {processor.py:171} INFO - Processing /home/airflow/.local/lib/python3.6/site-packages/airflow/example_dags/example_short_circuit_operator.py took 0.135 seconds
[2025-05-19 08:57:32,218] {processor.py:163} INFO - Started process (PID=660) to work on /home/airflow/.local/lib/python3.6/site-packages/airflow/example_dags/example_short_circuit_operator.py
[2025-05-19 08:57:32,221] {processor.py:642} INFO - Processing file /home/airflow/.local/lib/python3.6/site-packages/airflow/example_dags/example_short_circuit_operator.py for tasks to queue
[2025-05-19 08:57:32,224] {logging_mixin.py:109} INFO - [2025-05-19 08:57:32,223] {dagbag.py:500} INFO - Filling up the DagBag from /home/airflow/.local/lib/python3.6/site-packages/airflow/example_dags/example_short_circuit_operator.py
[2025-05-19 08:57:32,314] {processor.py:654} INFO - DAG(s) dict_keys(['example_short_circuit_operator']) retrieved from /home/airflow/.local/lib/python3.6/site-packages/airflow/example_dags/example_short_circuit_operator.py
[2025-05-19 08:57:32,356] {logging_mixin.py:109} INFO - [2025-05-19 08:57:32,356] {dag.py:2396} INFO - Sync 1 DAGs
[2025-05-19 08:57:32,419] {logging_mixin.py:109} INFO - [2025-05-19 08:57:32,418] {dag.py:2935} INFO - Setting next_dagrun for example_short_circuit_operator to 2025-05-18T08:57:32.418043+00:00
[2025-05-19 08:57:32,484] {processor.py:171} INFO - Processing /home/airflow/.local/lib/python3.6/site-packages/airflow/example_dags/example_short_circuit_operator.py took 0.275 seconds
[2025-05-19 08:58:02,771] {processor.py:163} INFO - Started process (PID=712) to work on /home/airflow/.local/lib/python3.6/site-packages/airflow/example_dags/example_short_circuit_operator.py
[2025-05-19 08:58:02,774] {processor.py:642} INFO - Processing file /home/airflow/.local/lib/python3.6/site-packages/airflow/example_dags/example_short_circuit_operator.py for tasks to queue
[2025-05-19 08:58:02,776] {logging_mixin.py:109} INFO - [2025-05-19 08:58:02,775] {dagbag.py:500} INFO - Filling up the DagBag from /home/airflow/.local/lib/python3.6/site-packages/airflow/example_dags/example_short_circuit_operator.py
[2025-05-19 08:58:02,843] {processor.py:654} INFO - DAG(s) dict_keys(['example_short_circuit_operator']) retrieved from /home/airflow/.local/lib/python3.6/site-packages/airflow/example_dags/example_short_circuit_operator.py
[2025-05-19 08:58:02,867] {logging_mixin.py:109} INFO - [2025-05-19 08:58:02,866] {dag.py:2396} INFO - Sync 1 DAGs
[2025-05-19 08:58:02,902] {logging_mixin.py:109} INFO - [2025-05-19 08:58:02,902] {dag.py:2935} INFO - Setting next_dagrun for example_short_circuit_operator to 2025-05-18T08:58:02.901558+00:00
[2025-05-19 08:58:02,919] {processor.py:171} INFO - Processing /home/airflow/.local/lib/python3.6/site-packages/airflow/example_dags/example_short_circuit_operator.py took 0.155 seconds
[2025-05-19 08:58:33,105] {processor.py:163} INFO - Started process (PID=763) to work on /home/airflow/.local/lib/python3.6/site-packages/airflow/example_dags/example_short_circuit_operator.py
[2025-05-19 08:58:33,108] {processor.py:642} INFO - Processing file /home/airflow/.local/lib/python3.6/site-packages/airflow/example_dags/example_short_circuit_operator.py for tasks to queue
[2025-05-19 08:58:33,109] {logging_mixin.py:109} INFO - [2025-05-19 08:58:33,109] {dagbag.py:500} INFO - Filling up the DagBag from /home/airflow/.local/lib/python3.6/site-packages/airflow/example_dags/example_short_circuit_operator.py
[2025-05-19 08:58:33,169] {processor.py:654} INFO - DAG(s) dict_keys(['example_short_circuit_operator']) retrieved from /home/airflow/.local/lib/python3.6/site-packages/airflow/example_dags/example_short_circuit_operator.py
[2025-05-19 08:58:33,193] {logging_mixin.py:109} INFO - [2025-05-19 08:58:33,193] {dag.py:2396} INFO - Sync 1 DAGs
[2025-05-19 08:58:33,230] {logging_mixin.py:109} INFO - [2025-05-19 08:58:33,230] {dag.py:2935} INFO - Setting next_dagrun for example_short_circuit_operator to 2025-05-18T08:58:33.229847+00:00
[2025-05-19 08:58:33,249] {processor.py:171} INFO - Processing /home/airflow/.local/lib/python3.6/site-packages/airflow/example_dags/example_short_circuit_operator.py took 0.151 seconds
[2025-05-19 08:59:03,321] {processor.py:163} INFO - Started process (PID=815) to work on /home/airflow/.local/lib/python3.6/site-packages/airflow/example_dags/example_short_circuit_operator.py
[2025-05-19 08:59:03,323] {processor.py:642} INFO - Processing file /home/airflow/.local/lib/python3.6/site-packages/airflow/example_dags/example_short_circuit_operator.py for tasks to queue
[2025-05-19 08:59:03,325] {logging_mixin.py:109} INFO - [2025-05-19 08:59:03,325] {dagbag.py:500} INFO - Filling up the DagBag from /home/airflow/.local/lib/python3.6/site-packages/airflow/example_dags/example_short_circuit_operator.py
[2025-05-19 08:59:03,378] {processor.py:654} INFO - DAG(s) dict_keys(['example_short_circuit_operator']) retrieved from /home/airflow/.local/lib/python3.6/site-packages/airflow/example_dags/example_short_circuit_operator.py
[2025-05-19 08:59:03,403] {logging_mixin.py:109} INFO - [2025-05-19 08:59:03,402] {dag.py:2396} INFO - Sync 1 DAGs
[2025-05-19 08:59:03,435] {logging_mixin.py:109} INFO - [2025-05-19 08:59:03,435] {dag.py:2935} INFO - Setting next_dagrun for example_short_circuit_operator to 2025-05-18T08:59:03.434912+00:00
[2025-05-19 08:59:03,456] {processor.py:171} INFO - Processing /home/airflow/.local/lib/python3.6/site-packages/airflow/example_dags/example_short_circuit_operator.py took 0.140 seconds
[2025-05-19 08:59:33,936] {processor.py:163} INFO - Started process (PID=867) to work on /home/airflow/.local/lib/python3.6/site-packages/airflow/example_dags/example_short_circuit_operator.py
[2025-05-19 08:59:33,941] {processor.py:642} INFO - Processing file /home/airflow/.local/lib/python3.6/site-packages/airflow/example_dags/example_short_circuit_operator.py for tasks to queue
[2025-05-19 08:59:33,942] {logging_mixin.py:109} INFO - [2025-05-19 08:59:33,942] {dagbag.py:500} INFO - Filling up the DagBag from /home/airflow/.local/lib/python3.6/site-packages/airflow/example_dags/example_short_circuit_operator.py
[2025-05-19 08:59:34,022] {processor.py:654} INFO - DAG(s) dict_keys(['example_short_circuit_operator']) retrieved from /home/airflow/.local/lib/python3.6/site-packages/airflow/example_dags/example_short_circuit_operator.py
[2025-05-19 08:59:34,055] {logging_mixin.py:109} INFO - [2025-05-19 08:59:34,055] {dag.py:2396} INFO - Sync 1 DAGs
[2025-05-19 08:59:34,103] {logging_mixin.py:109} INFO - [2025-05-19 08:59:34,102] {dag.py:2935} INFO - Setting next_dagrun for example_short_circuit_operator to 2025-05-18T08:59:34.102424+00:00
[2025-05-19 08:59:34,128] {processor.py:171} INFO - Processing /home/airflow/.local/lib/python3.6/site-packages/airflow/example_dags/example_short_circuit_operator.py took 0.203 seconds
[2025-05-19 09:00:04,703] {processor.py:163} INFO - Started process (PID=920) to work on /home/airflow/.local/lib/python3.6/site-packages/airflow/example_dags/example_short_circuit_operator.py
[2025-05-19 09:00:04,706] {processor.py:642} INFO - Processing file /home/airflow/.local/lib/python3.6/site-packages/airflow/example_dags/example_short_circuit_operator.py for tasks to queue
[2025-05-19 09:00:04,708] {logging_mixin.py:109} INFO - [2025-05-19 09:00:04,708] {dagbag.py:500} INFO - Filling up the DagBag from /home/airflow/.local/lib/python3.6/site-packages/airflow/example_dags/example_short_circuit_operator.py
[2025-05-19 09:00:04,761] {processor.py:654} INFO - DAG(s) dict_keys(['example_short_circuit_operator']) retrieved from /home/airflow/.local/lib/python3.6/site-packages/airflow/example_dags/example_short_circuit_operator.py
[2025-05-19 09:00:04,781] {logging_mixin.py:109} INFO - [2025-05-19 09:00:04,781] {dag.py:2396} INFO - Sync 1 DAGs
[2025-05-19 09:00:04,842] {logging_mixin.py:109} INFO - [2025-05-19 09:00:04,842] {dag.py:2935} INFO - Setting next_dagrun for example_short_circuit_operator to 2025-05-18T09:00:04.842308+00:00
[2025-05-19 09:00:04,863] {processor.py:171} INFO - Processing /home/airflow/.local/lib/python3.6/site-packages/airflow/example_dags/example_short_circuit_operator.py took 0.167 seconds
[2025-05-19 09:00:36,334] {processor.py:163} INFO - Started process (PID=972) to work on /home/airflow/.local/lib/python3.6/site-packages/airflow/example_dags/example_short_circuit_operator.py
[2025-05-19 09:00:36,339] {processor.py:642} INFO - Processing file /home/airflow/.local/lib/python3.6/site-packages/airflow/example_dags/example_short_circuit_operator.py for tasks to queue
[2025-05-19 09:00:36,341] {logging_mixin.py:109} INFO - [2025-05-19 09:00:36,341] {dagbag.py:500} INFO - Filling up the DagBag from /home/airflow/.local/lib/python3.6/site-packages/airflow/example_dags/example_short_circuit_operator.py
[2025-05-19 09:00:36,417] {processor.py:654} INFO - DAG(s) dict_keys(['example_short_circuit_operator']) retrieved from /home/airflow/.local/lib/python3.6/site-packages/airflow/example_dags/example_short_circuit_operator.py
[2025-05-19 09:00:36,443] {logging_mixin.py:109} INFO - [2025-05-19 09:00:36,442] {dag.py:2396} INFO - Sync 1 DAGs
[2025-05-19 09:00:36,509] {logging_mixin.py:109} INFO - [2025-05-19 09:00:36,508] {dag.py:2935} INFO - Setting next_dagrun for example_short_circuit_operator to 2025-05-18T09:00:36.507484+00:00
[2025-05-19 09:00:36,536] {processor.py:171} INFO - Processing /home/airflow/.local/lib/python3.6/site-packages/airflow/example_dags/example_short_circuit_operator.py took 0.211 seconds
[2025-05-19 09:01:07,772] {processor.py:163} INFO - Started process (PID=1024) to work on /home/airflow/.local/lib/python3.6/site-packages/airflow/example_dags/example_short_circuit_operator.py
[2025-05-19 09:01:07,776] {processor.py:642} INFO - Processing file /home/airflow/.local/lib/python3.6/site-packages/airflow/example_dags/example_short_circuit_operator.py for tasks to queue
[2025-05-19 09:01:07,778] {logging_mixin.py:109} INFO - [2025-05-19 09:01:07,778] {dagbag.py:500} INFO - Filling up the DagBag from /home/airflow/.local/lib/python3.6/site-packages/airflow/example_dags/example_short_circuit_operator.py
[2025-05-19 09:01:07,880] {processor.py:654} INFO - DAG(s) dict_keys(['example_short_circuit_operator']) retrieved from /home/airflow/.local/lib/python3.6/site-packages/airflow/example_dags/example_short_circuit_operator.py
[2025-05-19 09:01:07,915] {logging_mixin.py:109} INFO - [2025-05-19 09:01:07,915] {dag.py:2396} INFO - Sync 1 DAGs
[2025-05-19 09:01:07,975] {logging_mixin.py:109} INFO - [2025-05-19 09:01:07,974] {dag.py:2935} INFO - Setting next_dagrun for example_short_circuit_operator to 2025-05-18T09:01:07.974074+00:00
[2025-05-19 09:01:08,005] {processor.py:171} INFO - Processing /home/airflow/.local/lib/python3.6/site-packages/airflow/example_dags/example_short_circuit_operator.py took 0.244 seconds
[2025-05-19 09:01:39,649] {processor.py:163} INFO - Started process (PID=1076) to work on /home/airflow/.local/lib/python3.6/site-packages/airflow/example_dags/example_short_circuit_operator.py
[2025-05-19 09:01:39,657] {processor.py:642} INFO - Processing file /home/airflow/.local/lib/python3.6/site-packages/airflow/example_dags/example_short_circuit_operator.py for tasks to queue
[2025-05-19 09:01:39,661] {logging_mixin.py:109} INFO - [2025-05-19 09:01:39,660] {dagbag.py:500} INFO - Filling up the DagBag from /home/airflow/.local/lib/python3.6/site-packages/airflow/example_dags/example_short_circuit_operator.py
[2025-05-19 09:01:39,773] {processor.py:654} INFO - DAG(s) dict_keys(['example_short_circuit_operator']) retrieved from /home/airflow/.local/lib/python3.6/site-packages/airflow/example_dags/example_short_circuit_operator.py
[2025-05-19 09:01:39,810] {logging_mixin.py:109} INFO - [2025-05-19 09:01:39,810] {dag.py:2396} INFO - Sync 1 DAGs
[2025-05-19 09:01:39,875] {logging_mixin.py:109} INFO - [2025-05-19 09:01:39,874] {dag.py:2935} INFO - Setting next_dagrun for example_short_circuit_operator to 2025-05-18T09:01:39.874177+00:00
[2025-05-19 09:01:39,900] {processor.py:171} INFO - Processing /home/airflow/.local/lib/python3.6/site-packages/airflow/example_dags/example_short_circuit_operator.py took 0.264 seconds
[2025-05-19 09:02:12,244] {processor.py:163} INFO - Started process (PID=1129) to work on /home/airflow/.local/lib/python3.6/site-packages/airflow/example_dags/example_short_circuit_operator.py
[2025-05-19 09:02:12,249] {processor.py:642} INFO - Processing file /home/airflow/.local/lib/python3.6/site-packages/airflow/example_dags/example_short_circuit_operator.py for tasks to queue
[2025-05-19 09:02:12,251] {logging_mixin.py:109} INFO - [2025-05-19 09:02:12,251] {dagbag.py:500} INFO - Filling up the DagBag from /home/airflow/.local/lib/python3.6/site-packages/airflow/example_dags/example_short_circuit_operator.py
[2025-05-19 09:02:12,353] {processor.py:654} INFO - DAG(s) dict_keys(['example_short_circuit_operator']) retrieved from /home/airflow/.local/lib/python3.6/site-packages/airflow/example_dags/example_short_circuit_operator.py
[2025-05-19 09:02:12,385] {logging_mixin.py:109} INFO - [2025-05-19 09:02:12,385] {dag.py:2396} INFO - Sync 1 DAGs
[2025-05-19 09:02:12,446] {logging_mixin.py:109} INFO - [2025-05-19 09:02:12,445] {dag.py:2935} INFO - Setting next_dagrun for example_short_circuit_operator to 2025-05-18T09:02:12.445310+00:00
[2025-05-19 09:02:12,475] {processor.py:171} INFO - Processing /home/airflow/.local/lib/python3.6/site-packages/airflow/example_dags/example_short_circuit_operator.py took 0.246 seconds
[2025-05-19 09:02:45,244] {processor.py:163} INFO - Started process (PID=1181) to work on /home/airflow/.local/lib/python3.6/site-packages/airflow/example_dags/example_short_circuit_operator.py
[2025-05-19 09:02:45,267] {processor.py:642} INFO - Processing file /home/airflow/.local/lib/python3.6/site-packages/airflow/example_dags/example_short_circuit_operator.py for tasks to queue
[2025-05-19 09:02:45,288] {logging_mixin.py:109} INFO - [2025-05-19 09:02:45,288] {dagbag.py:500} INFO - Filling up the DagBag from /home/airflow/.local/lib/python3.6/site-packages/airflow/example_dags/example_short_circuit_operator.py
[2025-05-19 09:02:45,455] {processor.py:654} INFO - DAG(s) dict_keys(['example_short_circuit_operator']) retrieved from /home/airflow/.local/lib/python3.6/site-packages/airflow/example_dags/example_short_circuit_operator.py
[2025-05-19 09:02:45,519] {logging_mixin.py:109} INFO - [2025-05-19 09:02:45,519] {dag.py:2396} INFO - Sync 1 DAGs
[2025-05-19 09:02:45,599] {logging_mixin.py:109} INFO - [2025-05-19 09:02:45,598] {dag.py:2935} INFO - Setting next_dagrun for example_short_circuit_operator to 2025-05-18T09:02:45.597388+00:00
[2025-05-19 09:02:45,653] {processor.py:171} INFO - Processing /home/airflow/.local/lib/python3.6/site-packages/airflow/example_dags/example_short_circuit_operator.py took 0.439 seconds
[2025-05-19 09:03:15,812] {processor.py:163} INFO - Started process (PID=1233) to work on /home/airflow/.local/lib/python3.6/site-packages/airflow/example_dags/example_short_circuit_operator.py
[2025-05-19 09:03:15,815] {processor.py:642} INFO - Processing file /home/airflow/.local/lib/python3.6/site-packages/airflow/example_dags/example_short_circuit_operator.py for tasks to queue
[2025-05-19 09:03:15,816] {logging_mixin.py:109} INFO - [2025-05-19 09:03:15,816] {dagbag.py:500} INFO - Filling up the DagBag from /home/airflow/.local/lib/python3.6/site-packages/airflow/example_dags/example_short_circuit_operator.py
[2025-05-19 09:03:15,876] {processor.py:654} INFO - DAG(s) dict_keys(['example_short_circuit_operator']) retrieved from /home/airflow/.local/lib/python3.6/site-packages/airflow/example_dags/example_short_circuit_operator.py
[2025-05-19 09:03:15,911] {logging_mixin.py:109} INFO - [2025-05-19 09:03:15,911] {dag.py:2396} INFO - Sync 1 DAGs
[2025-05-19 09:03:15,956] {logging_mixin.py:109} INFO - [2025-05-19 09:03:15,956] {dag.py:2935} INFO - Setting next_dagrun for example_short_circuit_operator to 2025-05-18T09:03:15.955989+00:00
[2025-05-19 09:03:15,974] {processor.py:171} INFO - Processing /home/airflow/.local/lib/python3.6/site-packages/airflow/example_dags/example_short_circuit_operator.py took 0.169 seconds
[2025-05-19 09:03:46,585] {processor.py:163} INFO - Started process (PID=1275) to work on /home/airflow/.local/lib/python3.6/site-packages/airflow/example_dags/example_short_circuit_operator.py
[2025-05-19 09:03:46,589] {processor.py:642} INFO - Processing file /home/airflow/.local/lib/python3.6/site-packages/airflow/example_dags/example_short_circuit_operator.py for tasks to queue
[2025-05-19 09:03:46,591] {logging_mixin.py:109} INFO - [2025-05-19 09:03:46,591] {dagbag.py:500} INFO - Filling up the DagBag from /home/airflow/.local/lib/python3.6/site-packages/airflow/example_dags/example_short_circuit_operator.py
[2025-05-19 09:03:46,661] {processor.py:654} INFO - DAG(s) dict_keys(['example_short_circuit_operator']) retrieved from /home/airflow/.local/lib/python3.6/site-packages/airflow/example_dags/example_short_circuit_operator.py
[2025-05-19 09:03:46,684] {logging_mixin.py:109} INFO - [2025-05-19 09:03:46,684] {dag.py:2396} INFO - Sync 1 DAGs
[2025-05-19 09:03:46,722] {logging_mixin.py:109} INFO - [2025-05-19 09:03:46,722] {dag.py:2935} INFO - Setting next_dagrun for example_short_circuit_operator to 2025-05-18T09:03:46.721553+00:00
[2025-05-19 09:03:46,741] {processor.py:171} INFO - Processing /home/airflow/.local/lib/python3.6/site-packages/airflow/example_dags/example_short_circuit_operator.py took 0.163 seconds
[2025-05-19 09:04:17,359] {processor.py:163} INFO - Started process (PID=1334) to work on /home/airflow/.local/lib/python3.6/site-packages/airflow/example_dags/example_short_circuit_operator.py
[2025-05-19 09:04:17,363] {processor.py:642} INFO - Processing file /home/airflow/.local/lib/python3.6/site-packages/airflow/example_dags/example_short_circuit_operator.py for tasks to queue
[2025-05-19 09:04:17,368] {logging_mixin.py:109} INFO - [2025-05-19 09:04:17,366] {dagbag.py:500} INFO - Filling up the DagBag from /home/airflow/.local/lib/python3.6/site-packages/airflow/example_dags/example_short_circuit_operator.py
[2025-05-19 09:04:17,448] {processor.py:654} INFO - DAG(s) dict_keys(['example_short_circuit_operator']) retrieved from /home/airflow/.local/lib/python3.6/site-packages/airflow/example_dags/example_short_circuit_operator.py
[2025-05-19 09:04:17,511] {logging_mixin.py:109} INFO - [2025-05-19 09:04:17,510] {dag.py:2396} INFO - Sync 1 DAGs
[2025-05-19 09:04:17,564] {logging_mixin.py:109} INFO - [2025-05-19 09:04:17,564] {dag.py:2935} INFO - Setting next_dagrun for example_short_circuit_operator to 2025-05-18T09:04:17.563637+00:00
[2025-05-19 09:04:17,590] {processor.py:171} INFO - Processing /home/airflow/.local/lib/python3.6/site-packages/airflow/example_dags/example_short_circuit_operator.py took 0.239 seconds
[2025-05-19 09:04:47,932] {processor.py:163} INFO - Started process (PID=1379) to work on /home/airflow/.local/lib/python3.6/site-packages/airflow/example_dags/example_short_circuit_operator.py
[2025-05-19 09:04:47,938] {processor.py:642} INFO - Processing file /home/airflow/.local/lib/python3.6/site-packages/airflow/example_dags/example_short_circuit_operator.py for tasks to queue
[2025-05-19 09:04:47,944] {logging_mixin.py:109} INFO - [2025-05-19 09:04:47,944] {dagbag.py:500} INFO - Filling up the DagBag from /home/airflow/.local/lib/python3.6/site-packages/airflow/example_dags/example_short_circuit_operator.py
[2025-05-19 09:04:48,052] {processor.py:654} INFO - DAG(s) dict_keys(['example_short_circuit_operator']) retrieved from /home/airflow/.local/lib/python3.6/site-packages/airflow/example_dags/example_short_circuit_operator.py
[2025-05-19 09:04:48,100] {logging_mixin.py:109} INFO - [2025-05-19 09:04:48,100] {dag.py:2396} INFO - Sync 1 DAGs
[2025-05-19 09:04:48,187] {logging_mixin.py:109} INFO - [2025-05-19 09:04:48,186] {dag.py:2935} INFO - Setting next_dagrun for example_short_circuit_operator to 2025-05-18T09:04:48.186105+00:00
[2025-05-19 09:04:48,223] {processor.py:171} INFO - Processing /home/airflow/.local/lib/python3.6/site-packages/airflow/example_dags/example_short_circuit_operator.py took 0.306 seconds
[2025-05-19 09:05:18,801] {processor.py:163} INFO - Started process (PID=1431) to work on /home/airflow/.local/lib/python3.6/site-packages/airflow/example_dags/example_short_circuit_operator.py
[2025-05-19 09:05:18,812] {processor.py:642} INFO - Processing file /home/airflow/.local/lib/python3.6/site-packages/airflow/example_dags/example_short_circuit_operator.py for tasks to queue
[2025-05-19 09:05:18,814] {logging_mixin.py:109} INFO - [2025-05-19 09:05:18,814] {dagbag.py:500} INFO - Filling up the DagBag from /home/airflow/.local/lib/python3.6/site-packages/airflow/example_dags/example_short_circuit_operator.py
[2025-05-19 09:05:18,913] {processor.py:654} INFO - DAG(s) dict_keys(['example_short_circuit_operator']) retrieved from /home/airflow/.local/lib/python3.6/site-packages/airflow/example_dags/example_short_circuit_operator.py
[2025-05-19 09:05:18,955] {logging_mixin.py:109} INFO - [2025-05-19 09:05:18,954] {dag.py:2396} INFO - Sync 1 DAGs
[2025-05-19 09:05:19,021] {logging_mixin.py:109} INFO - [2025-05-19 09:05:19,021] {dag.py:2935} INFO - Setting next_dagrun for example_short_circuit_operator to 2025-05-18T09:05:19.020158+00:00
[2025-05-19 09:05:19,044] {processor.py:171} INFO - Processing /home/airflow/.local/lib/python3.6/site-packages/airflow/example_dags/example_short_circuit_operator.py took 0.256 seconds
[2025-05-19 09:05:49,681] {processor.py:163} INFO - Started process (PID=1483) to work on /home/airflow/.local/lib/python3.6/site-packages/airflow/example_dags/example_short_circuit_operator.py
[2025-05-19 09:05:49,689] {processor.py:642} INFO - Processing file /home/airflow/.local/lib/python3.6/site-packages/airflow/example_dags/example_short_circuit_operator.py for tasks to queue
[2025-05-19 09:05:49,692] {logging_mixin.py:109} INFO - [2025-05-19 09:05:49,691] {dagbag.py:500} INFO - Filling up the DagBag from /home/airflow/.local/lib/python3.6/site-packages/airflow/example_dags/example_short_circuit_operator.py
[2025-05-19 09:05:49,759] {processor.py:654} INFO - DAG(s) dict_keys(['example_short_circuit_operator']) retrieved from /home/airflow/.local/lib/python3.6/site-packages/airflow/example_dags/example_short_circuit_operator.py
[2025-05-19 09:05:49,784] {logging_mixin.py:109} INFO - [2025-05-19 09:05:49,784] {dag.py:2396} INFO - Sync 1 DAGs
[2025-05-19 09:05:49,824] {logging_mixin.py:109} INFO - [2025-05-19 09:05:49,824] {dag.py:2935} INFO - Setting next_dagrun for example_short_circuit_operator to 2025-05-18T09:05:49.823598+00:00
[2025-05-19 09:05:49,842] {processor.py:171} INFO - Processing /home/airflow/.local/lib/python3.6/site-packages/airflow/example_dags/example_short_circuit_operator.py took 0.169 seconds
[2025-05-19 09:06:20,613] {processor.py:163} INFO - Started process (PID=1535) to work on /home/airflow/.local/lib/python3.6/site-packages/airflow/example_dags/example_short_circuit_operator.py
[2025-05-19 09:06:20,615] {processor.py:642} INFO - Processing file /home/airflow/.local/lib/python3.6/site-packages/airflow/example_dags/example_short_circuit_operator.py for tasks to queue
[2025-05-19 09:06:20,616] {logging_mixin.py:109} INFO - [2025-05-19 09:06:20,616] {dagbag.py:500} INFO - Filling up the DagBag from /home/airflow/.local/lib/python3.6/site-packages/airflow/example_dags/example_short_circuit_operator.py
[2025-05-19 09:06:20,656] {processor.py:654} INFO - DAG(s) dict_keys(['example_short_circuit_operator']) retrieved from /home/airflow/.local/lib/python3.6/site-packages/airflow/example_dags/example_short_circuit_operator.py
[2025-05-19 09:06:20,669] {logging_mixin.py:109} INFO - [2025-05-19 09:06:20,669] {dag.py:2396} INFO - Sync 1 DAGs
[2025-05-19 09:06:20,699] {logging_mixin.py:109} INFO - [2025-05-19 09:06:20,699] {dag.py:2935} INFO - Setting next_dagrun for example_short_circuit_operator to 2025-05-18T09:06:20.698595+00:00
[2025-05-19 09:06:20,714] {processor.py:171} INFO - Processing /home/airflow/.local/lib/python3.6/site-packages/airflow/example_dags/example_short_circuit_operator.py took 0.105 seconds
[2025-05-19 09:06:50,885] {processor.py:163} INFO - Started process (PID=1596) to work on /home/airflow/.local/lib/python3.6/site-packages/airflow/example_dags/example_short_circuit_operator.py
[2025-05-19 09:06:50,888] {processor.py:642} INFO - Processing file /home/airflow/.local/lib/python3.6/site-packages/airflow/example_dags/example_short_circuit_operator.py for tasks to queue
[2025-05-19 09:06:50,889] {logging_mixin.py:109} INFO - [2025-05-19 09:06:50,889] {dagbag.py:500} INFO - Filling up the DagBag from /home/airflow/.local/lib/python3.6/site-packages/airflow/example_dags/example_short_circuit_operator.py
[2025-05-19 09:06:50,937] {processor.py:654} INFO - DAG(s) dict_keys(['example_short_circuit_operator']) retrieved from /home/airflow/.local/lib/python3.6/site-packages/airflow/example_dags/example_short_circuit_operator.py
[2025-05-19 09:06:50,962] {logging_mixin.py:109} INFO - [2025-05-19 09:06:50,962] {dag.py:2396} INFO - Sync 1 DAGs
[2025-05-19 09:06:50,995] {logging_mixin.py:109} INFO - [2025-05-19 09:06:50,995] {dag.py:2935} INFO - Setting next_dagrun for example_short_circuit_operator to 2025-05-18T09:06:50.994714+00:00
[2025-05-19 09:06:51,010] {processor.py:171} INFO - Processing /home/airflow/.local/lib/python3.6/site-packages/airflow/example_dags/example_short_circuit_operator.py took 0.130 seconds
[2025-05-19 09:07:21,668] {processor.py:163} INFO - Started process (PID=1648) to work on /home/airflow/.local/lib/python3.6/site-packages/airflow/example_dags/example_short_circuit_operator.py
[2025-05-19 09:07:21,670] {processor.py:642} INFO - Processing file /home/airflow/.local/lib/python3.6/site-packages/airflow/example_dags/example_short_circuit_operator.py for tasks to queue
[2025-05-19 09:07:21,671] {logging_mixin.py:109} INFO - [2025-05-19 09:07:21,671] {dagbag.py:500} INFO - Filling up the DagBag from /home/airflow/.local/lib/python3.6/site-packages/airflow/example_dags/example_short_circuit_operator.py
[2025-05-19 09:07:21,707] {processor.py:654} INFO - DAG(s) dict_keys(['example_short_circuit_operator']) retrieved from /home/airflow/.local/lib/python3.6/site-packages/airflow/example_dags/example_short_circuit_operator.py
[2025-05-19 09:07:21,722] {logging_mixin.py:109} INFO - [2025-05-19 09:07:21,722] {dag.py:2396} INFO - Sync 1 DAGs
[2025-05-19 09:07:21,745] {logging_mixin.py:109} INFO - [2025-05-19 09:07:21,744] {dag.py:2935} INFO - Setting next_dagrun for example_short_circuit_operator to 2025-05-18T09:07:21.744679+00:00
[2025-05-19 09:07:21,757] {processor.py:171} INFO - Processing /home/airflow/.local/lib/python3.6/site-packages/airflow/example_dags/example_short_circuit_operator.py took 0.094 seconds
[2025-05-19 09:07:53,087] {processor.py:163} INFO - Started process (PID=1713) to work on /home/airflow/.local/lib/python3.6/site-packages/airflow/example_dags/example_short_circuit_operator.py
[2025-05-19 09:07:53,089] {processor.py:642} INFO - Processing file /home/airflow/.local/lib/python3.6/site-packages/airflow/example_dags/example_short_circuit_operator.py for tasks to queue
[2025-05-19 09:07:53,090] {logging_mixin.py:109} INFO - [2025-05-19 09:07:53,090] {dagbag.py:500} INFO - Filling up the DagBag from /home/airflow/.local/lib/python3.6/site-packages/airflow/example_dags/example_short_circuit_operator.py
[2025-05-19 09:07:53,130] {processor.py:654} INFO - DAG(s) dict_keys(['example_short_circuit_operator']) retrieved from /home/airflow/.local/lib/python3.6/site-packages/airflow/example_dags/example_short_circuit_operator.py
[2025-05-19 09:07:53,146] {logging_mixin.py:109} INFO - [2025-05-19 09:07:53,146] {dag.py:2396} INFO - Sync 1 DAGs
[2025-05-19 09:07:53,169] {logging_mixin.py:109} INFO - [2025-05-19 09:07:53,169] {dag.py:2935} INFO - Setting next_dagrun for example_short_circuit_operator to 2025-05-18T09:07:53.169323+00:00
[2025-05-19 09:07:53,182] {processor.py:171} INFO - Processing /home/airflow/.local/lib/python3.6/site-packages/airflow/example_dags/example_short_circuit_operator.py took 0.099 seconds
[2025-05-19 09:08:24,219] {processor.py:163} INFO - Started process (PID=1765) to work on /home/airflow/.local/lib/python3.6/site-packages/airflow/example_dags/example_short_circuit_operator.py
[2025-05-19 09:08:24,221] {processor.py:642} INFO - Processing file /home/airflow/.local/lib/python3.6/site-packages/airflow/example_dags/example_short_circuit_operator.py for tasks to queue
[2025-05-19 09:08:24,223] {logging_mixin.py:109} INFO - [2025-05-19 09:08:24,222] {dagbag.py:500} INFO - Filling up the DagBag from /home/airflow/.local/lib/python3.6/site-packages/airflow/example_dags/example_short_circuit_operator.py
[2025-05-19 09:08:24,275] {processor.py:654} INFO - DAG(s) dict_keys(['example_short_circuit_operator']) retrieved from /home/airflow/.local/lib/python3.6/site-packages/airflow/example_dags/example_short_circuit_operator.py
[2025-05-19 09:08:24,294] {logging_mixin.py:109} INFO - [2025-05-19 09:08:24,294] {dag.py:2396} INFO - Sync 1 DAGs
[2025-05-19 09:08:24,328] {logging_mixin.py:109} INFO - [2025-05-19 09:08:24,327] {dag.py:2935} INFO - Setting next_dagrun for example_short_circuit_operator to 2025-05-18T09:08:24.327438+00:00
[2025-05-19 09:08:24,345] {processor.py:171} INFO - Processing /home/airflow/.local/lib/python3.6/site-packages/airflow/example_dags/example_short_circuit_operator.py took 0.130 seconds
[2025-05-19 09:08:55,108] {processor.py:163} INFO - Started process (PID=1827) to work on /home/airflow/.local/lib/python3.6/site-packages/airflow/example_dags/example_short_circuit_operator.py
[2025-05-19 09:08:55,110] {processor.py:642} INFO - Processing file /home/airflow/.local/lib/python3.6/site-packages/airflow/example_dags/example_short_circuit_operator.py for tasks to queue
[2025-05-19 09:08:55,111] {logging_mixin.py:109} INFO - [2025-05-19 09:08:55,111] {dagbag.py:500} INFO - Filling up the DagBag from /home/airflow/.local/lib/python3.6/site-packages/airflow/example_dags/example_short_circuit_operator.py
[2025-05-19 09:08:55,157] {processor.py:654} INFO - DAG(s) dict_keys(['example_short_circuit_operator']) retrieved from /home/airflow/.local/lib/python3.6/site-packages/airflow/example_dags/example_short_circuit_operator.py
[2025-05-19 09:08:55,174] {logging_mixin.py:109} INFO - [2025-05-19 09:08:55,174] {dag.py:2396} INFO - Sync 1 DAGs
[2025-05-19 09:08:55,201] {logging_mixin.py:109} INFO - [2025-05-19 09:08:55,201] {dag.py:2935} INFO - Setting next_dagrun for example_short_circuit_operator to 2025-05-18T09:08:55.200872+00:00
[2025-05-19 09:08:55,214] {processor.py:171} INFO - Processing /home/airflow/.local/lib/python3.6/site-packages/airflow/example_dags/example_short_circuit_operator.py took 0.111 seconds
[2025-05-19 09:09:25,730] {processor.py:163} INFO - Started process (PID=1879) to work on /home/airflow/.local/lib/python3.6/site-packages/airflow/example_dags/example_short_circuit_operator.py
[2025-05-19 09:09:25,733] {processor.py:642} INFO - Processing file /home/airflow/.local/lib/python3.6/site-packages/airflow/example_dags/example_short_circuit_operator.py for tasks to queue
[2025-05-19 09:09:25,735] {logging_mixin.py:109} INFO - [2025-05-19 09:09:25,735] {dagbag.py:500} INFO - Filling up the DagBag from /home/airflow/.local/lib/python3.6/site-packages/airflow/example_dags/example_short_circuit_operator.py
[2025-05-19 09:09:25,784] {processor.py:654} INFO - DAG(s) dict_keys(['example_short_circuit_operator']) retrieved from /home/airflow/.local/lib/python3.6/site-packages/airflow/example_dags/example_short_circuit_operator.py
[2025-05-19 09:09:25,803] {logging_mixin.py:109} INFO - [2025-05-19 09:09:25,803] {dag.py:2396} INFO - Sync 1 DAGs
[2025-05-19 09:09:25,830] {logging_mixin.py:109} INFO - [2025-05-19 09:09:25,830] {dag.py:2935} INFO - Setting next_dagrun for example_short_circuit_operator to 2025-05-18T09:09:25.829792+00:00
[2025-05-19 09:09:25,843] {processor.py:171} INFO - Processing /home/airflow/.local/lib/python3.6/site-packages/airflow/example_dags/example_short_circuit_operator.py took 0.118 seconds
[2025-05-19 09:09:56,578] {processor.py:163} INFO - Started process (PID=1941) to work on /home/airflow/.local/lib/python3.6/site-packages/airflow/example_dags/example_short_circuit_operator.py
[2025-05-19 09:09:56,586] {processor.py:642} INFO - Processing file /home/airflow/.local/lib/python3.6/site-packages/airflow/example_dags/example_short_circuit_operator.py for tasks to queue
[2025-05-19 09:09:56,588] {logging_mixin.py:109} INFO - [2025-05-19 09:09:56,588] {dagbag.py:500} INFO - Filling up the DagBag from /home/airflow/.local/lib/python3.6/site-packages/airflow/example_dags/example_short_circuit_operator.py
[2025-05-19 09:09:56,727] {processor.py:654} INFO - DAG(s) dict_keys(['example_short_circuit_operator']) retrieved from /home/airflow/.local/lib/python3.6/site-packages/airflow/example_dags/example_short_circuit_operator.py
[2025-05-19 09:09:56,776] {logging_mixin.py:109} INFO - [2025-05-19 09:09:56,775] {dag.py:2396} INFO - Sync 1 DAGs
[2025-05-19 09:09:56,837] {logging_mixin.py:109} INFO - [2025-05-19 09:09:56,837] {dag.py:2935} INFO - Setting next_dagrun for example_short_circuit_operator to 2025-05-18T09:09:56.836657+00:00
[2025-05-19 09:09:56,858] {processor.py:171} INFO - Processing /home/airflow/.local/lib/python3.6/site-packages/airflow/example_dags/example_short_circuit_operator.py took 0.291 seconds
[2025-05-19 09:10:27,777] {processor.py:163} INFO - Started process (PID=1993) to work on /home/airflow/.local/lib/python3.6/site-packages/airflow/example_dags/example_short_circuit_operator.py
[2025-05-19 09:10:27,780] {processor.py:642} INFO - Processing file /home/airflow/.local/lib/python3.6/site-packages/airflow/example_dags/example_short_circuit_operator.py for tasks to queue
[2025-05-19 09:10:27,782] {logging_mixin.py:109} INFO - [2025-05-19 09:10:27,782] {dagbag.py:500} INFO - Filling up the DagBag from /home/airflow/.local/lib/python3.6/site-packages/airflow/example_dags/example_short_circuit_operator.py
[2025-05-19 09:10:27,885] {processor.py:654} INFO - DAG(s) dict_keys(['example_short_circuit_operator']) retrieved from /home/airflow/.local/lib/python3.6/site-packages/airflow/example_dags/example_short_circuit_operator.py
[2025-05-19 09:10:27,944] {logging_mixin.py:109} INFO - [2025-05-19 09:10:27,943] {dag.py:2396} INFO - Sync 1 DAGs
[2025-05-19 09:10:28,018] {logging_mixin.py:109} INFO - [2025-05-19 09:10:28,018] {dag.py:2935} INFO - Setting next_dagrun for example_short_circuit_operator to 2025-05-18T09:10:28.018143+00:00
[2025-05-19 09:10:28,039] {processor.py:171} INFO - Processing /home/airflow/.local/lib/python3.6/site-packages/airflow/example_dags/example_short_circuit_operator.py took 0.273 seconds
[2025-05-19 09:10:58,797] {processor.py:163} INFO - Started process (PID=2045) to work on /home/airflow/.local/lib/python3.6/site-packages/airflow/example_dags/example_short_circuit_operator.py
[2025-05-19 09:10:58,799] {processor.py:642} INFO - Processing file /home/airflow/.local/lib/python3.6/site-packages/airflow/example_dags/example_short_circuit_operator.py for tasks to queue
[2025-05-19 09:10:58,801] {logging_mixin.py:109} INFO - [2025-05-19 09:10:58,801] {dagbag.py:500} INFO - Filling up the DagBag from /home/airflow/.local/lib/python3.6/site-packages/airflow/example_dags/example_short_circuit_operator.py
[2025-05-19 09:10:58,848] {processor.py:654} INFO - DAG(s) dict_keys(['example_short_circuit_operator']) retrieved from /home/airflow/.local/lib/python3.6/site-packages/airflow/example_dags/example_short_circuit_operator.py
[2025-05-19 09:10:58,865] {logging_mixin.py:109} INFO - [2025-05-19 09:10:58,865] {dag.py:2396} INFO - Sync 1 DAGs
[2025-05-19 09:10:58,892] {logging_mixin.py:109} INFO - [2025-05-19 09:10:58,892] {dag.py:2935} INFO - Setting next_dagrun for example_short_circuit_operator to 2025-05-18T09:10:58.892455+00:00
[2025-05-19 09:10:58,906] {processor.py:171} INFO - Processing /home/airflow/.local/lib/python3.6/site-packages/airflow/example_dags/example_short_circuit_operator.py took 0.115 seconds
[2025-05-19 09:11:29,405] {processor.py:163} INFO - Started process (PID=2098) to work on /home/airflow/.local/lib/python3.6/site-packages/airflow/example_dags/example_short_circuit_operator.py
[2025-05-19 09:11:29,411] {processor.py:642} INFO - Processing file /home/airflow/.local/lib/python3.6/site-packages/airflow/example_dags/example_short_circuit_operator.py for tasks to queue
[2025-05-19 09:11:29,413] {logging_mixin.py:109} INFO - [2025-05-19 09:11:29,413] {dagbag.py:500} INFO - Filling up the DagBag from /home/airflow/.local/lib/python3.6/site-packages/airflow/example_dags/example_short_circuit_operator.py
[2025-05-19 09:11:29,484] {processor.py:654} INFO - DAG(s) dict_keys(['example_short_circuit_operator']) retrieved from /home/airflow/.local/lib/python3.6/site-packages/airflow/example_dags/example_short_circuit_operator.py
[2025-05-19 09:11:29,515] {logging_mixin.py:109} INFO - [2025-05-19 09:11:29,515] {dag.py:2396} INFO - Sync 1 DAGs
[2025-05-19 09:11:29,573] {logging_mixin.py:109} INFO - [2025-05-19 09:11:29,573] {dag.py:2935} INFO - Setting next_dagrun for example_short_circuit_operator to 2025-05-18T09:11:29.572767+00:00
[2025-05-19 09:11:29,593] {processor.py:171} INFO - Processing /home/airflow/.local/lib/python3.6/site-packages/airflow/example_dags/example_short_circuit_operator.py took 0.196 seconds
[2025-05-19 09:12:00,921] {processor.py:163} INFO - Started process (PID=2149) to work on /home/airflow/.local/lib/python3.6/site-packages/airflow/example_dags/example_short_circuit_operator.py
[2025-05-19 09:12:00,923] {processor.py:642} INFO - Processing file /home/airflow/.local/lib/python3.6/site-packages/airflow/example_dags/example_short_circuit_operator.py for tasks to queue
[2025-05-19 09:12:00,924] {logging_mixin.py:109} INFO - [2025-05-19 09:12:00,924] {dagbag.py:500} INFO - Filling up the DagBag from /home/airflow/.local/lib/python3.6/site-packages/airflow/example_dags/example_short_circuit_operator.py
[2025-05-19 09:12:00,981] {processor.py:654} INFO - DAG(s) dict_keys(['example_short_circuit_operator']) retrieved from /home/airflow/.local/lib/python3.6/site-packages/airflow/example_dags/example_short_circuit_operator.py
[2025-05-19 09:12:01,000] {logging_mixin.py:109} INFO - [2025-05-19 09:12:01,000] {dag.py:2396} INFO - Sync 1 DAGs
[2025-05-19 09:12:01,036] {logging_mixin.py:109} INFO - [2025-05-19 09:12:01,036] {dag.py:2935} INFO - Setting next_dagrun for example_short_circuit_operator to 2025-05-18T09:12:01.036003+00:00
[2025-05-19 09:12:01,052] {processor.py:171} INFO - Processing /home/airflow/.local/lib/python3.6/site-packages/airflow/example_dags/example_short_circuit_operator.py took 0.139 seconds
[2025-05-19 09:12:32,003] {processor.py:163} INFO - Started process (PID=2211) to work on /home/airflow/.local/lib/python3.6/site-packages/airflow/example_dags/example_short_circuit_operator.py
[2025-05-19 09:12:32,009] {processor.py:642} INFO - Processing file /home/airflow/.local/lib/python3.6/site-packages/airflow/example_dags/example_short_circuit_operator.py for tasks to queue
[2025-05-19 09:12:32,012] {logging_mixin.py:109} INFO - [2025-05-19 09:12:32,012] {dagbag.py:500} INFO - Filling up the DagBag from /home/airflow/.local/lib/python3.6/site-packages/airflow/example_dags/example_short_circuit_operator.py
[2025-05-19 09:12:30,199] {processor.py:654} INFO - DAG(s) dict_keys(['example_short_circuit_operator']) retrieved from /home/airflow/.local/lib/python3.6/site-packages/airflow/example_dags/example_short_circuit_operator.py
[2025-05-19 09:12:30,239] {logging_mixin.py:109} INFO - [2025-05-19 09:12:30,239] {dag.py:2396} INFO - Sync 1 DAGs
[2025-05-19 09:12:30,353] {logging_mixin.py:109} INFO - [2025-05-19 09:12:30,353] {dag.py:2935} INFO - Setting next_dagrun for example_short_circuit_operator to 2025-05-18T09:12:30.348662+00:00
[2025-05-19 09:12:30,422] {processor.py:171} INFO - Processing /home/airflow/.local/lib/python3.6/site-packages/airflow/example_dags/example_short_circuit_operator.py took 0.340 seconds
[2025-05-19 09:13:00,856] {processor.py:163} INFO - Started process (PID=2261) to work on /home/airflow/.local/lib/python3.6/site-packages/airflow/example_dags/example_short_circuit_operator.py
[2025-05-19 09:13:00,859] {processor.py:642} INFO - Processing file /home/airflow/.local/lib/python3.6/site-packages/airflow/example_dags/example_short_circuit_operator.py for tasks to queue
[2025-05-19 09:13:00,861] {logging_mixin.py:109} INFO - [2025-05-19 09:13:00,861] {dagbag.py:500} INFO - Filling up the DagBag from /home/airflow/.local/lib/python3.6/site-packages/airflow/example_dags/example_short_circuit_operator.py
[2025-05-19 09:13:00,965] {processor.py:654} INFO - DAG(s) dict_keys(['example_short_circuit_operator']) retrieved from /home/airflow/.local/lib/python3.6/site-packages/airflow/example_dags/example_short_circuit_operator.py
[2025-05-19 09:13:01,046] {logging_mixin.py:109} INFO - [2025-05-19 09:13:01,046] {dag.py:2396} INFO - Sync 1 DAGs
[2025-05-19 09:13:01,133] {logging_mixin.py:109} INFO - [2025-05-19 09:13:01,133] {dag.py:2935} INFO - Setting next_dagrun for example_short_circuit_operator to 2025-05-18T09:13:01.132818+00:00
[2025-05-19 09:13:01,203] {processor.py:171} INFO - Processing /home/airflow/.local/lib/python3.6/site-packages/airflow/example_dags/example_short_circuit_operator.py took 0.356 seconds
[2025-05-19 09:13:31,483] {processor.py:163} INFO - Started process (PID=2313) to work on /home/airflow/.local/lib/python3.6/site-packages/airflow/example_dags/example_short_circuit_operator.py
[2025-05-19 09:13:31,487] {processor.py:642} INFO - Processing file /home/airflow/.local/lib/python3.6/site-packages/airflow/example_dags/example_short_circuit_operator.py for tasks to queue
[2025-05-19 09:13:31,489] {logging_mixin.py:109} INFO - [2025-05-19 09:13:31,489] {dagbag.py:500} INFO - Filling up the DagBag from /home/airflow/.local/lib/python3.6/site-packages/airflow/example_dags/example_short_circuit_operator.py
[2025-05-19 09:13:31,560] {processor.py:654} INFO - DAG(s) dict_keys(['example_short_circuit_operator']) retrieved from /home/airflow/.local/lib/python3.6/site-packages/airflow/example_dags/example_short_circuit_operator.py
[2025-05-19 09:13:31,587] {logging_mixin.py:109} INFO - [2025-05-19 09:13:31,586] {dag.py:2396} INFO - Sync 1 DAGs
[2025-05-19 09:13:31,632] {logging_mixin.py:109} INFO - [2025-05-19 09:13:31,632] {dag.py:2935} INFO - Setting next_dagrun for example_short_circuit_operator to 2025-05-18T09:13:31.631937+00:00
[2025-05-19 09:13:31,657] {processor.py:171} INFO - Processing /home/airflow/.local/lib/python3.6/site-packages/airflow/example_dags/example_short_circuit_operator.py took 0.184 seconds
[2025-05-19 09:14:01,846] {processor.py:163} INFO - Started process (PID=2365) to work on /home/airflow/.local/lib/python3.6/site-packages/airflow/example_dags/example_short_circuit_operator.py
[2025-05-19 09:14:01,849] {processor.py:642} INFO - Processing file /home/airflow/.local/lib/python3.6/site-packages/airflow/example_dags/example_short_circuit_operator.py for tasks to queue
[2025-05-19 09:14:01,850] {logging_mixin.py:109} INFO - [2025-05-19 09:14:01,850] {dagbag.py:500} INFO - Filling up the DagBag from /home/airflow/.local/lib/python3.6/site-packages/airflow/example_dags/example_short_circuit_operator.py
[2025-05-19 09:14:01,900] {processor.py:654} INFO - DAG(s) dict_keys(['example_short_circuit_operator']) retrieved from /home/airflow/.local/lib/python3.6/site-packages/airflow/example_dags/example_short_circuit_operator.py
[2025-05-19 09:14:01,920] {logging_mixin.py:109} INFO - [2025-05-19 09:14:01,920] {dag.py:2396} INFO - Sync 1 DAGs
[2025-05-19 09:14:01,958] {logging_mixin.py:109} INFO - [2025-05-19 09:14:01,958] {dag.py:2935} INFO - Setting next_dagrun for example_short_circuit_operator to 2025-05-18T09:14:01.957599+00:00
[2025-05-19 09:14:01,975] {processor.py:171} INFO - Processing /home/airflow/.local/lib/python3.6/site-packages/airflow/example_dags/example_short_circuit_operator.py took 0.133 seconds
[2025-05-19 09:14:32,161] {processor.py:163} INFO - Started process (PID=2418) to work on /home/airflow/.local/lib/python3.6/site-packages/airflow/example_dags/example_short_circuit_operator.py
[2025-05-19 09:14:32,163] {processor.py:642} INFO - Processing file /home/airflow/.local/lib/python3.6/site-packages/airflow/example_dags/example_short_circuit_operator.py for tasks to queue
[2025-05-19 09:14:32,165] {logging_mixin.py:109} INFO - [2025-05-19 09:14:32,165] {dagbag.py:500} INFO - Filling up the DagBag from /home/airflow/.local/lib/python3.6/site-packages/airflow/example_dags/example_short_circuit_operator.py
[2025-05-19 09:14:32,203] {processor.py:654} INFO - DAG(s) dict_keys(['example_short_circuit_operator']) retrieved from /home/airflow/.local/lib/python3.6/site-packages/airflow/example_dags/example_short_circuit_operator.py
[2025-05-19 09:14:32,218] {logging_mixin.py:109} INFO - [2025-05-19 09:14:32,218] {dag.py:2396} INFO - Sync 1 DAGs
[2025-05-19 09:14:32,244] {logging_mixin.py:109} INFO - [2025-05-19 09:14:32,244] {dag.py:2935} INFO - Setting next_dagrun for example_short_circuit_operator to 2025-05-18T09:14:32.243683+00:00
[2025-05-19 09:14:32,258] {processor.py:171} INFO - Processing /home/airflow/.local/lib/python3.6/site-packages/airflow/example_dags/example_short_circuit_operator.py took 0.101 seconds
[2025-05-19 19:33:57,206] {processor.py:163} INFO - Started process (PID=74) to work on /home/airflow/.local/lib/python3.6/site-packages/airflow/example_dags/example_short_circuit_operator.py
[2025-05-19 19:33:57,210] {processor.py:642} INFO - Processing file /home/airflow/.local/lib/python3.6/site-packages/airflow/example_dags/example_short_circuit_operator.py for tasks to queue
[2025-05-19 19:33:57,213] {logging_mixin.py:109} INFO - [2025-05-19 19:33:57,213] {dagbag.py:500} INFO - Filling up the DagBag from /home/airflow/.local/lib/python3.6/site-packages/airflow/example_dags/example_short_circuit_operator.py
[2025-05-19 19:33:57,441] {processor.py:654} INFO - DAG(s) dict_keys(['example_short_circuit_operator']) retrieved from /home/airflow/.local/lib/python3.6/site-packages/airflow/example_dags/example_short_circuit_operator.py
[2025-05-19 19:33:57,461] {logging_mixin.py:109} INFO - [2025-05-19 19:33:57,461] {dag.py:2396} INFO - Sync 1 DAGs
[2025-05-19 19:33:57,499] {logging_mixin.py:109} INFO - [2025-05-19 19:33:57,498] {dag.py:2935} INFO - Setting next_dagrun for example_short_circuit_operator to 2025-05-18T19:33:57.498365+00:00
[2025-05-19 19:33:57,519] {processor.py:171} INFO - Processing /home/airflow/.local/lib/python3.6/site-packages/airflow/example_dags/example_short_circuit_operator.py took 0.321 seconds
[2025-05-19 19:34:33,125] {processor.py:163} INFO - Started process (PID=126) to work on /home/airflow/.local/lib/python3.6/site-packages/airflow/example_dags/example_short_circuit_operator.py
[2025-05-19 19:34:33,129] {processor.py:642} INFO - Processing file /home/airflow/.local/lib/python3.6/site-packages/airflow/example_dags/example_short_circuit_operator.py for tasks to queue
[2025-05-19 19:34:33,162] {logging_mixin.py:109} INFO - [2025-05-19 19:34:33,149] {dagbag.py:500} INFO - Filling up the DagBag from /home/airflow/.local/lib/python3.6/site-packages/airflow/example_dags/example_short_circuit_operator.py
[2025-05-19 19:34:33,341] {processor.py:654} INFO - DAG(s) dict_keys(['example_short_circuit_operator']) retrieved from /home/airflow/.local/lib/python3.6/site-packages/airflow/example_dags/example_short_circuit_operator.py
[2025-05-19 19:34:33,409] {logging_mixin.py:109} INFO - [2025-05-19 19:34:33,409] {dag.py:2396} INFO - Sync 1 DAGs
[2025-05-19 19:34:33,655] {logging_mixin.py:109} INFO - [2025-05-19 19:34:33,655] {dag.py:2935} INFO - Setting next_dagrun for example_short_circuit_operator to 2025-05-18T19:34:33.654318+00:00
[2025-05-19 19:34:33,903] {processor.py:171} INFO - Processing /home/airflow/.local/lib/python3.6/site-packages/airflow/example_dags/example_short_circuit_operator.py took 0.811 seconds
[2025-05-19 19:35:04,352] {processor.py:163} INFO - Started process (PID=180) to work on /home/airflow/.local/lib/python3.6/site-packages/airflow/example_dags/example_short_circuit_operator.py
[2025-05-19 19:35:04,355] {processor.py:642} INFO - Processing file /home/airflow/.local/lib/python3.6/site-packages/airflow/example_dags/example_short_circuit_operator.py for tasks to queue
[2025-05-19 19:35:04,359] {logging_mixin.py:109} INFO - [2025-05-19 19:35:04,358] {dagbag.py:500} INFO - Filling up the DagBag from /home/airflow/.local/lib/python3.6/site-packages/airflow/example_dags/example_short_circuit_operator.py
[2025-05-19 19:35:04,456] {processor.py:654} INFO - DAG(s) dict_keys(['example_short_circuit_operator']) retrieved from /home/airflow/.local/lib/python3.6/site-packages/airflow/example_dags/example_short_circuit_operator.py
[2025-05-19 19:35:04,496] {logging_mixin.py:109} INFO - [2025-05-19 19:35:04,495] {dag.py:2396} INFO - Sync 1 DAGs
[2025-05-19 19:35:04,566] {logging_mixin.py:109} INFO - [2025-05-19 19:35:04,566] {dag.py:2935} INFO - Setting next_dagrun for example_short_circuit_operator to 2025-05-18T19:35:04.565368+00:00
[2025-05-19 19:35:04,597] {processor.py:171} INFO - Processing /home/airflow/.local/lib/python3.6/site-packages/airflow/example_dags/example_short_circuit_operator.py took 0.251 seconds
[2025-05-19 19:35:35,000] {processor.py:163} INFO - Started process (PID=231) to work on /home/airflow/.local/lib/python3.6/site-packages/airflow/example_dags/example_short_circuit_operator.py
[2025-05-19 19:35:35,003] {processor.py:642} INFO - Processing file /home/airflow/.local/lib/python3.6/site-packages/airflow/example_dags/example_short_circuit_operator.py for tasks to queue
[2025-05-19 19:35:35,009] {logging_mixin.py:109} INFO - [2025-05-19 19:35:35,008] {dagbag.py:500} INFO - Filling up the DagBag from /home/airflow/.local/lib/python3.6/site-packages/airflow/example_dags/example_short_circuit_operator.py
[2025-05-19 19:35:35,134] {processor.py:654} INFO - DAG(s) dict_keys(['example_short_circuit_operator']) retrieved from /home/airflow/.local/lib/python3.6/site-packages/airflow/example_dags/example_short_circuit_operator.py
[2025-05-19 19:35:35,242] {logging_mixin.py:109} INFO - [2025-05-19 19:35:35,242] {dag.py:2396} INFO - Sync 1 DAGs
[2025-05-19 19:35:35,388] {logging_mixin.py:109} INFO - [2025-05-19 19:35:35,387] {dag.py:2935} INFO - Setting next_dagrun for example_short_circuit_operator to 2025-05-18T19:35:35.387100+00:00
[2025-05-19 19:35:35,455] {processor.py:171} INFO - Processing /home/airflow/.local/lib/python3.6/site-packages/airflow/example_dags/example_short_circuit_operator.py took 0.468 seconds
[2025-05-19 19:36:05,884] {processor.py:163} INFO - Started process (PID=284) to work on /home/airflow/.local/lib/python3.6/site-packages/airflow/example_dags/example_short_circuit_operator.py
[2025-05-19 19:36:05,889] {processor.py:642} INFO - Processing file /home/airflow/.local/lib/python3.6/site-packages/airflow/example_dags/example_short_circuit_operator.py for tasks to queue
[2025-05-19 19:36:05,891] {logging_mixin.py:109} INFO - [2025-05-19 19:36:05,891] {dagbag.py:500} INFO - Filling up the DagBag from /home/airflow/.local/lib/python3.6/site-packages/airflow/example_dags/example_short_circuit_operator.py
[2025-05-19 19:36:05,999] {processor.py:654} INFO - DAG(s) dict_keys(['example_short_circuit_operator']) retrieved from /home/airflow/.local/lib/python3.6/site-packages/airflow/example_dags/example_short_circuit_operator.py
[2025-05-19 19:36:06,074] {logging_mixin.py:109} INFO - [2025-05-19 19:36:06,073] {dag.py:2396} INFO - Sync 1 DAGs
[2025-05-19 19:36:06,177] {logging_mixin.py:109} INFO - [2025-05-19 19:36:06,176] {dag.py:2935} INFO - Setting next_dagrun for example_short_circuit_operator to 2025-05-18T19:36:06.176079+00:00
[2025-05-19 19:36:06,211] {processor.py:171} INFO - Processing /home/airflow/.local/lib/python3.6/site-packages/airflow/example_dags/example_short_circuit_operator.py took 0.340 seconds
[2025-05-19 19:36:36,370] {processor.py:163} INFO - Started process (PID=336) to work on /home/airflow/.local/lib/python3.6/site-packages/airflow/example_dags/example_short_circuit_operator.py
[2025-05-19 19:36:36,372] {processor.py:642} INFO - Processing file /home/airflow/.local/lib/python3.6/site-packages/airflow/example_dags/example_short_circuit_operator.py for tasks to queue
[2025-05-19 19:36:36,373] {logging_mixin.py:109} INFO - [2025-05-19 19:36:36,373] {dagbag.py:500} INFO - Filling up the DagBag from /home/airflow/.local/lib/python3.6/site-packages/airflow/example_dags/example_short_circuit_operator.py
[2025-05-19 19:36:36,423] {processor.py:654} INFO - DAG(s) dict_keys(['example_short_circuit_operator']) retrieved from /home/airflow/.local/lib/python3.6/site-packages/airflow/example_dags/example_short_circuit_operator.py
[2025-05-19 19:36:36,442] {logging_mixin.py:109} INFO - [2025-05-19 19:36:36,442] {dag.py:2396} INFO - Sync 1 DAGs
[2025-05-19 19:36:36,474] {logging_mixin.py:109} INFO - [2025-05-19 19:36:36,474] {dag.py:2935} INFO - Setting next_dagrun for example_short_circuit_operator to 2025-05-18T19:36:36.473726+00:00
[2025-05-19 19:36:36,492] {processor.py:171} INFO - Processing /home/airflow/.local/lib/python3.6/site-packages/airflow/example_dags/example_short_circuit_operator.py took 0.126 seconds
[2025-05-19 19:37:06,977] {processor.py:163} INFO - Started process (PID=390) to work on /home/airflow/.local/lib/python3.6/site-packages/airflow/example_dags/example_short_circuit_operator.py
[2025-05-19 19:37:06,979] {processor.py:642} INFO - Processing file /home/airflow/.local/lib/python3.6/site-packages/airflow/example_dags/example_short_circuit_operator.py for tasks to queue
[2025-05-19 19:37:06,980] {logging_mixin.py:109} INFO - [2025-05-19 19:37:06,980] {dagbag.py:500} INFO - Filling up the DagBag from /home/airflow/.local/lib/python3.6/site-packages/airflow/example_dags/example_short_circuit_operator.py
[2025-05-19 19:37:07,021] {processor.py:654} INFO - DAG(s) dict_keys(['example_short_circuit_operator']) retrieved from /home/airflow/.local/lib/python3.6/site-packages/airflow/example_dags/example_short_circuit_operator.py
[2025-05-19 19:37:07,036] {logging_mixin.py:109} INFO - [2025-05-19 19:37:07,036] {dag.py:2396} INFO - Sync 1 DAGs
[2025-05-19 19:37:07,061] {logging_mixin.py:109} INFO - [2025-05-19 19:37:07,061] {dag.py:2935} INFO - Setting next_dagrun for example_short_circuit_operator to 2025-05-18T19:37:07.061064+00:00
[2025-05-19 19:37:07,075] {processor.py:171} INFO - Processing /home/airflow/.local/lib/python3.6/site-packages/airflow/example_dags/example_short_circuit_operator.py took 0.103 seconds
