[2025-05-19 08:54:51,493] {processor.py:163} INFO - Started process (PID=386) to work on /home/airflow/.local/lib/python3.6/site-packages/airflow/example_dags/example_branch_python_dop_operator_3.py
[2025-05-19 08:54:51,502] {processor.py:642} INFO - Processing file /home/airflow/.local/lib/python3.6/site-packages/airflow/example_dags/example_branch_python_dop_operator_3.py for tasks to queue
[2025-05-19 08:54:51,507] {logging_mixin.py:109} INFO - [2025-05-19 08:54:51,506] {dagbag.py:500} INFO - Filling up the DagBag from /home/airflow/.local/lib/python3.6/site-packages/airflow/example_dags/example_branch_python_dop_operator_3.py
[2025-05-19 08:54:51,686] {processor.py:654} INFO - DAG(s) dict_keys(['example_branch_dop_operator_v3']) retrieved from /home/airflow/.local/lib/python3.6/site-packages/airflow/example_dags/example_branch_python_dop_operator_3.py
[2025-05-19 08:55:04,521] {logging_mixin.py:109} INFO - [2025-05-19 08:55:04,520] {manager.py:496} INFO - Created Permission View: can read on DAG:example_branch_dop_operator_v3
[2025-05-19 08:55:04,571] {logging_mixin.py:109} INFO - [2025-05-19 08:55:04,571] {manager.py:496} INFO - Created Permission View: can edit on DAG:example_branch_dop_operator_v3
[2025-05-19 08:55:04,579] {logging_mixin.py:109} INFO - [2025-05-19 08:55:04,575] {dag.py:2396} INFO - Sync 1 DAGs
[2025-05-19 08:55:04,640] {logging_mixin.py:109} INFO - [2025-05-19 08:55:04,636] {dag.py:2415} INFO - Creating ORM DAG for example_branch_dop_operator_v3
[2025-05-19 08:55:04,749] {logging_mixin.py:109} INFO - [2025-05-19 08:55:04,748] {dag.py:2935} INFO - Setting next_dagrun for example_branch_dop_operator_v3 to 2025-05-19T08:54:00+00:00
[2025-05-19 08:55:04,841] {processor.py:171} INFO - Processing /home/airflow/.local/lib/python3.6/site-packages/airflow/example_dags/example_branch_python_dop_operator_3.py took 13.361 seconds
[2025-05-19 08:55:35,283] {processor.py:163} INFO - Started process (PID=469) to work on /home/airflow/.local/lib/python3.6/site-packages/airflow/example_dags/example_branch_python_dop_operator_3.py
[2025-05-19 08:55:35,288] {processor.py:642} INFO - Processing file /home/airflow/.local/lib/python3.6/site-packages/airflow/example_dags/example_branch_python_dop_operator_3.py for tasks to queue
[2025-05-19 08:55:35,291] {logging_mixin.py:109} INFO - [2025-05-19 08:55:35,291] {dagbag.py:500} INFO - Filling up the DagBag from /home/airflow/.local/lib/python3.6/site-packages/airflow/example_dags/example_branch_python_dop_operator_3.py
[2025-05-19 08:55:35,440] {processor.py:654} INFO - DAG(s) dict_keys(['example_branch_dop_operator_v3']) retrieved from /home/airflow/.local/lib/python3.6/site-packages/airflow/example_dags/example_branch_python_dop_operator_3.py
[2025-05-19 08:55:35,510] {logging_mixin.py:109} INFO - [2025-05-19 08:55:35,510] {dag.py:2396} INFO - Sync 1 DAGs
[2025-05-19 08:55:35,623] {logging_mixin.py:109} INFO - [2025-05-19 08:55:35,623] {dag.py:2935} INFO - Setting next_dagrun for example_branch_dop_operator_v3 to 2025-05-19T08:54:00+00:00
[2025-05-19 08:55:35,660] {processor.py:171} INFO - Processing /home/airflow/.local/lib/python3.6/site-packages/airflow/example_dags/example_branch_python_dop_operator_3.py took 0.393 seconds
[2025-05-19 08:56:06,547] {processor.py:163} INFO - Started process (PID=521) to work on /home/airflow/.local/lib/python3.6/site-packages/airflow/example_dags/example_branch_python_dop_operator_3.py
[2025-05-19 08:56:06,556] {processor.py:642} INFO - Processing file /home/airflow/.local/lib/python3.6/site-packages/airflow/example_dags/example_branch_python_dop_operator_3.py for tasks to queue
[2025-05-19 08:56:06,560] {logging_mixin.py:109} INFO - [2025-05-19 08:56:06,559] {dagbag.py:500} INFO - Filling up the DagBag from /home/airflow/.local/lib/python3.6/site-packages/airflow/example_dags/example_branch_python_dop_operator_3.py
[2025-05-19 08:56:06,731] {processor.py:654} INFO - DAG(s) dict_keys(['example_branch_dop_operator_v3']) retrieved from /home/airflow/.local/lib/python3.6/site-packages/airflow/example_dags/example_branch_python_dop_operator_3.py
[2025-05-19 08:56:06,797] {logging_mixin.py:109} INFO - [2025-05-19 08:56:06,797] {dag.py:2396} INFO - Sync 1 DAGs
[2025-05-19 08:56:06,983] {logging_mixin.py:109} INFO - [2025-05-19 08:56:06,978] {dag.py:2935} INFO - Setting next_dagrun for example_branch_dop_operator_v3 to 2025-05-19T08:55:00+00:00
[2025-05-19 08:56:07,029] {processor.py:171} INFO - Processing /home/airflow/.local/lib/python3.6/site-packages/airflow/example_dags/example_branch_python_dop_operator_3.py took 0.505 seconds
[2025-05-19 08:56:37,263] {processor.py:163} INFO - Started process (PID=573) to work on /home/airflow/.local/lib/python3.6/site-packages/airflow/example_dags/example_branch_python_dop_operator_3.py
[2025-05-19 08:56:37,266] {processor.py:642} INFO - Processing file /home/airflow/.local/lib/python3.6/site-packages/airflow/example_dags/example_branch_python_dop_operator_3.py for tasks to queue
[2025-05-19 08:56:37,268] {logging_mixin.py:109} INFO - [2025-05-19 08:56:37,268] {dagbag.py:500} INFO - Filling up the DagBag from /home/airflow/.local/lib/python3.6/site-packages/airflow/example_dags/example_branch_python_dop_operator_3.py
[2025-05-19 08:56:37,341] {processor.py:654} INFO - DAG(s) dict_keys(['example_branch_dop_operator_v3']) retrieved from /home/airflow/.local/lib/python3.6/site-packages/airflow/example_dags/example_branch_python_dop_operator_3.py
[2025-05-19 08:56:37,367] {logging_mixin.py:109} INFO - [2025-05-19 08:56:37,367] {dag.py:2396} INFO - Sync 1 DAGs
[2025-05-19 08:56:37,422] {logging_mixin.py:109} INFO - [2025-05-19 08:56:37,421] {dag.py:2935} INFO - Setting next_dagrun for example_branch_dop_operator_v3 to 2025-05-19T08:55:00+00:00
[2025-05-19 08:56:37,446] {processor.py:171} INFO - Processing /home/airflow/.local/lib/python3.6/site-packages/airflow/example_dags/example_branch_python_dop_operator_3.py took 0.193 seconds
[2025-05-19 08:57:08,248] {processor.py:163} INFO - Started process (PID=625) to work on /home/airflow/.local/lib/python3.6/site-packages/airflow/example_dags/example_branch_python_dop_operator_3.py
[2025-05-19 08:57:08,251] {processor.py:642} INFO - Processing file /home/airflow/.local/lib/python3.6/site-packages/airflow/example_dags/example_branch_python_dop_operator_3.py for tasks to queue
[2025-05-19 08:57:08,252] {logging_mixin.py:109} INFO - [2025-05-19 08:57:08,252] {dagbag.py:500} INFO - Filling up the DagBag from /home/airflow/.local/lib/python3.6/site-packages/airflow/example_dags/example_branch_python_dop_operator_3.py
[2025-05-19 08:57:08,309] {processor.py:654} INFO - DAG(s) dict_keys(['example_branch_dop_operator_v3']) retrieved from /home/airflow/.local/lib/python3.6/site-packages/airflow/example_dags/example_branch_python_dop_operator_3.py
[2025-05-19 08:57:08,332] {logging_mixin.py:109} INFO - [2025-05-19 08:57:08,331] {dag.py:2396} INFO - Sync 1 DAGs
[2025-05-19 08:57:08,391] {logging_mixin.py:109} INFO - [2025-05-19 08:57:08,391] {dag.py:2935} INFO - Setting next_dagrun for example_branch_dop_operator_v3 to 2025-05-19T08:56:00+00:00
[2025-05-19 08:57:08,413] {processor.py:171} INFO - Processing /home/airflow/.local/lib/python3.6/site-packages/airflow/example_dags/example_branch_python_dop_operator_3.py took 0.170 seconds
[2025-05-19 08:57:39,219] {processor.py:163} INFO - Started process (PID=677) to work on /home/airflow/.local/lib/python3.6/site-packages/airflow/example_dags/example_branch_python_dop_operator_3.py
[2025-05-19 08:57:39,223] {processor.py:642} INFO - Processing file /home/airflow/.local/lib/python3.6/site-packages/airflow/example_dags/example_branch_python_dop_operator_3.py for tasks to queue
[2025-05-19 08:57:39,227] {logging_mixin.py:109} INFO - [2025-05-19 08:57:39,227] {dagbag.py:500} INFO - Filling up the DagBag from /home/airflow/.local/lib/python3.6/site-packages/airflow/example_dags/example_branch_python_dop_operator_3.py
[2025-05-19 08:57:39,315] {processor.py:654} INFO - DAG(s) dict_keys(['example_branch_dop_operator_v3']) retrieved from /home/airflow/.local/lib/python3.6/site-packages/airflow/example_dags/example_branch_python_dop_operator_3.py
[2025-05-19 08:57:39,361] {logging_mixin.py:109} INFO - [2025-05-19 08:57:39,360] {dag.py:2396} INFO - Sync 1 DAGs
[2025-05-19 08:57:39,448] {logging_mixin.py:109} INFO - [2025-05-19 08:57:39,447] {dag.py:2935} INFO - Setting next_dagrun for example_branch_dop_operator_v3 to 2025-05-19T08:56:00+00:00
[2025-05-19 08:57:39,475] {processor.py:171} INFO - Processing /home/airflow/.local/lib/python3.6/site-packages/airflow/example_dags/example_branch_python_dop_operator_3.py took 0.265 seconds
[2025-05-19 08:58:09,814] {processor.py:163} INFO - Started process (PID=729) to work on /home/airflow/.local/lib/python3.6/site-packages/airflow/example_dags/example_branch_python_dop_operator_3.py
[2025-05-19 08:58:09,817] {processor.py:642} INFO - Processing file /home/airflow/.local/lib/python3.6/site-packages/airflow/example_dags/example_branch_python_dop_operator_3.py for tasks to queue
[2025-05-19 08:58:09,819] {logging_mixin.py:109} INFO - [2025-05-19 08:58:09,819] {dagbag.py:500} INFO - Filling up the DagBag from /home/airflow/.local/lib/python3.6/site-packages/airflow/example_dags/example_branch_python_dop_operator_3.py
[2025-05-19 08:58:09,916] {processor.py:654} INFO - DAG(s) dict_keys(['example_branch_dop_operator_v3']) retrieved from /home/airflow/.local/lib/python3.6/site-packages/airflow/example_dags/example_branch_python_dop_operator_3.py
[2025-05-19 08:58:09,950] {logging_mixin.py:109} INFO - [2025-05-19 08:58:09,949] {dag.py:2396} INFO - Sync 1 DAGs
[2025-05-19 08:58:10,005] {logging_mixin.py:109} INFO - [2025-05-19 08:58:10,005] {dag.py:2935} INFO - Setting next_dagrun for example_branch_dop_operator_v3 to 2025-05-19T08:57:00+00:00
[2025-05-19 08:58:10,040] {processor.py:171} INFO - Processing /home/airflow/.local/lib/python3.6/site-packages/airflow/example_dags/example_branch_python_dop_operator_3.py took 0.233 seconds
[2025-05-19 08:58:40,408] {processor.py:163} INFO - Started process (PID=781) to work on /home/airflow/.local/lib/python3.6/site-packages/airflow/example_dags/example_branch_python_dop_operator_3.py
[2025-05-19 08:58:40,413] {processor.py:642} INFO - Processing file /home/airflow/.local/lib/python3.6/site-packages/airflow/example_dags/example_branch_python_dop_operator_3.py for tasks to queue
[2025-05-19 08:58:40,415] {logging_mixin.py:109} INFO - [2025-05-19 08:58:40,414] {dagbag.py:500} INFO - Filling up the DagBag from /home/airflow/.local/lib/python3.6/site-packages/airflow/example_dags/example_branch_python_dop_operator_3.py
[2025-05-19 08:58:40,483] {processor.py:654} INFO - DAG(s) dict_keys(['example_branch_dop_operator_v3']) retrieved from /home/airflow/.local/lib/python3.6/site-packages/airflow/example_dags/example_branch_python_dop_operator_3.py
[2025-05-19 08:58:40,503] {logging_mixin.py:109} INFO - [2025-05-19 08:58:40,503] {dag.py:2396} INFO - Sync 1 DAGs
[2025-05-19 08:58:40,549] {logging_mixin.py:109} INFO - [2025-05-19 08:58:40,549] {dag.py:2935} INFO - Setting next_dagrun for example_branch_dop_operator_v3 to 2025-05-19T08:57:00+00:00
[2025-05-19 08:58:40,568] {processor.py:171} INFO - Processing /home/airflow/.local/lib/python3.6/site-packages/airflow/example_dags/example_branch_python_dop_operator_3.py took 0.170 seconds
[2025-05-19 08:59:11,158] {processor.py:163} INFO - Started process (PID=833) to work on /home/airflow/.local/lib/python3.6/site-packages/airflow/example_dags/example_branch_python_dop_operator_3.py
[2025-05-19 08:59:11,160] {processor.py:642} INFO - Processing file /home/airflow/.local/lib/python3.6/site-packages/airflow/example_dags/example_branch_python_dop_operator_3.py for tasks to queue
[2025-05-19 08:59:11,162] {logging_mixin.py:109} INFO - [2025-05-19 08:59:11,162] {dagbag.py:500} INFO - Filling up the DagBag from /home/airflow/.local/lib/python3.6/site-packages/airflow/example_dags/example_branch_python_dop_operator_3.py
[2025-05-19 08:59:11,210] {processor.py:654} INFO - DAG(s) dict_keys(['example_branch_dop_operator_v3']) retrieved from /home/airflow/.local/lib/python3.6/site-packages/airflow/example_dags/example_branch_python_dop_operator_3.py
[2025-05-19 08:59:11,229] {logging_mixin.py:109} INFO - [2025-05-19 08:59:11,229] {dag.py:2396} INFO - Sync 1 DAGs
[2025-05-19 08:59:11,270] {logging_mixin.py:109} INFO - [2025-05-19 08:59:11,270] {dag.py:2935} INFO - Setting next_dagrun for example_branch_dop_operator_v3 to 2025-05-19T08:58:00+00:00
[2025-05-19 08:59:11,287] {processor.py:171} INFO - Processing /home/airflow/.local/lib/python3.6/site-packages/airflow/example_dags/example_branch_python_dop_operator_3.py took 0.135 seconds
[2025-05-19 08:59:41,470] {processor.py:163} INFO - Started process (PID=886) to work on /home/airflow/.local/lib/python3.6/site-packages/airflow/example_dags/example_branch_python_dop_operator_3.py
[2025-05-19 08:59:41,473] {processor.py:642} INFO - Processing file /home/airflow/.local/lib/python3.6/site-packages/airflow/example_dags/example_branch_python_dop_operator_3.py for tasks to queue
[2025-05-19 08:59:41,475] {logging_mixin.py:109} INFO - [2025-05-19 08:59:41,474] {dagbag.py:500} INFO - Filling up the DagBag from /home/airflow/.local/lib/python3.6/site-packages/airflow/example_dags/example_branch_python_dop_operator_3.py
[2025-05-19 08:59:41,565] {processor.py:654} INFO - DAG(s) dict_keys(['example_branch_dop_operator_v3']) retrieved from /home/airflow/.local/lib/python3.6/site-packages/airflow/example_dags/example_branch_python_dop_operator_3.py
[2025-05-19 08:59:41,590] {logging_mixin.py:109} INFO - [2025-05-19 08:59:41,590] {dag.py:2396} INFO - Sync 1 DAGs
[2025-05-19 08:59:41,679] {logging_mixin.py:109} INFO - [2025-05-19 08:59:41,678] {dag.py:2935} INFO - Setting next_dagrun for example_branch_dop_operator_v3 to 2025-05-19T08:58:00+00:00
[2025-05-19 08:59:41,730] {processor.py:171} INFO - Processing /home/airflow/.local/lib/python3.6/site-packages/airflow/example_dags/example_branch_python_dop_operator_3.py took 0.267 seconds
[2025-05-19 09:00:12,316] {processor.py:163} INFO - Started process (PID=938) to work on /home/airflow/.local/lib/python3.6/site-packages/airflow/example_dags/example_branch_python_dop_operator_3.py
[2025-05-19 09:00:12,324] {processor.py:642} INFO - Processing file /home/airflow/.local/lib/python3.6/site-packages/airflow/example_dags/example_branch_python_dop_operator_3.py for tasks to queue
[2025-05-19 09:00:12,328] {logging_mixin.py:109} INFO - [2025-05-19 09:00:12,328] {dagbag.py:500} INFO - Filling up the DagBag from /home/airflow/.local/lib/python3.6/site-packages/airflow/example_dags/example_branch_python_dop_operator_3.py
[2025-05-19 09:00:12,387] {processor.py:654} INFO - DAG(s) dict_keys(['example_branch_dop_operator_v3']) retrieved from /home/airflow/.local/lib/python3.6/site-packages/airflow/example_dags/example_branch_python_dop_operator_3.py
[2025-05-19 09:00:12,425] {logging_mixin.py:109} INFO - [2025-05-19 09:00:12,424] {dag.py:2396} INFO - Sync 1 DAGs
[2025-05-19 09:00:12,517] {logging_mixin.py:109} INFO - [2025-05-19 09:00:12,517] {dag.py:2935} INFO - Setting next_dagrun for example_branch_dop_operator_v3 to 2025-05-19T08:59:00+00:00
[2025-05-19 09:00:12,553] {processor.py:171} INFO - Processing /home/airflow/.local/lib/python3.6/site-packages/airflow/example_dags/example_branch_python_dop_operator_3.py took 0.244 seconds
[2025-05-19 09:00:42,945] {processor.py:163} INFO - Started process (PID=990) to work on /home/airflow/.local/lib/python3.6/site-packages/airflow/example_dags/example_branch_python_dop_operator_3.py
[2025-05-19 09:00:42,951] {processor.py:642} INFO - Processing file /home/airflow/.local/lib/python3.6/site-packages/airflow/example_dags/example_branch_python_dop_operator_3.py for tasks to queue
[2025-05-19 09:00:42,954] {logging_mixin.py:109} INFO - [2025-05-19 09:00:42,953] {dagbag.py:500} INFO - Filling up the DagBag from /home/airflow/.local/lib/python3.6/site-packages/airflow/example_dags/example_branch_python_dop_operator_3.py
[2025-05-19 09:00:43,059] {processor.py:654} INFO - DAG(s) dict_keys(['example_branch_dop_operator_v3']) retrieved from /home/airflow/.local/lib/python3.6/site-packages/airflow/example_dags/example_branch_python_dop_operator_3.py
[2025-05-19 09:00:43,099] {logging_mixin.py:109} INFO - [2025-05-19 09:00:43,099] {dag.py:2396} INFO - Sync 1 DAGs
[2025-05-19 09:00:43,232] {logging_mixin.py:109} INFO - [2025-05-19 09:00:43,231] {dag.py:2935} INFO - Setting next_dagrun for example_branch_dop_operator_v3 to 2025-05-19T08:59:00+00:00
[2025-05-19 09:00:43,272] {processor.py:171} INFO - Processing /home/airflow/.local/lib/python3.6/site-packages/airflow/example_dags/example_branch_python_dop_operator_3.py took 0.339 seconds
[2025-05-19 09:01:13,640] {processor.py:163} INFO - Started process (PID=1042) to work on /home/airflow/.local/lib/python3.6/site-packages/airflow/example_dags/example_branch_python_dop_operator_3.py
[2025-05-19 09:01:13,646] {processor.py:642} INFO - Processing file /home/airflow/.local/lib/python3.6/site-packages/airflow/example_dags/example_branch_python_dop_operator_3.py for tasks to queue
[2025-05-19 09:01:13,648] {logging_mixin.py:109} INFO - [2025-05-19 09:01:13,647] {dagbag.py:500} INFO - Filling up the DagBag from /home/airflow/.local/lib/python3.6/site-packages/airflow/example_dags/example_branch_python_dop_operator_3.py
[2025-05-19 09:01:13,752] {processor.py:654} INFO - DAG(s) dict_keys(['example_branch_dop_operator_v3']) retrieved from /home/airflow/.local/lib/python3.6/site-packages/airflow/example_dags/example_branch_python_dop_operator_3.py
[2025-05-19 09:01:13,798] {logging_mixin.py:109} INFO - [2025-05-19 09:01:13,797] {dag.py:2396} INFO - Sync 1 DAGs
[2025-05-19 09:01:13,894] {logging_mixin.py:109} INFO - [2025-05-19 09:01:13,894] {dag.py:2935} INFO - Setting next_dagrun for example_branch_dop_operator_v3 to 2025-05-19T09:00:00+00:00
[2025-05-19 09:01:13,923] {processor.py:171} INFO - Processing /home/airflow/.local/lib/python3.6/site-packages/airflow/example_dags/example_branch_python_dop_operator_3.py took 0.292 seconds
[2025-05-19 09:01:44,795] {processor.py:163} INFO - Started process (PID=1094) to work on /home/airflow/.local/lib/python3.6/site-packages/airflow/example_dags/example_branch_python_dop_operator_3.py
[2025-05-19 09:01:44,801] {processor.py:642} INFO - Processing file /home/airflow/.local/lib/python3.6/site-packages/airflow/example_dags/example_branch_python_dop_operator_3.py for tasks to queue
[2025-05-19 09:01:44,804] {logging_mixin.py:109} INFO - [2025-05-19 09:01:44,803] {dagbag.py:500} INFO - Filling up the DagBag from /home/airflow/.local/lib/python3.6/site-packages/airflow/example_dags/example_branch_python_dop_operator_3.py
[2025-05-19 09:01:44,874] {processor.py:654} INFO - DAG(s) dict_keys(['example_branch_dop_operator_v3']) retrieved from /home/airflow/.local/lib/python3.6/site-packages/airflow/example_dags/example_branch_python_dop_operator_3.py
[2025-05-19 09:01:44,902] {logging_mixin.py:109} INFO - [2025-05-19 09:01:44,901] {dag.py:2396} INFO - Sync 1 DAGs
[2025-05-19 09:01:45,023] {logging_mixin.py:109} INFO - [2025-05-19 09:01:45,022] {dag.py:2935} INFO - Setting next_dagrun for example_branch_dop_operator_v3 to 2025-05-19T09:00:00+00:00
[2025-05-19 09:01:45,114] {processor.py:171} INFO - Processing /home/airflow/.local/lib/python3.6/site-packages/airflow/example_dags/example_branch_python_dop_operator_3.py took 0.323 seconds
[2025-05-19 09:02:15,601] {processor.py:163} INFO - Started process (PID=1136) to work on /home/airflow/.local/lib/python3.6/site-packages/airflow/example_dags/example_branch_python_dop_operator_3.py
[2025-05-19 09:02:15,613] {processor.py:642} INFO - Processing file /home/airflow/.local/lib/python3.6/site-packages/airflow/example_dags/example_branch_python_dop_operator_3.py for tasks to queue
[2025-05-19 09:02:15,616] {logging_mixin.py:109} INFO - [2025-05-19 09:02:15,615] {dagbag.py:500} INFO - Filling up the DagBag from /home/airflow/.local/lib/python3.6/site-packages/airflow/example_dags/example_branch_python_dop_operator_3.py
[2025-05-19 09:02:15,815] {processor.py:654} INFO - DAG(s) dict_keys(['example_branch_dop_operator_v3']) retrieved from /home/airflow/.local/lib/python3.6/site-packages/airflow/example_dags/example_branch_python_dop_operator_3.py
[2025-05-19 09:02:15,882] {logging_mixin.py:109} INFO - [2025-05-19 09:02:15,881] {dag.py:2396} INFO - Sync 1 DAGs
[2025-05-19 09:02:15,999] {logging_mixin.py:109} INFO - [2025-05-19 09:02:15,999] {dag.py:2935} INFO - Setting next_dagrun for example_branch_dop_operator_v3 to 2025-05-19T09:01:00+00:00
[2025-05-19 09:02:16,052] {processor.py:171} INFO - Processing /home/airflow/.local/lib/python3.6/site-packages/airflow/example_dags/example_branch_python_dop_operator_3.py took 0.473 seconds
[2025-05-19 09:02:46,630] {processor.py:163} INFO - Started process (PID=1188) to work on /home/airflow/.local/lib/python3.6/site-packages/airflow/example_dags/example_branch_python_dop_operator_3.py
[2025-05-19 09:02:46,645] {processor.py:642} INFO - Processing file /home/airflow/.local/lib/python3.6/site-packages/airflow/example_dags/example_branch_python_dop_operator_3.py for tasks to queue
[2025-05-19 09:02:46,649] {logging_mixin.py:109} INFO - [2025-05-19 09:02:46,648] {dagbag.py:500} INFO - Filling up the DagBag from /home/airflow/.local/lib/python3.6/site-packages/airflow/example_dags/example_branch_python_dop_operator_3.py
[2025-05-19 09:02:46,767] {processor.py:654} INFO - DAG(s) dict_keys(['example_branch_dop_operator_v3']) retrieved from /home/airflow/.local/lib/python3.6/site-packages/airflow/example_dags/example_branch_python_dop_operator_3.py
[2025-05-19 09:02:46,807] {logging_mixin.py:109} INFO - [2025-05-19 09:02:46,807] {dag.py:2396} INFO - Sync 1 DAGs
[2025-05-19 09:02:46,883] {logging_mixin.py:109} INFO - [2025-05-19 09:02:46,882] {dag.py:2935} INFO - Setting next_dagrun for example_branch_dop_operator_v3 to 2025-05-19T09:01:00+00:00
[2025-05-19 09:02:46,906] {processor.py:171} INFO - Processing /home/airflow/.local/lib/python3.6/site-packages/airflow/example_dags/example_branch_python_dop_operator_3.py took 0.285 seconds
[2025-05-19 09:03:17,700] {processor.py:163} INFO - Started process (PID=1240) to work on /home/airflow/.local/lib/python3.6/site-packages/airflow/example_dags/example_branch_python_dop_operator_3.py
[2025-05-19 09:03:17,711] {processor.py:642} INFO - Processing file /home/airflow/.local/lib/python3.6/site-packages/airflow/example_dags/example_branch_python_dop_operator_3.py for tasks to queue
[2025-05-19 09:03:17,713] {logging_mixin.py:109} INFO - [2025-05-19 09:03:17,713] {dagbag.py:500} INFO - Filling up the DagBag from /home/airflow/.local/lib/python3.6/site-packages/airflow/example_dags/example_branch_python_dop_operator_3.py
[2025-05-19 09:03:17,864] {processor.py:654} INFO - DAG(s) dict_keys(['example_branch_dop_operator_v3']) retrieved from /home/airflow/.local/lib/python3.6/site-packages/airflow/example_dags/example_branch_python_dop_operator_3.py
[2025-05-19 09:03:17,914] {logging_mixin.py:109} INFO - [2025-05-19 09:03:17,914] {dag.py:2396} INFO - Sync 1 DAGs
[2025-05-19 09:03:18,101] {logging_mixin.py:109} INFO - [2025-05-19 09:03:18,101] {dag.py:2935} INFO - Setting next_dagrun for example_branch_dop_operator_v3 to 2025-05-19T09:02:00+00:00
[2025-05-19 09:03:18,226] {processor.py:171} INFO - Processing /home/airflow/.local/lib/python3.6/site-packages/airflow/example_dags/example_branch_python_dop_operator_3.py took 0.547 seconds
[2025-05-19 09:03:49,218] {processor.py:163} INFO - Started process (PID=1290) to work on /home/airflow/.local/lib/python3.6/site-packages/airflow/example_dags/example_branch_python_dop_operator_3.py
[2025-05-19 09:03:49,221] {processor.py:642} INFO - Processing file /home/airflow/.local/lib/python3.6/site-packages/airflow/example_dags/example_branch_python_dop_operator_3.py for tasks to queue
[2025-05-19 09:03:49,223] {logging_mixin.py:109} INFO - [2025-05-19 09:03:49,222] {dagbag.py:500} INFO - Filling up the DagBag from /home/airflow/.local/lib/python3.6/site-packages/airflow/example_dags/example_branch_python_dop_operator_3.py
[2025-05-19 09:03:49,283] {processor.py:654} INFO - DAG(s) dict_keys(['example_branch_dop_operator_v3']) retrieved from /home/airflow/.local/lib/python3.6/site-packages/airflow/example_dags/example_branch_python_dop_operator_3.py
[2025-05-19 09:03:49,312] {logging_mixin.py:109} INFO - [2025-05-19 09:03:49,312] {dag.py:2396} INFO - Sync 1 DAGs
[2025-05-19 09:03:49,367] {logging_mixin.py:109} INFO - [2025-05-19 09:03:49,367] {dag.py:2935} INFO - Setting next_dagrun for example_branch_dop_operator_v3 to 2025-05-19T09:02:00+00:00
[2025-05-19 09:03:49,389] {processor.py:171} INFO - Processing /home/airflow/.local/lib/python3.6/site-packages/airflow/example_dags/example_branch_python_dop_operator_3.py took 0.178 seconds
[2025-05-19 09:04:19,714] {processor.py:163} INFO - Started process (PID=1343) to work on /home/airflow/.local/lib/python3.6/site-packages/airflow/example_dags/example_branch_python_dop_operator_3.py
[2025-05-19 09:04:19,731] {processor.py:642} INFO - Processing file /home/airflow/.local/lib/python3.6/site-packages/airflow/example_dags/example_branch_python_dop_operator_3.py for tasks to queue
[2025-05-19 09:04:19,734] {logging_mixin.py:109} INFO - [2025-05-19 09:04:19,734] {dagbag.py:500} INFO - Filling up the DagBag from /home/airflow/.local/lib/python3.6/site-packages/airflow/example_dags/example_branch_python_dop_operator_3.py
[2025-05-19 09:04:19,915] {processor.py:654} INFO - DAG(s) dict_keys(['example_branch_dop_operator_v3']) retrieved from /home/airflow/.local/lib/python3.6/site-packages/airflow/example_dags/example_branch_python_dop_operator_3.py
[2025-05-19 09:04:20,038] {logging_mixin.py:109} INFO - [2025-05-19 09:04:20,037] {dag.py:2396} INFO - Sync 1 DAGs
[2025-05-19 09:04:20,246] {logging_mixin.py:109} INFO - [2025-05-19 09:04:20,246] {dag.py:2935} INFO - Setting next_dagrun for example_branch_dop_operator_v3 to 2025-05-19T09:03:00+00:00
[2025-05-19 09:04:20,312] {processor.py:171} INFO - Processing /home/airflow/.local/lib/python3.6/site-packages/airflow/example_dags/example_branch_python_dop_operator_3.py took 0.645 seconds
[2025-05-19 09:04:50,513] {processor.py:163} INFO - Started process (PID=1385) to work on /home/airflow/.local/lib/python3.6/site-packages/airflow/example_dags/example_branch_python_dop_operator_3.py
[2025-05-19 09:04:50,517] {processor.py:642} INFO - Processing file /home/airflow/.local/lib/python3.6/site-packages/airflow/example_dags/example_branch_python_dop_operator_3.py for tasks to queue
[2025-05-19 09:04:50,520] {logging_mixin.py:109} INFO - [2025-05-19 09:04:50,519] {dagbag.py:500} INFO - Filling up the DagBag from /home/airflow/.local/lib/python3.6/site-packages/airflow/example_dags/example_branch_python_dop_operator_3.py
[2025-05-19 09:04:50,605] {processor.py:654} INFO - DAG(s) dict_keys(['example_branch_dop_operator_v3']) retrieved from /home/airflow/.local/lib/python3.6/site-packages/airflow/example_dags/example_branch_python_dop_operator_3.py
[2025-05-19 09:04:50,639] {logging_mixin.py:109} INFO - [2025-05-19 09:04:50,639] {dag.py:2396} INFO - Sync 1 DAGs
[2025-05-19 09:04:50,703] {logging_mixin.py:109} INFO - [2025-05-19 09:04:50,703] {dag.py:2935} INFO - Setting next_dagrun for example_branch_dop_operator_v3 to 2025-05-19T09:03:00+00:00
[2025-05-19 09:04:50,723] {processor.py:171} INFO - Processing /home/airflow/.local/lib/python3.6/site-packages/airflow/example_dags/example_branch_python_dop_operator_3.py took 0.219 seconds
[2025-05-19 09:05:21,112] {processor.py:163} INFO - Started process (PID=1438) to work on /home/airflow/.local/lib/python3.6/site-packages/airflow/example_dags/example_branch_python_dop_operator_3.py
[2025-05-19 09:05:21,116] {processor.py:642} INFO - Processing file /home/airflow/.local/lib/python3.6/site-packages/airflow/example_dags/example_branch_python_dop_operator_3.py for tasks to queue
[2025-05-19 09:05:21,123] {logging_mixin.py:109} INFO - [2025-05-19 09:05:21,122] {dagbag.py:500} INFO - Filling up the DagBag from /home/airflow/.local/lib/python3.6/site-packages/airflow/example_dags/example_branch_python_dop_operator_3.py
[2025-05-19 09:05:21,242] {processor.py:654} INFO - DAG(s) dict_keys(['example_branch_dop_operator_v3']) retrieved from /home/airflow/.local/lib/python3.6/site-packages/airflow/example_dags/example_branch_python_dop_operator_3.py
[2025-05-19 09:05:21,338] {logging_mixin.py:109} INFO - [2025-05-19 09:05:21,337] {dag.py:2396} INFO - Sync 1 DAGs
[2025-05-19 09:05:21,530] {logging_mixin.py:109} INFO - [2025-05-19 09:05:21,529] {dag.py:2935} INFO - Setting next_dagrun for example_branch_dop_operator_v3 to 2025-05-19T09:04:00+00:00
[2025-05-19 09:05:21,557] {processor.py:171} INFO - Processing /home/airflow/.local/lib/python3.6/site-packages/airflow/example_dags/example_branch_python_dop_operator_3.py took 0.458 seconds
[2025-05-19 09:05:51,825] {processor.py:163} INFO - Started process (PID=1490) to work on /home/airflow/.local/lib/python3.6/site-packages/airflow/example_dags/example_branch_python_dop_operator_3.py
[2025-05-19 09:05:51,827] {processor.py:642} INFO - Processing file /home/airflow/.local/lib/python3.6/site-packages/airflow/example_dags/example_branch_python_dop_operator_3.py for tasks to queue
[2025-05-19 09:05:51,828] {logging_mixin.py:109} INFO - [2025-05-19 09:05:51,828] {dagbag.py:500} INFO - Filling up the DagBag from /home/airflow/.local/lib/python3.6/site-packages/airflow/example_dags/example_branch_python_dop_operator_3.py
[2025-05-19 09:05:51,865] {processor.py:654} INFO - DAG(s) dict_keys(['example_branch_dop_operator_v3']) retrieved from /home/airflow/.local/lib/python3.6/site-packages/airflow/example_dags/example_branch_python_dop_operator_3.py
[2025-05-19 09:05:51,884] {logging_mixin.py:109} INFO - [2025-05-19 09:05:51,883] {dag.py:2396} INFO - Sync 1 DAGs
[2025-05-19 09:05:51,915] {logging_mixin.py:109} INFO - [2025-05-19 09:05:51,915] {dag.py:2935} INFO - Setting next_dagrun for example_branch_dop_operator_v3 to 2025-05-19T09:04:00+00:00
[2025-05-19 09:05:51,930] {processor.py:171} INFO - Processing /home/airflow/.local/lib/python3.6/site-packages/airflow/example_dags/example_branch_python_dop_operator_3.py took 0.109 seconds
[2025-05-19 09:06:22,309] {processor.py:163} INFO - Started process (PID=1542) to work on /home/airflow/.local/lib/python3.6/site-packages/airflow/example_dags/example_branch_python_dop_operator_3.py
[2025-05-19 09:06:22,311] {processor.py:642} INFO - Processing file /home/airflow/.local/lib/python3.6/site-packages/airflow/example_dags/example_branch_python_dop_operator_3.py for tasks to queue
[2025-05-19 09:06:22,312] {logging_mixin.py:109} INFO - [2025-05-19 09:06:22,312] {dagbag.py:500} INFO - Filling up the DagBag from /home/airflow/.local/lib/python3.6/site-packages/airflow/example_dags/example_branch_python_dop_operator_3.py
[2025-05-19 09:06:22,347] {processor.py:654} INFO - DAG(s) dict_keys(['example_branch_dop_operator_v3']) retrieved from /home/airflow/.local/lib/python3.6/site-packages/airflow/example_dags/example_branch_python_dop_operator_3.py
[2025-05-19 09:06:22,360] {logging_mixin.py:109} INFO - [2025-05-19 09:06:22,360] {dag.py:2396} INFO - Sync 1 DAGs
[2025-05-19 09:06:22,391] {logging_mixin.py:109} INFO - [2025-05-19 09:06:22,391] {dag.py:2935} INFO - Setting next_dagrun for example_branch_dop_operator_v3 to 2025-05-19T09:05:00+00:00
[2025-05-19 09:06:22,403] {processor.py:171} INFO - Processing /home/airflow/.local/lib/python3.6/site-packages/airflow/example_dags/example_branch_python_dop_operator_3.py took 0.097 seconds
[2025-05-19 09:06:53,095] {processor.py:163} INFO - Started process (PID=1604) to work on /home/airflow/.local/lib/python3.6/site-packages/airflow/example_dags/example_branch_python_dop_operator_3.py
[2025-05-19 09:06:53,097] {processor.py:642} INFO - Processing file /home/airflow/.local/lib/python3.6/site-packages/airflow/example_dags/example_branch_python_dop_operator_3.py for tasks to queue
[2025-05-19 09:06:53,099] {logging_mixin.py:109} INFO - [2025-05-19 09:06:53,098] {dagbag.py:500} INFO - Filling up the DagBag from /home/airflow/.local/lib/python3.6/site-packages/airflow/example_dags/example_branch_python_dop_operator_3.py
[2025-05-19 09:06:53,145] {processor.py:654} INFO - DAG(s) dict_keys(['example_branch_dop_operator_v3']) retrieved from /home/airflow/.local/lib/python3.6/site-packages/airflow/example_dags/example_branch_python_dop_operator_3.py
[2025-05-19 09:06:53,163] {logging_mixin.py:109} INFO - [2025-05-19 09:06:53,163] {dag.py:2396} INFO - Sync 1 DAGs
[2025-05-19 09:06:53,202] {logging_mixin.py:109} INFO - [2025-05-19 09:06:53,202] {dag.py:2935} INFO - Setting next_dagrun for example_branch_dop_operator_v3 to 2025-05-19T09:05:00+00:00
[2025-05-19 09:06:53,219] {processor.py:171} INFO - Processing /home/airflow/.local/lib/python3.6/site-packages/airflow/example_dags/example_branch_python_dop_operator_3.py took 0.128 seconds
[2025-05-19 09:07:23,671] {processor.py:163} INFO - Started process (PID=1656) to work on /home/airflow/.local/lib/python3.6/site-packages/airflow/example_dags/example_branch_python_dop_operator_3.py
[2025-05-19 09:07:23,673] {processor.py:642} INFO - Processing file /home/airflow/.local/lib/python3.6/site-packages/airflow/example_dags/example_branch_python_dop_operator_3.py for tasks to queue
[2025-05-19 09:07:23,674] {logging_mixin.py:109} INFO - [2025-05-19 09:07:23,674] {dagbag.py:500} INFO - Filling up the DagBag from /home/airflow/.local/lib/python3.6/site-packages/airflow/example_dags/example_branch_python_dop_operator_3.py
[2025-05-19 09:07:23,706] {processor.py:654} INFO - DAG(s) dict_keys(['example_branch_dop_operator_v3']) retrieved from /home/airflow/.local/lib/python3.6/site-packages/airflow/example_dags/example_branch_python_dop_operator_3.py
[2025-05-19 09:07:23,719] {logging_mixin.py:109} INFO - [2025-05-19 09:07:23,719] {dag.py:2396} INFO - Sync 1 DAGs
[2025-05-19 09:07:23,751] {logging_mixin.py:109} INFO - [2025-05-19 09:07:23,751] {dag.py:2935} INFO - Setting next_dagrun for example_branch_dop_operator_v3 to 2025-05-19T09:06:00+00:00
[2025-05-19 09:07:23,764] {processor.py:171} INFO - Processing /home/airflow/.local/lib/python3.6/site-packages/airflow/example_dags/example_branch_python_dop_operator_3.py took 0.097 seconds
[2025-05-19 09:07:54,489] {processor.py:163} INFO - Started process (PID=1718) to work on /home/airflow/.local/lib/python3.6/site-packages/airflow/example_dags/example_branch_python_dop_operator_3.py
[2025-05-19 09:07:54,491] {processor.py:642} INFO - Processing file /home/airflow/.local/lib/python3.6/site-packages/airflow/example_dags/example_branch_python_dop_operator_3.py for tasks to queue
[2025-05-19 09:07:54,492] {logging_mixin.py:109} INFO - [2025-05-19 09:07:54,492] {dagbag.py:500} INFO - Filling up the DagBag from /home/airflow/.local/lib/python3.6/site-packages/airflow/example_dags/example_branch_python_dop_operator_3.py
[2025-05-19 09:07:54,541] {processor.py:654} INFO - DAG(s) dict_keys(['example_branch_dop_operator_v3']) retrieved from /home/airflow/.local/lib/python3.6/site-packages/airflow/example_dags/example_branch_python_dop_operator_3.py
[2025-05-19 09:07:54,557] {logging_mixin.py:109} INFO - [2025-05-19 09:07:54,557] {dag.py:2396} INFO - Sync 1 DAGs
[2025-05-19 09:07:54,592] {logging_mixin.py:109} INFO - [2025-05-19 09:07:54,592] {dag.py:2935} INFO - Setting next_dagrun for example_branch_dop_operator_v3 to 2025-05-19T09:06:00+00:00
[2025-05-19 09:07:54,606] {processor.py:171} INFO - Processing /home/airflow/.local/lib/python3.6/site-packages/airflow/example_dags/example_branch_python_dop_operator_3.py took 0.120 seconds
[2025-05-19 09:08:24,650] {processor.py:163} INFO - Started process (PID=1770) to work on /home/airflow/.local/lib/python3.6/site-packages/airflow/example_dags/example_branch_python_dop_operator_3.py
[2025-05-19 09:08:24,652] {processor.py:642} INFO - Processing file /home/airflow/.local/lib/python3.6/site-packages/airflow/example_dags/example_branch_python_dop_operator_3.py for tasks to queue
[2025-05-19 09:08:24,653] {logging_mixin.py:109} INFO - [2025-05-19 09:08:24,653] {dagbag.py:500} INFO - Filling up the DagBag from /home/airflow/.local/lib/python3.6/site-packages/airflow/example_dags/example_branch_python_dop_operator_3.py
[2025-05-19 09:08:24,705] {processor.py:654} INFO - DAG(s) dict_keys(['example_branch_dop_operator_v3']) retrieved from /home/airflow/.local/lib/python3.6/site-packages/airflow/example_dags/example_branch_python_dop_operator_3.py
[2025-05-19 09:08:24,723] {logging_mixin.py:109} INFO - [2025-05-19 09:08:24,723] {dag.py:2396} INFO - Sync 1 DAGs
[2025-05-19 09:08:24,758] {logging_mixin.py:109} INFO - [2025-05-19 09:08:24,758] {dag.py:2935} INFO - Setting next_dagrun for example_branch_dop_operator_v3 to 2025-05-19T09:07:00+00:00
[2025-05-19 09:08:24,772] {processor.py:171} INFO - Processing /home/airflow/.local/lib/python3.6/site-packages/airflow/example_dags/example_branch_python_dop_operator_3.py took 0.127 seconds
[2025-05-19 09:08:55,554] {processor.py:163} INFO - Started process (PID=1832) to work on /home/airflow/.local/lib/python3.6/site-packages/airflow/example_dags/example_branch_python_dop_operator_3.py
[2025-05-19 09:08:55,556] {processor.py:642} INFO - Processing file /home/airflow/.local/lib/python3.6/site-packages/airflow/example_dags/example_branch_python_dop_operator_3.py for tasks to queue
[2025-05-19 09:08:55,558] {logging_mixin.py:109} INFO - [2025-05-19 09:08:55,557] {dagbag.py:500} INFO - Filling up the DagBag from /home/airflow/.local/lib/python3.6/site-packages/airflow/example_dags/example_branch_python_dop_operator_3.py
[2025-05-19 09:08:55,603] {processor.py:654} INFO - DAG(s) dict_keys(['example_branch_dop_operator_v3']) retrieved from /home/airflow/.local/lib/python3.6/site-packages/airflow/example_dags/example_branch_python_dop_operator_3.py
[2025-05-19 09:08:55,619] {logging_mixin.py:109} INFO - [2025-05-19 09:08:55,619] {dag.py:2396} INFO - Sync 1 DAGs
[2025-05-19 09:08:55,654] {logging_mixin.py:109} INFO - [2025-05-19 09:08:55,654] {dag.py:2935} INFO - Setting next_dagrun for example_branch_dop_operator_v3 to 2025-05-19T09:07:00+00:00
[2025-05-19 09:08:55,668] {processor.py:171} INFO - Processing /home/airflow/.local/lib/python3.6/site-packages/airflow/example_dags/example_branch_python_dop_operator_3.py took 0.119 seconds
[2025-05-19 09:09:26,194] {processor.py:163} INFO - Started process (PID=1884) to work on /home/airflow/.local/lib/python3.6/site-packages/airflow/example_dags/example_branch_python_dop_operator_3.py
[2025-05-19 09:09:26,196] {processor.py:642} INFO - Processing file /home/airflow/.local/lib/python3.6/site-packages/airflow/example_dags/example_branch_python_dop_operator_3.py for tasks to queue
[2025-05-19 09:09:26,197] {logging_mixin.py:109} INFO - [2025-05-19 09:09:26,197] {dagbag.py:500} INFO - Filling up the DagBag from /home/airflow/.local/lib/python3.6/site-packages/airflow/example_dags/example_branch_python_dop_operator_3.py
[2025-05-19 09:09:26,238] {processor.py:654} INFO - DAG(s) dict_keys(['example_branch_dop_operator_v3']) retrieved from /home/airflow/.local/lib/python3.6/site-packages/airflow/example_dags/example_branch_python_dop_operator_3.py
[2025-05-19 09:09:26,253] {logging_mixin.py:109} INFO - [2025-05-19 09:09:26,253] {dag.py:2396} INFO - Sync 1 DAGs
[2025-05-19 09:09:26,285] {logging_mixin.py:109} INFO - [2025-05-19 09:09:26,285] {dag.py:2935} INFO - Setting next_dagrun for example_branch_dop_operator_v3 to 2025-05-19T09:08:00+00:00
[2025-05-19 09:09:26,298] {processor.py:171} INFO - Processing /home/airflow/.local/lib/python3.6/site-packages/airflow/example_dags/example_branch_python_dop_operator_3.py took 0.109 seconds
[2025-05-19 09:09:57,229] {processor.py:163} INFO - Started process (PID=1946) to work on /home/airflow/.local/lib/python3.6/site-packages/airflow/example_dags/example_branch_python_dop_operator_3.py
[2025-05-19 09:09:57,233] {processor.py:642} INFO - Processing file /home/airflow/.local/lib/python3.6/site-packages/airflow/example_dags/example_branch_python_dop_operator_3.py for tasks to queue
[2025-05-19 09:09:57,234] {logging_mixin.py:109} INFO - [2025-05-19 09:09:57,234] {dagbag.py:500} INFO - Filling up the DagBag from /home/airflow/.local/lib/python3.6/site-packages/airflow/example_dags/example_branch_python_dop_operator_3.py
[2025-05-19 09:09:57,304] {processor.py:654} INFO - DAG(s) dict_keys(['example_branch_dop_operator_v3']) retrieved from /home/airflow/.local/lib/python3.6/site-packages/airflow/example_dags/example_branch_python_dop_operator_3.py
[2025-05-19 09:09:57,330] {logging_mixin.py:109} INFO - [2025-05-19 09:09:57,330] {dag.py:2396} INFO - Sync 1 DAGs
[2025-05-19 09:09:57,390] {logging_mixin.py:109} INFO - [2025-05-19 09:09:57,390] {dag.py:2935} INFO - Setting next_dagrun for example_branch_dop_operator_v3 to 2025-05-19T09:08:00+00:00
[2025-05-19 09:09:57,410] {processor.py:171} INFO - Processing /home/airflow/.local/lib/python3.6/site-packages/airflow/example_dags/example_branch_python_dop_operator_3.py took 0.189 seconds
[2025-05-19 09:10:28,580] {processor.py:163} INFO - Started process (PID=1998) to work on /home/airflow/.local/lib/python3.6/site-packages/airflow/example_dags/example_branch_python_dop_operator_3.py
[2025-05-19 09:10:28,583] {processor.py:642} INFO - Processing file /home/airflow/.local/lib/python3.6/site-packages/airflow/example_dags/example_branch_python_dop_operator_3.py for tasks to queue
[2025-05-19 09:10:28,584] {logging_mixin.py:109} INFO - [2025-05-19 09:10:28,584] {dagbag.py:500} INFO - Filling up the DagBag from /home/airflow/.local/lib/python3.6/site-packages/airflow/example_dags/example_branch_python_dop_operator_3.py
[2025-05-19 09:10:28,650] {processor.py:654} INFO - DAG(s) dict_keys(['example_branch_dop_operator_v3']) retrieved from /home/airflow/.local/lib/python3.6/site-packages/airflow/example_dags/example_branch_python_dop_operator_3.py
[2025-05-19 09:10:28,674] {logging_mixin.py:109} INFO - [2025-05-19 09:10:28,673] {dag.py:2396} INFO - Sync 1 DAGs
[2025-05-19 09:10:28,739] {logging_mixin.py:109} INFO - [2025-05-19 09:10:28,739] {dag.py:2935} INFO - Setting next_dagrun for example_branch_dop_operator_v3 to 2025-05-19T09:09:00+00:00
[2025-05-19 09:10:28,767] {processor.py:171} INFO - Processing /home/airflow/.local/lib/python3.6/site-packages/airflow/example_dags/example_branch_python_dop_operator_3.py took 0.195 seconds
[2025-05-19 09:10:59,236] {processor.py:163} INFO - Started process (PID=2050) to work on /home/airflow/.local/lib/python3.6/site-packages/airflow/example_dags/example_branch_python_dop_operator_3.py
[2025-05-19 09:10:59,239] {processor.py:642} INFO - Processing file /home/airflow/.local/lib/python3.6/site-packages/airflow/example_dags/example_branch_python_dop_operator_3.py for tasks to queue
[2025-05-19 09:10:59,242] {logging_mixin.py:109} INFO - [2025-05-19 09:10:59,242] {dagbag.py:500} INFO - Filling up the DagBag from /home/airflow/.local/lib/python3.6/site-packages/airflow/example_dags/example_branch_python_dop_operator_3.py
[2025-05-19 09:10:59,307] {processor.py:654} INFO - DAG(s) dict_keys(['example_branch_dop_operator_v3']) retrieved from /home/airflow/.local/lib/python3.6/site-packages/airflow/example_dags/example_branch_python_dop_operator_3.py
[2025-05-19 09:10:59,331] {logging_mixin.py:109} INFO - [2025-05-19 09:10:59,331] {dag.py:2396} INFO - Sync 1 DAGs
[2025-05-19 09:10:59,381] {logging_mixin.py:109} INFO - [2025-05-19 09:10:59,381] {dag.py:2935} INFO - Setting next_dagrun for example_branch_dop_operator_v3 to 2025-05-19T09:09:00+00:00
[2025-05-19 09:10:59,397] {processor.py:171} INFO - Processing /home/airflow/.local/lib/python3.6/site-packages/airflow/example_dags/example_branch_python_dop_operator_3.py took 0.170 seconds
[2025-05-19 09:11:30,694] {processor.py:163} INFO - Started process (PID=2103) to work on /home/airflow/.local/lib/python3.6/site-packages/airflow/example_dags/example_branch_python_dop_operator_3.py
[2025-05-19 09:11:30,703] {processor.py:642} INFO - Processing file /home/airflow/.local/lib/python3.6/site-packages/airflow/example_dags/example_branch_python_dop_operator_3.py for tasks to queue
[2025-05-19 09:11:30,715] {logging_mixin.py:109} INFO - [2025-05-19 09:11:30,715] {dagbag.py:500} INFO - Filling up the DagBag from /home/airflow/.local/lib/python3.6/site-packages/airflow/example_dags/example_branch_python_dop_operator_3.py
[2025-05-19 09:11:30,833] {processor.py:654} INFO - DAG(s) dict_keys(['example_branch_dop_operator_v3']) retrieved from /home/airflow/.local/lib/python3.6/site-packages/airflow/example_dags/example_branch_python_dop_operator_3.py
[2025-05-19 09:11:30,896] {logging_mixin.py:109} INFO - [2025-05-19 09:11:30,895] {dag.py:2396} INFO - Sync 1 DAGs
[2025-05-19 09:11:30,998] {logging_mixin.py:109} INFO - [2025-05-19 09:11:30,998] {dag.py:2935} INFO - Setting next_dagrun for example_branch_dop_operator_v3 to 2025-05-19T09:10:00+00:00
[2025-05-19 09:11:31,033] {processor.py:171} INFO - Processing /home/airflow/.local/lib/python3.6/site-packages/airflow/example_dags/example_branch_python_dop_operator_3.py took 0.352 seconds
[2025-05-19 09:12:01,679] {processor.py:163} INFO - Started process (PID=2155) to work on /home/airflow/.local/lib/python3.6/site-packages/airflow/example_dags/example_branch_python_dop_operator_3.py
[2025-05-19 09:12:01,681] {processor.py:642} INFO - Processing file /home/airflow/.local/lib/python3.6/site-packages/airflow/example_dags/example_branch_python_dop_operator_3.py for tasks to queue
[2025-05-19 09:12:01,682] {logging_mixin.py:109} INFO - [2025-05-19 09:12:01,682] {dagbag.py:500} INFO - Filling up the DagBag from /home/airflow/.local/lib/python3.6/site-packages/airflow/example_dags/example_branch_python_dop_operator_3.py
[2025-05-19 09:12:01,732] {processor.py:654} INFO - DAG(s) dict_keys(['example_branch_dop_operator_v3']) retrieved from /home/airflow/.local/lib/python3.6/site-packages/airflow/example_dags/example_branch_python_dop_operator_3.py
[2025-05-19 09:12:01,750] {logging_mixin.py:109} INFO - [2025-05-19 09:12:01,750] {dag.py:2396} INFO - Sync 1 DAGs
[2025-05-19 09:12:01,795] {logging_mixin.py:109} INFO - [2025-05-19 09:12:01,794] {dag.py:2935} INFO - Setting next_dagrun for example_branch_dop_operator_v3 to 2025-05-19T09:11:00+00:00
[2025-05-19 09:12:01,810] {processor.py:171} INFO - Processing /home/airflow/.local/lib/python3.6/site-packages/airflow/example_dags/example_branch_python_dop_operator_3.py took 0.137 seconds
[2025-05-19 09:12:31,660] {processor.py:163} INFO - Started process (PID=2217) to work on /home/airflow/.local/lib/python3.6/site-packages/airflow/example_dags/example_branch_python_dop_operator_3.py
[2025-05-19 09:12:31,666] {processor.py:642} INFO - Processing file /home/airflow/.local/lib/python3.6/site-packages/airflow/example_dags/example_branch_python_dop_operator_3.py for tasks to queue
[2025-05-19 09:12:31,673] {logging_mixin.py:109} INFO - [2025-05-19 09:12:31,672] {dagbag.py:500} INFO - Filling up the DagBag from /home/airflow/.local/lib/python3.6/site-packages/airflow/example_dags/example_branch_python_dop_operator_3.py
[2025-05-19 09:12:31,853] {processor.py:654} INFO - DAG(s) dict_keys(['example_branch_dop_operator_v3']) retrieved from /home/airflow/.local/lib/python3.6/site-packages/airflow/example_dags/example_branch_python_dop_operator_3.py
[2025-05-19 09:12:31,908] {logging_mixin.py:109} INFO - [2025-05-19 09:12:31,908] {dag.py:2396} INFO - Sync 1 DAGs
[2025-05-19 09:12:32,011] {logging_mixin.py:109} INFO - [2025-05-19 09:12:32,011] {dag.py:2935} INFO - Setting next_dagrun for example_branch_dop_operator_v3 to 2025-05-19T09:11:00+00:00
[2025-05-19 09:12:32,075] {processor.py:171} INFO - Processing /home/airflow/.local/lib/python3.6/site-packages/airflow/example_dags/example_branch_python_dop_operator_3.py took 0.435 seconds
[2025-05-19 09:13:03,123] {processor.py:163} INFO - Started process (PID=2269) to work on /home/airflow/.local/lib/python3.6/site-packages/airflow/example_dags/example_branch_python_dop_operator_3.py
[2025-05-19 09:13:03,127] {processor.py:642} INFO - Processing file /home/airflow/.local/lib/python3.6/site-packages/airflow/example_dags/example_branch_python_dop_operator_3.py for tasks to queue
[2025-05-19 09:13:03,128] {logging_mixin.py:109} INFO - [2025-05-19 09:13:03,128] {dagbag.py:500} INFO - Filling up the DagBag from /home/airflow/.local/lib/python3.6/site-packages/airflow/example_dags/example_branch_python_dop_operator_3.py
[2025-05-19 09:13:03,220] {processor.py:654} INFO - DAG(s) dict_keys(['example_branch_dop_operator_v3']) retrieved from /home/airflow/.local/lib/python3.6/site-packages/airflow/example_dags/example_branch_python_dop_operator_3.py
[2025-05-19 09:13:03,252] {logging_mixin.py:109} INFO - [2025-05-19 09:13:03,252] {dag.py:2396} INFO - Sync 1 DAGs
[2025-05-19 09:13:03,329] {logging_mixin.py:109} INFO - [2025-05-19 09:13:03,329] {dag.py:2935} INFO - Setting next_dagrun for example_branch_dop_operator_v3 to 2025-05-19T09:12:00+00:00
[2025-05-19 09:13:03,351] {processor.py:171} INFO - Processing /home/airflow/.local/lib/python3.6/site-packages/airflow/example_dags/example_branch_python_dop_operator_3.py took 0.237 seconds
[2025-05-19 09:13:34,098] {processor.py:163} INFO - Started process (PID=2321) to work on /home/airflow/.local/lib/python3.6/site-packages/airflow/example_dags/example_branch_python_dop_operator_3.py
[2025-05-19 09:13:34,101] {processor.py:642} INFO - Processing file /home/airflow/.local/lib/python3.6/site-packages/airflow/example_dags/example_branch_python_dop_operator_3.py for tasks to queue
[2025-05-19 09:13:34,103] {logging_mixin.py:109} INFO - [2025-05-19 09:13:34,103] {dagbag.py:500} INFO - Filling up the DagBag from /home/airflow/.local/lib/python3.6/site-packages/airflow/example_dags/example_branch_python_dop_operator_3.py
[2025-05-19 09:13:34,174] {processor.py:654} INFO - DAG(s) dict_keys(['example_branch_dop_operator_v3']) retrieved from /home/airflow/.local/lib/python3.6/site-packages/airflow/example_dags/example_branch_python_dop_operator_3.py
[2025-05-19 09:13:34,212] {logging_mixin.py:109} INFO - [2025-05-19 09:13:34,212] {dag.py:2396} INFO - Sync 1 DAGs
[2025-05-19 09:13:34,298] {logging_mixin.py:109} INFO - [2025-05-19 09:13:34,297] {dag.py:2935} INFO - Setting next_dagrun for example_branch_dop_operator_v3 to 2025-05-19T09:12:00+00:00
[2025-05-19 09:13:34,321] {processor.py:171} INFO - Processing /home/airflow/.local/lib/python3.6/site-packages/airflow/example_dags/example_branch_python_dop_operator_3.py took 0.231 seconds
[2025-05-19 09:14:04,772] {processor.py:163} INFO - Started process (PID=2372) to work on /home/airflow/.local/lib/python3.6/site-packages/airflow/example_dags/example_branch_python_dop_operator_3.py
[2025-05-19 09:14:04,775] {processor.py:642} INFO - Processing file /home/airflow/.local/lib/python3.6/site-packages/airflow/example_dags/example_branch_python_dop_operator_3.py for tasks to queue
[2025-05-19 09:14:04,777] {logging_mixin.py:109} INFO - [2025-05-19 09:14:04,776] {dagbag.py:500} INFO - Filling up the DagBag from /home/airflow/.local/lib/python3.6/site-packages/airflow/example_dags/example_branch_python_dop_operator_3.py
[2025-05-19 09:14:04,840] {processor.py:654} INFO - DAG(s) dict_keys(['example_branch_dop_operator_v3']) retrieved from /home/airflow/.local/lib/python3.6/site-packages/airflow/example_dags/example_branch_python_dop_operator_3.py
[2025-05-19 09:14:04,872] {logging_mixin.py:109} INFO - [2025-05-19 09:14:04,872] {dag.py:2396} INFO - Sync 1 DAGs
[2025-05-19 09:14:04,928] {logging_mixin.py:109} INFO - [2025-05-19 09:14:04,928] {dag.py:2935} INFO - Setting next_dagrun for example_branch_dop_operator_v3 to 2025-05-19T09:13:00+00:00
[2025-05-19 09:14:04,963] {processor.py:171} INFO - Processing /home/airflow/.local/lib/python3.6/site-packages/airflow/example_dags/example_branch_python_dop_operator_3.py took 0.205 seconds
[2025-05-19 09:14:36,043] {processor.py:163} INFO - Started process (PID=2425) to work on /home/airflow/.local/lib/python3.6/site-packages/airflow/example_dags/example_branch_python_dop_operator_3.py
[2025-05-19 09:14:36,045] {processor.py:642} INFO - Processing file /home/airflow/.local/lib/python3.6/site-packages/airflow/example_dags/example_branch_python_dop_operator_3.py for tasks to queue
[2025-05-19 09:14:36,046] {logging_mixin.py:109} INFO - [2025-05-19 09:14:36,046] {dagbag.py:500} INFO - Filling up the DagBag from /home/airflow/.local/lib/python3.6/site-packages/airflow/example_dags/example_branch_python_dop_operator_3.py
[2025-05-19 09:14:36,079] {processor.py:654} INFO - DAG(s) dict_keys(['example_branch_dop_operator_v3']) retrieved from /home/airflow/.local/lib/python3.6/site-packages/airflow/example_dags/example_branch_python_dop_operator_3.py
[2025-05-19 09:14:36,091] {logging_mixin.py:109} INFO - [2025-05-19 09:14:36,091] {dag.py:2396} INFO - Sync 1 DAGs
[2025-05-19 09:14:36,113] {logging_mixin.py:109} INFO - [2025-05-19 09:14:36,113] {dag.py:2935} INFO - Setting next_dagrun for example_branch_dop_operator_v3 to 2025-05-19T09:13:00+00:00
[2025-05-19 09:14:36,132] {processor.py:171} INFO - Processing /home/airflow/.local/lib/python3.6/site-packages/airflow/example_dags/example_branch_python_dop_operator_3.py took 0.091 seconds
[2025-05-19 19:33:58,571] {processor.py:163} INFO - Started process (PID=81) to work on /home/airflow/.local/lib/python3.6/site-packages/airflow/example_dags/example_branch_python_dop_operator_3.py
[2025-05-19 19:33:58,574] {processor.py:642} INFO - Processing file /home/airflow/.local/lib/python3.6/site-packages/airflow/example_dags/example_branch_python_dop_operator_3.py for tasks to queue
[2025-05-19 19:33:58,576] {logging_mixin.py:109} INFO - [2025-05-19 19:33:58,576] {dagbag.py:500} INFO - Filling up the DagBag from /home/airflow/.local/lib/python3.6/site-packages/airflow/example_dags/example_branch_python_dop_operator_3.py
[2025-05-19 19:33:58,629] {processor.py:654} INFO - DAG(s) dict_keys(['example_branch_dop_operator_v3']) retrieved from /home/airflow/.local/lib/python3.6/site-packages/airflow/example_dags/example_branch_python_dop_operator_3.py
[2025-05-19 19:33:58,649] {logging_mixin.py:109} INFO - [2025-05-19 19:33:58,649] {dag.py:2396} INFO - Sync 1 DAGs
[2025-05-19 19:33:58,714] {logging_mixin.py:109} INFO - [2025-05-19 19:33:58,713] {dag.py:2935} INFO - Setting next_dagrun for example_branch_dop_operator_v3 to 2025-05-19T19:32:00+00:00
[2025-05-19 19:33:58,734] {processor.py:171} INFO - Processing /home/airflow/.local/lib/python3.6/site-packages/airflow/example_dags/example_branch_python_dop_operator_3.py took 0.169 seconds
[2025-05-19 19:34:35,889] {processor.py:163} INFO - Started process (PID=133) to work on /home/airflow/.local/lib/python3.6/site-packages/airflow/example_dags/example_branch_python_dop_operator_3.py
[2025-05-19 19:34:35,905] {processor.py:642} INFO - Processing file /home/airflow/.local/lib/python3.6/site-packages/airflow/example_dags/example_branch_python_dop_operator_3.py for tasks to queue
[2025-05-19 19:34:35,906] {logging_mixin.py:109} INFO - [2025-05-19 19:34:35,906] {dagbag.py:500} INFO - Filling up the DagBag from /home/airflow/.local/lib/python3.6/site-packages/airflow/example_dags/example_branch_python_dop_operator_3.py
[2025-05-19 19:34:36,044] {processor.py:654} INFO - DAG(s) dict_keys(['example_branch_dop_operator_v3']) retrieved from /home/airflow/.local/lib/python3.6/site-packages/airflow/example_dags/example_branch_python_dop_operator_3.py
[2025-05-19 19:34:36,105] {logging_mixin.py:109} INFO - [2025-05-19 19:34:36,105] {dag.py:2396} INFO - Sync 1 DAGs
[2025-05-19 19:34:36,200] {logging_mixin.py:109} INFO - [2025-05-19 19:34:36,199] {dag.py:2935} INFO - Setting next_dagrun for example_branch_dop_operator_v3 to 2025-05-19T19:33:00+00:00
[2025-05-19 19:34:36,240] {processor.py:171} INFO - Processing /home/airflow/.local/lib/python3.6/site-packages/airflow/example_dags/example_branch_python_dop_operator_3.py took 0.371 seconds
[2025-05-19 19:35:06,933] {processor.py:163} INFO - Started process (PID=186) to work on /home/airflow/.local/lib/python3.6/site-packages/airflow/example_dags/example_branch_python_dop_operator_3.py
[2025-05-19 19:35:06,936] {processor.py:642} INFO - Processing file /home/airflow/.local/lib/python3.6/site-packages/airflow/example_dags/example_branch_python_dop_operator_3.py for tasks to queue
[2025-05-19 19:35:06,938] {logging_mixin.py:109} INFO - [2025-05-19 19:35:06,937] {dagbag.py:500} INFO - Filling up the DagBag from /home/airflow/.local/lib/python3.6/site-packages/airflow/example_dags/example_branch_python_dop_operator_3.py
[2025-05-19 19:35:06,995] {processor.py:654} INFO - DAG(s) dict_keys(['example_branch_dop_operator_v3']) retrieved from /home/airflow/.local/lib/python3.6/site-packages/airflow/example_dags/example_branch_python_dop_operator_3.py
[2025-05-19 19:35:07,014] {logging_mixin.py:109} INFO - [2025-05-19 19:35:07,013] {dag.py:2396} INFO - Sync 1 DAGs
[2025-05-19 19:35:07,064] {logging_mixin.py:109} INFO - [2025-05-19 19:35:07,064] {dag.py:2935} INFO - Setting next_dagrun for example_branch_dop_operator_v3 to 2025-05-19T19:34:00+00:00
[2025-05-19 19:35:07,082] {processor.py:171} INFO - Processing /home/airflow/.local/lib/python3.6/site-packages/airflow/example_dags/example_branch_python_dop_operator_3.py took 0.156 seconds
[2025-05-19 19:35:37,814] {processor.py:163} INFO - Started process (PID=238) to work on /home/airflow/.local/lib/python3.6/site-packages/airflow/example_dags/example_branch_python_dop_operator_3.py
[2025-05-19 19:35:37,816] {processor.py:642} INFO - Processing file /home/airflow/.local/lib/python3.6/site-packages/airflow/example_dags/example_branch_python_dop_operator_3.py for tasks to queue
[2025-05-19 19:35:37,817] {logging_mixin.py:109} INFO - [2025-05-19 19:35:37,817] {dagbag.py:500} INFO - Filling up the DagBag from /home/airflow/.local/lib/python3.6/site-packages/airflow/example_dags/example_branch_python_dop_operator_3.py
[2025-05-19 19:35:37,873] {processor.py:654} INFO - DAG(s) dict_keys(['example_branch_dop_operator_v3']) retrieved from /home/airflow/.local/lib/python3.6/site-packages/airflow/example_dags/example_branch_python_dop_operator_3.py
[2025-05-19 19:35:37,893] {logging_mixin.py:109} INFO - [2025-05-19 19:35:37,893] {dag.py:2396} INFO - Sync 1 DAGs
[2025-05-19 19:35:37,956] {logging_mixin.py:109} INFO - [2025-05-19 19:35:37,956] {dag.py:2935} INFO - Setting next_dagrun for example_branch_dop_operator_v3 to 2025-05-19T19:34:00+00:00
[2025-05-19 19:35:37,984] {processor.py:171} INFO - Processing /home/airflow/.local/lib/python3.6/site-packages/airflow/example_dags/example_branch_python_dop_operator_3.py took 0.175 seconds
[2025-05-19 19:36:08,762] {processor.py:163} INFO - Started process (PID=290) to work on /home/airflow/.local/lib/python3.6/site-packages/airflow/example_dags/example_branch_python_dop_operator_3.py
[2025-05-19 19:36:08,764] {processor.py:642} INFO - Processing file /home/airflow/.local/lib/python3.6/site-packages/airflow/example_dags/example_branch_python_dop_operator_3.py for tasks to queue
[2025-05-19 19:36:08,766] {logging_mixin.py:109} INFO - [2025-05-19 19:36:08,766] {dagbag.py:500} INFO - Filling up the DagBag from /home/airflow/.local/lib/python3.6/site-packages/airflow/example_dags/example_branch_python_dop_operator_3.py
[2025-05-19 19:36:08,827] {processor.py:654} INFO - DAG(s) dict_keys(['example_branch_dop_operator_v3']) retrieved from /home/airflow/.local/lib/python3.6/site-packages/airflow/example_dags/example_branch_python_dop_operator_3.py
[2025-05-19 19:36:08,846] {logging_mixin.py:109} INFO - [2025-05-19 19:36:08,846] {dag.py:2396} INFO - Sync 1 DAGs
[2025-05-19 19:36:08,900] {logging_mixin.py:109} INFO - [2025-05-19 19:36:08,900] {dag.py:2935} INFO - Setting next_dagrun for example_branch_dop_operator_v3 to 2025-05-19T19:35:00+00:00
[2025-05-19 19:36:08,915] {processor.py:171} INFO - Processing /home/airflow/.local/lib/python3.6/site-packages/airflow/example_dags/example_branch_python_dop_operator_3.py took 0.158 seconds
[2025-05-19 19:36:39,845] {processor.py:163} INFO - Started process (PID=342) to work on /home/airflow/.local/lib/python3.6/site-packages/airflow/example_dags/example_branch_python_dop_operator_3.py
[2025-05-19 19:36:39,848] {processor.py:642} INFO - Processing file /home/airflow/.local/lib/python3.6/site-packages/airflow/example_dags/example_branch_python_dop_operator_3.py for tasks to queue
[2025-05-19 19:36:39,850] {logging_mixin.py:109} INFO - [2025-05-19 19:36:39,850] {dagbag.py:500} INFO - Filling up the DagBag from /home/airflow/.local/lib/python3.6/site-packages/airflow/example_dags/example_branch_python_dop_operator_3.py
[2025-05-19 19:36:39,910] {processor.py:654} INFO - DAG(s) dict_keys(['example_branch_dop_operator_v3']) retrieved from /home/airflow/.local/lib/python3.6/site-packages/airflow/example_dags/example_branch_python_dop_operator_3.py
[2025-05-19 19:36:39,970] {logging_mixin.py:109} INFO - [2025-05-19 19:36:39,969] {dag.py:2396} INFO - Sync 1 DAGs
[2025-05-19 19:36:40,047] {logging_mixin.py:109} INFO - [2025-05-19 19:36:40,047] {dag.py:2935} INFO - Setting next_dagrun for example_branch_dop_operator_v3 to 2025-05-19T19:35:00+00:00
[2025-05-19 19:36:40,070] {processor.py:171} INFO - Processing /home/airflow/.local/lib/python3.6/site-packages/airflow/example_dags/example_branch_python_dop_operator_3.py took 0.229 seconds
[2025-05-19 19:37:10,698] {processor.py:163} INFO - Started process (PID=396) to work on /home/airflow/.local/lib/python3.6/site-packages/airflow/example_dags/example_branch_python_dop_operator_3.py
[2025-05-19 19:37:10,701] {processor.py:642} INFO - Processing file /home/airflow/.local/lib/python3.6/site-packages/airflow/example_dags/example_branch_python_dop_operator_3.py for tasks to queue
[2025-05-19 19:37:10,703] {logging_mixin.py:109} INFO - [2025-05-19 19:37:10,703] {dagbag.py:500} INFO - Filling up the DagBag from /home/airflow/.local/lib/python3.6/site-packages/airflow/example_dags/example_branch_python_dop_operator_3.py
[2025-05-19 19:37:10,789] {processor.py:654} INFO - DAG(s) dict_keys(['example_branch_dop_operator_v3']) retrieved from /home/airflow/.local/lib/python3.6/site-packages/airflow/example_dags/example_branch_python_dop_operator_3.py
[2025-05-19 19:37:10,833] {logging_mixin.py:109} INFO - [2025-05-19 19:37:10,833] {dag.py:2396} INFO - Sync 1 DAGs
[2025-05-19 19:37:10,940] {logging_mixin.py:109} INFO - [2025-05-19 19:37:10,938] {dag.py:2935} INFO - Setting next_dagrun for example_branch_dop_operator_v3 to 2025-05-19T19:36:00+00:00
[2025-05-19 19:37:10,978] {processor.py:171} INFO - Processing /home/airflow/.local/lib/python3.6/site-packages/airflow/example_dags/example_branch_python_dop_operator_3.py took 0.292 seconds
