[2025-05-19 08:52:10,130] {processor.py:163} INFO - Started process (PID=81) to work on /home/airflow/.local/lib/python3.6/site-packages/airflow/example_dags/example_branch_labels.py
[2025-05-19 08:52:10,136] {processor.py:642} INFO - Processing file /home/airflow/.local/lib/python3.6/site-packages/airflow/example_dags/example_branch_labels.py for tasks to queue
[2025-05-19 08:52:10,144] {logging_mixin.py:109} INFO - [2025-05-19 08:52:10,144] {dagbag.py:500} INFO - Filling up the DagBag from /home/airflow/.local/lib/python3.6/site-packages/airflow/example_dags/example_branch_labels.py
[2025-05-19 08:52:10,259] {processor.py:654} INFO - DAG(s) dict_keys(['example_branch_labels']) retrieved from /home/airflow/.local/lib/python3.6/site-packages/airflow/example_dags/example_branch_labels.py
[2025-05-19 08:52:19,314] {logging_mixin.py:109} INFO - [2025-05-19 08:52:19,314] {manager.py:496} INFO - Created Permission View: can read on DAG:example_branch_labels
[2025-05-19 08:52:19,390] {logging_mixin.py:109} INFO - [2025-05-19 08:52:19,389] {manager.py:496} INFO - Created Permission View: can edit on DAG:example_branch_labels
[2025-05-19 08:52:19,399] {logging_mixin.py:109} INFO - [2025-05-19 08:52:19,395] {dag.py:2396} INFO - Sync 1 DAGs
[2025-05-19 08:52:19,473] {logging_mixin.py:109} INFO - [2025-05-19 08:52:19,469] {dag.py:2415} INFO - Creating ORM DAG for example_branch_labels
[2025-05-19 08:52:19,523] {logging_mixin.py:109} INFO - [2025-05-19 08:52:19,523] {dag.py:2935} INFO - Setting next_dagrun for example_branch_labels to 2025-05-18 00:00:00+00:00
[2025-05-19 08:52:19,574] {processor.py:171} INFO - Processing /home/airflow/.local/lib/python3.6/site-packages/airflow/example_dags/example_branch_labels.py took 10.810 seconds
[2025-05-19 08:55:18,109] {processor.py:163} INFO - Started process (PID=436) to work on /home/airflow/.local/lib/python3.6/site-packages/airflow/example_dags/example_branch_labels.py
[2025-05-19 08:55:18,132] {processor.py:642} INFO - Processing file /home/airflow/.local/lib/python3.6/site-packages/airflow/example_dags/example_branch_labels.py for tasks to queue
[2025-05-19 08:55:18,135] {logging_mixin.py:109} INFO - [2025-05-19 08:55:18,135] {dagbag.py:500} INFO - Filling up the DagBag from /home/airflow/.local/lib/python3.6/site-packages/airflow/example_dags/example_branch_labels.py
[2025-05-19 08:55:18,331] {processor.py:654} INFO - DAG(s) dict_keys(['example_branch_labels']) retrieved from /home/airflow/.local/lib/python3.6/site-packages/airflow/example_dags/example_branch_labels.py
[2025-05-19 08:55:18,411] {logging_mixin.py:109} INFO - [2025-05-19 08:55:18,411] {dag.py:2396} INFO - Sync 1 DAGs
[2025-05-19 08:55:18,541] {logging_mixin.py:109} INFO - [2025-05-19 08:55:18,539] {dag.py:2935} INFO - Setting next_dagrun for example_branch_labels to 2025-05-18 00:00:00+00:00
[2025-05-19 08:55:18,603] {processor.py:171} INFO - Processing /home/airflow/.local/lib/python3.6/site-packages/airflow/example_dags/example_branch_labels.py took 0.519 seconds
[2025-05-19 08:55:48,907] {processor.py:163} INFO - Started process (PID=486) to work on /home/airflow/.local/lib/python3.6/site-packages/airflow/example_dags/example_branch_labels.py
[2025-05-19 08:55:48,912] {processor.py:642} INFO - Processing file /home/airflow/.local/lib/python3.6/site-packages/airflow/example_dags/example_branch_labels.py for tasks to queue
[2025-05-19 08:55:48,915] {logging_mixin.py:109} INFO - [2025-05-19 08:55:48,914] {dagbag.py:500} INFO - Filling up the DagBag from /home/airflow/.local/lib/python3.6/site-packages/airflow/example_dags/example_branch_labels.py
[2025-05-19 08:55:49,081] {processor.py:654} INFO - DAG(s) dict_keys(['example_branch_labels']) retrieved from /home/airflow/.local/lib/python3.6/site-packages/airflow/example_dags/example_branch_labels.py
[2025-05-19 08:55:49,149] {logging_mixin.py:109} INFO - [2025-05-19 08:55:49,149] {dag.py:2396} INFO - Sync 1 DAGs
[2025-05-19 08:55:49,307] {logging_mixin.py:109} INFO - [2025-05-19 08:55:49,306] {dag.py:2935} INFO - Setting next_dagrun for example_branch_labels to 2025-05-18 00:00:00+00:00
[2025-05-19 08:55:49,365] {processor.py:171} INFO - Processing /home/airflow/.local/lib/python3.6/site-packages/airflow/example_dags/example_branch_labels.py took 0.480 seconds
[2025-05-19 08:56:19,520] {processor.py:163} INFO - Started process (PID=527) to work on /home/airflow/.local/lib/python3.6/site-packages/airflow/example_dags/example_branch_labels.py
[2025-05-19 08:56:19,523] {processor.py:642} INFO - Processing file /home/airflow/.local/lib/python3.6/site-packages/airflow/example_dags/example_branch_labels.py for tasks to queue
[2025-05-19 08:56:19,526] {logging_mixin.py:109} INFO - [2025-05-19 08:56:19,525] {dagbag.py:500} INFO - Filling up the DagBag from /home/airflow/.local/lib/python3.6/site-packages/airflow/example_dags/example_branch_labels.py
[2025-05-19 08:56:19,609] {processor.py:654} INFO - DAG(s) dict_keys(['example_branch_labels']) retrieved from /home/airflow/.local/lib/python3.6/site-packages/airflow/example_dags/example_branch_labels.py
[2025-05-19 08:56:19,634] {logging_mixin.py:109} INFO - [2025-05-19 08:56:19,634] {dag.py:2396} INFO - Sync 1 DAGs
[2025-05-19 08:56:19,687] {logging_mixin.py:109} INFO - [2025-05-19 08:56:19,687] {dag.py:2935} INFO - Setting next_dagrun for example_branch_labels to 2025-05-18 00:00:00+00:00
[2025-05-19 08:56:19,709] {processor.py:171} INFO - Processing /home/airflow/.local/lib/python3.6/site-packages/airflow/example_dags/example_branch_labels.py took 0.204 seconds
[2025-05-19 08:56:49,865] {processor.py:163} INFO - Started process (PID=579) to work on /home/airflow/.local/lib/python3.6/site-packages/airflow/example_dags/example_branch_labels.py
[2025-05-19 08:56:49,869] {processor.py:642} INFO - Processing file /home/airflow/.local/lib/python3.6/site-packages/airflow/example_dags/example_branch_labels.py for tasks to queue
[2025-05-19 08:56:49,871] {logging_mixin.py:109} INFO - [2025-05-19 08:56:49,871] {dagbag.py:500} INFO - Filling up the DagBag from /home/airflow/.local/lib/python3.6/site-packages/airflow/example_dags/example_branch_labels.py
[2025-05-19 08:56:49,933] {processor.py:654} INFO - DAG(s) dict_keys(['example_branch_labels']) retrieved from /home/airflow/.local/lib/python3.6/site-packages/airflow/example_dags/example_branch_labels.py
[2025-05-19 08:56:49,958] {logging_mixin.py:109} INFO - [2025-05-19 08:56:49,958] {dag.py:2396} INFO - Sync 1 DAGs
[2025-05-19 08:56:50,000] {logging_mixin.py:109} INFO - [2025-05-19 08:56:49,999] {dag.py:2935} INFO - Setting next_dagrun for example_branch_labels to 2025-05-18 00:00:00+00:00
[2025-05-19 08:56:50,021] {processor.py:171} INFO - Processing /home/airflow/.local/lib/python3.6/site-packages/airflow/example_dags/example_branch_labels.py took 0.164 seconds
[2025-05-19 08:57:20,129] {processor.py:163} INFO - Started process (PID=631) to work on /home/airflow/.local/lib/python3.6/site-packages/airflow/example_dags/example_branch_labels.py
[2025-05-19 08:57:20,132] {processor.py:642} INFO - Processing file /home/airflow/.local/lib/python3.6/site-packages/airflow/example_dags/example_branch_labels.py for tasks to queue
[2025-05-19 08:57:20,134] {logging_mixin.py:109} INFO - [2025-05-19 08:57:20,134] {dagbag.py:500} INFO - Filling up the DagBag from /home/airflow/.local/lib/python3.6/site-packages/airflow/example_dags/example_branch_labels.py
[2025-05-19 08:57:20,195] {processor.py:654} INFO - DAG(s) dict_keys(['example_branch_labels']) retrieved from /home/airflow/.local/lib/python3.6/site-packages/airflow/example_dags/example_branch_labels.py
[2025-05-19 08:57:20,217] {logging_mixin.py:109} INFO - [2025-05-19 08:57:20,217] {dag.py:2396} INFO - Sync 1 DAGs
[2025-05-19 08:57:20,269] {logging_mixin.py:109} INFO - [2025-05-19 08:57:20,269] {dag.py:2935} INFO - Setting next_dagrun for example_branch_labels to 2025-05-18 00:00:00+00:00
[2025-05-19 08:57:20,293] {processor.py:171} INFO - Processing /home/airflow/.local/lib/python3.6/site-packages/airflow/example_dags/example_branch_labels.py took 0.172 seconds
[2025-05-19 08:57:50,853] {processor.py:163} INFO - Started process (PID=683) to work on /home/airflow/.local/lib/python3.6/site-packages/airflow/example_dags/example_branch_labels.py
[2025-05-19 08:57:50,856] {processor.py:642} INFO - Processing file /home/airflow/.local/lib/python3.6/site-packages/airflow/example_dags/example_branch_labels.py for tasks to queue
[2025-05-19 08:57:50,858] {logging_mixin.py:109} INFO - [2025-05-19 08:57:50,858] {dagbag.py:500} INFO - Filling up the DagBag from /home/airflow/.local/lib/python3.6/site-packages/airflow/example_dags/example_branch_labels.py
[2025-05-19 08:57:50,972] {processor.py:654} INFO - DAG(s) dict_keys(['example_branch_labels']) retrieved from /home/airflow/.local/lib/python3.6/site-packages/airflow/example_dags/example_branch_labels.py
[2025-05-19 08:57:51,063] {logging_mixin.py:109} INFO - [2025-05-19 08:57:51,062] {dag.py:2396} INFO - Sync 1 DAGs
[2025-05-19 08:57:51,168] {logging_mixin.py:109} INFO - [2025-05-19 08:57:51,167] {dag.py:2935} INFO - Setting next_dagrun for example_branch_labels to 2025-05-18 00:00:00+00:00
[2025-05-19 08:57:51,220] {processor.py:171} INFO - Processing /home/airflow/.local/lib/python3.6/site-packages/airflow/example_dags/example_branch_labels.py took 0.373 seconds
[2025-05-19 08:58:21,474] {processor.py:163} INFO - Started process (PID=735) to work on /home/airflow/.local/lib/python3.6/site-packages/airflow/example_dags/example_branch_labels.py
[2025-05-19 08:58:21,479] {processor.py:642} INFO - Processing file /home/airflow/.local/lib/python3.6/site-packages/airflow/example_dags/example_branch_labels.py for tasks to queue
[2025-05-19 08:58:21,482] {logging_mixin.py:109} INFO - [2025-05-19 08:58:21,482] {dagbag.py:500} INFO - Filling up the DagBag from /home/airflow/.local/lib/python3.6/site-packages/airflow/example_dags/example_branch_labels.py
[2025-05-19 08:58:21,596] {processor.py:654} INFO - DAG(s) dict_keys(['example_branch_labels']) retrieved from /home/airflow/.local/lib/python3.6/site-packages/airflow/example_dags/example_branch_labels.py
[2025-05-19 08:58:21,644] {logging_mixin.py:109} INFO - [2025-05-19 08:58:21,643] {dag.py:2396} INFO - Sync 1 DAGs
[2025-05-19 08:58:21,728] {logging_mixin.py:109} INFO - [2025-05-19 08:58:21,727] {dag.py:2935} INFO - Setting next_dagrun for example_branch_labels to 2025-05-18 00:00:00+00:00
[2025-05-19 08:58:21,749] {processor.py:171} INFO - Processing /home/airflow/.local/lib/python3.6/site-packages/airflow/example_dags/example_branch_labels.py took 0.286 seconds
[2025-05-19 08:58:51,881] {processor.py:163} INFO - Started process (PID=796) to work on /home/airflow/.local/lib/python3.6/site-packages/airflow/example_dags/example_branch_labels.py
[2025-05-19 08:58:51,884] {processor.py:642} INFO - Processing file /home/airflow/.local/lib/python3.6/site-packages/airflow/example_dags/example_branch_labels.py for tasks to queue
[2025-05-19 08:58:51,887] {logging_mixin.py:109} INFO - [2025-05-19 08:58:51,886] {dagbag.py:500} INFO - Filling up the DagBag from /home/airflow/.local/lib/python3.6/site-packages/airflow/example_dags/example_branch_labels.py
[2025-05-19 08:58:51,962] {processor.py:654} INFO - DAG(s) dict_keys(['example_branch_labels']) retrieved from /home/airflow/.local/lib/python3.6/site-packages/airflow/example_dags/example_branch_labels.py
[2025-05-19 08:58:51,991] {logging_mixin.py:109} INFO - [2025-05-19 08:58:51,990] {dag.py:2396} INFO - Sync 1 DAGs
[2025-05-19 08:58:52,041] {logging_mixin.py:109} INFO - [2025-05-19 08:58:52,040] {dag.py:2935} INFO - Setting next_dagrun for example_branch_labels to 2025-05-18 00:00:00+00:00
[2025-05-19 08:58:52,062] {processor.py:171} INFO - Processing /home/airflow/.local/lib/python3.6/site-packages/airflow/example_dags/example_branch_labels.py took 0.188 seconds
[2025-05-19 08:59:23,009] {processor.py:163} INFO - Started process (PID=849) to work on /home/airflow/.local/lib/python3.6/site-packages/airflow/example_dags/example_branch_labels.py
[2025-05-19 08:59:23,020] {processor.py:642} INFO - Processing file /home/airflow/.local/lib/python3.6/site-packages/airflow/example_dags/example_branch_labels.py for tasks to queue
[2025-05-19 08:59:23,023] {logging_mixin.py:109} INFO - [2025-05-19 08:59:23,023] {dagbag.py:500} INFO - Filling up the DagBag from /home/airflow/.local/lib/python3.6/site-packages/airflow/example_dags/example_branch_labels.py
[2025-05-19 08:59:23,172] {processor.py:654} INFO - DAG(s) dict_keys(['example_branch_labels']) retrieved from /home/airflow/.local/lib/python3.6/site-packages/airflow/example_dags/example_branch_labels.py
[2025-05-19 08:59:23,229] {logging_mixin.py:109} INFO - [2025-05-19 08:59:23,229] {dag.py:2396} INFO - Sync 1 DAGs
[2025-05-19 08:59:23,318] {logging_mixin.py:109} INFO - [2025-05-19 08:59:23,317] {dag.py:2935} INFO - Setting next_dagrun for example_branch_labels to 2025-05-18 00:00:00+00:00
[2025-05-19 08:59:23,346] {processor.py:171} INFO - Processing /home/airflow/.local/lib/python3.6/site-packages/airflow/example_dags/example_branch_labels.py took 0.355 seconds
[2025-05-19 08:59:53,478] {processor.py:163} INFO - Started process (PID=902) to work on /home/airflow/.local/lib/python3.6/site-packages/airflow/example_dags/example_branch_labels.py
[2025-05-19 08:59:53,481] {processor.py:642} INFO - Processing file /home/airflow/.local/lib/python3.6/site-packages/airflow/example_dags/example_branch_labels.py for tasks to queue
[2025-05-19 08:59:53,483] {logging_mixin.py:109} INFO - [2025-05-19 08:59:53,483] {dagbag.py:500} INFO - Filling up the DagBag from /home/airflow/.local/lib/python3.6/site-packages/airflow/example_dags/example_branch_labels.py
[2025-05-19 08:59:53,566] {processor.py:654} INFO - DAG(s) dict_keys(['example_branch_labels']) retrieved from /home/airflow/.local/lib/python3.6/site-packages/airflow/example_dags/example_branch_labels.py
[2025-05-19 08:59:53,598] {logging_mixin.py:109} INFO - [2025-05-19 08:59:53,597] {dag.py:2396} INFO - Sync 1 DAGs
[2025-05-19 08:59:53,649] {logging_mixin.py:109} INFO - [2025-05-19 08:59:53,649] {dag.py:2935} INFO - Setting next_dagrun for example_branch_labels to 2025-05-18 00:00:00+00:00
[2025-05-19 08:59:53,669] {processor.py:171} INFO - Processing /home/airflow/.local/lib/python3.6/site-packages/airflow/example_dags/example_branch_labels.py took 0.199 seconds
[2025-05-19 09:00:23,823] {processor.py:163} INFO - Started process (PID=954) to work on /home/airflow/.local/lib/python3.6/site-packages/airflow/example_dags/example_branch_labels.py
[2025-05-19 09:00:23,826] {processor.py:642} INFO - Processing file /home/airflow/.local/lib/python3.6/site-packages/airflow/example_dags/example_branch_labels.py for tasks to queue
[2025-05-19 09:00:23,828] {logging_mixin.py:109} INFO - [2025-05-19 09:00:23,828] {dagbag.py:500} INFO - Filling up the DagBag from /home/airflow/.local/lib/python3.6/site-packages/airflow/example_dags/example_branch_labels.py
[2025-05-19 09:00:23,920] {processor.py:654} INFO - DAG(s) dict_keys(['example_branch_labels']) retrieved from /home/airflow/.local/lib/python3.6/site-packages/airflow/example_dags/example_branch_labels.py
[2025-05-19 09:00:23,961] {logging_mixin.py:109} INFO - [2025-05-19 09:00:23,961] {dag.py:2396} INFO - Sync 1 DAGs
[2025-05-19 09:00:24,022] {logging_mixin.py:109} INFO - [2025-05-19 09:00:24,022] {dag.py:2935} INFO - Setting next_dagrun for example_branch_labels to 2025-05-18 00:00:00+00:00
[2025-05-19 09:00:24,046] {processor.py:171} INFO - Processing /home/airflow/.local/lib/python3.6/site-packages/airflow/example_dags/example_branch_labels.py took 0.232 seconds
[2025-05-19 09:00:55,016] {processor.py:163} INFO - Started process (PID=1006) to work on /home/airflow/.local/lib/python3.6/site-packages/airflow/example_dags/example_branch_labels.py
[2025-05-19 09:00:55,019] {processor.py:642} INFO - Processing file /home/airflow/.local/lib/python3.6/site-packages/airflow/example_dags/example_branch_labels.py for tasks to queue
[2025-05-19 09:00:55,021] {logging_mixin.py:109} INFO - [2025-05-19 09:00:55,021] {dagbag.py:500} INFO - Filling up the DagBag from /home/airflow/.local/lib/python3.6/site-packages/airflow/example_dags/example_branch_labels.py
[2025-05-19 09:00:55,106] {processor.py:654} INFO - DAG(s) dict_keys(['example_branch_labels']) retrieved from /home/airflow/.local/lib/python3.6/site-packages/airflow/example_dags/example_branch_labels.py
[2025-05-19 09:00:55,134] {logging_mixin.py:109} INFO - [2025-05-19 09:00:55,133] {dag.py:2396} INFO - Sync 1 DAGs
[2025-05-19 09:00:55,201] {logging_mixin.py:109} INFO - [2025-05-19 09:00:55,201] {dag.py:2935} INFO - Setting next_dagrun for example_branch_labels to 2025-05-18 00:00:00+00:00
[2025-05-19 09:00:55,239] {processor.py:171} INFO - Processing /home/airflow/.local/lib/python3.6/site-packages/airflow/example_dags/example_branch_labels.py took 0.233 seconds
[2025-05-19 09:01:26,099] {processor.py:163} INFO - Started process (PID=1057) to work on /home/airflow/.local/lib/python3.6/site-packages/airflow/example_dags/example_branch_labels.py
[2025-05-19 09:01:26,128] {processor.py:642} INFO - Processing file /home/airflow/.local/lib/python3.6/site-packages/airflow/example_dags/example_branch_labels.py for tasks to queue
[2025-05-19 09:01:26,144] {logging_mixin.py:109} INFO - [2025-05-19 09:01:26,144] {dagbag.py:500} INFO - Filling up the DagBag from /home/airflow/.local/lib/python3.6/site-packages/airflow/example_dags/example_branch_labels.py
[2025-05-19 09:01:26,364] {processor.py:654} INFO - DAG(s) dict_keys(['example_branch_labels']) retrieved from /home/airflow/.local/lib/python3.6/site-packages/airflow/example_dags/example_branch_labels.py
[2025-05-19 09:01:26,443] {logging_mixin.py:109} INFO - [2025-05-19 09:01:26,443] {dag.py:2396} INFO - Sync 1 DAGs
[2025-05-19 09:01:26,560] {logging_mixin.py:109} INFO - [2025-05-19 09:01:26,560] {dag.py:2935} INFO - Setting next_dagrun for example_branch_labels to 2025-05-18 00:00:00+00:00
[2025-05-19 09:01:26,591] {processor.py:171} INFO - Processing /home/airflow/.local/lib/python3.6/site-packages/airflow/example_dags/example_branch_labels.py took 0.510 seconds
[2025-05-19 09:01:56,850] {processor.py:163} INFO - Started process (PID=1100) to work on /home/airflow/.local/lib/python3.6/site-packages/airflow/example_dags/example_branch_labels.py
[2025-05-19 09:01:56,854] {processor.py:642} INFO - Processing file /home/airflow/.local/lib/python3.6/site-packages/airflow/example_dags/example_branch_labels.py for tasks to queue
[2025-05-19 09:01:56,857] {logging_mixin.py:109} INFO - [2025-05-19 09:01:56,856] {dagbag.py:500} INFO - Filling up the DagBag from /home/airflow/.local/lib/python3.6/site-packages/airflow/example_dags/example_branch_labels.py
[2025-05-19 09:01:56,957] {processor.py:654} INFO - DAG(s) dict_keys(['example_branch_labels']) retrieved from /home/airflow/.local/lib/python3.6/site-packages/airflow/example_dags/example_branch_labels.py
[2025-05-19 09:01:56,991] {logging_mixin.py:109} INFO - [2025-05-19 09:01:56,990] {dag.py:2396} INFO - Sync 1 DAGs
[2025-05-19 09:01:57,057] {logging_mixin.py:109} INFO - [2025-05-19 09:01:57,057] {dag.py:2935} INFO - Setting next_dagrun for example_branch_labels to 2025-05-18 00:00:00+00:00
[2025-05-19 09:01:57,084] {processor.py:171} INFO - Processing /home/airflow/.local/lib/python3.6/site-packages/airflow/example_dags/example_branch_labels.py took 0.244 seconds
[2025-05-19 09:02:27,348] {processor.py:163} INFO - Started process (PID=1153) to work on /home/airflow/.local/lib/python3.6/site-packages/airflow/example_dags/example_branch_labels.py
[2025-05-19 09:02:27,351] {processor.py:642} INFO - Processing file /home/airflow/.local/lib/python3.6/site-packages/airflow/example_dags/example_branch_labels.py for tasks to queue
[2025-05-19 09:02:27,354] {logging_mixin.py:109} INFO - [2025-05-19 09:02:27,354] {dagbag.py:500} INFO - Filling up the DagBag from /home/airflow/.local/lib/python3.6/site-packages/airflow/example_dags/example_branch_labels.py
[2025-05-19 09:02:27,453] {processor.py:654} INFO - DAG(s) dict_keys(['example_branch_labels']) retrieved from /home/airflow/.local/lib/python3.6/site-packages/airflow/example_dags/example_branch_labels.py
[2025-05-19 09:02:27,492] {logging_mixin.py:109} INFO - [2025-05-19 09:02:27,491] {dag.py:2396} INFO - Sync 1 DAGs
[2025-05-19 09:02:27,568] {logging_mixin.py:109} INFO - [2025-05-19 09:02:27,567] {dag.py:2935} INFO - Setting next_dagrun for example_branch_labels to 2025-05-18 00:00:00+00:00
[2025-05-19 09:02:27,593] {processor.py:171} INFO - Processing /home/airflow/.local/lib/python3.6/site-packages/airflow/example_dags/example_branch_labels.py took 0.255 seconds
[2025-05-19 09:02:58,467] {processor.py:163} INFO - Started process (PID=1204) to work on /home/airflow/.local/lib/python3.6/site-packages/airflow/example_dags/example_branch_labels.py
[2025-05-19 09:02:58,476] {processor.py:642} INFO - Processing file /home/airflow/.local/lib/python3.6/site-packages/airflow/example_dags/example_branch_labels.py for tasks to queue
[2025-05-19 09:02:58,478] {logging_mixin.py:109} INFO - [2025-05-19 09:02:58,478] {dagbag.py:500} INFO - Filling up the DagBag from /home/airflow/.local/lib/python3.6/site-packages/airflow/example_dags/example_branch_labels.py
[2025-05-19 09:02:58,598] {processor.py:654} INFO - DAG(s) dict_keys(['example_branch_labels']) retrieved from /home/airflow/.local/lib/python3.6/site-packages/airflow/example_dags/example_branch_labels.py
[2025-05-19 09:02:58,674] {logging_mixin.py:109} INFO - [2025-05-19 09:02:58,674] {dag.py:2396} INFO - Sync 1 DAGs
[2025-05-19 09:02:58,763] {logging_mixin.py:109} INFO - [2025-05-19 09:02:58,762] {dag.py:2935} INFO - Setting next_dagrun for example_branch_labels to 2025-05-18 00:00:00+00:00
[2025-05-19 09:02:58,796] {processor.py:171} INFO - Processing /home/airflow/.local/lib/python3.6/site-packages/airflow/example_dags/example_branch_labels.py took 0.342 seconds
[2025-05-19 09:03:28,997] {processor.py:163} INFO - Started process (PID=1247) to work on /home/airflow/.local/lib/python3.6/site-packages/airflow/example_dags/example_branch_labels.py
[2025-05-19 09:03:29,000] {processor.py:642} INFO - Processing file /home/airflow/.local/lib/python3.6/site-packages/airflow/example_dags/example_branch_labels.py for tasks to queue
[2025-05-19 09:03:29,003] {logging_mixin.py:109} INFO - [2025-05-19 09:03:29,002] {dagbag.py:500} INFO - Filling up the DagBag from /home/airflow/.local/lib/python3.6/site-packages/airflow/example_dags/example_branch_labels.py
[2025-05-19 09:03:29,074] {processor.py:654} INFO - DAG(s) dict_keys(['example_branch_labels']) retrieved from /home/airflow/.local/lib/python3.6/site-packages/airflow/example_dags/example_branch_labels.py
[2025-05-19 09:03:29,103] {logging_mixin.py:109} INFO - [2025-05-19 09:03:29,103] {dag.py:2396} INFO - Sync 1 DAGs
[2025-05-19 09:03:29,152] {logging_mixin.py:109} INFO - [2025-05-19 09:03:29,152] {dag.py:2935} INFO - Setting next_dagrun for example_branch_labels to 2025-05-18 00:00:00+00:00
[2025-05-19 09:03:29,173] {processor.py:171} INFO - Processing /home/airflow/.local/lib/python3.6/site-packages/airflow/example_dags/example_branch_labels.py took 0.184 seconds
[2025-05-19 09:03:59,254] {processor.py:163} INFO - Started process (PID=1298) to work on /home/airflow/.local/lib/python3.6/site-packages/airflow/example_dags/example_branch_labels.py
[2025-05-19 09:03:59,258] {processor.py:642} INFO - Processing file /home/airflow/.local/lib/python3.6/site-packages/airflow/example_dags/example_branch_labels.py for tasks to queue
[2025-05-19 09:03:59,260] {logging_mixin.py:109} INFO - [2025-05-19 09:03:59,259] {dagbag.py:500} INFO - Filling up the DagBag from /home/airflow/.local/lib/python3.6/site-packages/airflow/example_dags/example_branch_labels.py
[2025-05-19 09:03:59,338] {processor.py:654} INFO - DAG(s) dict_keys(['example_branch_labels']) retrieved from /home/airflow/.local/lib/python3.6/site-packages/airflow/example_dags/example_branch_labels.py
[2025-05-19 09:03:59,363] {logging_mixin.py:109} INFO - [2025-05-19 09:03:59,363] {dag.py:2396} INFO - Sync 1 DAGs
[2025-05-19 09:03:59,400] {logging_mixin.py:109} INFO - [2025-05-19 09:03:59,400] {dag.py:2935} INFO - Setting next_dagrun for example_branch_labels to 2025-05-18 00:00:00+00:00
[2025-05-19 09:03:59,420] {processor.py:171} INFO - Processing /home/airflow/.local/lib/python3.6/site-packages/airflow/example_dags/example_branch_labels.py took 0.178 seconds
[2025-05-19 09:04:29,666] {processor.py:163} INFO - Started process (PID=1350) to work on /home/airflow/.local/lib/python3.6/site-packages/airflow/example_dags/example_branch_labels.py
[2025-05-19 09:04:29,669] {processor.py:642} INFO - Processing file /home/airflow/.local/lib/python3.6/site-packages/airflow/example_dags/example_branch_labels.py for tasks to queue
[2025-05-19 09:04:29,672] {logging_mixin.py:109} INFO - [2025-05-19 09:04:29,671] {dagbag.py:500} INFO - Filling up the DagBag from /home/airflow/.local/lib/python3.6/site-packages/airflow/example_dags/example_branch_labels.py
[2025-05-19 09:04:29,759] {processor.py:654} INFO - DAG(s) dict_keys(['example_branch_labels']) retrieved from /home/airflow/.local/lib/python3.6/site-packages/airflow/example_dags/example_branch_labels.py
[2025-05-19 09:04:29,791] {logging_mixin.py:109} INFO - [2025-05-19 09:04:29,790] {dag.py:2396} INFO - Sync 1 DAGs
[2025-05-19 09:04:29,887] {logging_mixin.py:109} INFO - [2025-05-19 09:04:29,887] {dag.py:2935} INFO - Setting next_dagrun for example_branch_labels to 2025-05-18 00:00:00+00:00
[2025-05-19 09:04:29,925] {processor.py:171} INFO - Processing /home/airflow/.local/lib/python3.6/site-packages/airflow/example_dags/example_branch_labels.py took 0.268 seconds
[2025-05-19 09:05:00,102] {processor.py:163} INFO - Started process (PID=1403) to work on /home/airflow/.local/lib/python3.6/site-packages/airflow/example_dags/example_branch_labels.py
[2025-05-19 09:05:00,107] {processor.py:642} INFO - Processing file /home/airflow/.local/lib/python3.6/site-packages/airflow/example_dags/example_branch_labels.py for tasks to queue
[2025-05-19 09:05:00,110] {logging_mixin.py:109} INFO - [2025-05-19 09:05:00,110] {dagbag.py:500} INFO - Filling up the DagBag from /home/airflow/.local/lib/python3.6/site-packages/airflow/example_dags/example_branch_labels.py
[2025-05-19 09:05:00,187] {processor.py:654} INFO - DAG(s) dict_keys(['example_branch_labels']) retrieved from /home/airflow/.local/lib/python3.6/site-packages/airflow/example_dags/example_branch_labels.py
[2025-05-19 09:05:00,216] {logging_mixin.py:109} INFO - [2025-05-19 09:05:00,216] {dag.py:2396} INFO - Sync 1 DAGs
[2025-05-19 09:05:00,275] {logging_mixin.py:109} INFO - [2025-05-19 09:05:00,275] {dag.py:2935} INFO - Setting next_dagrun for example_branch_labels to 2025-05-18 00:00:00+00:00
[2025-05-19 09:05:00,296] {processor.py:171} INFO - Processing /home/airflow/.local/lib/python3.6/site-packages/airflow/example_dags/example_branch_labels.py took 0.203 seconds
[2025-05-19 09:05:30,595] {processor.py:163} INFO - Started process (PID=1455) to work on /home/airflow/.local/lib/python3.6/site-packages/airflow/example_dags/example_branch_labels.py
[2025-05-19 09:05:30,600] {processor.py:642} INFO - Processing file /home/airflow/.local/lib/python3.6/site-packages/airflow/example_dags/example_branch_labels.py for tasks to queue
[2025-05-19 09:05:30,605] {logging_mixin.py:109} INFO - [2025-05-19 09:05:30,605] {dagbag.py:500} INFO - Filling up the DagBag from /home/airflow/.local/lib/python3.6/site-packages/airflow/example_dags/example_branch_labels.py
[2025-05-19 09:05:30,719] {processor.py:654} INFO - DAG(s) dict_keys(['example_branch_labels']) retrieved from /home/airflow/.local/lib/python3.6/site-packages/airflow/example_dags/example_branch_labels.py
[2025-05-19 09:05:30,741] {logging_mixin.py:109} INFO - [2025-05-19 09:05:30,741] {dag.py:2396} INFO - Sync 1 DAGs
[2025-05-19 09:05:30,792] {logging_mixin.py:109} INFO - [2025-05-19 09:05:30,792] {dag.py:2935} INFO - Setting next_dagrun for example_branch_labels to 2025-05-18 00:00:00+00:00
[2025-05-19 09:05:30,811] {processor.py:171} INFO - Processing /home/airflow/.local/lib/python3.6/site-packages/airflow/example_dags/example_branch_labels.py took 0.233 seconds
[2025-05-19 09:06:01,026] {processor.py:163} INFO - Started process (PID=1508) to work on /home/airflow/.local/lib/python3.6/site-packages/airflow/example_dags/example_branch_labels.py
[2025-05-19 09:06:01,028] {processor.py:642} INFO - Processing file /home/airflow/.local/lib/python3.6/site-packages/airflow/example_dags/example_branch_labels.py for tasks to queue
[2025-05-19 09:06:01,029] {logging_mixin.py:109} INFO - [2025-05-19 09:06:01,029] {dagbag.py:500} INFO - Filling up the DagBag from /home/airflow/.local/lib/python3.6/site-packages/airflow/example_dags/example_branch_labels.py
[2025-05-19 09:06:01,066] {processor.py:654} INFO - DAG(s) dict_keys(['example_branch_labels']) retrieved from /home/airflow/.local/lib/python3.6/site-packages/airflow/example_dags/example_branch_labels.py
[2025-05-19 09:06:01,082] {logging_mixin.py:109} INFO - [2025-05-19 09:06:01,082] {dag.py:2396} INFO - Sync 1 DAGs
[2025-05-19 09:06:01,111] {logging_mixin.py:109} INFO - [2025-05-19 09:06:01,111] {dag.py:2935} INFO - Setting next_dagrun for example_branch_labels to 2025-05-18 00:00:00+00:00
[2025-05-19 09:06:01,128] {processor.py:171} INFO - Processing /home/airflow/.local/lib/python3.6/site-packages/airflow/example_dags/example_branch_labels.py took 0.106 seconds
[2025-05-19 09:06:31,969] {processor.py:163} INFO - Started process (PID=1560) to work on /home/airflow/.local/lib/python3.6/site-packages/airflow/example_dags/example_branch_labels.py
[2025-05-19 09:06:31,970] {processor.py:642} INFO - Processing file /home/airflow/.local/lib/python3.6/site-packages/airflow/example_dags/example_branch_labels.py for tasks to queue
[2025-05-19 09:06:31,971] {logging_mixin.py:109} INFO - [2025-05-19 09:06:31,971] {dagbag.py:500} INFO - Filling up the DagBag from /home/airflow/.local/lib/python3.6/site-packages/airflow/example_dags/example_branch_labels.py
[2025-05-19 09:06:32,001] {processor.py:654} INFO - DAG(s) dict_keys(['example_branch_labels']) retrieved from /home/airflow/.local/lib/python3.6/site-packages/airflow/example_dags/example_branch_labels.py
[2025-05-19 09:06:32,014] {logging_mixin.py:109} INFO - [2025-05-19 09:06:32,014] {dag.py:2396} INFO - Sync 1 DAGs
[2025-05-19 09:06:32,034] {logging_mixin.py:109} INFO - [2025-05-19 09:06:32,034] {dag.py:2935} INFO - Setting next_dagrun for example_branch_labels to 2025-05-18 00:00:00+00:00
[2025-05-19 09:06:32,045] {processor.py:171} INFO - Processing /home/airflow/.local/lib/python3.6/site-packages/airflow/example_dags/example_branch_labels.py took 0.079 seconds
[2025-05-19 09:07:02,896] {processor.py:163} INFO - Started process (PID=1622) to work on /home/airflow/.local/lib/python3.6/site-packages/airflow/example_dags/example_branch_labels.py
[2025-05-19 09:07:02,899] {processor.py:642} INFO - Processing file /home/airflow/.local/lib/python3.6/site-packages/airflow/example_dags/example_branch_labels.py for tasks to queue
[2025-05-19 09:07:02,901] {logging_mixin.py:109} INFO - [2025-05-19 09:07:02,901] {dagbag.py:500} INFO - Filling up the DagBag from /home/airflow/.local/lib/python3.6/site-packages/airflow/example_dags/example_branch_labels.py
[2025-05-19 09:07:02,942] {processor.py:654} INFO - DAG(s) dict_keys(['example_branch_labels']) retrieved from /home/airflow/.local/lib/python3.6/site-packages/airflow/example_dags/example_branch_labels.py
[2025-05-19 09:07:02,959] {logging_mixin.py:109} INFO - [2025-05-19 09:07:02,959] {dag.py:2396} INFO - Sync 1 DAGs
[2025-05-19 09:07:02,989] {logging_mixin.py:109} INFO - [2025-05-19 09:07:02,989] {dag.py:2935} INFO - Setting next_dagrun for example_branch_labels to 2025-05-18 00:00:00+00:00
[2025-05-19 09:07:03,003] {processor.py:171} INFO - Processing /home/airflow/.local/lib/python3.6/site-packages/airflow/example_dags/example_branch_labels.py took 0.113 seconds
[2025-05-19 09:07:33,248] {processor.py:163} INFO - Started process (PID=1674) to work on /home/airflow/.local/lib/python3.6/site-packages/airflow/example_dags/example_branch_labels.py
[2025-05-19 09:07:33,250] {processor.py:642} INFO - Processing file /home/airflow/.local/lib/python3.6/site-packages/airflow/example_dags/example_branch_labels.py for tasks to queue
[2025-05-19 09:07:33,251] {logging_mixin.py:109} INFO - [2025-05-19 09:07:33,251] {dagbag.py:500} INFO - Filling up the DagBag from /home/airflow/.local/lib/python3.6/site-packages/airflow/example_dags/example_branch_labels.py
[2025-05-19 09:07:33,285] {processor.py:654} INFO - DAG(s) dict_keys(['example_branch_labels']) retrieved from /home/airflow/.local/lib/python3.6/site-packages/airflow/example_dags/example_branch_labels.py
[2025-05-19 09:07:33,297] {logging_mixin.py:109} INFO - [2025-05-19 09:07:33,297] {dag.py:2396} INFO - Sync 1 DAGs
[2025-05-19 09:07:33,320] {logging_mixin.py:109} INFO - [2025-05-19 09:07:33,320] {dag.py:2935} INFO - Setting next_dagrun for example_branch_labels to 2025-05-18 00:00:00+00:00
[2025-05-19 09:07:33,333] {processor.py:171} INFO - Processing /home/airflow/.local/lib/python3.6/site-packages/airflow/example_dags/example_branch_labels.py took 0.089 seconds
[2025-05-19 09:08:04,010] {processor.py:163} INFO - Started process (PID=1736) to work on /home/airflow/.local/lib/python3.6/site-packages/airflow/example_dags/example_branch_labels.py
[2025-05-19 09:08:04,012] {processor.py:642} INFO - Processing file /home/airflow/.local/lib/python3.6/site-packages/airflow/example_dags/example_branch_labels.py for tasks to queue
[2025-05-19 09:08:04,014] {logging_mixin.py:109} INFO - [2025-05-19 09:08:04,013] {dagbag.py:500} INFO - Filling up the DagBag from /home/airflow/.local/lib/python3.6/site-packages/airflow/example_dags/example_branch_labels.py
[2025-05-19 09:08:04,056] {processor.py:654} INFO - DAG(s) dict_keys(['example_branch_labels']) retrieved from /home/airflow/.local/lib/python3.6/site-packages/airflow/example_dags/example_branch_labels.py
[2025-05-19 09:08:04,075] {logging_mixin.py:109} INFO - [2025-05-19 09:08:04,075] {dag.py:2396} INFO - Sync 1 DAGs
[2025-05-19 09:08:04,105] {logging_mixin.py:109} INFO - [2025-05-19 09:08:04,105] {dag.py:2935} INFO - Setting next_dagrun for example_branch_labels to 2025-05-18 00:00:00+00:00
[2025-05-19 09:08:04,118] {processor.py:171} INFO - Processing /home/airflow/.local/lib/python3.6/site-packages/airflow/example_dags/example_branch_labels.py took 0.112 seconds
[2025-05-19 09:08:34,228] {processor.py:163} INFO - Started process (PID=1788) to work on /home/airflow/.local/lib/python3.6/site-packages/airflow/example_dags/example_branch_labels.py
[2025-05-19 09:08:34,230] {processor.py:642} INFO - Processing file /home/airflow/.local/lib/python3.6/site-packages/airflow/example_dags/example_branch_labels.py for tasks to queue
[2025-05-19 09:08:34,231] {logging_mixin.py:109} INFO - [2025-05-19 09:08:34,231] {dagbag.py:500} INFO - Filling up the DagBag from /home/airflow/.local/lib/python3.6/site-packages/airflow/example_dags/example_branch_labels.py
[2025-05-19 09:08:34,267] {processor.py:654} INFO - DAG(s) dict_keys(['example_branch_labels']) retrieved from /home/airflow/.local/lib/python3.6/site-packages/airflow/example_dags/example_branch_labels.py
[2025-05-19 09:08:34,281] {logging_mixin.py:109} INFO - [2025-05-19 09:08:34,281] {dag.py:2396} INFO - Sync 1 DAGs
[2025-05-19 09:08:34,306] {logging_mixin.py:109} INFO - [2025-05-19 09:08:34,306] {dag.py:2935} INFO - Setting next_dagrun for example_branch_labels to 2025-05-18 00:00:00+00:00
[2025-05-19 09:08:34,318] {processor.py:171} INFO - Processing /home/airflow/.local/lib/python3.6/site-packages/airflow/example_dags/example_branch_labels.py took 0.093 seconds
[2025-05-19 09:09:04,414] {processor.py:163} INFO - Started process (PID=1849) to work on /home/airflow/.local/lib/python3.6/site-packages/airflow/example_dags/example_branch_labels.py
[2025-05-19 09:09:04,417] {processor.py:642} INFO - Processing file /home/airflow/.local/lib/python3.6/site-packages/airflow/example_dags/example_branch_labels.py for tasks to queue
[2025-05-19 09:09:04,418] {logging_mixin.py:109} INFO - [2025-05-19 09:09:04,418] {dagbag.py:500} INFO - Filling up the DagBag from /home/airflow/.local/lib/python3.6/site-packages/airflow/example_dags/example_branch_labels.py
[2025-05-19 09:09:04,469] {processor.py:654} INFO - DAG(s) dict_keys(['example_branch_labels']) retrieved from /home/airflow/.local/lib/python3.6/site-packages/airflow/example_dags/example_branch_labels.py
[2025-05-19 09:09:04,489] {logging_mixin.py:109} INFO - [2025-05-19 09:09:04,489] {dag.py:2396} INFO - Sync 1 DAGs
[2025-05-19 09:09:04,535] {logging_mixin.py:109} INFO - [2025-05-19 09:09:04,535] {dag.py:2935} INFO - Setting next_dagrun for example_branch_labels to 2025-05-18 00:00:00+00:00
[2025-05-19 09:09:04,556] {processor.py:171} INFO - Processing /home/airflow/.local/lib/python3.6/site-packages/airflow/example_dags/example_branch_labels.py took 0.148 seconds
[2025-05-19 09:09:35,111] {processor.py:163} INFO - Started process (PID=1902) to work on /home/airflow/.local/lib/python3.6/site-packages/airflow/example_dags/example_branch_labels.py
[2025-05-19 09:09:35,112] {processor.py:642} INFO - Processing file /home/airflow/.local/lib/python3.6/site-packages/airflow/example_dags/example_branch_labels.py for tasks to queue
[2025-05-19 09:09:35,113] {logging_mixin.py:109} INFO - [2025-05-19 09:09:35,113] {dagbag.py:500} INFO - Filling up the DagBag from /home/airflow/.local/lib/python3.6/site-packages/airflow/example_dags/example_branch_labels.py
[2025-05-19 09:09:35,147] {processor.py:654} INFO - DAG(s) dict_keys(['example_branch_labels']) retrieved from /home/airflow/.local/lib/python3.6/site-packages/airflow/example_dags/example_branch_labels.py
[2025-05-19 09:09:35,160] {logging_mixin.py:109} INFO - [2025-05-19 09:09:35,159] {dag.py:2396} INFO - Sync 1 DAGs
[2025-05-19 09:09:35,187] {logging_mixin.py:109} INFO - [2025-05-19 09:09:35,187] {dag.py:2935} INFO - Setting next_dagrun for example_branch_labels to 2025-05-18 00:00:00+00:00
[2025-05-19 09:09:35,199] {processor.py:171} INFO - Processing /home/airflow/.local/lib/python3.6/site-packages/airflow/example_dags/example_branch_labels.py took 0.092 seconds
[2025-05-19 09:10:05,386] {processor.py:163} INFO - Started process (PID=1954) to work on /home/airflow/.local/lib/python3.6/site-packages/airflow/example_dags/example_branch_labels.py
[2025-05-19 09:10:05,394] {processor.py:642} INFO - Processing file /home/airflow/.local/lib/python3.6/site-packages/airflow/example_dags/example_branch_labels.py for tasks to queue
[2025-05-19 09:10:05,397] {logging_mixin.py:109} INFO - [2025-05-19 09:10:05,397] {dagbag.py:500} INFO - Filling up the DagBag from /home/airflow/.local/lib/python3.6/site-packages/airflow/example_dags/example_branch_labels.py
[2025-05-19 09:10:05,509] {processor.py:654} INFO - DAG(s) dict_keys(['example_branch_labels']) retrieved from /home/airflow/.local/lib/python3.6/site-packages/airflow/example_dags/example_branch_labels.py
[2025-05-19 09:10:05,541] {logging_mixin.py:109} INFO - [2025-05-19 09:10:05,541] {dag.py:2396} INFO - Sync 1 DAGs
[2025-05-19 09:10:05,601] {logging_mixin.py:109} INFO - [2025-05-19 09:10:05,600] {dag.py:2935} INFO - Setting next_dagrun for example_branch_labels to 2025-05-18 00:00:00+00:00
[2025-05-19 09:10:05,631] {processor.py:171} INFO - Processing /home/airflow/.local/lib/python3.6/site-packages/airflow/example_dags/example_branch_labels.py took 0.259 seconds
[2025-05-19 09:10:35,951] {processor.py:163} INFO - Started process (PID=2006) to work on /home/airflow/.local/lib/python3.6/site-packages/airflow/example_dags/example_branch_labels.py
[2025-05-19 09:10:35,954] {processor.py:642} INFO - Processing file /home/airflow/.local/lib/python3.6/site-packages/airflow/example_dags/example_branch_labels.py for tasks to queue
[2025-05-19 09:10:35,956] {logging_mixin.py:109} INFO - [2025-05-19 09:10:35,956] {dagbag.py:500} INFO - Filling up the DagBag from /home/airflow/.local/lib/python3.6/site-packages/airflow/example_dags/example_branch_labels.py
[2025-05-19 09:10:36,006] {processor.py:654} INFO - DAG(s) dict_keys(['example_branch_labels']) retrieved from /home/airflow/.local/lib/python3.6/site-packages/airflow/example_dags/example_branch_labels.py
[2025-05-19 09:10:36,026] {logging_mixin.py:109} INFO - [2025-05-19 09:10:36,025] {dag.py:2396} INFO - Sync 1 DAGs
[2025-05-19 09:10:36,067] {logging_mixin.py:109} INFO - [2025-05-19 09:10:36,067] {dag.py:2935} INFO - Setting next_dagrun for example_branch_labels to 2025-05-18 00:00:00+00:00
[2025-05-19 09:10:36,082] {processor.py:171} INFO - Processing /home/airflow/.local/lib/python3.6/site-packages/airflow/example_dags/example_branch_labels.py took 0.138 seconds
[2025-05-19 09:11:06,661] {processor.py:163} INFO - Started process (PID=2057) to work on /home/airflow/.local/lib/python3.6/site-packages/airflow/example_dags/example_branch_labels.py
[2025-05-19 09:11:06,664] {processor.py:642} INFO - Processing file /home/airflow/.local/lib/python3.6/site-packages/airflow/example_dags/example_branch_labels.py for tasks to queue
[2025-05-19 09:11:06,666] {logging_mixin.py:109} INFO - [2025-05-19 09:11:06,665] {dagbag.py:500} INFO - Filling up the DagBag from /home/airflow/.local/lib/python3.6/site-packages/airflow/example_dags/example_branch_labels.py
[2025-05-19 09:11:06,717] {processor.py:654} INFO - DAG(s) dict_keys(['example_branch_labels']) retrieved from /home/airflow/.local/lib/python3.6/site-packages/airflow/example_dags/example_branch_labels.py
[2025-05-19 09:11:06,732] {logging_mixin.py:109} INFO - [2025-05-19 09:11:06,732] {dag.py:2396} INFO - Sync 1 DAGs
[2025-05-19 09:11:06,764] {logging_mixin.py:109} INFO - [2025-05-19 09:11:06,764] {dag.py:2935} INFO - Setting next_dagrun for example_branch_labels to 2025-05-18 00:00:00+00:00
[2025-05-19 09:11:06,782] {processor.py:171} INFO - Processing /home/airflow/.local/lib/python3.6/site-packages/airflow/example_dags/example_branch_labels.py took 0.126 seconds
[2025-05-19 09:11:37,373] {processor.py:163} INFO - Started process (PID=2120) to work on /home/airflow/.local/lib/python3.6/site-packages/airflow/example_dags/example_branch_labels.py
[2025-05-19 09:11:37,376] {processor.py:642} INFO - Processing file /home/airflow/.local/lib/python3.6/site-packages/airflow/example_dags/example_branch_labels.py for tasks to queue
[2025-05-19 09:11:37,378] {logging_mixin.py:109} INFO - [2025-05-19 09:11:37,377] {dagbag.py:500} INFO - Filling up the DagBag from /home/airflow/.local/lib/python3.6/site-packages/airflow/example_dags/example_branch_labels.py
[2025-05-19 09:11:37,431] {processor.py:654} INFO - DAG(s) dict_keys(['example_branch_labels']) retrieved from /home/airflow/.local/lib/python3.6/site-packages/airflow/example_dags/example_branch_labels.py
[2025-05-19 09:11:37,455] {logging_mixin.py:109} INFO - [2025-05-19 09:11:37,455] {dag.py:2396} INFO - Sync 1 DAGs
[2025-05-19 09:11:37,494] {logging_mixin.py:109} INFO - [2025-05-19 09:11:37,493] {dag.py:2935} INFO - Setting next_dagrun for example_branch_labels to 2025-05-18 00:00:00+00:00
[2025-05-19 09:11:37,511] {processor.py:171} INFO - Processing /home/airflow/.local/lib/python3.6/site-packages/airflow/example_dags/example_branch_labels.py took 0.142 seconds
[2025-05-19 09:12:07,572] {processor.py:163} INFO - Started process (PID=2171) to work on /home/airflow/.local/lib/python3.6/site-packages/airflow/example_dags/example_branch_labels.py
[2025-05-19 09:12:07,574] {processor.py:642} INFO - Processing file /home/airflow/.local/lib/python3.6/site-packages/airflow/example_dags/example_branch_labels.py for tasks to queue
[2025-05-19 09:12:07,575] {logging_mixin.py:109} INFO - [2025-05-19 09:12:07,575] {dagbag.py:500} INFO - Filling up the DagBag from /home/airflow/.local/lib/python3.6/site-packages/airflow/example_dags/example_branch_labels.py
[2025-05-19 09:12:07,612] {processor.py:654} INFO - DAG(s) dict_keys(['example_branch_labels']) retrieved from /home/airflow/.local/lib/python3.6/site-packages/airflow/example_dags/example_branch_labels.py
[2025-05-19 09:12:07,628] {logging_mixin.py:109} INFO - [2025-05-19 09:12:07,628] {dag.py:2396} INFO - Sync 1 DAGs
[2025-05-19 09:12:07,657] {logging_mixin.py:109} INFO - [2025-05-19 09:12:07,657] {dag.py:2935} INFO - Setting next_dagrun for example_branch_labels to 2025-05-18 00:00:00+00:00
[2025-05-19 09:12:07,669] {processor.py:171} INFO - Processing /home/airflow/.local/lib/python3.6/site-packages/airflow/example_dags/example_branch_labels.py took 0.101 seconds
[2025-05-19 09:12:38,660] {processor.py:163} INFO - Started process (PID=2224) to work on /home/airflow/.local/lib/python3.6/site-packages/airflow/example_dags/example_branch_labels.py
[2025-05-19 09:12:38,663] {processor.py:642} INFO - Processing file /home/airflow/.local/lib/python3.6/site-packages/airflow/example_dags/example_branch_labels.py for tasks to queue
[2025-05-19 09:12:38,664] {logging_mixin.py:109} INFO - [2025-05-19 09:12:38,664] {dagbag.py:500} INFO - Filling up the DagBag from /home/airflow/.local/lib/python3.6/site-packages/airflow/example_dags/example_branch_labels.py
[2025-05-19 09:12:38,722] {processor.py:654} INFO - DAG(s) dict_keys(['example_branch_labels']) retrieved from /home/airflow/.local/lib/python3.6/site-packages/airflow/example_dags/example_branch_labels.py
[2025-05-19 09:12:38,748] {logging_mixin.py:109} INFO - [2025-05-19 09:12:38,748] {dag.py:2396} INFO - Sync 1 DAGs
[2025-05-19 09:12:38,786] {logging_mixin.py:109} INFO - [2025-05-19 09:12:38,785] {dag.py:2935} INFO - Setting next_dagrun for example_branch_labels to 2025-05-18 00:00:00+00:00
[2025-05-19 09:12:38,802] {processor.py:171} INFO - Processing /home/airflow/.local/lib/python3.6/site-packages/airflow/example_dags/example_branch_labels.py took 0.150 seconds
[2025-05-19 09:13:09,054] {processor.py:163} INFO - Started process (PID=2274) to work on /home/airflow/.local/lib/python3.6/site-packages/airflow/example_dags/example_branch_labels.py
[2025-05-19 09:13:09,056] {processor.py:642} INFO - Processing file /home/airflow/.local/lib/python3.6/site-packages/airflow/example_dags/example_branch_labels.py for tasks to queue
[2025-05-19 09:13:09,057] {logging_mixin.py:109} INFO - [2025-05-19 09:13:09,057] {dagbag.py:500} INFO - Filling up the DagBag from /home/airflow/.local/lib/python3.6/site-packages/airflow/example_dags/example_branch_labels.py
[2025-05-19 09:13:09,094] {processor.py:654} INFO - DAG(s) dict_keys(['example_branch_labels']) retrieved from /home/airflow/.local/lib/python3.6/site-packages/airflow/example_dags/example_branch_labels.py
[2025-05-19 09:13:09,112] {logging_mixin.py:109} INFO - [2025-05-19 09:13:09,112] {dag.py:2396} INFO - Sync 1 DAGs
[2025-05-19 09:13:09,137] {logging_mixin.py:109} INFO - [2025-05-19 09:13:09,137] {dag.py:2935} INFO - Setting next_dagrun for example_branch_labels to 2025-05-18 00:00:00+00:00
[2025-05-19 09:13:09,150] {processor.py:171} INFO - Processing /home/airflow/.local/lib/python3.6/site-packages/airflow/example_dags/example_branch_labels.py took 0.100 seconds
[2025-05-19 09:13:39,742] {processor.py:163} INFO - Started process (PID=2324) to work on /home/airflow/.local/lib/python3.6/site-packages/airflow/example_dags/example_branch_labels.py
[2025-05-19 09:13:39,746] {processor.py:642} INFO - Processing file /home/airflow/.local/lib/python3.6/site-packages/airflow/example_dags/example_branch_labels.py for tasks to queue
[2025-05-19 09:13:39,749] {logging_mixin.py:109} INFO - [2025-05-19 09:13:39,748] {dagbag.py:500} INFO - Filling up the DagBag from /home/airflow/.local/lib/python3.6/site-packages/airflow/example_dags/example_branch_labels.py
[2025-05-19 09:13:39,835] {processor.py:654} INFO - DAG(s) dict_keys(['example_branch_labels']) retrieved from /home/airflow/.local/lib/python3.6/site-packages/airflow/example_dags/example_branch_labels.py
[2025-05-19 09:13:39,862] {logging_mixin.py:109} INFO - [2025-05-19 09:13:39,862] {dag.py:2396} INFO - Sync 1 DAGs
[2025-05-19 09:13:39,912] {logging_mixin.py:109} INFO - [2025-05-19 09:13:39,912] {dag.py:2935} INFO - Setting next_dagrun for example_branch_labels to 2025-05-18 00:00:00+00:00
[2025-05-19 09:13:39,933] {processor.py:171} INFO - Processing /home/airflow/.local/lib/python3.6/site-packages/airflow/example_dags/example_branch_labels.py took 0.200 seconds
[2025-05-19 09:14:10,149] {processor.py:163} INFO - Started process (PID=2376) to work on /home/airflow/.local/lib/python3.6/site-packages/airflow/example_dags/example_branch_labels.py
[2025-05-19 09:14:10,151] {processor.py:642} INFO - Processing file /home/airflow/.local/lib/python3.6/site-packages/airflow/example_dags/example_branch_labels.py for tasks to queue
[2025-05-19 09:14:10,152] {logging_mixin.py:109} INFO - [2025-05-19 09:14:10,152] {dagbag.py:500} INFO - Filling up the DagBag from /home/airflow/.local/lib/python3.6/site-packages/airflow/example_dags/example_branch_labels.py
[2025-05-19 09:14:10,203] {processor.py:654} INFO - DAG(s) dict_keys(['example_branch_labels']) retrieved from /home/airflow/.local/lib/python3.6/site-packages/airflow/example_dags/example_branch_labels.py
[2025-05-19 09:14:10,225] {logging_mixin.py:109} INFO - [2025-05-19 09:14:10,225] {dag.py:2396} INFO - Sync 1 DAGs
[2025-05-19 09:14:10,263] {logging_mixin.py:109} INFO - [2025-05-19 09:14:10,263] {dag.py:2935} INFO - Setting next_dagrun for example_branch_labels to 2025-05-18 00:00:00+00:00
[2025-05-19 09:14:10,280] {processor.py:171} INFO - Processing /home/airflow/.local/lib/python3.6/site-packages/airflow/example_dags/example_branch_labels.py took 0.138 seconds
[2025-05-19 19:33:48,301] {processor.py:163} INFO - Started process (PID=57) to work on /home/airflow/.local/lib/python3.6/site-packages/airflow/example_dags/example_branch_labels.py
[2025-05-19 19:33:48,304] {processor.py:642} INFO - Processing file /home/airflow/.local/lib/python3.6/site-packages/airflow/example_dags/example_branch_labels.py for tasks to queue
[2025-05-19 19:33:48,311] {logging_mixin.py:109} INFO - [2025-05-19 19:33:48,309] {dagbag.py:500} INFO - Filling up the DagBag from /home/airflow/.local/lib/python3.6/site-packages/airflow/example_dags/example_branch_labels.py
[2025-05-19 19:33:49,459] {processor.py:654} INFO - DAG(s) dict_keys(['example_branch_labels']) retrieved from /home/airflow/.local/lib/python3.6/site-packages/airflow/example_dags/example_branch_labels.py
[2025-05-19 19:33:49,671] {logging_mixin.py:109} INFO - [2025-05-19 19:33:49,671] {dag.py:2396} INFO - Sync 1 DAGs
[2025-05-19 19:33:49,844] {logging_mixin.py:109} INFO - [2025-05-19 19:33:49,843] {dag.py:2935} INFO - Setting next_dagrun for example_branch_labels to 2025-05-18 00:00:00+00:00
[2025-05-19 19:33:49,896] {processor.py:171} INFO - Processing /home/airflow/.local/lib/python3.6/site-packages/airflow/example_dags/example_branch_labels.py took 1.643 seconds
[2025-05-19 19:34:20,162] {processor.py:163} INFO - Started process (PID=105) to work on /home/airflow/.local/lib/python3.6/site-packages/airflow/example_dags/example_branch_labels.py
[2025-05-19 19:34:20,172] {processor.py:642} INFO - Processing file /home/airflow/.local/lib/python3.6/site-packages/airflow/example_dags/example_branch_labels.py for tasks to queue
[2025-05-19 19:34:20,175] {logging_mixin.py:109} INFO - [2025-05-19 19:34:20,175] {dagbag.py:500} INFO - Filling up the DagBag from /home/airflow/.local/lib/python3.6/site-packages/airflow/example_dags/example_branch_labels.py
[2025-05-19 19:34:20,312] {processor.py:654} INFO - DAG(s) dict_keys(['example_branch_labels']) retrieved from /home/airflow/.local/lib/python3.6/site-packages/airflow/example_dags/example_branch_labels.py
[2025-05-19 19:34:20,394] {logging_mixin.py:109} INFO - [2025-05-19 19:34:20,394] {dag.py:2396} INFO - Sync 1 DAGs
[2025-05-19 19:34:20,745] {logging_mixin.py:109} INFO - [2025-05-19 19:34:20,745] {dag.py:2935} INFO - Setting next_dagrun for example_branch_labels to 2025-05-18 00:00:00+00:00
[2025-05-19 19:34:20,832] {processor.py:171} INFO - Processing /home/airflow/.local/lib/python3.6/site-packages/airflow/example_dags/example_branch_labels.py took 0.678 seconds
[2025-05-19 19:34:51,525] {processor.py:163} INFO - Started process (PID=150) to work on /home/airflow/.local/lib/python3.6/site-packages/airflow/example_dags/example_branch_labels.py
[2025-05-19 19:34:51,528] {processor.py:642} INFO - Processing file /home/airflow/.local/lib/python3.6/site-packages/airflow/example_dags/example_branch_labels.py for tasks to queue
[2025-05-19 19:34:51,529] {logging_mixin.py:109} INFO - [2025-05-19 19:34:51,529] {dagbag.py:500} INFO - Filling up the DagBag from /home/airflow/.local/lib/python3.6/site-packages/airflow/example_dags/example_branch_labels.py
[2025-05-19 19:34:51,576] {processor.py:654} INFO - DAG(s) dict_keys(['example_branch_labels']) retrieved from /home/airflow/.local/lib/python3.6/site-packages/airflow/example_dags/example_branch_labels.py
[2025-05-19 19:34:51,603] {logging_mixin.py:109} INFO - [2025-05-19 19:34:51,603] {dag.py:2396} INFO - Sync 1 DAGs
[2025-05-19 19:34:51,639] {logging_mixin.py:109} INFO - [2025-05-19 19:34:51,639] {dag.py:2935} INFO - Setting next_dagrun for example_branch_labels to 2025-05-18 00:00:00+00:00
[2025-05-19 19:34:51,654] {processor.py:171} INFO - Processing /home/airflow/.local/lib/python3.6/site-packages/airflow/example_dags/example_branch_labels.py took 0.135 seconds
[2025-05-19 19:35:22,025] {processor.py:163} INFO - Started process (PID=204) to work on /home/airflow/.local/lib/python3.6/site-packages/airflow/example_dags/example_branch_labels.py
[2025-05-19 19:35:22,039] {processor.py:642} INFO - Processing file /home/airflow/.local/lib/python3.6/site-packages/airflow/example_dags/example_branch_labels.py for tasks to queue
[2025-05-19 19:35:22,050] {logging_mixin.py:109} INFO - [2025-05-19 19:35:22,049] {dagbag.py:500} INFO - Filling up the DagBag from /home/airflow/.local/lib/python3.6/site-packages/airflow/example_dags/example_branch_labels.py
[2025-05-19 19:35:22,208] {processor.py:654} INFO - DAG(s) dict_keys(['example_branch_labels']) retrieved from /home/airflow/.local/lib/python3.6/site-packages/airflow/example_dags/example_branch_labels.py
[2025-05-19 19:35:22,264] {logging_mixin.py:109} INFO - [2025-05-19 19:35:22,264] {dag.py:2396} INFO - Sync 1 DAGs
[2025-05-19 19:35:22,374] {logging_mixin.py:109} INFO - [2025-05-19 19:35:22,374] {dag.py:2935} INFO - Setting next_dagrun for example_branch_labels to 2025-05-18 00:00:00+00:00
[2025-05-19 19:35:22,412] {processor.py:171} INFO - Processing /home/airflow/.local/lib/python3.6/site-packages/airflow/example_dags/example_branch_labels.py took 0.401 seconds
[2025-05-19 19:35:53,402] {processor.py:163} INFO - Started process (PID=256) to work on /home/airflow/.local/lib/python3.6/site-packages/airflow/example_dags/example_branch_labels.py
[2025-05-19 19:35:53,404] {processor.py:642} INFO - Processing file /home/airflow/.local/lib/python3.6/site-packages/airflow/example_dags/example_branch_labels.py for tasks to queue
[2025-05-19 19:35:53,405] {logging_mixin.py:109} INFO - [2025-05-19 19:35:53,405] {dagbag.py:500} INFO - Filling up the DagBag from /home/airflow/.local/lib/python3.6/site-packages/airflow/example_dags/example_branch_labels.py
[2025-05-19 19:35:53,447] {processor.py:654} INFO - DAG(s) dict_keys(['example_branch_labels']) retrieved from /home/airflow/.local/lib/python3.6/site-packages/airflow/example_dags/example_branch_labels.py
[2025-05-19 19:35:53,466] {logging_mixin.py:109} INFO - [2025-05-19 19:35:53,466] {dag.py:2396} INFO - Sync 1 DAGs
[2025-05-19 19:35:53,498] {logging_mixin.py:109} INFO - [2025-05-19 19:35:53,497] {dag.py:2935} INFO - Setting next_dagrun for example_branch_labels to 2025-05-18 00:00:00+00:00
[2025-05-19 19:35:53,511] {processor.py:171} INFO - Processing /home/airflow/.local/lib/python3.6/site-packages/airflow/example_dags/example_branch_labels.py took 0.113 seconds
[2025-05-19 19:36:23,712] {processor.py:163} INFO - Started process (PID=308) to work on /home/airflow/.local/lib/python3.6/site-packages/airflow/example_dags/example_branch_labels.py
[2025-05-19 19:36:23,714] {processor.py:642} INFO - Processing file /home/airflow/.local/lib/python3.6/site-packages/airflow/example_dags/example_branch_labels.py for tasks to queue
[2025-05-19 19:36:23,716] {logging_mixin.py:109} INFO - [2025-05-19 19:36:23,716] {dagbag.py:500} INFO - Filling up the DagBag from /home/airflow/.local/lib/python3.6/site-packages/airflow/example_dags/example_branch_labels.py
[2025-05-19 19:36:23,765] {processor.py:654} INFO - DAG(s) dict_keys(['example_branch_labels']) retrieved from /home/airflow/.local/lib/python3.6/site-packages/airflow/example_dags/example_branch_labels.py
[2025-05-19 19:36:23,791] {logging_mixin.py:109} INFO - [2025-05-19 19:36:23,791] {dag.py:2396} INFO - Sync 1 DAGs
[2025-05-19 19:36:23,839] {logging_mixin.py:109} INFO - [2025-05-19 19:36:23,839] {dag.py:2935} INFO - Setting next_dagrun for example_branch_labels to 2025-05-18 00:00:00+00:00
[2025-05-19 19:36:23,864] {processor.py:171} INFO - Processing /home/airflow/.local/lib/python3.6/site-packages/airflow/example_dags/example_branch_labels.py took 0.159 seconds
[2025-05-19 19:36:54,114] {processor.py:163} INFO - Started process (PID=361) to work on /home/airflow/.local/lib/python3.6/site-packages/airflow/example_dags/example_branch_labels.py
[2025-05-19 19:36:54,118] {processor.py:642} INFO - Processing file /home/airflow/.local/lib/python3.6/site-packages/airflow/example_dags/example_branch_labels.py for tasks to queue
[2025-05-19 19:36:54,120] {logging_mixin.py:109} INFO - [2025-05-19 19:36:54,119] {dagbag.py:500} INFO - Filling up the DagBag from /home/airflow/.local/lib/python3.6/site-packages/airflow/example_dags/example_branch_labels.py
[2025-05-19 19:36:54,162] {processor.py:654} INFO - DAG(s) dict_keys(['example_branch_labels']) retrieved from /home/airflow/.local/lib/python3.6/site-packages/airflow/example_dags/example_branch_labels.py
[2025-05-19 19:36:54,178] {logging_mixin.py:109} INFO - [2025-05-19 19:36:54,178] {dag.py:2396} INFO - Sync 1 DAGs
[2025-05-19 19:36:54,211] {logging_mixin.py:109} INFO - [2025-05-19 19:36:54,211] {dag.py:2935} INFO - Setting next_dagrun for example_branch_labels to 2025-05-18 00:00:00+00:00
[2025-05-19 19:36:54,228] {processor.py:171} INFO - Processing /home/airflow/.local/lib/python3.6/site-packages/airflow/example_dags/example_branch_labels.py took 0.117 seconds
