[2025-05-19 08:52:10,794] {processor.py:163} INFO - Started process (PID=82) to work on /home/airflow/.local/lib/python3.6/site-packages/airflow/example_dags/tutorial_taskflow_api_etl.py
[2025-05-19 08:52:10,798] {processor.py:642} INFO - Processing file /home/airflow/.local/lib/python3.6/site-packages/airflow/example_dags/tutorial_taskflow_api_etl.py for tasks to queue
[2025-05-19 08:52:10,800] {logging_mixin.py:109} INFO - [2025-05-19 08:52:10,800] {dagbag.py:500} INFO - Filling up the DagBag from /home/airflow/.local/lib/python3.6/site-packages/airflow/example_dags/tutorial_taskflow_api_etl.py
[2025-05-19 08:52:10,901] {processor.py:654} INFO - DAG(s) dict_keys(['tutorial_taskflow_api_etl']) retrieved from /home/airflow/.local/lib/python3.6/site-packages/airflow/example_dags/tutorial_taskflow_api_etl.py
[2025-05-19 08:52:19,656] {logging_mixin.py:109} INFO - [2025-05-19 08:52:19,656] {manager.py:496} INFO - Created Permission View: can read on DAG:tutorial_taskflow_api_etl
[2025-05-19 08:52:19,725] {logging_mixin.py:109} INFO - [2025-05-19 08:52:19,724] {manager.py:496} INFO - Created Permission View: can edit on DAG:tutorial_taskflow_api_etl
[2025-05-19 08:52:19,730] {logging_mixin.py:109} INFO - [2025-05-19 08:52:19,726] {dag.py:2396} INFO - Sync 1 DAGs
[2025-05-19 08:52:19,772] {logging_mixin.py:109} INFO - [2025-05-19 08:52:19,768] {dag.py:2415} INFO - Creating ORM DAG for tutorial_taskflow_api_etl
[2025-05-19 08:52:19,811] {logging_mixin.py:109} INFO - [2025-05-19 08:52:19,811] {dag.py:2935} INFO - Setting next_dagrun for tutorial_taskflow_api_etl to None
[2025-05-19 08:52:19,851] {processor.py:171} INFO - Processing /home/airflow/.local/lib/python3.6/site-packages/airflow/example_dags/tutorial_taskflow_api_etl.py took 10.423 seconds
[2025-05-19 08:55:18,709] {processor.py:163} INFO - Started process (PID=437) to work on /home/airflow/.local/lib/python3.6/site-packages/airflow/example_dags/tutorial_taskflow_api_etl.py
[2025-05-19 08:55:18,722] {processor.py:642} INFO - Processing file /home/airflow/.local/lib/python3.6/site-packages/airflow/example_dags/tutorial_taskflow_api_etl.py for tasks to queue
[2025-05-19 08:55:18,729] {logging_mixin.py:109} INFO - [2025-05-19 08:55:18,728] {dagbag.py:500} INFO - Filling up the DagBag from /home/airflow/.local/lib/python3.6/site-packages/airflow/example_dags/tutorial_taskflow_api_etl.py
[2025-05-19 08:55:18,900] {processor.py:654} INFO - DAG(s) dict_keys(['tutorial_taskflow_api_etl']) retrieved from /home/airflow/.local/lib/python3.6/site-packages/airflow/example_dags/tutorial_taskflow_api_etl.py
[2025-05-19 08:55:20,660] {logging_mixin.py:109} INFO - [2025-05-19 08:55:20,659] {dag.py:2396} INFO - Sync 1 DAGs
[2025-05-19 08:55:20,782] {logging_mixin.py:109} INFO - [2025-05-19 08:55:20,782] {dag.py:2935} INFO - Setting next_dagrun for tutorial_taskflow_api_etl to None
[2025-05-19 08:55:20,919] {processor.py:171} INFO - Processing /home/airflow/.local/lib/python3.6/site-packages/airflow/example_dags/tutorial_taskflow_api_etl.py took 2.233 seconds
[2025-05-19 08:55:52,029] {processor.py:163} INFO - Started process (PID=490) to work on /home/airflow/.local/lib/python3.6/site-packages/airflow/example_dags/tutorial_taskflow_api_etl.py
[2025-05-19 08:55:52,062] {processor.py:642} INFO - Processing file /home/airflow/.local/lib/python3.6/site-packages/airflow/example_dags/tutorial_taskflow_api_etl.py for tasks to queue
[2025-05-19 08:55:52,078] {logging_mixin.py:109} INFO - [2025-05-19 08:55:52,077] {dagbag.py:500} INFO - Filling up the DagBag from /home/airflow/.local/lib/python3.6/site-packages/airflow/example_dags/tutorial_taskflow_api_etl.py
[2025-05-19 08:55:52,430] {processor.py:654} INFO - DAG(s) dict_keys(['tutorial_taskflow_api_etl']) retrieved from /home/airflow/.local/lib/python3.6/site-packages/airflow/example_dags/tutorial_taskflow_api_etl.py
[2025-05-19 08:55:53,871] {logging_mixin.py:109} INFO - [2025-05-19 08:55:53,871] {dag.py:2396} INFO - Sync 1 DAGs
[2025-05-19 08:55:54,047] {logging_mixin.py:109} INFO - [2025-05-19 08:55:54,045] {dag.py:2935} INFO - Setting next_dagrun for tutorial_taskflow_api_etl to None
[2025-05-19 08:55:54,195] {processor.py:171} INFO - Processing /home/airflow/.local/lib/python3.6/site-packages/airflow/example_dags/tutorial_taskflow_api_etl.py took 2.219 seconds
[2025-05-19 08:56:24,668] {processor.py:163} INFO - Started process (PID=543) to work on /home/airflow/.local/lib/python3.6/site-packages/airflow/example_dags/tutorial_taskflow_api_etl.py
[2025-05-19 08:56:24,670] {processor.py:642} INFO - Processing file /home/airflow/.local/lib/python3.6/site-packages/airflow/example_dags/tutorial_taskflow_api_etl.py for tasks to queue
[2025-05-19 08:56:24,672] {logging_mixin.py:109} INFO - [2025-05-19 08:56:24,672] {dagbag.py:500} INFO - Filling up the DagBag from /home/airflow/.local/lib/python3.6/site-packages/airflow/example_dags/tutorial_taskflow_api_etl.py
[2025-05-19 08:56:24,738] {processor.py:654} INFO - DAG(s) dict_keys(['tutorial_taskflow_api_etl']) retrieved from /home/airflow/.local/lib/python3.6/site-packages/airflow/example_dags/tutorial_taskflow_api_etl.py
[2025-05-19 08:56:25,175] {logging_mixin.py:109} INFO - [2025-05-19 08:56:25,175] {dag.py:2396} INFO - Sync 1 DAGs
[2025-05-19 08:56:25,201] {logging_mixin.py:109} INFO - [2025-05-19 08:56:25,201] {dag.py:2935} INFO - Setting next_dagrun for tutorial_taskflow_api_etl to None
[2025-05-19 08:56:25,227] {processor.py:171} INFO - Processing /home/airflow/.local/lib/python3.6/site-packages/airflow/example_dags/tutorial_taskflow_api_etl.py took 0.566 seconds
[2025-05-19 08:56:55,592] {processor.py:163} INFO - Started process (PID=595) to work on /home/airflow/.local/lib/python3.6/site-packages/airflow/example_dags/tutorial_taskflow_api_etl.py
[2025-05-19 08:56:55,596] {processor.py:642} INFO - Processing file /home/airflow/.local/lib/python3.6/site-packages/airflow/example_dags/tutorial_taskflow_api_etl.py for tasks to queue
[2025-05-19 08:56:55,598] {logging_mixin.py:109} INFO - [2025-05-19 08:56:55,598] {dagbag.py:500} INFO - Filling up the DagBag from /home/airflow/.local/lib/python3.6/site-packages/airflow/example_dags/tutorial_taskflow_api_etl.py
[2025-05-19 08:56:55,686] {processor.py:654} INFO - DAG(s) dict_keys(['tutorial_taskflow_api_etl']) retrieved from /home/airflow/.local/lib/python3.6/site-packages/airflow/example_dags/tutorial_taskflow_api_etl.py
[2025-05-19 08:56:56,262] {logging_mixin.py:109} INFO - [2025-05-19 08:56:56,262] {dag.py:2396} INFO - Sync 1 DAGs
[2025-05-19 08:56:56,301] {logging_mixin.py:109} INFO - [2025-05-19 08:56:56,300] {dag.py:2935} INFO - Setting next_dagrun for tutorial_taskflow_api_etl to None
[2025-05-19 08:56:56,327] {processor.py:171} INFO - Processing /home/airflow/.local/lib/python3.6/site-packages/airflow/example_dags/tutorial_taskflow_api_etl.py took 0.743 seconds
[2025-05-19 08:57:26,718] {processor.py:163} INFO - Started process (PID=647) to work on /home/airflow/.local/lib/python3.6/site-packages/airflow/example_dags/tutorial_taskflow_api_etl.py
[2025-05-19 08:57:26,722] {processor.py:642} INFO - Processing file /home/airflow/.local/lib/python3.6/site-packages/airflow/example_dags/tutorial_taskflow_api_etl.py for tasks to queue
[2025-05-19 08:57:26,725] {logging_mixin.py:109} INFO - [2025-05-19 08:57:26,725] {dagbag.py:500} INFO - Filling up the DagBag from /home/airflow/.local/lib/python3.6/site-packages/airflow/example_dags/tutorial_taskflow_api_etl.py
[2025-05-19 08:57:26,795] {processor.py:654} INFO - DAG(s) dict_keys(['tutorial_taskflow_api_etl']) retrieved from /home/airflow/.local/lib/python3.6/site-packages/airflow/example_dags/tutorial_taskflow_api_etl.py
[2025-05-19 08:57:27,575] {logging_mixin.py:109} INFO - [2025-05-19 08:57:27,575] {dag.py:2396} INFO - Sync 1 DAGs
[2025-05-19 08:57:27,648] {logging_mixin.py:109} INFO - [2025-05-19 08:57:27,647] {dag.py:2935} INFO - Setting next_dagrun for tutorial_taskflow_api_etl to None
[2025-05-19 08:57:27,724] {processor.py:171} INFO - Processing /home/airflow/.local/lib/python3.6/site-packages/airflow/example_dags/tutorial_taskflow_api_etl.py took 1.018 seconds
[2025-05-19 08:57:58,632] {processor.py:163} INFO - Started process (PID=701) to work on /home/airflow/.local/lib/python3.6/site-packages/airflow/example_dags/tutorial_taskflow_api_etl.py
[2025-05-19 08:57:58,635] {processor.py:642} INFO - Processing file /home/airflow/.local/lib/python3.6/site-packages/airflow/example_dags/tutorial_taskflow_api_etl.py for tasks to queue
[2025-05-19 08:57:58,637] {logging_mixin.py:109} INFO - [2025-05-19 08:57:58,637] {dagbag.py:500} INFO - Filling up the DagBag from /home/airflow/.local/lib/python3.6/site-packages/airflow/example_dags/tutorial_taskflow_api_etl.py
[2025-05-19 08:57:58,710] {processor.py:654} INFO - DAG(s) dict_keys(['tutorial_taskflow_api_etl']) retrieved from /home/airflow/.local/lib/python3.6/site-packages/airflow/example_dags/tutorial_taskflow_api_etl.py
[2025-05-19 08:57:59,236] {logging_mixin.py:109} INFO - [2025-05-19 08:57:59,236] {dag.py:2396} INFO - Sync 1 DAGs
[2025-05-19 08:57:59,268] {logging_mixin.py:109} INFO - [2025-05-19 08:57:59,268] {dag.py:2935} INFO - Setting next_dagrun for tutorial_taskflow_api_etl to None
[2025-05-19 08:57:59,290] {processor.py:171} INFO - Processing /home/airflow/.local/lib/python3.6/site-packages/airflow/example_dags/tutorial_taskflow_api_etl.py took 0.665 seconds
[2025-05-19 08:58:29,764] {processor.py:163} INFO - Started process (PID=753) to work on /home/airflow/.local/lib/python3.6/site-packages/airflow/example_dags/tutorial_taskflow_api_etl.py
[2025-05-19 08:58:29,767] {processor.py:642} INFO - Processing file /home/airflow/.local/lib/python3.6/site-packages/airflow/example_dags/tutorial_taskflow_api_etl.py for tasks to queue
[2025-05-19 08:58:29,769] {logging_mixin.py:109} INFO - [2025-05-19 08:58:29,769] {dagbag.py:500} INFO - Filling up the DagBag from /home/airflow/.local/lib/python3.6/site-packages/airflow/example_dags/tutorial_taskflow_api_etl.py
[2025-05-19 08:58:29,834] {processor.py:654} INFO - DAG(s) dict_keys(['tutorial_taskflow_api_etl']) retrieved from /home/airflow/.local/lib/python3.6/site-packages/airflow/example_dags/tutorial_taskflow_api_etl.py
[2025-05-19 08:58:30,335] {logging_mixin.py:109} INFO - [2025-05-19 08:58:30,335] {dag.py:2396} INFO - Sync 1 DAGs
[2025-05-19 08:58:30,367] {logging_mixin.py:109} INFO - [2025-05-19 08:58:30,367] {dag.py:2935} INFO - Setting next_dagrun for tutorial_taskflow_api_etl to None
[2025-05-19 08:58:30,391] {processor.py:171} INFO - Processing /home/airflow/.local/lib/python3.6/site-packages/airflow/example_dags/tutorial_taskflow_api_etl.py took 0.635 seconds
[2025-05-19 08:59:00,520] {processor.py:163} INFO - Started process (PID=805) to work on /home/airflow/.local/lib/python3.6/site-packages/airflow/example_dags/tutorial_taskflow_api_etl.py
[2025-05-19 08:59:00,522] {processor.py:642} INFO - Processing file /home/airflow/.local/lib/python3.6/site-packages/airflow/example_dags/tutorial_taskflow_api_etl.py for tasks to queue
[2025-05-19 08:59:00,524] {logging_mixin.py:109} INFO - [2025-05-19 08:59:00,524] {dagbag.py:500} INFO - Filling up the DagBag from /home/airflow/.local/lib/python3.6/site-packages/airflow/example_dags/tutorial_taskflow_api_etl.py
[2025-05-19 08:59:00,604] {processor.py:654} INFO - DAG(s) dict_keys(['tutorial_taskflow_api_etl']) retrieved from /home/airflow/.local/lib/python3.6/site-packages/airflow/example_dags/tutorial_taskflow_api_etl.py
[2025-05-19 08:59:01,059] {logging_mixin.py:109} INFO - [2025-05-19 08:59:01,058] {dag.py:2396} INFO - Sync 1 DAGs
[2025-05-19 08:59:01,092] {logging_mixin.py:109} INFO - [2025-05-19 08:59:01,091] {dag.py:2935} INFO - Setting next_dagrun for tutorial_taskflow_api_etl to None
[2025-05-19 08:59:01,114] {processor.py:171} INFO - Processing /home/airflow/.local/lib/python3.6/site-packages/airflow/example_dags/tutorial_taskflow_api_etl.py took 0.601 seconds
[2025-05-19 08:59:31,215] {processor.py:163} INFO - Started process (PID=857) to work on /home/airflow/.local/lib/python3.6/site-packages/airflow/example_dags/tutorial_taskflow_api_etl.py
[2025-05-19 08:59:31,219] {processor.py:642} INFO - Processing file /home/airflow/.local/lib/python3.6/site-packages/airflow/example_dags/tutorial_taskflow_api_etl.py for tasks to queue
[2025-05-19 08:59:31,222] {logging_mixin.py:109} INFO - [2025-05-19 08:59:31,221] {dagbag.py:500} INFO - Filling up the DagBag from /home/airflow/.local/lib/python3.6/site-packages/airflow/example_dags/tutorial_taskflow_api_etl.py
[2025-05-19 08:59:31,319] {processor.py:654} INFO - DAG(s) dict_keys(['tutorial_taskflow_api_etl']) retrieved from /home/airflow/.local/lib/python3.6/site-packages/airflow/example_dags/tutorial_taskflow_api_etl.py
[2025-05-19 08:59:31,865] {logging_mixin.py:109} INFO - [2025-05-19 08:59:31,865] {dag.py:2396} INFO - Sync 1 DAGs
[2025-05-19 08:59:31,892] {logging_mixin.py:109} INFO - [2025-05-19 08:59:31,892] {dag.py:2935} INFO - Setting next_dagrun for tutorial_taskflow_api_etl to None
[2025-05-19 08:59:31,912] {processor.py:171} INFO - Processing /home/airflow/.local/lib/python3.6/site-packages/airflow/example_dags/tutorial_taskflow_api_etl.py took 0.708 seconds
[2025-05-19 09:00:02,482] {processor.py:163} INFO - Started process (PID=910) to work on /home/airflow/.local/lib/python3.6/site-packages/airflow/example_dags/tutorial_taskflow_api_etl.py
[2025-05-19 09:00:02,485] {processor.py:642} INFO - Processing file /home/airflow/.local/lib/python3.6/site-packages/airflow/example_dags/tutorial_taskflow_api_etl.py for tasks to queue
[2025-05-19 09:00:02,487] {logging_mixin.py:109} INFO - [2025-05-19 09:00:02,486] {dagbag.py:500} INFO - Filling up the DagBag from /home/airflow/.local/lib/python3.6/site-packages/airflow/example_dags/tutorial_taskflow_api_etl.py
[2025-05-19 09:00:02,593] {processor.py:654} INFO - DAG(s) dict_keys(['tutorial_taskflow_api_etl']) retrieved from /home/airflow/.local/lib/python3.6/site-packages/airflow/example_dags/tutorial_taskflow_api_etl.py
[2025-05-19 09:00:03,469] {logging_mixin.py:109} INFO - [2025-05-19 09:00:03,468] {dag.py:2396} INFO - Sync 1 DAGs
[2025-05-19 09:00:03,509] {logging_mixin.py:109} INFO - [2025-05-19 09:00:03,509] {dag.py:2935} INFO - Setting next_dagrun for tutorial_taskflow_api_etl to None
[2025-05-19 09:00:03,533] {processor.py:171} INFO - Processing /home/airflow/.local/lib/python3.6/site-packages/airflow/example_dags/tutorial_taskflow_api_etl.py took 1.058 seconds
[2025-05-19 09:00:33,998] {processor.py:163} INFO - Started process (PID=962) to work on /home/airflow/.local/lib/python3.6/site-packages/airflow/example_dags/tutorial_taskflow_api_etl.py
[2025-05-19 09:00:34,002] {processor.py:642} INFO - Processing file /home/airflow/.local/lib/python3.6/site-packages/airflow/example_dags/tutorial_taskflow_api_etl.py for tasks to queue
[2025-05-19 09:00:34,005] {logging_mixin.py:109} INFO - [2025-05-19 09:00:34,004] {dagbag.py:500} INFO - Filling up the DagBag from /home/airflow/.local/lib/python3.6/site-packages/airflow/example_dags/tutorial_taskflow_api_etl.py
[2025-05-19 09:00:34,101] {processor.py:654} INFO - DAG(s) dict_keys(['tutorial_taskflow_api_etl']) retrieved from /home/airflow/.local/lib/python3.6/site-packages/airflow/example_dags/tutorial_taskflow_api_etl.py
[2025-05-19 09:00:34,727] {logging_mixin.py:109} INFO - [2025-05-19 09:00:34,727] {dag.py:2396} INFO - Sync 1 DAGs
[2025-05-19 09:00:34,782] {logging_mixin.py:109} INFO - [2025-05-19 09:00:34,782] {dag.py:2935} INFO - Setting next_dagrun for tutorial_taskflow_api_etl to None
[2025-05-19 09:00:34,810] {processor.py:171} INFO - Processing /home/airflow/.local/lib/python3.6/site-packages/airflow/example_dags/tutorial_taskflow_api_etl.py took 0.824 seconds
[2025-05-19 09:01:04,909] {processor.py:163} INFO - Started process (PID=1014) to work on /home/airflow/.local/lib/python3.6/site-packages/airflow/example_dags/tutorial_taskflow_api_etl.py
[2025-05-19 09:01:04,912] {processor.py:642} INFO - Processing file /home/airflow/.local/lib/python3.6/site-packages/airflow/example_dags/tutorial_taskflow_api_etl.py for tasks to queue
[2025-05-19 09:01:04,915] {logging_mixin.py:109} INFO - [2025-05-19 09:01:04,914] {dagbag.py:500} INFO - Filling up the DagBag from /home/airflow/.local/lib/python3.6/site-packages/airflow/example_dags/tutorial_taskflow_api_etl.py
[2025-05-19 09:01:05,013] {processor.py:654} INFO - DAG(s) dict_keys(['tutorial_taskflow_api_etl']) retrieved from /home/airflow/.local/lib/python3.6/site-packages/airflow/example_dags/tutorial_taskflow_api_etl.py
[2025-05-19 09:01:05,872] {logging_mixin.py:109} INFO - [2025-05-19 09:01:05,871] {dag.py:2396} INFO - Sync 1 DAGs
[2025-05-19 09:01:05,928] {logging_mixin.py:109} INFO - [2025-05-19 09:01:05,928] {dag.py:2935} INFO - Setting next_dagrun for tutorial_taskflow_api_etl to None
[2025-05-19 09:01:05,984] {processor.py:171} INFO - Processing /home/airflow/.local/lib/python3.6/site-packages/airflow/example_dags/tutorial_taskflow_api_etl.py took 1.084 seconds
[2025-05-19 09:01:36,935] {processor.py:163} INFO - Started process (PID=1067) to work on /home/airflow/.local/lib/python3.6/site-packages/airflow/example_dags/tutorial_taskflow_api_etl.py
[2025-05-19 09:01:36,991] {processor.py:642} INFO - Processing file /home/airflow/.local/lib/python3.6/site-packages/airflow/example_dags/tutorial_taskflow_api_etl.py for tasks to queue
[2025-05-19 09:01:37,000] {logging_mixin.py:109} INFO - [2025-05-19 09:01:36,999] {dagbag.py:500} INFO - Filling up the DagBag from /home/airflow/.local/lib/python3.6/site-packages/airflow/example_dags/tutorial_taskflow_api_etl.py
[2025-05-19 09:01:37,169] {processor.py:654} INFO - DAG(s) dict_keys(['tutorial_taskflow_api_etl']) retrieved from /home/airflow/.local/lib/python3.6/site-packages/airflow/example_dags/tutorial_taskflow_api_etl.py
[2025-05-19 09:01:37,898] {logging_mixin.py:109} INFO - [2025-05-19 09:01:37,897] {dag.py:2396} INFO - Sync 1 DAGs
[2025-05-19 09:01:37,955] {logging_mixin.py:109} INFO - [2025-05-19 09:01:37,955] {dag.py:2935} INFO - Setting next_dagrun for tutorial_taskflow_api_etl to None
[2025-05-19 09:01:38,006] {processor.py:171} INFO - Processing /home/airflow/.local/lib/python3.6/site-packages/airflow/example_dags/tutorial_taskflow_api_etl.py took 1.116 seconds
[2025-05-19 09:02:08,542] {processor.py:163} INFO - Started process (PID=1119) to work on /home/airflow/.local/lib/python3.6/site-packages/airflow/example_dags/tutorial_taskflow_api_etl.py
[2025-05-19 09:02:08,547] {processor.py:642} INFO - Processing file /home/airflow/.local/lib/python3.6/site-packages/airflow/example_dags/tutorial_taskflow_api_etl.py for tasks to queue
[2025-05-19 09:02:08,550] {logging_mixin.py:109} INFO - [2025-05-19 09:02:08,550] {dagbag.py:500} INFO - Filling up the DagBag from /home/airflow/.local/lib/python3.6/site-packages/airflow/example_dags/tutorial_taskflow_api_etl.py
[2025-05-19 09:02:08,869] {processor.py:654} INFO - DAG(s) dict_keys(['tutorial_taskflow_api_etl']) retrieved from /home/airflow/.local/lib/python3.6/site-packages/airflow/example_dags/tutorial_taskflow_api_etl.py
[2025-05-19 09:02:11,103] {logging_mixin.py:109} INFO - [2025-05-19 09:02:11,103] {dag.py:2396} INFO - Sync 1 DAGs
[2025-05-19 09:02:11,272] {logging_mixin.py:109} INFO - [2025-05-19 09:02:11,272] {dag.py:2935} INFO - Setting next_dagrun for tutorial_taskflow_api_etl to None
[2025-05-19 09:02:11,384] {processor.py:171} INFO - Processing /home/airflow/.local/lib/python3.6/site-packages/airflow/example_dags/tutorial_taskflow_api_etl.py took 2.857 seconds
[2025-05-19 09:02:41,586] {processor.py:163} INFO - Started process (PID=1174) to work on /home/airflow/.local/lib/python3.6/site-packages/airflow/example_dags/tutorial_taskflow_api_etl.py
[2025-05-19 09:02:41,592] {processor.py:642} INFO - Processing file /home/airflow/.local/lib/python3.6/site-packages/airflow/example_dags/tutorial_taskflow_api_etl.py for tasks to queue
[2025-05-19 09:02:41,595] {logging_mixin.py:109} INFO - [2025-05-19 09:02:41,594] {dagbag.py:500} INFO - Filling up the DagBag from /home/airflow/.local/lib/python3.6/site-packages/airflow/example_dags/tutorial_taskflow_api_etl.py
[2025-05-19 09:02:41,737] {processor.py:654} INFO - DAG(s) dict_keys(['tutorial_taskflow_api_etl']) retrieved from /home/airflow/.local/lib/python3.6/site-packages/airflow/example_dags/tutorial_taskflow_api_etl.py
[2025-05-19 09:02:42,947] {logging_mixin.py:109} INFO - [2025-05-19 09:02:42,947] {dag.py:2396} INFO - Sync 1 DAGs
[2025-05-19 09:02:43,033] {logging_mixin.py:109} INFO - [2025-05-19 09:02:43,033] {dag.py:2935} INFO - Setting next_dagrun for tutorial_taskflow_api_etl to None
[2025-05-19 09:02:43,096] {processor.py:171} INFO - Processing /home/airflow/.local/lib/python3.6/site-packages/airflow/example_dags/tutorial_taskflow_api_etl.py took 1.520 seconds
[2025-05-19 09:03:13,972] {processor.py:163} INFO - Started process (PID=1224) to work on /home/airflow/.local/lib/python3.6/site-packages/airflow/example_dags/tutorial_taskflow_api_etl.py
[2025-05-19 09:03:13,975] {processor.py:642} INFO - Processing file /home/airflow/.local/lib/python3.6/site-packages/airflow/example_dags/tutorial_taskflow_api_etl.py for tasks to queue
[2025-05-19 09:03:13,978] {logging_mixin.py:109} INFO - [2025-05-19 09:03:13,977] {dagbag.py:500} INFO - Filling up the DagBag from /home/airflow/.local/lib/python3.6/site-packages/airflow/example_dags/tutorial_taskflow_api_etl.py
[2025-05-19 09:03:14,069] {processor.py:654} INFO - DAG(s) dict_keys(['tutorial_taskflow_api_etl']) retrieved from /home/airflow/.local/lib/python3.6/site-packages/airflow/example_dags/tutorial_taskflow_api_etl.py
[2025-05-19 09:03:14,675] {logging_mixin.py:109} INFO - [2025-05-19 09:03:14,675] {dag.py:2396} INFO - Sync 1 DAGs
[2025-05-19 09:03:14,719] {logging_mixin.py:109} INFO - [2025-05-19 09:03:14,719] {dag.py:2935} INFO - Setting next_dagrun for tutorial_taskflow_api_etl to None
[2025-05-19 09:03:14,750] {processor.py:171} INFO - Processing /home/airflow/.local/lib/python3.6/site-packages/airflow/example_dags/tutorial_taskflow_api_etl.py took 0.788 seconds
[2025-05-19 09:03:45,360] {processor.py:163} INFO - Started process (PID=1270) to work on /home/airflow/.local/lib/python3.6/site-packages/airflow/example_dags/tutorial_taskflow_api_etl.py
[2025-05-19 09:03:45,363] {processor.py:642} INFO - Processing file /home/airflow/.local/lib/python3.6/site-packages/airflow/example_dags/tutorial_taskflow_api_etl.py for tasks to queue
[2025-05-19 09:03:45,365] {logging_mixin.py:109} INFO - [2025-05-19 09:03:45,365] {dagbag.py:500} INFO - Filling up the DagBag from /home/airflow/.local/lib/python3.6/site-packages/airflow/example_dags/tutorial_taskflow_api_etl.py
[2025-05-19 09:03:45,427] {processor.py:654} INFO - DAG(s) dict_keys(['tutorial_taskflow_api_etl']) retrieved from /home/airflow/.local/lib/python3.6/site-packages/airflow/example_dags/tutorial_taskflow_api_etl.py
[2025-05-19 09:03:45,883] {logging_mixin.py:109} INFO - [2025-05-19 09:03:45,883] {dag.py:2396} INFO - Sync 1 DAGs
[2025-05-19 09:03:45,924] {logging_mixin.py:109} INFO - [2025-05-19 09:03:45,924] {dag.py:2935} INFO - Setting next_dagrun for tutorial_taskflow_api_etl to None
[2025-05-19 09:03:45,947] {processor.py:171} INFO - Processing /home/airflow/.local/lib/python3.6/site-packages/airflow/example_dags/tutorial_taskflow_api_etl.py took 0.593 seconds
[2025-05-19 09:04:16,006] {processor.py:163} INFO - Started process (PID=1324) to work on /home/airflow/.local/lib/python3.6/site-packages/airflow/example_dags/tutorial_taskflow_api_etl.py
[2025-05-19 09:04:16,008] {processor.py:642} INFO - Processing file /home/airflow/.local/lib/python3.6/site-packages/airflow/example_dags/tutorial_taskflow_api_etl.py for tasks to queue
[2025-05-19 09:04:16,010] {logging_mixin.py:109} INFO - [2025-05-19 09:04:16,010] {dagbag.py:500} INFO - Filling up the DagBag from /home/airflow/.local/lib/python3.6/site-packages/airflow/example_dags/tutorial_taskflow_api_etl.py
[2025-05-19 09:04:16,093] {processor.py:654} INFO - DAG(s) dict_keys(['tutorial_taskflow_api_etl']) retrieved from /home/airflow/.local/lib/python3.6/site-packages/airflow/example_dags/tutorial_taskflow_api_etl.py
[2025-05-19 09:04:16,572] {logging_mixin.py:109} INFO - [2025-05-19 09:04:16,572] {dag.py:2396} INFO - Sync 1 DAGs
[2025-05-19 09:04:16,603] {logging_mixin.py:109} INFO - [2025-05-19 09:04:16,603] {dag.py:2935} INFO - Setting next_dagrun for tutorial_taskflow_api_etl to None
[2025-05-19 09:04:16,628] {processor.py:171} INFO - Processing /home/airflow/.local/lib/python3.6/site-packages/airflow/example_dags/tutorial_taskflow_api_etl.py took 0.631 seconds
[2025-05-19 09:04:46,735] {processor.py:163} INFO - Started process (PID=1377) to work on /home/airflow/.local/lib/python3.6/site-packages/airflow/example_dags/tutorial_taskflow_api_etl.py
[2025-05-19 09:04:46,740] {processor.py:642} INFO - Processing file /home/airflow/.local/lib/python3.6/site-packages/airflow/example_dags/tutorial_taskflow_api_etl.py for tasks to queue
[2025-05-19 09:04:46,742] {logging_mixin.py:109} INFO - [2025-05-19 09:04:46,742] {dagbag.py:500} INFO - Filling up the DagBag from /home/airflow/.local/lib/python3.6/site-packages/airflow/example_dags/tutorial_taskflow_api_etl.py
[2025-05-19 09:04:46,855] {processor.py:654} INFO - DAG(s) dict_keys(['tutorial_taskflow_api_etl']) retrieved from /home/airflow/.local/lib/python3.6/site-packages/airflow/example_dags/tutorial_taskflow_api_etl.py
[2025-05-19 09:04:47,698] {logging_mixin.py:109} INFO - [2025-05-19 09:04:47,696] {dag.py:2396} INFO - Sync 1 DAGs
[2025-05-19 09:04:47,771] {logging_mixin.py:109} INFO - [2025-05-19 09:04:47,770] {dag.py:2935} INFO - Setting next_dagrun for tutorial_taskflow_api_etl to None
[2025-05-19 09:04:47,828] {processor.py:171} INFO - Processing /home/airflow/.local/lib/python3.6/site-packages/airflow/example_dags/tutorial_taskflow_api_etl.py took 1.104 seconds
[2025-05-19 09:05:17,925] {processor.py:163} INFO - Started process (PID=1430) to work on /home/airflow/.local/lib/python3.6/site-packages/airflow/example_dags/tutorial_taskflow_api_etl.py
[2025-05-19 09:05:17,928] {processor.py:642} INFO - Processing file /home/airflow/.local/lib/python3.6/site-packages/airflow/example_dags/tutorial_taskflow_api_etl.py for tasks to queue
[2025-05-19 09:05:17,931] {logging_mixin.py:109} INFO - [2025-05-19 09:05:17,931] {dagbag.py:500} INFO - Filling up the DagBag from /home/airflow/.local/lib/python3.6/site-packages/airflow/example_dags/tutorial_taskflow_api_etl.py
[2025-05-19 09:05:18,018] {processor.py:654} INFO - DAG(s) dict_keys(['tutorial_taskflow_api_etl']) retrieved from /home/airflow/.local/lib/python3.6/site-packages/airflow/example_dags/tutorial_taskflow_api_etl.py
[2025-05-19 09:05:18,992] {logging_mixin.py:109} INFO - [2025-05-19 09:05:18,992] {dag.py:2396} INFO - Sync 1 DAGs
[2025-05-19 09:05:19,042] {logging_mixin.py:109} INFO - [2025-05-19 09:05:19,042] {dag.py:2935} INFO - Setting next_dagrun for tutorial_taskflow_api_etl to None
[2025-05-19 09:05:19,072] {processor.py:171} INFO - Processing /home/airflow/.local/lib/python3.6/site-packages/airflow/example_dags/tutorial_taskflow_api_etl.py took 1.154 seconds
[2025-05-19 09:05:49,682] {processor.py:163} INFO - Started process (PID=1482) to work on /home/airflow/.local/lib/python3.6/site-packages/airflow/example_dags/tutorial_taskflow_api_etl.py
[2025-05-19 09:05:49,688] {processor.py:642} INFO - Processing file /home/airflow/.local/lib/python3.6/site-packages/airflow/example_dags/tutorial_taskflow_api_etl.py for tasks to queue
[2025-05-19 09:05:49,689] {logging_mixin.py:109} INFO - [2025-05-19 09:05:49,689] {dagbag.py:500} INFO - Filling up the DagBag from /home/airflow/.local/lib/python3.6/site-packages/airflow/example_dags/tutorial_taskflow_api_etl.py
[2025-05-19 09:05:49,774] {processor.py:654} INFO - DAG(s) dict_keys(['tutorial_taskflow_api_etl']) retrieved from /home/airflow/.local/lib/python3.6/site-packages/airflow/example_dags/tutorial_taskflow_api_etl.py
[2025-05-19 09:05:50,257] {logging_mixin.py:109} INFO - [2025-05-19 09:05:50,257] {dag.py:2396} INFO - Sync 1 DAGs
[2025-05-19 09:05:50,289] {logging_mixin.py:109} INFO - [2025-05-19 09:05:50,289] {dag.py:2935} INFO - Setting next_dagrun for tutorial_taskflow_api_etl to None
[2025-05-19 09:05:50,307] {processor.py:171} INFO - Processing /home/airflow/.local/lib/python3.6/site-packages/airflow/example_dags/tutorial_taskflow_api_etl.py took 0.637 seconds
[2025-05-19 09:06:20,613] {processor.py:163} INFO - Started process (PID=1534) to work on /home/airflow/.local/lib/python3.6/site-packages/airflow/example_dags/tutorial_taskflow_api_etl.py
[2025-05-19 09:06:20,615] {processor.py:642} INFO - Processing file /home/airflow/.local/lib/python3.6/site-packages/airflow/example_dags/tutorial_taskflow_api_etl.py for tasks to queue
[2025-05-19 09:06:20,616] {logging_mixin.py:109} INFO - [2025-05-19 09:06:20,616] {dagbag.py:500} INFO - Filling up the DagBag from /home/airflow/.local/lib/python3.6/site-packages/airflow/example_dags/tutorial_taskflow_api_etl.py
[2025-05-19 09:06:20,660] {processor.py:654} INFO - DAG(s) dict_keys(['tutorial_taskflow_api_etl']) retrieved from /home/airflow/.local/lib/python3.6/site-packages/airflow/example_dags/tutorial_taskflow_api_etl.py
[2025-05-19 09:06:20,956] {logging_mixin.py:109} INFO - [2025-05-19 09:06:20,956] {dag.py:2396} INFO - Sync 1 DAGs
[2025-05-19 09:06:20,975] {logging_mixin.py:109} INFO - [2025-05-19 09:06:20,974] {dag.py:2935} INFO - Setting next_dagrun for tutorial_taskflow_api_etl to None
[2025-05-19 09:06:20,988] {processor.py:171} INFO - Processing /home/airflow/.local/lib/python3.6/site-packages/airflow/example_dags/tutorial_taskflow_api_etl.py took 0.379 seconds
[2025-05-19 09:06:51,050] {processor.py:163} INFO - Started process (PID=1597) to work on /home/airflow/.local/lib/python3.6/site-packages/airflow/example_dags/tutorial_taskflow_api_etl.py
[2025-05-19 09:06:51,052] {processor.py:642} INFO - Processing file /home/airflow/.local/lib/python3.6/site-packages/airflow/example_dags/tutorial_taskflow_api_etl.py for tasks to queue
[2025-05-19 09:06:51,054] {logging_mixin.py:109} INFO - [2025-05-19 09:06:51,054] {dagbag.py:500} INFO - Filling up the DagBag from /home/airflow/.local/lib/python3.6/site-packages/airflow/example_dags/tutorial_taskflow_api_etl.py
[2025-05-19 09:06:51,114] {processor.py:654} INFO - DAG(s) dict_keys(['tutorial_taskflow_api_etl']) retrieved from /home/airflow/.local/lib/python3.6/site-packages/airflow/example_dags/tutorial_taskflow_api_etl.py
[2025-05-19 09:06:51,568] {logging_mixin.py:109} INFO - [2025-05-19 09:06:51,567] {dag.py:2396} INFO - Sync 1 DAGs
[2025-05-19 09:06:51,613] {logging_mixin.py:109} INFO - [2025-05-19 09:06:51,612] {dag.py:2935} INFO - Setting next_dagrun for tutorial_taskflow_api_etl to None
[2025-05-19 09:06:51,647] {processor.py:171} INFO - Processing /home/airflow/.local/lib/python3.6/site-packages/airflow/example_dags/tutorial_taskflow_api_etl.py took 0.602 seconds
[2025-05-19 09:07:22,039] {processor.py:163} INFO - Started process (PID=1651) to work on /home/airflow/.local/lib/python3.6/site-packages/airflow/example_dags/tutorial_taskflow_api_etl.py
[2025-05-19 09:07:22,041] {processor.py:642} INFO - Processing file /home/airflow/.local/lib/python3.6/site-packages/airflow/example_dags/tutorial_taskflow_api_etl.py for tasks to queue
[2025-05-19 09:07:22,042] {logging_mixin.py:109} INFO - [2025-05-19 09:07:22,042] {dagbag.py:500} INFO - Filling up the DagBag from /home/airflow/.local/lib/python3.6/site-packages/airflow/example_dags/tutorial_taskflow_api_etl.py
[2025-05-19 09:07:22,086] {processor.py:654} INFO - DAG(s) dict_keys(['tutorial_taskflow_api_etl']) retrieved from /home/airflow/.local/lib/python3.6/site-packages/airflow/example_dags/tutorial_taskflow_api_etl.py
[2025-05-19 09:07:22,349] {logging_mixin.py:109} INFO - [2025-05-19 09:07:22,349] {dag.py:2396} INFO - Sync 1 DAGs
[2025-05-19 09:07:22,369] {logging_mixin.py:109} INFO - [2025-05-19 09:07:22,368] {dag.py:2935} INFO - Setting next_dagrun for tutorial_taskflow_api_etl to None
[2025-05-19 09:07:22,383] {processor.py:171} INFO - Processing /home/airflow/.local/lib/python3.6/site-packages/airflow/example_dags/tutorial_taskflow_api_etl.py took 0.350 seconds
[2025-05-19 09:07:52,634] {processor.py:163} INFO - Started process (PID=1711) to work on /home/airflow/.local/lib/python3.6/site-packages/airflow/example_dags/tutorial_taskflow_api_etl.py
[2025-05-19 09:07:52,639] {processor.py:642} INFO - Processing file /home/airflow/.local/lib/python3.6/site-packages/airflow/example_dags/tutorial_taskflow_api_etl.py for tasks to queue
[2025-05-19 09:07:52,641] {logging_mixin.py:109} INFO - [2025-05-19 09:07:52,640] {dagbag.py:500} INFO - Filling up the DagBag from /home/airflow/.local/lib/python3.6/site-packages/airflow/example_dags/tutorial_taskflow_api_etl.py
[2025-05-19 09:07:52,691] {processor.py:654} INFO - DAG(s) dict_keys(['tutorial_taskflow_api_etl']) retrieved from /home/airflow/.local/lib/python3.6/site-packages/airflow/example_dags/tutorial_taskflow_api_etl.py
[2025-05-19 09:07:53,007] {logging_mixin.py:109} INFO - [2025-05-19 09:07:53,007] {dag.py:2396} INFO - Sync 1 DAGs
[2025-05-19 09:07:53,032] {logging_mixin.py:109} INFO - [2025-05-19 09:07:53,032] {dag.py:2935} INFO - Setting next_dagrun for tutorial_taskflow_api_etl to None
[2025-05-19 09:07:53,048] {processor.py:171} INFO - Processing /home/airflow/.local/lib/python3.6/site-packages/airflow/example_dags/tutorial_taskflow_api_etl.py took 0.421 seconds
[2025-05-19 09:08:23,777] {processor.py:163} INFO - Started process (PID=1763) to work on /home/airflow/.local/lib/python3.6/site-packages/airflow/example_dags/tutorial_taskflow_api_etl.py
[2025-05-19 09:08:23,779] {processor.py:642} INFO - Processing file /home/airflow/.local/lib/python3.6/site-packages/airflow/example_dags/tutorial_taskflow_api_etl.py for tasks to queue
[2025-05-19 09:08:23,780] {logging_mixin.py:109} INFO - [2025-05-19 09:08:23,780] {dagbag.py:500} INFO - Filling up the DagBag from /home/airflow/.local/lib/python3.6/site-packages/airflow/example_dags/tutorial_taskflow_api_etl.py
[2025-05-19 09:08:23,834] {processor.py:654} INFO - DAG(s) dict_keys(['tutorial_taskflow_api_etl']) retrieved from /home/airflow/.local/lib/python3.6/site-packages/airflow/example_dags/tutorial_taskflow_api_etl.py
[2025-05-19 09:08:24,145] {logging_mixin.py:109} INFO - [2025-05-19 09:08:24,145] {dag.py:2396} INFO - Sync 1 DAGs
[2025-05-19 09:08:24,170] {logging_mixin.py:109} INFO - [2025-05-19 09:08:24,170] {dag.py:2935} INFO - Setting next_dagrun for tutorial_taskflow_api_etl to None
[2025-05-19 09:08:24,186] {processor.py:171} INFO - Processing /home/airflow/.local/lib/python3.6/site-packages/airflow/example_dags/tutorial_taskflow_api_etl.py took 0.414 seconds
[2025-05-19 09:08:54,626] {processor.py:163} INFO - Started process (PID=1825) to work on /home/airflow/.local/lib/python3.6/site-packages/airflow/example_dags/tutorial_taskflow_api_etl.py
[2025-05-19 09:08:54,628] {processor.py:642} INFO - Processing file /home/airflow/.local/lib/python3.6/site-packages/airflow/example_dags/tutorial_taskflow_api_etl.py for tasks to queue
[2025-05-19 09:08:54,629] {logging_mixin.py:109} INFO - [2025-05-19 09:08:54,629] {dagbag.py:500} INFO - Filling up the DagBag from /home/airflow/.local/lib/python3.6/site-packages/airflow/example_dags/tutorial_taskflow_api_etl.py
[2025-05-19 09:08:54,682] {processor.py:654} INFO - DAG(s) dict_keys(['tutorial_taskflow_api_etl']) retrieved from /home/airflow/.local/lib/python3.6/site-packages/airflow/example_dags/tutorial_taskflow_api_etl.py
[2025-05-19 09:08:55,024] {logging_mixin.py:109} INFO - [2025-05-19 09:08:55,024] {dag.py:2396} INFO - Sync 1 DAGs
[2025-05-19 09:08:55,047] {logging_mixin.py:109} INFO - [2025-05-19 09:08:55,047] {dag.py:2935} INFO - Setting next_dagrun for tutorial_taskflow_api_etl to None
[2025-05-19 09:08:55,064] {processor.py:171} INFO - Processing /home/airflow/.local/lib/python3.6/site-packages/airflow/example_dags/tutorial_taskflow_api_etl.py took 0.443 seconds
[2025-05-19 09:09:25,316] {processor.py:163} INFO - Started process (PID=1877) to work on /home/airflow/.local/lib/python3.6/site-packages/airflow/example_dags/tutorial_taskflow_api_etl.py
[2025-05-19 09:09:25,318] {processor.py:642} INFO - Processing file /home/airflow/.local/lib/python3.6/site-packages/airflow/example_dags/tutorial_taskflow_api_etl.py for tasks to queue
[2025-05-19 09:09:25,319] {logging_mixin.py:109} INFO - [2025-05-19 09:09:25,319] {dagbag.py:500} INFO - Filling up the DagBag from /home/airflow/.local/lib/python3.6/site-packages/airflow/example_dags/tutorial_taskflow_api_etl.py
[2025-05-19 09:09:25,358] {processor.py:654} INFO - DAG(s) dict_keys(['tutorial_taskflow_api_etl']) retrieved from /home/airflow/.local/lib/python3.6/site-packages/airflow/example_dags/tutorial_taskflow_api_etl.py
[2025-05-19 09:09:25,634] {logging_mixin.py:109} INFO - [2025-05-19 09:09:25,634] {dag.py:2396} INFO - Sync 1 DAGs
[2025-05-19 09:09:25,655] {logging_mixin.py:109} INFO - [2025-05-19 09:09:25,655] {dag.py:2935} INFO - Setting next_dagrun for tutorial_taskflow_api_etl to None
[2025-05-19 09:09:25,672] {processor.py:171} INFO - Processing /home/airflow/.local/lib/python3.6/site-packages/airflow/example_dags/tutorial_taskflow_api_etl.py took 0.360 seconds
[2025-05-19 09:09:55,974] {processor.py:163} INFO - Started process (PID=1938) to work on /home/airflow/.local/lib/python3.6/site-packages/airflow/example_dags/tutorial_taskflow_api_etl.py
[2025-05-19 09:09:55,976] {processor.py:642} INFO - Processing file /home/airflow/.local/lib/python3.6/site-packages/airflow/example_dags/tutorial_taskflow_api_etl.py for tasks to queue
[2025-05-19 09:09:55,978] {logging_mixin.py:109} INFO - [2025-05-19 09:09:55,978] {dagbag.py:500} INFO - Filling up the DagBag from /home/airflow/.local/lib/python3.6/site-packages/airflow/example_dags/tutorial_taskflow_api_etl.py
[2025-05-19 09:09:56,045] {processor.py:654} INFO - DAG(s) dict_keys(['tutorial_taskflow_api_etl']) retrieved from /home/airflow/.local/lib/python3.6/site-packages/airflow/example_dags/tutorial_taskflow_api_etl.py
[2025-05-19 09:09:56,470] {logging_mixin.py:109} INFO - [2025-05-19 09:09:56,469] {dag.py:2396} INFO - Sync 1 DAGs
[2025-05-19 09:09:56,502] {logging_mixin.py:109} INFO - [2025-05-19 09:09:56,502] {dag.py:2935} INFO - Setting next_dagrun for tutorial_taskflow_api_etl to None
[2025-05-19 09:09:56,521] {processor.py:171} INFO - Processing /home/airflow/.local/lib/python3.6/site-packages/airflow/example_dags/tutorial_taskflow_api_etl.py took 0.552 seconds
[2025-05-19 09:10:26,861] {processor.py:163} INFO - Started process (PID=1991) to work on /home/airflow/.local/lib/python3.6/site-packages/airflow/example_dags/tutorial_taskflow_api_etl.py
[2025-05-19 09:10:26,864] {processor.py:642} INFO - Processing file /home/airflow/.local/lib/python3.6/site-packages/airflow/example_dags/tutorial_taskflow_api_etl.py for tasks to queue
[2025-05-19 09:10:26,866] {logging_mixin.py:109} INFO - [2025-05-19 09:10:26,866] {dagbag.py:500} INFO - Filling up the DagBag from /home/airflow/.local/lib/python3.6/site-packages/airflow/example_dags/tutorial_taskflow_api_etl.py
[2025-05-19 09:10:26,978] {processor.py:654} INFO - DAG(s) dict_keys(['tutorial_taskflow_api_etl']) retrieved from /home/airflow/.local/lib/python3.6/site-packages/airflow/example_dags/tutorial_taskflow_api_etl.py
[2025-05-19 09:10:27,624] {logging_mixin.py:109} INFO - [2025-05-19 09:10:27,623] {dag.py:2396} INFO - Sync 1 DAGs
[2025-05-19 09:10:27,670] {logging_mixin.py:109} INFO - [2025-05-19 09:10:27,670] {dag.py:2935} INFO - Setting next_dagrun for tutorial_taskflow_api_etl to None
[2025-05-19 09:10:27,703] {processor.py:171} INFO - Processing /home/airflow/.local/lib/python3.6/site-packages/airflow/example_dags/tutorial_taskflow_api_etl.py took 0.851 seconds
[2025-05-19 09:10:58,132] {processor.py:163} INFO - Started process (PID=2043) to work on /home/airflow/.local/lib/python3.6/site-packages/airflow/example_dags/tutorial_taskflow_api_etl.py
[2025-05-19 09:10:58,135] {processor.py:642} INFO - Processing file /home/airflow/.local/lib/python3.6/site-packages/airflow/example_dags/tutorial_taskflow_api_etl.py for tasks to queue
[2025-05-19 09:10:58,136] {logging_mixin.py:109} INFO - [2025-05-19 09:10:58,136] {dagbag.py:500} INFO - Filling up the DagBag from /home/airflow/.local/lib/python3.6/site-packages/airflow/example_dags/tutorial_taskflow_api_etl.py
[2025-05-19 09:10:58,210] {processor.py:654} INFO - DAG(s) dict_keys(['tutorial_taskflow_api_etl']) retrieved from /home/airflow/.local/lib/python3.6/site-packages/airflow/example_dags/tutorial_taskflow_api_etl.py
[2025-05-19 09:10:58,702] {logging_mixin.py:109} INFO - [2025-05-19 09:10:58,702] {dag.py:2396} INFO - Sync 1 DAGs
[2025-05-19 09:10:58,736] {logging_mixin.py:109} INFO - [2025-05-19 09:10:58,736] {dag.py:2935} INFO - Setting next_dagrun for tutorial_taskflow_api_etl to None
[2025-05-19 09:10:58,758] {processor.py:171} INFO - Processing /home/airflow/.local/lib/python3.6/site-packages/airflow/example_dags/tutorial_taskflow_api_etl.py took 0.633 seconds
[2025-05-19 09:11:29,150] {processor.py:163} INFO - Started process (PID=2096) to work on /home/airflow/.local/lib/python3.6/site-packages/airflow/example_dags/tutorial_taskflow_api_etl.py
[2025-05-19 09:11:29,153] {processor.py:642} INFO - Processing file /home/airflow/.local/lib/python3.6/site-packages/airflow/example_dags/tutorial_taskflow_api_etl.py for tasks to queue
[2025-05-19 09:11:29,154] {logging_mixin.py:109} INFO - [2025-05-19 09:11:29,154] {dagbag.py:500} INFO - Filling up the DagBag from /home/airflow/.local/lib/python3.6/site-packages/airflow/example_dags/tutorial_taskflow_api_etl.py
[2025-05-19 09:11:29,223] {processor.py:654} INFO - DAG(s) dict_keys(['tutorial_taskflow_api_etl']) retrieved from /home/airflow/.local/lib/python3.6/site-packages/airflow/example_dags/tutorial_taskflow_api_etl.py
[2025-05-19 09:11:29,968] {logging_mixin.py:109} INFO - [2025-05-19 09:11:29,967] {dag.py:2396} INFO - Sync 1 DAGs
[2025-05-19 09:11:30,020] {logging_mixin.py:109} INFO - [2025-05-19 09:11:30,019] {dag.py:2935} INFO - Setting next_dagrun for tutorial_taskflow_api_etl to None
[2025-05-19 09:11:30,055] {processor.py:171} INFO - Processing /home/airflow/.local/lib/python3.6/site-packages/airflow/example_dags/tutorial_taskflow_api_etl.py took 0.912 seconds
[2025-05-19 09:12:01,088] {processor.py:163} INFO - Started process (PID=2151) to work on /home/airflow/.local/lib/python3.6/site-packages/airflow/example_dags/tutorial_taskflow_api_etl.py
[2025-05-19 09:12:01,090] {processor.py:642} INFO - Processing file /home/airflow/.local/lib/python3.6/site-packages/airflow/example_dags/tutorial_taskflow_api_etl.py for tasks to queue
[2025-05-19 09:12:01,092] {logging_mixin.py:109} INFO - [2025-05-19 09:12:01,092] {dagbag.py:500} INFO - Filling up the DagBag from /home/airflow/.local/lib/python3.6/site-packages/airflow/example_dags/tutorial_taskflow_api_etl.py
[2025-05-19 09:12:01,150] {processor.py:654} INFO - DAG(s) dict_keys(['tutorial_taskflow_api_etl']) retrieved from /home/airflow/.local/lib/python3.6/site-packages/airflow/example_dags/tutorial_taskflow_api_etl.py
[2025-05-19 09:12:01,580] {logging_mixin.py:109} INFO - [2025-05-19 09:12:01,580] {dag.py:2396} INFO - Sync 1 DAGs
[2025-05-19 09:12:01,616] {logging_mixin.py:109} INFO - [2025-05-19 09:12:01,615] {dag.py:2935} INFO - Setting next_dagrun for tutorial_taskflow_api_etl to None
[2025-05-19 09:12:01,634] {processor.py:171} INFO - Processing /home/airflow/.local/lib/python3.6/site-packages/airflow/example_dags/tutorial_taskflow_api_etl.py took 0.553 seconds
[2025-05-19 09:12:31,947] {processor.py:163} INFO - Started process (PID=2210) to work on /home/airflow/.local/lib/python3.6/site-packages/airflow/example_dags/tutorial_taskflow_api_etl.py
[2025-05-19 09:12:31,950] {processor.py:642} INFO - Processing file /home/airflow/.local/lib/python3.6/site-packages/airflow/example_dags/tutorial_taskflow_api_etl.py for tasks to queue
[2025-05-19 09:12:31,959] {logging_mixin.py:109} INFO - [2025-05-19 09:12:31,959] {dagbag.py:500} INFO - Filling up the DagBag from /home/airflow/.local/lib/python3.6/site-packages/airflow/example_dags/tutorial_taskflow_api_etl.py
[2025-05-19 09:12:32,073] {processor.py:654} INFO - DAG(s) dict_keys(['tutorial_taskflow_api_etl']) retrieved from /home/airflow/.local/lib/python3.6/site-packages/airflow/example_dags/tutorial_taskflow_api_etl.py
[2025-05-19 09:12:31,033] {logging_mixin.py:109} INFO - [2025-05-19 09:12:31,033] {dag.py:2396} INFO - Sync 1 DAGs
[2025-05-19 09:12:31,113] {logging_mixin.py:109} INFO - [2025-05-19 09:12:31,112] {dag.py:2935} INFO - Setting next_dagrun for tutorial_taskflow_api_etl to None
[2025-05-19 09:12:31,185] {processor.py:171} INFO - Processing /home/airflow/.local/lib/python3.6/site-packages/airflow/example_dags/tutorial_taskflow_api_etl.py took 1.161 seconds
[2025-05-19 09:13:01,293] {processor.py:163} INFO - Started process (PID=2262) to work on /home/airflow/.local/lib/python3.6/site-packages/airflow/example_dags/tutorial_taskflow_api_etl.py
[2025-05-19 09:13:01,295] {processor.py:642} INFO - Processing file /home/airflow/.local/lib/python3.6/site-packages/airflow/example_dags/tutorial_taskflow_api_etl.py for tasks to queue
[2025-05-19 09:13:01,297] {logging_mixin.py:109} INFO - [2025-05-19 09:13:01,296] {dagbag.py:500} INFO - Filling up the DagBag from /home/airflow/.local/lib/python3.6/site-packages/airflow/example_dags/tutorial_taskflow_api_etl.py
[2025-05-19 09:13:01,401] {processor.py:654} INFO - DAG(s) dict_keys(['tutorial_taskflow_api_etl']) retrieved from /home/airflow/.local/lib/python3.6/site-packages/airflow/example_dags/tutorial_taskflow_api_etl.py
[2025-05-19 09:13:02,023] {logging_mixin.py:109} INFO - [2025-05-19 09:13:02,023] {dag.py:2396} INFO - Sync 1 DAGs
[2025-05-19 09:13:02,057] {logging_mixin.py:109} INFO - [2025-05-19 09:13:02,056] {dag.py:2935} INFO - Setting next_dagrun for tutorial_taskflow_api_etl to None
[2025-05-19 09:13:02,078] {processor.py:171} INFO - Processing /home/airflow/.local/lib/python3.6/site-packages/airflow/example_dags/tutorial_taskflow_api_etl.py took 0.791 seconds
[2025-05-19 09:13:32,282] {processor.py:163} INFO - Started process (PID=2316) to work on /home/airflow/.local/lib/python3.6/site-packages/airflow/example_dags/tutorial_taskflow_api_etl.py
[2025-05-19 09:13:32,286] {processor.py:642} INFO - Processing file /home/airflow/.local/lib/python3.6/site-packages/airflow/example_dags/tutorial_taskflow_api_etl.py for tasks to queue
[2025-05-19 09:13:32,289] {logging_mixin.py:109} INFO - [2025-05-19 09:13:32,288] {dagbag.py:500} INFO - Filling up the DagBag from /home/airflow/.local/lib/python3.6/site-packages/airflow/example_dags/tutorial_taskflow_api_etl.py
[2025-05-19 09:13:32,408] {processor.py:654} INFO - DAG(s) dict_keys(['tutorial_taskflow_api_etl']) retrieved from /home/airflow/.local/lib/python3.6/site-packages/airflow/example_dags/tutorial_taskflow_api_etl.py
[2025-05-19 09:13:32,976] {logging_mixin.py:109} INFO - [2025-05-19 09:13:32,975] {dag.py:2396} INFO - Sync 1 DAGs
[2025-05-19 09:13:33,009] {logging_mixin.py:109} INFO - [2025-05-19 09:13:33,009] {dag.py:2935} INFO - Setting next_dagrun for tutorial_taskflow_api_etl to None
[2025-05-19 09:13:33,030] {processor.py:171} INFO - Processing /home/airflow/.local/lib/python3.6/site-packages/airflow/example_dags/tutorial_taskflow_api_etl.py took 0.762 seconds
[2025-05-19 09:14:03,341] {processor.py:163} INFO - Started process (PID=2368) to work on /home/airflow/.local/lib/python3.6/site-packages/airflow/example_dags/tutorial_taskflow_api_etl.py
[2025-05-19 09:14:03,348] {processor.py:642} INFO - Processing file /home/airflow/.local/lib/python3.6/site-packages/airflow/example_dags/tutorial_taskflow_api_etl.py for tasks to queue
[2025-05-19 09:14:03,351] {logging_mixin.py:109} INFO - [2025-05-19 09:14:03,350] {dagbag.py:500} INFO - Filling up the DagBag from /home/airflow/.local/lib/python3.6/site-packages/airflow/example_dags/tutorial_taskflow_api_etl.py
[2025-05-19 09:14:03,526] {processor.py:654} INFO - DAG(s) dict_keys(['tutorial_taskflow_api_etl']) retrieved from /home/airflow/.local/lib/python3.6/site-packages/airflow/example_dags/tutorial_taskflow_api_etl.py
[2025-05-19 09:14:04,621] {logging_mixin.py:109} INFO - [2025-05-19 09:14:04,621] {dag.py:2396} INFO - Sync 1 DAGs
[2025-05-19 09:14:04,666] {logging_mixin.py:109} INFO - [2025-05-19 09:14:04,666] {dag.py:2935} INFO - Setting next_dagrun for tutorial_taskflow_api_etl to None
[2025-05-19 09:14:04,690] {processor.py:171} INFO - Processing /home/airflow/.local/lib/python3.6/site-packages/airflow/example_dags/tutorial_taskflow_api_etl.py took 1.358 seconds
[2025-05-19 09:14:35,669] {processor.py:163} INFO - Started process (PID=2423) to work on /home/airflow/.local/lib/python3.6/site-packages/airflow/example_dags/tutorial_taskflow_api_etl.py
[2025-05-19 09:14:35,671] {processor.py:642} INFO - Processing file /home/airflow/.local/lib/python3.6/site-packages/airflow/example_dags/tutorial_taskflow_api_etl.py for tasks to queue
[2025-05-19 09:14:35,672] {logging_mixin.py:109} INFO - [2025-05-19 09:14:35,671] {dagbag.py:500} INFO - Filling up the DagBag from /home/airflow/.local/lib/python3.6/site-packages/airflow/example_dags/tutorial_taskflow_api_etl.py
[2025-05-19 09:14:35,705] {processor.py:654} INFO - DAG(s) dict_keys(['tutorial_taskflow_api_etl']) retrieved from /home/airflow/.local/lib/python3.6/site-packages/airflow/example_dags/tutorial_taskflow_api_etl.py
[2025-05-19 09:14:35,974] {logging_mixin.py:109} INFO - [2025-05-19 09:14:35,974] {dag.py:2396} INFO - Sync 1 DAGs
[2025-05-19 09:14:35,991] {logging_mixin.py:109} INFO - [2025-05-19 09:14:35,991] {dag.py:2935} INFO - Setting next_dagrun for tutorial_taskflow_api_etl to None
[2025-05-19 09:14:36,004] {processor.py:171} INFO - Processing /home/airflow/.local/lib/python3.6/site-packages/airflow/example_dags/tutorial_taskflow_api_etl.py took 0.338 seconds
[2025-05-19 19:33:49,981] {processor.py:163} INFO - Started process (PID=58) to work on /home/airflow/.local/lib/python3.6/site-packages/airflow/example_dags/tutorial_taskflow_api_etl.py
[2025-05-19 19:33:49,989] {processor.py:642} INFO - Processing file /home/airflow/.local/lib/python3.6/site-packages/airflow/example_dags/tutorial_taskflow_api_etl.py for tasks to queue
[2025-05-19 19:33:49,993] {logging_mixin.py:109} INFO - [2025-05-19 19:33:49,992] {dagbag.py:500} INFO - Filling up the DagBag from /home/airflow/.local/lib/python3.6/site-packages/airflow/example_dags/tutorial_taskflow_api_etl.py
[2025-05-19 19:33:50,478] {processor.py:654} INFO - DAG(s) dict_keys(['tutorial_taskflow_api_etl']) retrieved from /home/airflow/.local/lib/python3.6/site-packages/airflow/example_dags/tutorial_taskflow_api_etl.py
[2025-05-19 19:33:51,731] {logging_mixin.py:109} INFO - [2025-05-19 19:33:51,731] {dag.py:2396} INFO - Sync 1 DAGs
[2025-05-19 19:33:51,810] {logging_mixin.py:109} INFO - [2025-05-19 19:33:51,810] {dag.py:2935} INFO - Setting next_dagrun for tutorial_taskflow_api_etl to None
[2025-05-19 19:33:51,878] {processor.py:171} INFO - Processing /home/airflow/.local/lib/python3.6/site-packages/airflow/example_dags/tutorial_taskflow_api_etl.py took 1.905 seconds
[2025-05-19 19:34:22,727] {processor.py:163} INFO - Started process (PID=110) to work on /home/airflow/.local/lib/python3.6/site-packages/airflow/example_dags/tutorial_taskflow_api_etl.py
[2025-05-19 19:34:22,733] {processor.py:642} INFO - Processing file /home/airflow/.local/lib/python3.6/site-packages/airflow/example_dags/tutorial_taskflow_api_etl.py for tasks to queue
[2025-05-19 19:34:22,743] {logging_mixin.py:109} INFO - [2025-05-19 19:34:22,742] {dagbag.py:500} INFO - Filling up the DagBag from /home/airflow/.local/lib/python3.6/site-packages/airflow/example_dags/tutorial_taskflow_api_etl.py
[2025-05-19 19:34:22,989] {processor.py:654} INFO - DAG(s) dict_keys(['tutorial_taskflow_api_etl']) retrieved from /home/airflow/.local/lib/python3.6/site-packages/airflow/example_dags/tutorial_taskflow_api_etl.py
[2025-05-19 19:34:24,340] {logging_mixin.py:109} INFO - [2025-05-19 19:34:24,339] {dag.py:2396} INFO - Sync 1 DAGs
[2025-05-19 19:34:24,410] {logging_mixin.py:109} INFO - [2025-05-19 19:34:24,410] {dag.py:2935} INFO - Setting next_dagrun for tutorial_taskflow_api_etl to None
[2025-05-19 19:34:24,435] {processor.py:171} INFO - Processing /home/airflow/.local/lib/python3.6/site-packages/airflow/example_dags/tutorial_taskflow_api_etl.py took 1.727 seconds
[2025-05-19 19:34:54,526] {processor.py:163} INFO - Started process (PID=152) to work on /home/airflow/.local/lib/python3.6/site-packages/airflow/example_dags/tutorial_taskflow_api_etl.py
[2025-05-19 19:34:54,528] {processor.py:642} INFO - Processing file /home/airflow/.local/lib/python3.6/site-packages/airflow/example_dags/tutorial_taskflow_api_etl.py for tasks to queue
[2025-05-19 19:34:54,529] {logging_mixin.py:109} INFO - [2025-05-19 19:34:54,529] {dagbag.py:500} INFO - Filling up the DagBag from /home/airflow/.local/lib/python3.6/site-packages/airflow/example_dags/tutorial_taskflow_api_etl.py
[2025-05-19 19:34:54,572] {processor.py:654} INFO - DAG(s) dict_keys(['tutorial_taskflow_api_etl']) retrieved from /home/airflow/.local/lib/python3.6/site-packages/airflow/example_dags/tutorial_taskflow_api_etl.py
[2025-05-19 19:34:54,586] {logging_mixin.py:109} INFO - [2025-05-19 19:34:54,586] {dag.py:2396} INFO - Sync 1 DAGs
[2025-05-19 19:34:54,616] {logging_mixin.py:109} INFO - [2025-05-19 19:34:54,616] {dag.py:2935} INFO - Setting next_dagrun for tutorial_taskflow_api_etl to None
[2025-05-19 19:34:54,630] {processor.py:171} INFO - Processing /home/airflow/.local/lib/python3.6/site-packages/airflow/example_dags/tutorial_taskflow_api_etl.py took 0.110 seconds
[2025-05-19 19:35:25,497] {processor.py:163} INFO - Started process (PID=206) to work on /home/airflow/.local/lib/python3.6/site-packages/airflow/example_dags/tutorial_taskflow_api_etl.py
[2025-05-19 19:35:25,500] {processor.py:642} INFO - Processing file /home/airflow/.local/lib/python3.6/site-packages/airflow/example_dags/tutorial_taskflow_api_etl.py for tasks to queue
[2025-05-19 19:35:25,502] {logging_mixin.py:109} INFO - [2025-05-19 19:35:25,502] {dagbag.py:500} INFO - Filling up the DagBag from /home/airflow/.local/lib/python3.6/site-packages/airflow/example_dags/tutorial_taskflow_api_etl.py
[2025-05-19 19:35:25,634] {processor.py:654} INFO - DAG(s) dict_keys(['tutorial_taskflow_api_etl']) retrieved from /home/airflow/.local/lib/python3.6/site-packages/airflow/example_dags/tutorial_taskflow_api_etl.py
[2025-05-19 19:35:26,163] {logging_mixin.py:109} INFO - [2025-05-19 19:35:26,163] {dag.py:2396} INFO - Sync 1 DAGs
[2025-05-19 19:35:26,288] {logging_mixin.py:109} INFO - [2025-05-19 19:35:26,287] {dag.py:2935} INFO - Setting next_dagrun for tutorial_taskflow_api_etl to None
[2025-05-19 19:35:26,360] {processor.py:171} INFO - Processing /home/airflow/.local/lib/python3.6/site-packages/airflow/example_dags/tutorial_taskflow_api_etl.py took 1.320 seconds
[2025-05-19 19:35:57,002] {processor.py:163} INFO - Started process (PID=258) to work on /home/airflow/.local/lib/python3.6/site-packages/airflow/example_dags/tutorial_taskflow_api_etl.py
[2025-05-19 19:35:57,005] {processor.py:642} INFO - Processing file /home/airflow/.local/lib/python3.6/site-packages/airflow/example_dags/tutorial_taskflow_api_etl.py for tasks to queue
[2025-05-19 19:35:57,007] {logging_mixin.py:109} INFO - [2025-05-19 19:35:57,007] {dagbag.py:500} INFO - Filling up the DagBag from /home/airflow/.local/lib/python3.6/site-packages/airflow/example_dags/tutorial_taskflow_api_etl.py
[2025-05-19 19:35:57,106] {processor.py:654} INFO - DAG(s) dict_keys(['tutorial_taskflow_api_etl']) retrieved from /home/airflow/.local/lib/python3.6/site-packages/airflow/example_dags/tutorial_taskflow_api_etl.py
[2025-05-19 19:35:57,772] {logging_mixin.py:109} INFO - [2025-05-19 19:35:57,772] {dag.py:2396} INFO - Sync 1 DAGs
[2025-05-19 19:35:57,819] {logging_mixin.py:109} INFO - [2025-05-19 19:35:57,819] {dag.py:2935} INFO - Setting next_dagrun for tutorial_taskflow_api_etl to None
[2025-05-19 19:35:57,855] {processor.py:171} INFO - Processing /home/airflow/.local/lib/python3.6/site-packages/airflow/example_dags/tutorial_taskflow_api_etl.py took 0.861 seconds
[2025-05-19 19:36:28,115] {processor.py:163} INFO - Started process (PID=310) to work on /home/airflow/.local/lib/python3.6/site-packages/airflow/example_dags/tutorial_taskflow_api_etl.py
[2025-05-19 19:36:28,117] {processor.py:642} INFO - Processing file /home/airflow/.local/lib/python3.6/site-packages/airflow/example_dags/tutorial_taskflow_api_etl.py for tasks to queue
[2025-05-19 19:36:28,119] {logging_mixin.py:109} INFO - [2025-05-19 19:36:28,119] {dagbag.py:500} INFO - Filling up the DagBag from /home/airflow/.local/lib/python3.6/site-packages/airflow/example_dags/tutorial_taskflow_api_etl.py
[2025-05-19 19:36:28,175] {processor.py:654} INFO - DAG(s) dict_keys(['tutorial_taskflow_api_etl']) retrieved from /home/airflow/.local/lib/python3.6/site-packages/airflow/example_dags/tutorial_taskflow_api_etl.py
[2025-05-19 19:36:28,709] {logging_mixin.py:109} INFO - [2025-05-19 19:36:28,709] {dag.py:2396} INFO - Sync 1 DAGs
[2025-05-19 19:36:28,760] {logging_mixin.py:109} INFO - [2025-05-19 19:36:28,760] {dag.py:2935} INFO - Setting next_dagrun for tutorial_taskflow_api_etl to None
[2025-05-19 19:36:28,787] {processor.py:171} INFO - Processing /home/airflow/.local/lib/python3.6/site-packages/airflow/example_dags/tutorial_taskflow_api_etl.py took 0.677 seconds
[2025-05-19 19:36:59,032] {processor.py:163} INFO - Started process (PID=364) to work on /home/airflow/.local/lib/python3.6/site-packages/airflow/example_dags/tutorial_taskflow_api_etl.py
[2025-05-19 19:36:59,033] {processor.py:642} INFO - Processing file /home/airflow/.local/lib/python3.6/site-packages/airflow/example_dags/tutorial_taskflow_api_etl.py for tasks to queue
[2025-05-19 19:36:59,034] {logging_mixin.py:109} INFO - [2025-05-19 19:36:59,034] {dagbag.py:500} INFO - Filling up the DagBag from /home/airflow/.local/lib/python3.6/site-packages/airflow/example_dags/tutorial_taskflow_api_etl.py
[2025-05-19 19:36:59,073] {processor.py:654} INFO - DAG(s) dict_keys(['tutorial_taskflow_api_etl']) retrieved from /home/airflow/.local/lib/python3.6/site-packages/airflow/example_dags/tutorial_taskflow_api_etl.py
[2025-05-19 19:36:59,366] {logging_mixin.py:109} INFO - [2025-05-19 19:36:59,366] {dag.py:2396} INFO - Sync 1 DAGs
[2025-05-19 19:36:59,394] {logging_mixin.py:109} INFO - [2025-05-19 19:36:59,394] {dag.py:2935} INFO - Setting next_dagrun for tutorial_taskflow_api_etl to None
[2025-05-19 19:36:59,412] {processor.py:171} INFO - Processing /home/airflow/.local/lib/python3.6/site-packages/airflow/example_dags/tutorial_taskflow_api_etl.py took 0.383 seconds
