[2025-05-19 08:53:14,989] {processor.py:163} INFO - Started process (PID=195) to work on /home/airflow/.local/lib/python3.6/site-packages/airflow/example_dags/tutorial_etl_dag.py
[2025-05-19 08:53:14,999] {processor.py:642} INFO - Processing file /home/airflow/.local/lib/python3.6/site-packages/airflow/example_dags/tutorial_etl_dag.py for tasks to queue
[2025-05-19 08:53:15,004] {logging_mixin.py:109} INFO - [2025-05-19 08:53:15,002] {dagbag.py:500} INFO - Filling up the DagBag from /home/airflow/.local/lib/python3.6/site-packages/airflow/example_dags/tutorial_etl_dag.py
[2025-05-19 08:53:15,204] {processor.py:654} INFO - DAG(s) dict_keys(['tutorial_etl_dag']) retrieved from /home/airflow/.local/lib/python3.6/site-packages/airflow/example_dags/tutorial_etl_dag.py
[2025-05-19 08:53:27,269] {logging_mixin.py:109} INFO - [2025-05-19 08:53:27,268] {manager.py:496} INFO - Created Permission View: can read on DAG:tutorial_etl_dag
[2025-05-19 08:53:27,313] {logging_mixin.py:109} INFO - [2025-05-19 08:53:27,313] {manager.py:496} INFO - Created Permission View: can edit on DAG:tutorial_etl_dag
[2025-05-19 08:53:27,320] {logging_mixin.py:109} INFO - [2025-05-19 08:53:27,314] {dag.py:2396} INFO - Sync 1 DAGs
[2025-05-19 08:53:27,398] {logging_mixin.py:109} INFO - [2025-05-19 08:53:27,392] {dag.py:2415} INFO - Creating ORM DAG for tutorial_etl_dag
[2025-05-19 08:53:27,491] {logging_mixin.py:109} INFO - [2025-05-19 08:53:27,491] {dag.py:2935} INFO - Setting next_dagrun for tutorial_etl_dag to None
[2025-05-19 08:53:27,572] {processor.py:171} INFO - Processing /home/airflow/.local/lib/python3.6/site-packages/airflow/example_dags/tutorial_etl_dag.py took 12.621 seconds
[2025-05-19 08:55:23,706] {processor.py:163} INFO - Started process (PID=445) to work on /home/airflow/.local/lib/python3.6/site-packages/airflow/example_dags/tutorial_etl_dag.py
[2025-05-19 08:55:23,719] {processor.py:642} INFO - Processing file /home/airflow/.local/lib/python3.6/site-packages/airflow/example_dags/tutorial_etl_dag.py for tasks to queue
[2025-05-19 08:55:23,725] {logging_mixin.py:109} INFO - [2025-05-19 08:55:23,725] {dagbag.py:500} INFO - Filling up the DagBag from /home/airflow/.local/lib/python3.6/site-packages/airflow/example_dags/tutorial_etl_dag.py
[2025-05-19 08:55:23,877] {processor.py:654} INFO - DAG(s) dict_keys(['tutorial_etl_dag']) retrieved from /home/airflow/.local/lib/python3.6/site-packages/airflow/example_dags/tutorial_etl_dag.py
[2025-05-19 08:55:23,937] {logging_mixin.py:109} INFO - [2025-05-19 08:55:23,936] {dag.py:2396} INFO - Sync 1 DAGs
[2025-05-19 08:55:24,057] {logging_mixin.py:109} INFO - [2025-05-19 08:55:24,057] {dag.py:2935} INFO - Setting next_dagrun for tutorial_etl_dag to None
[2025-05-19 08:55:24,094] {processor.py:171} INFO - Processing /home/airflow/.local/lib/python3.6/site-packages/airflow/example_dags/tutorial_etl_dag.py took 0.399 seconds
[2025-05-19 08:55:55,842] {processor.py:163} INFO - Started process (PID=496) to work on /home/airflow/.local/lib/python3.6/site-packages/airflow/example_dags/tutorial_etl_dag.py
[2025-05-19 08:55:55,851] {processor.py:642} INFO - Processing file /home/airflow/.local/lib/python3.6/site-packages/airflow/example_dags/tutorial_etl_dag.py for tasks to queue
[2025-05-19 08:55:55,873] {logging_mixin.py:109} INFO - [2025-05-19 08:55:55,872] {dagbag.py:500} INFO - Filling up the DagBag from /home/airflow/.local/lib/python3.6/site-packages/airflow/example_dags/tutorial_etl_dag.py
[2025-05-19 08:55:56,077] {processor.py:654} INFO - DAG(s) dict_keys(['tutorial_etl_dag']) retrieved from /home/airflow/.local/lib/python3.6/site-packages/airflow/example_dags/tutorial_etl_dag.py
[2025-05-19 08:55:56,123] {logging_mixin.py:109} INFO - [2025-05-19 08:55:56,123] {dag.py:2396} INFO - Sync 1 DAGs
[2025-05-19 08:55:56,298] {logging_mixin.py:109} INFO - [2025-05-19 08:55:56,298] {dag.py:2935} INFO - Setting next_dagrun for tutorial_etl_dag to None
[2025-05-19 08:55:56,433] {processor.py:171} INFO - Processing /home/airflow/.local/lib/python3.6/site-packages/airflow/example_dags/tutorial_etl_dag.py took 0.611 seconds
[2025-05-19 08:56:27,005] {processor.py:163} INFO - Started process (PID=547) to work on /home/airflow/.local/lib/python3.6/site-packages/airflow/example_dags/tutorial_etl_dag.py
[2025-05-19 08:56:27,008] {processor.py:642} INFO - Processing file /home/airflow/.local/lib/python3.6/site-packages/airflow/example_dags/tutorial_etl_dag.py for tasks to queue
[2025-05-19 08:56:27,010] {logging_mixin.py:109} INFO - [2025-05-19 08:56:27,010] {dagbag.py:500} INFO - Filling up the DagBag from /home/airflow/.local/lib/python3.6/site-packages/airflow/example_dags/tutorial_etl_dag.py
[2025-05-19 08:56:27,068] {processor.py:654} INFO - DAG(s) dict_keys(['tutorial_etl_dag']) retrieved from /home/airflow/.local/lib/python3.6/site-packages/airflow/example_dags/tutorial_etl_dag.py
[2025-05-19 08:56:27,089] {logging_mixin.py:109} INFO - [2025-05-19 08:56:27,088] {dag.py:2396} INFO - Sync 1 DAGs
[2025-05-19 08:56:27,137] {logging_mixin.py:109} INFO - [2025-05-19 08:56:27,137] {dag.py:2935} INFO - Setting next_dagrun for tutorial_etl_dag to None
[2025-05-19 08:56:27,161] {processor.py:171} INFO - Processing /home/airflow/.local/lib/python3.6/site-packages/airflow/example_dags/tutorial_etl_dag.py took 0.164 seconds
[2025-05-19 08:56:57,609] {processor.py:163} INFO - Started process (PID=599) to work on /home/airflow/.local/lib/python3.6/site-packages/airflow/example_dags/tutorial_etl_dag.py
[2025-05-19 08:56:57,611] {processor.py:642} INFO - Processing file /home/airflow/.local/lib/python3.6/site-packages/airflow/example_dags/tutorial_etl_dag.py for tasks to queue
[2025-05-19 08:56:57,613] {logging_mixin.py:109} INFO - [2025-05-19 08:56:57,613] {dagbag.py:500} INFO - Filling up the DagBag from /home/airflow/.local/lib/python3.6/site-packages/airflow/example_dags/tutorial_etl_dag.py
[2025-05-19 08:56:57,667] {processor.py:654} INFO - DAG(s) dict_keys(['tutorial_etl_dag']) retrieved from /home/airflow/.local/lib/python3.6/site-packages/airflow/example_dags/tutorial_etl_dag.py
[2025-05-19 08:56:57,685] {logging_mixin.py:109} INFO - [2025-05-19 08:56:57,685] {dag.py:2396} INFO - Sync 1 DAGs
[2025-05-19 08:56:57,714] {logging_mixin.py:109} INFO - [2025-05-19 08:56:57,714] {dag.py:2935} INFO - Setting next_dagrun for tutorial_etl_dag to None
[2025-05-19 08:56:57,730] {processor.py:171} INFO - Processing /home/airflow/.local/lib/python3.6/site-packages/airflow/example_dags/tutorial_etl_dag.py took 0.127 seconds
[2025-05-19 08:57:27,813] {processor.py:163} INFO - Started process (PID=651) to work on /home/airflow/.local/lib/python3.6/site-packages/airflow/example_dags/tutorial_etl_dag.py
[2025-05-19 08:57:27,821] {processor.py:642} INFO - Processing file /home/airflow/.local/lib/python3.6/site-packages/airflow/example_dags/tutorial_etl_dag.py for tasks to queue
[2025-05-19 08:57:27,823] {logging_mixin.py:109} INFO - [2025-05-19 08:57:27,823] {dagbag.py:500} INFO - Filling up the DagBag from /home/airflow/.local/lib/python3.6/site-packages/airflow/example_dags/tutorial_etl_dag.py
[2025-05-19 08:57:27,944] {processor.py:654} INFO - DAG(s) dict_keys(['tutorial_etl_dag']) retrieved from /home/airflow/.local/lib/python3.6/site-packages/airflow/example_dags/tutorial_etl_dag.py
[2025-05-19 08:57:28,000] {logging_mixin.py:109} INFO - [2025-05-19 08:57:27,999] {dag.py:2396} INFO - Sync 1 DAGs
[2025-05-19 08:57:28,106] {logging_mixin.py:109} INFO - [2025-05-19 08:57:28,106] {dag.py:2935} INFO - Setting next_dagrun for tutorial_etl_dag to None
[2025-05-19 08:57:28,183] {processor.py:171} INFO - Processing /home/airflow/.local/lib/python3.6/site-packages/airflow/example_dags/tutorial_etl_dag.py took 0.380 seconds
[2025-05-19 08:57:59,314] {processor.py:163} INFO - Started process (PID=703) to work on /home/airflow/.local/lib/python3.6/site-packages/airflow/example_dags/tutorial_etl_dag.py
[2025-05-19 08:57:59,317] {processor.py:642} INFO - Processing file /home/airflow/.local/lib/python3.6/site-packages/airflow/example_dags/tutorial_etl_dag.py for tasks to queue
[2025-05-19 08:57:59,320] {logging_mixin.py:109} INFO - [2025-05-19 08:57:59,320] {dagbag.py:500} INFO - Filling up the DagBag from /home/airflow/.local/lib/python3.6/site-packages/airflow/example_dags/tutorial_etl_dag.py
[2025-05-19 08:57:59,381] {processor.py:654} INFO - DAG(s) dict_keys(['tutorial_etl_dag']) retrieved from /home/airflow/.local/lib/python3.6/site-packages/airflow/example_dags/tutorial_etl_dag.py
[2025-05-19 08:57:59,403] {logging_mixin.py:109} INFO - [2025-05-19 08:57:59,403] {dag.py:2396} INFO - Sync 1 DAGs
[2025-05-19 08:57:59,444] {logging_mixin.py:109} INFO - [2025-05-19 08:57:59,444] {dag.py:2935} INFO - Setting next_dagrun for tutorial_etl_dag to None
[2025-05-19 08:57:59,466] {processor.py:171} INFO - Processing /home/airflow/.local/lib/python3.6/site-packages/airflow/example_dags/tutorial_etl_dag.py took 0.160 seconds
[2025-05-19 08:58:29,980] {processor.py:163} INFO - Started process (PID=755) to work on /home/airflow/.local/lib/python3.6/site-packages/airflow/example_dags/tutorial_etl_dag.py
[2025-05-19 08:58:29,982] {processor.py:642} INFO - Processing file /home/airflow/.local/lib/python3.6/site-packages/airflow/example_dags/tutorial_etl_dag.py for tasks to queue
[2025-05-19 08:58:29,984] {logging_mixin.py:109} INFO - [2025-05-19 08:58:29,984] {dagbag.py:500} INFO - Filling up the DagBag from /home/airflow/.local/lib/python3.6/site-packages/airflow/example_dags/tutorial_etl_dag.py
[2025-05-19 08:58:30,048] {processor.py:654} INFO - DAG(s) dict_keys(['tutorial_etl_dag']) retrieved from /home/airflow/.local/lib/python3.6/site-packages/airflow/example_dags/tutorial_etl_dag.py
[2025-05-19 08:58:30,071] {logging_mixin.py:109} INFO - [2025-05-19 08:58:30,071] {dag.py:2396} INFO - Sync 1 DAGs
[2025-05-19 08:58:30,111] {logging_mixin.py:109} INFO - [2025-05-19 08:58:30,111] {dag.py:2935} INFO - Setting next_dagrun for tutorial_etl_dag to None
[2025-05-19 08:58:30,141] {processor.py:171} INFO - Processing /home/airflow/.local/lib/python3.6/site-packages/airflow/example_dags/tutorial_etl_dag.py took 0.168 seconds
[2025-05-19 08:59:01,137] {processor.py:163} INFO - Started process (PID=807) to work on /home/airflow/.local/lib/python3.6/site-packages/airflow/example_dags/tutorial_etl_dag.py
[2025-05-19 08:59:01,140] {processor.py:642} INFO - Processing file /home/airflow/.local/lib/python3.6/site-packages/airflow/example_dags/tutorial_etl_dag.py for tasks to queue
[2025-05-19 08:59:01,142] {logging_mixin.py:109} INFO - [2025-05-19 08:59:01,142] {dagbag.py:500} INFO - Filling up the DagBag from /home/airflow/.local/lib/python3.6/site-packages/airflow/example_dags/tutorial_etl_dag.py
[2025-05-19 08:59:01,202] {processor.py:654} INFO - DAG(s) dict_keys(['tutorial_etl_dag']) retrieved from /home/airflow/.local/lib/python3.6/site-packages/airflow/example_dags/tutorial_etl_dag.py
[2025-05-19 08:59:01,224] {logging_mixin.py:109} INFO - [2025-05-19 08:59:01,223] {dag.py:2396} INFO - Sync 1 DAGs
[2025-05-19 08:59:01,259] {logging_mixin.py:109} INFO - [2025-05-19 08:59:01,258] {dag.py:2935} INFO - Setting next_dagrun for tutorial_etl_dag to None
[2025-05-19 08:59:01,276] {processor.py:171} INFO - Processing /home/airflow/.local/lib/python3.6/site-packages/airflow/example_dags/tutorial_etl_dag.py took 0.149 seconds
[2025-05-19 08:59:31,953] {processor.py:163} INFO - Started process (PID=859) to work on /home/airflow/.local/lib/python3.6/site-packages/airflow/example_dags/tutorial_etl_dag.py
[2025-05-19 08:59:31,955] {processor.py:642} INFO - Processing file /home/airflow/.local/lib/python3.6/site-packages/airflow/example_dags/tutorial_etl_dag.py for tasks to queue
[2025-05-19 08:59:31,957] {logging_mixin.py:109} INFO - [2025-05-19 08:59:31,957] {dagbag.py:500} INFO - Filling up the DagBag from /home/airflow/.local/lib/python3.6/site-packages/airflow/example_dags/tutorial_etl_dag.py
[2025-05-19 08:59:32,014] {processor.py:654} INFO - DAG(s) dict_keys(['tutorial_etl_dag']) retrieved from /home/airflow/.local/lib/python3.6/site-packages/airflow/example_dags/tutorial_etl_dag.py
[2025-05-19 08:59:32,037] {logging_mixin.py:109} INFO - [2025-05-19 08:59:32,037] {dag.py:2396} INFO - Sync 1 DAGs
[2025-05-19 08:59:32,080] {logging_mixin.py:109} INFO - [2025-05-19 08:59:32,080] {dag.py:2935} INFO - Setting next_dagrun for tutorial_etl_dag to None
[2025-05-19 08:59:32,099] {processor.py:171} INFO - Processing /home/airflow/.local/lib/python3.6/site-packages/airflow/example_dags/tutorial_etl_dag.py took 0.152 seconds
[2025-05-19 09:00:03,581] {processor.py:163} INFO - Started process (PID=912) to work on /home/airflow/.local/lib/python3.6/site-packages/airflow/example_dags/tutorial_etl_dag.py
[2025-05-19 09:00:03,584] {processor.py:642} INFO - Processing file /home/airflow/.local/lib/python3.6/site-packages/airflow/example_dags/tutorial_etl_dag.py for tasks to queue
[2025-05-19 09:00:03,586] {logging_mixin.py:109} INFO - [2025-05-19 09:00:03,586] {dagbag.py:500} INFO - Filling up the DagBag from /home/airflow/.local/lib/python3.6/site-packages/airflow/example_dags/tutorial_etl_dag.py
[2025-05-19 09:00:03,653] {processor.py:654} INFO - DAG(s) dict_keys(['tutorial_etl_dag']) retrieved from /home/airflow/.local/lib/python3.6/site-packages/airflow/example_dags/tutorial_etl_dag.py
[2025-05-19 09:00:03,675] {logging_mixin.py:109} INFO - [2025-05-19 09:00:03,675] {dag.py:2396} INFO - Sync 1 DAGs
[2025-05-19 09:00:03,712] {logging_mixin.py:109} INFO - [2025-05-19 09:00:03,712] {dag.py:2935} INFO - Setting next_dagrun for tutorial_etl_dag to None
[2025-05-19 09:00:03,733] {processor.py:171} INFO - Processing /home/airflow/.local/lib/python3.6/site-packages/airflow/example_dags/tutorial_etl_dag.py took 0.162 seconds
[2025-05-19 09:00:34,864] {processor.py:163} INFO - Started process (PID=964) to work on /home/airflow/.local/lib/python3.6/site-packages/airflow/example_dags/tutorial_etl_dag.py
[2025-05-19 09:00:34,868] {processor.py:642} INFO - Processing file /home/airflow/.local/lib/python3.6/site-packages/airflow/example_dags/tutorial_etl_dag.py for tasks to queue
[2025-05-19 09:00:34,870] {logging_mixin.py:109} INFO - [2025-05-19 09:00:34,870] {dagbag.py:500} INFO - Filling up the DagBag from /home/airflow/.local/lib/python3.6/site-packages/airflow/example_dags/tutorial_etl_dag.py
[2025-05-19 09:00:34,948] {processor.py:654} INFO - DAG(s) dict_keys(['tutorial_etl_dag']) retrieved from /home/airflow/.local/lib/python3.6/site-packages/airflow/example_dags/tutorial_etl_dag.py
[2025-05-19 09:00:34,974] {logging_mixin.py:109} INFO - [2025-05-19 09:00:34,974] {dag.py:2396} INFO - Sync 1 DAGs
[2025-05-19 09:00:35,017] {logging_mixin.py:109} INFO - [2025-05-19 09:00:35,016] {dag.py:2935} INFO - Setting next_dagrun for tutorial_etl_dag to None
[2025-05-19 09:00:35,037] {processor.py:171} INFO - Processing /home/airflow/.local/lib/python3.6/site-packages/airflow/example_dags/tutorial_etl_dag.py took 0.183 seconds
[2025-05-19 09:01:06,009] {processor.py:163} INFO - Started process (PID=1016) to work on /home/airflow/.local/lib/python3.6/site-packages/airflow/example_dags/tutorial_etl_dag.py
[2025-05-19 09:01:06,021] {processor.py:642} INFO - Processing file /home/airflow/.local/lib/python3.6/site-packages/airflow/example_dags/tutorial_etl_dag.py for tasks to queue
[2025-05-19 09:01:06,023] {logging_mixin.py:109} INFO - [2025-05-19 09:01:06,023] {dagbag.py:500} INFO - Filling up the DagBag from /home/airflow/.local/lib/python3.6/site-packages/airflow/example_dags/tutorial_etl_dag.py
[2025-05-19 09:01:06,139] {processor.py:654} INFO - DAG(s) dict_keys(['tutorial_etl_dag']) retrieved from /home/airflow/.local/lib/python3.6/site-packages/airflow/example_dags/tutorial_etl_dag.py
[2025-05-19 09:01:06,186] {logging_mixin.py:109} INFO - [2025-05-19 09:01:06,186] {dag.py:2396} INFO - Sync 1 DAGs
[2025-05-19 09:01:06,243] {logging_mixin.py:109} INFO - [2025-05-19 09:01:06,243] {dag.py:2935} INFO - Setting next_dagrun for tutorial_etl_dag to None
[2025-05-19 09:01:06,274] {processor.py:171} INFO - Processing /home/airflow/.local/lib/python3.6/site-packages/airflow/example_dags/tutorial_etl_dag.py took 0.275 seconds
[2025-05-19 09:01:37,857] {processor.py:163} INFO - Started process (PID=1068) to work on /home/airflow/.local/lib/python3.6/site-packages/airflow/example_dags/tutorial_etl_dag.py
[2025-05-19 09:01:37,860] {processor.py:642} INFO - Processing file /home/airflow/.local/lib/python3.6/site-packages/airflow/example_dags/tutorial_etl_dag.py for tasks to queue
[2025-05-19 09:01:37,862] {logging_mixin.py:109} INFO - [2025-05-19 09:01:37,862] {dagbag.py:500} INFO - Filling up the DagBag from /home/airflow/.local/lib/python3.6/site-packages/airflow/example_dags/tutorial_etl_dag.py
[2025-05-19 09:01:37,943] {processor.py:654} INFO - DAG(s) dict_keys(['tutorial_etl_dag']) retrieved from /home/airflow/.local/lib/python3.6/site-packages/airflow/example_dags/tutorial_etl_dag.py
[2025-05-19 09:01:37,984] {logging_mixin.py:109} INFO - [2025-05-19 09:01:37,983] {dag.py:2396} INFO - Sync 1 DAGs
[2025-05-19 09:01:38,059] {logging_mixin.py:109} INFO - [2025-05-19 09:01:38,058] {dag.py:2935} INFO - Setting next_dagrun for tutorial_etl_dag to None
[2025-05-19 09:01:38,084] {processor.py:171} INFO - Processing /home/airflow/.local/lib/python3.6/site-packages/airflow/example_dags/tutorial_etl_dag.py took 0.235 seconds
[2025-05-19 09:02:11,208] {processor.py:163} INFO - Started process (PID=1121) to work on /home/airflow/.local/lib/python3.6/site-packages/airflow/example_dags/tutorial_etl_dag.py
[2025-05-19 09:02:11,232] {processor.py:642} INFO - Processing file /home/airflow/.local/lib/python3.6/site-packages/airflow/example_dags/tutorial_etl_dag.py for tasks to queue
[2025-05-19 09:02:11,270] {logging_mixin.py:109} INFO - [2025-05-19 09:02:11,269] {dagbag.py:500} INFO - Filling up the DagBag from /home/airflow/.local/lib/python3.6/site-packages/airflow/example_dags/tutorial_etl_dag.py
[2025-05-19 09:02:11,554] {processor.py:654} INFO - DAG(s) dict_keys(['tutorial_etl_dag']) retrieved from /home/airflow/.local/lib/python3.6/site-packages/airflow/example_dags/tutorial_etl_dag.py
[2025-05-19 09:02:11,705] {logging_mixin.py:109} INFO - [2025-05-19 09:02:11,705] {dag.py:2396} INFO - Sync 1 DAGs
[2025-05-19 09:02:11,853] {logging_mixin.py:109} INFO - [2025-05-19 09:02:11,853] {dag.py:2935} INFO - Setting next_dagrun for tutorial_etl_dag to None
[2025-05-19 09:02:11,916] {processor.py:171} INFO - Processing /home/airflow/.local/lib/python3.6/site-packages/airflow/example_dags/tutorial_etl_dag.py took 0.742 seconds
[2025-05-19 09:02:43,296] {processor.py:163} INFO - Started process (PID=1177) to work on /home/airflow/.local/lib/python3.6/site-packages/airflow/example_dags/tutorial_etl_dag.py
[2025-05-19 09:02:43,312] {processor.py:642} INFO - Processing file /home/airflow/.local/lib/python3.6/site-packages/airflow/example_dags/tutorial_etl_dag.py for tasks to queue
[2025-05-19 09:02:43,314] {logging_mixin.py:109} INFO - [2025-05-19 09:02:43,314] {dagbag.py:500} INFO - Filling up the DagBag from /home/airflow/.local/lib/python3.6/site-packages/airflow/example_dags/tutorial_etl_dag.py
[2025-05-19 09:02:43,458] {processor.py:654} INFO - DAG(s) dict_keys(['tutorial_etl_dag']) retrieved from /home/airflow/.local/lib/python3.6/site-packages/airflow/example_dags/tutorial_etl_dag.py
[2025-05-19 09:02:43,536] {logging_mixin.py:109} INFO - [2025-05-19 09:02:43,536] {dag.py:2396} INFO - Sync 1 DAGs
[2025-05-19 09:02:43,615] {logging_mixin.py:109} INFO - [2025-05-19 09:02:43,615] {dag.py:2935} INFO - Setting next_dagrun for tutorial_etl_dag to None
[2025-05-19 09:02:43,651] {processor.py:171} INFO - Processing /home/airflow/.local/lib/python3.6/site-packages/airflow/example_dags/tutorial_etl_dag.py took 0.381 seconds
[2025-05-19 09:03:13,974] {processor.py:163} INFO - Started process (PID=1225) to work on /home/airflow/.local/lib/python3.6/site-packages/airflow/example_dags/tutorial_etl_dag.py
[2025-05-19 09:03:13,979] {processor.py:642} INFO - Processing file /home/airflow/.local/lib/python3.6/site-packages/airflow/example_dags/tutorial_etl_dag.py for tasks to queue
[2025-05-19 09:03:13,981] {logging_mixin.py:109} INFO - [2025-05-19 09:03:13,981] {dagbag.py:500} INFO - Filling up the DagBag from /home/airflow/.local/lib/python3.6/site-packages/airflow/example_dags/tutorial_etl_dag.py
[2025-05-19 09:03:14,059] {processor.py:654} INFO - DAG(s) dict_keys(['tutorial_etl_dag']) retrieved from /home/airflow/.local/lib/python3.6/site-packages/airflow/example_dags/tutorial_etl_dag.py
[2025-05-19 09:03:14,090] {logging_mixin.py:109} INFO - [2025-05-19 09:03:14,090] {dag.py:2396} INFO - Sync 1 DAGs
[2025-05-19 09:03:14,148] {logging_mixin.py:109} INFO - [2025-05-19 09:03:14,148] {dag.py:2935} INFO - Setting next_dagrun for tutorial_etl_dag to None
[2025-05-19 09:03:14,172] {processor.py:171} INFO - Processing /home/airflow/.local/lib/python3.6/site-packages/airflow/example_dags/tutorial_etl_dag.py took 0.210 seconds
[2025-05-19 09:03:44,366] {processor.py:163} INFO - Started process (PID=1269) to work on /home/airflow/.local/lib/python3.6/site-packages/airflow/example_dags/tutorial_etl_dag.py
[2025-05-19 09:03:44,369] {processor.py:642} INFO - Processing file /home/airflow/.local/lib/python3.6/site-packages/airflow/example_dags/tutorial_etl_dag.py for tasks to queue
[2025-05-19 09:03:44,371] {logging_mixin.py:109} INFO - [2025-05-19 09:03:44,370] {dagbag.py:500} INFO - Filling up the DagBag from /home/airflow/.local/lib/python3.6/site-packages/airflow/example_dags/tutorial_etl_dag.py
[2025-05-19 09:03:44,426] {processor.py:654} INFO - DAG(s) dict_keys(['tutorial_etl_dag']) retrieved from /home/airflow/.local/lib/python3.6/site-packages/airflow/example_dags/tutorial_etl_dag.py
[2025-05-19 09:03:44,443] {logging_mixin.py:109} INFO - [2025-05-19 09:03:44,443] {dag.py:2396} INFO - Sync 1 DAGs
[2025-05-19 09:03:44,473] {logging_mixin.py:109} INFO - [2025-05-19 09:03:44,472] {dag.py:2935} INFO - Setting next_dagrun for tutorial_etl_dag to None
[2025-05-19 09:03:44,488] {processor.py:171} INFO - Processing /home/airflow/.local/lib/python3.6/site-packages/airflow/example_dags/tutorial_etl_dag.py took 0.129 seconds
[2025-05-19 09:04:14,607] {processor.py:163} INFO - Started process (PID=1321) to work on /home/airflow/.local/lib/python3.6/site-packages/airflow/example_dags/tutorial_etl_dag.py
[2025-05-19 09:04:14,643] {processor.py:642} INFO - Processing file /home/airflow/.local/lib/python3.6/site-packages/airflow/example_dags/tutorial_etl_dag.py for tasks to queue
[2025-05-19 09:04:14,647] {logging_mixin.py:109} INFO - [2025-05-19 09:04:14,646] {dagbag.py:500} INFO - Filling up the DagBag from /home/airflow/.local/lib/python3.6/site-packages/airflow/example_dags/tutorial_etl_dag.py
[2025-05-19 09:04:14,731] {processor.py:654} INFO - DAG(s) dict_keys(['tutorial_etl_dag']) retrieved from /home/airflow/.local/lib/python3.6/site-packages/airflow/example_dags/tutorial_etl_dag.py
[2025-05-19 09:04:14,766] {logging_mixin.py:109} INFO - [2025-05-19 09:04:14,766] {dag.py:2396} INFO - Sync 1 DAGs
[2025-05-19 09:04:14,827] {logging_mixin.py:109} INFO - [2025-05-19 09:04:14,827] {dag.py:2935} INFO - Setting next_dagrun for tutorial_etl_dag to None
[2025-05-19 09:04:14,850] {processor.py:171} INFO - Processing /home/airflow/.local/lib/python3.6/site-packages/airflow/example_dags/tutorial_etl_dag.py took 0.252 seconds
[2025-05-19 09:04:45,400] {processor.py:163} INFO - Started process (PID=1373) to work on /home/airflow/.local/lib/python3.6/site-packages/airflow/example_dags/tutorial_etl_dag.py
[2025-05-19 09:04:45,403] {processor.py:642} INFO - Processing file /home/airflow/.local/lib/python3.6/site-packages/airflow/example_dags/tutorial_etl_dag.py for tasks to queue
[2025-05-19 09:04:45,406] {logging_mixin.py:109} INFO - [2025-05-19 09:04:45,406] {dagbag.py:500} INFO - Filling up the DagBag from /home/airflow/.local/lib/python3.6/site-packages/airflow/example_dags/tutorial_etl_dag.py
[2025-05-19 09:04:45,508] {processor.py:654} INFO - DAG(s) dict_keys(['tutorial_etl_dag']) retrieved from /home/airflow/.local/lib/python3.6/site-packages/airflow/example_dags/tutorial_etl_dag.py
[2025-05-19 09:04:45,549] {logging_mixin.py:109} INFO - [2025-05-19 09:04:45,548] {dag.py:2396} INFO - Sync 1 DAGs
[2025-05-19 09:04:45,605] {logging_mixin.py:109} INFO - [2025-05-19 09:04:45,605] {dag.py:2935} INFO - Setting next_dagrun for tutorial_etl_dag to None
[2025-05-19 09:04:45,636] {processor.py:171} INFO - Processing /home/airflow/.local/lib/python3.6/site-packages/airflow/example_dags/tutorial_etl_dag.py took 0.248 seconds
[2025-05-19 09:05:15,796] {processor.py:163} INFO - Started process (PID=1425) to work on /home/airflow/.local/lib/python3.6/site-packages/airflow/example_dags/tutorial_etl_dag.py
[2025-05-19 09:05:15,799] {processor.py:642} INFO - Processing file /home/airflow/.local/lib/python3.6/site-packages/airflow/example_dags/tutorial_etl_dag.py for tasks to queue
[2025-05-19 09:05:15,802] {logging_mixin.py:109} INFO - [2025-05-19 09:05:15,801] {dagbag.py:500} INFO - Filling up the DagBag from /home/airflow/.local/lib/python3.6/site-packages/airflow/example_dags/tutorial_etl_dag.py
[2025-05-19 09:05:15,869] {processor.py:654} INFO - DAG(s) dict_keys(['tutorial_etl_dag']) retrieved from /home/airflow/.local/lib/python3.6/site-packages/airflow/example_dags/tutorial_etl_dag.py
[2025-05-19 09:05:15,904] {logging_mixin.py:109} INFO - [2025-05-19 09:05:15,904] {dag.py:2396} INFO - Sync 1 DAGs
[2025-05-19 09:05:15,962] {logging_mixin.py:109} INFO - [2025-05-19 09:05:15,962] {dag.py:2935} INFO - Setting next_dagrun for tutorial_etl_dag to None
[2025-05-19 09:05:15,991] {processor.py:171} INFO - Processing /home/airflow/.local/lib/python3.6/site-packages/airflow/example_dags/tutorial_etl_dag.py took 0.205 seconds
[2025-05-19 09:05:46,140] {processor.py:163} INFO - Started process (PID=1477) to work on /home/airflow/.local/lib/python3.6/site-packages/airflow/example_dags/tutorial_etl_dag.py
[2025-05-19 09:05:46,142] {processor.py:642} INFO - Processing file /home/airflow/.local/lib/python3.6/site-packages/airflow/example_dags/tutorial_etl_dag.py for tasks to queue
[2025-05-19 09:05:46,143] {logging_mixin.py:109} INFO - [2025-05-19 09:05:46,143] {dagbag.py:500} INFO - Filling up the DagBag from /home/airflow/.local/lib/python3.6/site-packages/airflow/example_dags/tutorial_etl_dag.py
[2025-05-19 09:05:46,189] {processor.py:654} INFO - DAG(s) dict_keys(['tutorial_etl_dag']) retrieved from /home/airflow/.local/lib/python3.6/site-packages/airflow/example_dags/tutorial_etl_dag.py
[2025-05-19 09:05:46,204] {logging_mixin.py:109} INFO - [2025-05-19 09:05:46,204] {dag.py:2396} INFO - Sync 1 DAGs
[2025-05-19 09:05:46,240] {logging_mixin.py:109} INFO - [2025-05-19 09:05:46,240] {dag.py:2935} INFO - Setting next_dagrun for tutorial_etl_dag to None
[2025-05-19 09:05:46,268] {processor.py:171} INFO - Processing /home/airflow/.local/lib/python3.6/site-packages/airflow/example_dags/tutorial_etl_dag.py took 0.133 seconds
[2025-05-19 09:06:16,352] {processor.py:163} INFO - Started process (PID=1529) to work on /home/airflow/.local/lib/python3.6/site-packages/airflow/example_dags/tutorial_etl_dag.py
[2025-05-19 09:06:16,353] {processor.py:642} INFO - Processing file /home/airflow/.local/lib/python3.6/site-packages/airflow/example_dags/tutorial_etl_dag.py for tasks to queue
[2025-05-19 09:06:16,354] {logging_mixin.py:109} INFO - [2025-05-19 09:06:16,354] {dagbag.py:500} INFO - Filling up the DagBag from /home/airflow/.local/lib/python3.6/site-packages/airflow/example_dags/tutorial_etl_dag.py
[2025-05-19 09:06:16,390] {processor.py:654} INFO - DAG(s) dict_keys(['tutorial_etl_dag']) retrieved from /home/airflow/.local/lib/python3.6/site-packages/airflow/example_dags/tutorial_etl_dag.py
[2025-05-19 09:06:16,404] {logging_mixin.py:109} INFO - [2025-05-19 09:06:16,404] {dag.py:2396} INFO - Sync 1 DAGs
[2025-05-19 09:06:16,426] {logging_mixin.py:109} INFO - [2025-05-19 09:06:16,426] {dag.py:2935} INFO - Setting next_dagrun for tutorial_etl_dag to None
[2025-05-19 09:06:16,440] {processor.py:171} INFO - Processing /home/airflow/.local/lib/python3.6/site-packages/airflow/example_dags/tutorial_etl_dag.py took 0.092 seconds
[2025-05-19 09:06:46,579] {processor.py:163} INFO - Started process (PID=1578) to work on /home/airflow/.local/lib/python3.6/site-packages/airflow/example_dags/tutorial_etl_dag.py
[2025-05-19 09:06:46,581] {processor.py:642} INFO - Processing file /home/airflow/.local/lib/python3.6/site-packages/airflow/example_dags/tutorial_etl_dag.py for tasks to queue
[2025-05-19 09:06:46,583] {logging_mixin.py:109} INFO - [2025-05-19 09:06:46,583] {dagbag.py:500} INFO - Filling up the DagBag from /home/airflow/.local/lib/python3.6/site-packages/airflow/example_dags/tutorial_etl_dag.py
[2025-05-19 09:06:46,634] {processor.py:654} INFO - DAG(s) dict_keys(['tutorial_etl_dag']) retrieved from /home/airflow/.local/lib/python3.6/site-packages/airflow/example_dags/tutorial_etl_dag.py
[2025-05-19 09:06:46,656] {logging_mixin.py:109} INFO - [2025-05-19 09:06:46,656] {dag.py:2396} INFO - Sync 1 DAGs
[2025-05-19 09:06:46,686] {logging_mixin.py:109} INFO - [2025-05-19 09:06:46,685] {dag.py:2935} INFO - Setting next_dagrun for tutorial_etl_dag to None
[2025-05-19 09:06:46,701] {processor.py:171} INFO - Processing /home/airflow/.local/lib/python3.6/site-packages/airflow/example_dags/tutorial_etl_dag.py took 0.127 seconds
[2025-05-19 09:07:17,004] {processor.py:163} INFO - Started process (PID=1640) to work on /home/airflow/.local/lib/python3.6/site-packages/airflow/example_dags/tutorial_etl_dag.py
[2025-05-19 09:07:17,007] {processor.py:642} INFO - Processing file /home/airflow/.local/lib/python3.6/site-packages/airflow/example_dags/tutorial_etl_dag.py for tasks to queue
[2025-05-19 09:07:17,008] {logging_mixin.py:109} INFO - [2025-05-19 09:07:17,008] {dagbag.py:500} INFO - Filling up the DagBag from /home/airflow/.local/lib/python3.6/site-packages/airflow/example_dags/tutorial_etl_dag.py
[2025-05-19 09:07:17,057] {processor.py:654} INFO - DAG(s) dict_keys(['tutorial_etl_dag']) retrieved from /home/airflow/.local/lib/python3.6/site-packages/airflow/example_dags/tutorial_etl_dag.py
[2025-05-19 09:07:17,071] {logging_mixin.py:109} INFO - [2025-05-19 09:07:17,071] {dag.py:2396} INFO - Sync 1 DAGs
[2025-05-19 09:07:17,104] {logging_mixin.py:109} INFO - [2025-05-19 09:07:17,104] {dag.py:2935} INFO - Setting next_dagrun for tutorial_etl_dag to None
[2025-05-19 09:07:17,118] {processor.py:171} INFO - Processing /home/airflow/.local/lib/python3.6/site-packages/airflow/example_dags/tutorial_etl_dag.py took 0.123 seconds
[2025-05-19 09:07:47,756] {processor.py:163} INFO - Started process (PID=1692) to work on /home/airflow/.local/lib/python3.6/site-packages/airflow/example_dags/tutorial_etl_dag.py
[2025-05-19 09:07:47,758] {processor.py:642} INFO - Processing file /home/airflow/.local/lib/python3.6/site-packages/airflow/example_dags/tutorial_etl_dag.py for tasks to queue
[2025-05-19 09:07:47,759] {logging_mixin.py:109} INFO - [2025-05-19 09:07:47,759] {dagbag.py:500} INFO - Filling up the DagBag from /home/airflow/.local/lib/python3.6/site-packages/airflow/example_dags/tutorial_etl_dag.py
[2025-05-19 09:07:47,792] {processor.py:654} INFO - DAG(s) dict_keys(['tutorial_etl_dag']) retrieved from /home/airflow/.local/lib/python3.6/site-packages/airflow/example_dags/tutorial_etl_dag.py
[2025-05-19 09:07:47,806] {logging_mixin.py:109} INFO - [2025-05-19 09:07:47,806] {dag.py:2396} INFO - Sync 1 DAGs
[2025-05-19 09:07:47,831] {logging_mixin.py:109} INFO - [2025-05-19 09:07:47,831] {dag.py:2935} INFO - Setting next_dagrun for tutorial_etl_dag to None
[2025-05-19 09:07:47,843] {processor.py:171} INFO - Processing /home/airflow/.local/lib/python3.6/site-packages/airflow/example_dags/tutorial_etl_dag.py took 0.091 seconds
[2025-05-19 09:08:18,589] {processor.py:163} INFO - Started process (PID=1754) to work on /home/airflow/.local/lib/python3.6/site-packages/airflow/example_dags/tutorial_etl_dag.py
[2025-05-19 09:08:18,591] {processor.py:642} INFO - Processing file /home/airflow/.local/lib/python3.6/site-packages/airflow/example_dags/tutorial_etl_dag.py for tasks to queue
[2025-05-19 09:08:18,592] {logging_mixin.py:109} INFO - [2025-05-19 09:08:18,592] {dagbag.py:500} INFO - Filling up the DagBag from /home/airflow/.local/lib/python3.6/site-packages/airflow/example_dags/tutorial_etl_dag.py
[2025-05-19 09:08:18,628] {processor.py:654} INFO - DAG(s) dict_keys(['tutorial_etl_dag']) retrieved from /home/airflow/.local/lib/python3.6/site-packages/airflow/example_dags/tutorial_etl_dag.py
[2025-05-19 09:08:18,642] {logging_mixin.py:109} INFO - [2025-05-19 09:08:18,642] {dag.py:2396} INFO - Sync 1 DAGs
[2025-05-19 09:08:18,665] {logging_mixin.py:109} INFO - [2025-05-19 09:08:18,665] {dag.py:2935} INFO - Setting next_dagrun for tutorial_etl_dag to None
[2025-05-19 09:08:18,677] {processor.py:171} INFO - Processing /home/airflow/.local/lib/python3.6/site-packages/airflow/example_dags/tutorial_etl_dag.py took 0.093 seconds
[2025-05-19 09:08:49,138] {processor.py:163} INFO - Started process (PID=1809) to work on /home/airflow/.local/lib/python3.6/site-packages/airflow/example_dags/tutorial_etl_dag.py
[2025-05-19 09:08:49,140] {processor.py:642} INFO - Processing file /home/airflow/.local/lib/python3.6/site-packages/airflow/example_dags/tutorial_etl_dag.py for tasks to queue
[2025-05-19 09:08:49,141] {logging_mixin.py:109} INFO - [2025-05-19 09:08:49,141] {dagbag.py:500} INFO - Filling up the DagBag from /home/airflow/.local/lib/python3.6/site-packages/airflow/example_dags/tutorial_etl_dag.py
[2025-05-19 09:08:49,174] {processor.py:654} INFO - DAG(s) dict_keys(['tutorial_etl_dag']) retrieved from /home/airflow/.local/lib/python3.6/site-packages/airflow/example_dags/tutorial_etl_dag.py
[2025-05-19 09:08:49,187] {logging_mixin.py:109} INFO - [2025-05-19 09:08:49,187] {dag.py:2396} INFO - Sync 1 DAGs
[2025-05-19 09:08:49,208] {logging_mixin.py:109} INFO - [2025-05-19 09:08:49,208] {dag.py:2935} INFO - Setting next_dagrun for tutorial_etl_dag to None
[2025-05-19 09:08:49,220] {processor.py:171} INFO - Processing /home/airflow/.local/lib/python3.6/site-packages/airflow/example_dags/tutorial_etl_dag.py took 0.085 seconds
[2025-05-19 09:09:19,835] {processor.py:163} INFO - Started process (PID=1871) to work on /home/airflow/.local/lib/python3.6/site-packages/airflow/example_dags/tutorial_etl_dag.py
[2025-05-19 09:09:19,837] {processor.py:642} INFO - Processing file /home/airflow/.local/lib/python3.6/site-packages/airflow/example_dags/tutorial_etl_dag.py for tasks to queue
[2025-05-19 09:09:19,838] {logging_mixin.py:109} INFO - [2025-05-19 09:09:19,838] {dagbag.py:500} INFO - Filling up the DagBag from /home/airflow/.local/lib/python3.6/site-packages/airflow/example_dags/tutorial_etl_dag.py
[2025-05-19 09:09:19,872] {processor.py:654} INFO - DAG(s) dict_keys(['tutorial_etl_dag']) retrieved from /home/airflow/.local/lib/python3.6/site-packages/airflow/example_dags/tutorial_etl_dag.py
[2025-05-19 09:09:19,885] {logging_mixin.py:109} INFO - [2025-05-19 09:09:19,885] {dag.py:2396} INFO - Sync 1 DAGs
[2025-05-19 09:09:19,906] {logging_mixin.py:109} INFO - [2025-05-19 09:09:19,906] {dag.py:2935} INFO - Setting next_dagrun for tutorial_etl_dag to None
[2025-05-19 09:09:19,918] {processor.py:171} INFO - Processing /home/airflow/.local/lib/python3.6/site-packages/airflow/example_dags/tutorial_etl_dag.py took 0.087 seconds
[2025-05-19 09:09:50,009] {processor.py:163} INFO - Started process (PID=1923) to work on /home/airflow/.local/lib/python3.6/site-packages/airflow/example_dags/tutorial_etl_dag.py
[2025-05-19 09:09:50,010] {processor.py:642} INFO - Processing file /home/airflow/.local/lib/python3.6/site-packages/airflow/example_dags/tutorial_etl_dag.py for tasks to queue
[2025-05-19 09:09:50,011] {logging_mixin.py:109} INFO - [2025-05-19 09:09:50,011] {dagbag.py:500} INFO - Filling up the DagBag from /home/airflow/.local/lib/python3.6/site-packages/airflow/example_dags/tutorial_etl_dag.py
[2025-05-19 09:09:50,045] {processor.py:654} INFO - DAG(s) dict_keys(['tutorial_etl_dag']) retrieved from /home/airflow/.local/lib/python3.6/site-packages/airflow/example_dags/tutorial_etl_dag.py
[2025-05-19 09:09:50,057] {logging_mixin.py:109} INFO - [2025-05-19 09:09:50,057] {dag.py:2396} INFO - Sync 1 DAGs
[2025-05-19 09:09:50,078] {logging_mixin.py:109} INFO - [2025-05-19 09:09:50,078] {dag.py:2935} INFO - Setting next_dagrun for tutorial_etl_dag to None
[2025-05-19 09:09:50,089] {processor.py:171} INFO - Processing /home/airflow/.local/lib/python3.6/site-packages/airflow/example_dags/tutorial_etl_dag.py took 0.085 seconds
[2025-05-19 09:10:20,336] {processor.py:163} INFO - Started process (PID=1975) to work on /home/airflow/.local/lib/python3.6/site-packages/airflow/example_dags/tutorial_etl_dag.py
[2025-05-19 09:10:20,341] {processor.py:642} INFO - Processing file /home/airflow/.local/lib/python3.6/site-packages/airflow/example_dags/tutorial_etl_dag.py for tasks to queue
[2025-05-19 09:10:20,344] {logging_mixin.py:109} INFO - [2025-05-19 09:10:20,343] {dagbag.py:500} INFO - Filling up the DagBag from /home/airflow/.local/lib/python3.6/site-packages/airflow/example_dags/tutorial_etl_dag.py
[2025-05-19 09:10:20,422] {processor.py:654} INFO - DAG(s) dict_keys(['tutorial_etl_dag']) retrieved from /home/airflow/.local/lib/python3.6/site-packages/airflow/example_dags/tutorial_etl_dag.py
[2025-05-19 09:10:20,493] {logging_mixin.py:109} INFO - [2025-05-19 09:10:20,492] {dag.py:2396} INFO - Sync 1 DAGs
[2025-05-19 09:10:20,561] {logging_mixin.py:109} INFO - [2025-05-19 09:10:20,561] {dag.py:2935} INFO - Setting next_dagrun for tutorial_etl_dag to None
[2025-05-19 09:10:20,581] {processor.py:171} INFO - Processing /home/airflow/.local/lib/python3.6/site-packages/airflow/example_dags/tutorial_etl_dag.py took 0.255 seconds
[2025-05-19 09:10:51,501] {processor.py:163} INFO - Started process (PID=2027) to work on /home/airflow/.local/lib/python3.6/site-packages/airflow/example_dags/tutorial_etl_dag.py
[2025-05-19 09:10:51,504] {processor.py:642} INFO - Processing file /home/airflow/.local/lib/python3.6/site-packages/airflow/example_dags/tutorial_etl_dag.py for tasks to queue
[2025-05-19 09:10:51,506] {logging_mixin.py:109} INFO - [2025-05-19 09:10:51,506] {dagbag.py:500} INFO - Filling up the DagBag from /home/airflow/.local/lib/python3.6/site-packages/airflow/example_dags/tutorial_etl_dag.py
[2025-05-19 09:10:51,563] {processor.py:654} INFO - DAG(s) dict_keys(['tutorial_etl_dag']) retrieved from /home/airflow/.local/lib/python3.6/site-packages/airflow/example_dags/tutorial_etl_dag.py
[2025-05-19 09:10:51,581] {logging_mixin.py:109} INFO - [2025-05-19 09:10:51,581] {dag.py:2396} INFO - Sync 1 DAGs
[2025-05-19 09:10:51,614] {logging_mixin.py:109} INFO - [2025-05-19 09:10:51,614] {dag.py:2935} INFO - Setting next_dagrun for tutorial_etl_dag to None
[2025-05-19 09:10:51,629] {processor.py:171} INFO - Processing /home/airflow/.local/lib/python3.6/site-packages/airflow/example_dags/tutorial_etl_dag.py took 0.135 seconds
[2025-05-19 09:11:21,743] {processor.py:163} INFO - Started process (PID=2087) to work on /home/airflow/.local/lib/python3.6/site-packages/airflow/example_dags/tutorial_etl_dag.py
[2025-05-19 09:11:21,755] {processor.py:642} INFO - Processing file /home/airflow/.local/lib/python3.6/site-packages/airflow/example_dags/tutorial_etl_dag.py for tasks to queue
[2025-05-19 09:11:21,758] {logging_mixin.py:109} INFO - [2025-05-19 09:11:21,757] {dagbag.py:500} INFO - Filling up the DagBag from /home/airflow/.local/lib/python3.6/site-packages/airflow/example_dags/tutorial_etl_dag.py
[2025-05-19 09:11:21,917] {processor.py:654} INFO - DAG(s) dict_keys(['tutorial_etl_dag']) retrieved from /home/airflow/.local/lib/python3.6/site-packages/airflow/example_dags/tutorial_etl_dag.py
[2025-05-19 09:11:21,963] {logging_mixin.py:109} INFO - [2025-05-19 09:11:21,962] {dag.py:2396} INFO - Sync 1 DAGs
[2025-05-19 09:11:22,046] {logging_mixin.py:109} INFO - [2025-05-19 09:11:22,045] {dag.py:2935} INFO - Setting next_dagrun for tutorial_etl_dag to None
[2025-05-19 09:11:22,096] {processor.py:171} INFO - Processing /home/airflow/.local/lib/python3.6/site-packages/airflow/example_dags/tutorial_etl_dag.py took 0.367 seconds
[2025-05-19 09:11:52,273] {processor.py:163} INFO - Started process (PID=2138) to work on /home/airflow/.local/lib/python3.6/site-packages/airflow/example_dags/tutorial_etl_dag.py
[2025-05-19 09:11:52,276] {processor.py:642} INFO - Processing file /home/airflow/.local/lib/python3.6/site-packages/airflow/example_dags/tutorial_etl_dag.py for tasks to queue
[2025-05-19 09:11:52,278] {logging_mixin.py:109} INFO - [2025-05-19 09:11:52,278] {dagbag.py:500} INFO - Filling up the DagBag from /home/airflow/.local/lib/python3.6/site-packages/airflow/example_dags/tutorial_etl_dag.py
[2025-05-19 09:11:52,356] {processor.py:654} INFO - DAG(s) dict_keys(['tutorial_etl_dag']) retrieved from /home/airflow/.local/lib/python3.6/site-packages/airflow/example_dags/tutorial_etl_dag.py
[2025-05-19 09:11:52,375] {logging_mixin.py:109} INFO - [2025-05-19 09:11:52,374] {dag.py:2396} INFO - Sync 1 DAGs
[2025-05-19 09:11:52,413] {logging_mixin.py:109} INFO - [2025-05-19 09:11:52,413] {dag.py:2935} INFO - Setting next_dagrun for tutorial_etl_dag to None
[2025-05-19 09:11:52,434] {processor.py:171} INFO - Processing /home/airflow/.local/lib/python3.6/site-packages/airflow/example_dags/tutorial_etl_dag.py took 0.172 seconds
[2025-05-19 09:12:22,530] {processor.py:163} INFO - Started process (PID=2190) to work on /home/airflow/.local/lib/python3.6/site-packages/airflow/example_dags/tutorial_etl_dag.py
[2025-05-19 09:12:22,532] {processor.py:642} INFO - Processing file /home/airflow/.local/lib/python3.6/site-packages/airflow/example_dags/tutorial_etl_dag.py for tasks to queue
[2025-05-19 09:12:22,534] {logging_mixin.py:109} INFO - [2025-05-19 09:12:22,533] {dagbag.py:500} INFO - Filling up the DagBag from /home/airflow/.local/lib/python3.6/site-packages/airflow/example_dags/tutorial_etl_dag.py
[2025-05-19 09:12:22,606] {processor.py:654} INFO - DAG(s) dict_keys(['tutorial_etl_dag']) retrieved from /home/airflow/.local/lib/python3.6/site-packages/airflow/example_dags/tutorial_etl_dag.py
[2025-05-19 09:12:22,638] {logging_mixin.py:109} INFO - [2025-05-19 09:12:22,638] {dag.py:2396} INFO - Sync 1 DAGs
[2025-05-19 09:12:22,681] {logging_mixin.py:109} INFO - [2025-05-19 09:12:22,680] {dag.py:2935} INFO - Setting next_dagrun for tutorial_etl_dag to None
[2025-05-19 09:12:22,701] {processor.py:171} INFO - Processing /home/airflow/.local/lib/python3.6/site-packages/airflow/example_dags/tutorial_etl_dag.py took 0.177 seconds
[2025-05-19 09:12:53,378] {processor.py:163} INFO - Started process (PID=2242) to work on /home/airflow/.local/lib/python3.6/site-packages/airflow/example_dags/tutorial_etl_dag.py
[2025-05-19 09:12:53,380] {processor.py:642} INFO - Processing file /home/airflow/.local/lib/python3.6/site-packages/airflow/example_dags/tutorial_etl_dag.py for tasks to queue
[2025-05-19 09:12:53,382] {logging_mixin.py:109} INFO - [2025-05-19 09:12:53,382] {dagbag.py:500} INFO - Filling up the DagBag from /home/airflow/.local/lib/python3.6/site-packages/airflow/example_dags/tutorial_etl_dag.py
[2025-05-19 09:12:53,482] {processor.py:654} INFO - DAG(s) dict_keys(['tutorial_etl_dag']) retrieved from /home/airflow/.local/lib/python3.6/site-packages/airflow/example_dags/tutorial_etl_dag.py
[2025-05-19 09:12:53,540] {logging_mixin.py:109} INFO - [2025-05-19 09:12:53,539] {dag.py:2396} INFO - Sync 1 DAGs
[2025-05-19 09:12:53,601] {logging_mixin.py:109} INFO - [2025-05-19 09:12:53,600] {dag.py:2935} INFO - Setting next_dagrun for tutorial_etl_dag to None
[2025-05-19 09:12:53,626] {processor.py:171} INFO - Processing /home/airflow/.local/lib/python3.6/site-packages/airflow/example_dags/tutorial_etl_dag.py took 0.263 seconds
[2025-05-19 09:13:23,699] {processor.py:163} INFO - Started process (PID=2294) to work on /home/airflow/.local/lib/python3.6/site-packages/airflow/example_dags/tutorial_etl_dag.py
[2025-05-19 09:13:23,702] {processor.py:642} INFO - Processing file /home/airflow/.local/lib/python3.6/site-packages/airflow/example_dags/tutorial_etl_dag.py for tasks to queue
[2025-05-19 09:13:23,704] {logging_mixin.py:109} INFO - [2025-05-19 09:13:23,704] {dagbag.py:500} INFO - Filling up the DagBag from /home/airflow/.local/lib/python3.6/site-packages/airflow/example_dags/tutorial_etl_dag.py
[2025-05-19 09:13:23,778] {processor.py:654} INFO - DAG(s) dict_keys(['tutorial_etl_dag']) retrieved from /home/airflow/.local/lib/python3.6/site-packages/airflow/example_dags/tutorial_etl_dag.py
[2025-05-19 09:13:23,806] {logging_mixin.py:109} INFO - [2025-05-19 09:13:23,806] {dag.py:2396} INFO - Sync 1 DAGs
[2025-05-19 09:13:23,861] {logging_mixin.py:109} INFO - [2025-05-19 09:13:23,861] {dag.py:2935} INFO - Setting next_dagrun for tutorial_etl_dag to None
[2025-05-19 09:13:23,888] {processor.py:171} INFO - Processing /home/airflow/.local/lib/python3.6/site-packages/airflow/example_dags/tutorial_etl_dag.py took 0.194 seconds
[2025-05-19 09:13:54,404] {processor.py:163} INFO - Started process (PID=2346) to work on /home/airflow/.local/lib/python3.6/site-packages/airflow/example_dags/tutorial_etl_dag.py
[2025-05-19 09:13:54,412] {processor.py:642} INFO - Processing file /home/airflow/.local/lib/python3.6/site-packages/airflow/example_dags/tutorial_etl_dag.py for tasks to queue
[2025-05-19 09:13:54,414] {logging_mixin.py:109} INFO - [2025-05-19 09:13:54,414] {dagbag.py:500} INFO - Filling up the DagBag from /home/airflow/.local/lib/python3.6/site-packages/airflow/example_dags/tutorial_etl_dag.py
[2025-05-19 09:13:54,495] {processor.py:654} INFO - DAG(s) dict_keys(['tutorial_etl_dag']) retrieved from /home/airflow/.local/lib/python3.6/site-packages/airflow/example_dags/tutorial_etl_dag.py
[2025-05-19 09:13:54,517] {logging_mixin.py:109} INFO - [2025-05-19 09:13:54,517] {dag.py:2396} INFO - Sync 1 DAGs
[2025-05-19 09:13:54,575] {logging_mixin.py:109} INFO - [2025-05-19 09:13:54,575] {dag.py:2935} INFO - Setting next_dagrun for tutorial_etl_dag to None
[2025-05-19 09:13:54,598] {processor.py:171} INFO - Processing /home/airflow/.local/lib/python3.6/site-packages/airflow/example_dags/tutorial_etl_dag.py took 0.204 seconds
[2025-05-19 09:14:25,531] {processor.py:163} INFO - Started process (PID=2398) to work on /home/airflow/.local/lib/python3.6/site-packages/airflow/example_dags/tutorial_etl_dag.py
[2025-05-19 09:14:25,533] {processor.py:642} INFO - Processing file /home/airflow/.local/lib/python3.6/site-packages/airflow/example_dags/tutorial_etl_dag.py for tasks to queue
[2025-05-19 09:14:25,535] {logging_mixin.py:109} INFO - [2025-05-19 09:14:25,535] {dagbag.py:500} INFO - Filling up the DagBag from /home/airflow/.local/lib/python3.6/site-packages/airflow/example_dags/tutorial_etl_dag.py
[2025-05-19 09:14:25,585] {processor.py:654} INFO - DAG(s) dict_keys(['tutorial_etl_dag']) retrieved from /home/airflow/.local/lib/python3.6/site-packages/airflow/example_dags/tutorial_etl_dag.py
[2025-05-19 09:14:25,608] {logging_mixin.py:109} INFO - [2025-05-19 09:14:25,608] {dag.py:2396} INFO - Sync 1 DAGs
[2025-05-19 09:14:25,644] {logging_mixin.py:109} INFO - [2025-05-19 09:14:25,644] {dag.py:2935} INFO - Setting next_dagrun for tutorial_etl_dag to None
[2025-05-19 09:14:25,658] {processor.py:171} INFO - Processing /home/airflow/.local/lib/python3.6/site-packages/airflow/example_dags/tutorial_etl_dag.py took 0.131 seconds
[2025-05-19 19:33:54,847] {processor.py:163} INFO - Started process (PID=66) to work on /home/airflow/.local/lib/python3.6/site-packages/airflow/example_dags/tutorial_etl_dag.py
[2025-05-19 19:33:54,857] {processor.py:642} INFO - Processing file /home/airflow/.local/lib/python3.6/site-packages/airflow/example_dags/tutorial_etl_dag.py for tasks to queue
[2025-05-19 19:33:54,860] {logging_mixin.py:109} INFO - [2025-05-19 19:33:54,859] {dagbag.py:500} INFO - Filling up the DagBag from /home/airflow/.local/lib/python3.6/site-packages/airflow/example_dags/tutorial_etl_dag.py
[2025-05-19 19:33:55,211] {processor.py:654} INFO - DAG(s) dict_keys(['tutorial_etl_dag']) retrieved from /home/airflow/.local/lib/python3.6/site-packages/airflow/example_dags/tutorial_etl_dag.py
[2025-05-19 19:33:55,253] {logging_mixin.py:109} INFO - [2025-05-19 19:33:55,253] {dag.py:2396} INFO - Sync 1 DAGs
[2025-05-19 19:33:55,344] {logging_mixin.py:109} INFO - [2025-05-19 19:33:55,344] {dag.py:2935} INFO - Setting next_dagrun for tutorial_etl_dag to None
[2025-05-19 19:33:55,376] {processor.py:171} INFO - Processing /home/airflow/.local/lib/python3.6/site-packages/airflow/example_dags/tutorial_etl_dag.py took 0.544 seconds
[2025-05-19 19:34:27,964] {processor.py:163} INFO - Started process (PID=118) to work on /home/airflow/.local/lib/python3.6/site-packages/airflow/example_dags/tutorial_etl_dag.py
[2025-05-19 19:34:27,968] {processor.py:642} INFO - Processing file /home/airflow/.local/lib/python3.6/site-packages/airflow/example_dags/tutorial_etl_dag.py for tasks to queue
[2025-05-19 19:34:27,970] {logging_mixin.py:109} INFO - [2025-05-19 19:34:27,970] {dagbag.py:500} INFO - Filling up the DagBag from /home/airflow/.local/lib/python3.6/site-packages/airflow/example_dags/tutorial_etl_dag.py
[2025-05-19 19:34:28,053] {processor.py:654} INFO - DAG(s) dict_keys(['tutorial_etl_dag']) retrieved from /home/airflow/.local/lib/python3.6/site-packages/airflow/example_dags/tutorial_etl_dag.py
[2025-05-19 19:34:28,093] {logging_mixin.py:109} INFO - [2025-05-19 19:34:28,093] {dag.py:2396} INFO - Sync 1 DAGs
[2025-05-19 19:34:28,190] {logging_mixin.py:109} INFO - [2025-05-19 19:34:28,190] {dag.py:2935} INFO - Setting next_dagrun for tutorial_etl_dag to None
[2025-05-19 19:34:28,243] {processor.py:171} INFO - Processing /home/airflow/.local/lib/python3.6/site-packages/airflow/example_dags/tutorial_etl_dag.py took 0.296 seconds
[2025-05-19 19:34:58,994] {processor.py:163} INFO - Started process (PID=171) to work on /home/airflow/.local/lib/python3.6/site-packages/airflow/example_dags/tutorial_etl_dag.py
[2025-05-19 19:34:58,997] {processor.py:642} INFO - Processing file /home/airflow/.local/lib/python3.6/site-packages/airflow/example_dags/tutorial_etl_dag.py for tasks to queue
[2025-05-19 19:34:59,009] {logging_mixin.py:109} INFO - [2025-05-19 19:34:59,006] {dagbag.py:500} INFO - Filling up the DagBag from /home/airflow/.local/lib/python3.6/site-packages/airflow/example_dags/tutorial_etl_dag.py
[2025-05-19 19:34:59,096] {processor.py:654} INFO - DAG(s) dict_keys(['tutorial_etl_dag']) retrieved from /home/airflow/.local/lib/python3.6/site-packages/airflow/example_dags/tutorial_etl_dag.py
[2025-05-19 19:34:59,129] {logging_mixin.py:109} INFO - [2025-05-19 19:34:59,129] {dag.py:2396} INFO - Sync 1 DAGs
[2025-05-19 19:34:59,176] {logging_mixin.py:109} INFO - [2025-05-19 19:34:59,176] {dag.py:2935} INFO - Setting next_dagrun for tutorial_etl_dag to None
[2025-05-19 19:34:59,194] {processor.py:171} INFO - Processing /home/airflow/.local/lib/python3.6/site-packages/airflow/example_dags/tutorial_etl_dag.py took 0.206 seconds
[2025-05-19 19:35:29,382] {processor.py:163} INFO - Started process (PID=214) to work on /home/airflow/.local/lib/python3.6/site-packages/airflow/example_dags/tutorial_etl_dag.py
[2025-05-19 19:35:29,387] {processor.py:642} INFO - Processing file /home/airflow/.local/lib/python3.6/site-packages/airflow/example_dags/tutorial_etl_dag.py for tasks to queue
[2025-05-19 19:35:29,389] {logging_mixin.py:109} INFO - [2025-05-19 19:35:29,389] {dagbag.py:500} INFO - Filling up the DagBag from /home/airflow/.local/lib/python3.6/site-packages/airflow/example_dags/tutorial_etl_dag.py
[2025-05-19 19:35:29,490] {processor.py:654} INFO - DAG(s) dict_keys(['tutorial_etl_dag']) retrieved from /home/airflow/.local/lib/python3.6/site-packages/airflow/example_dags/tutorial_etl_dag.py
[2025-05-19 19:35:29,527] {logging_mixin.py:109} INFO - [2025-05-19 19:35:29,526] {dag.py:2396} INFO - Sync 1 DAGs
[2025-05-19 19:35:29,603] {logging_mixin.py:109} INFO - [2025-05-19 19:35:29,603] {dag.py:2935} INFO - Setting next_dagrun for tutorial_etl_dag to None
[2025-05-19 19:35:29,628] {processor.py:171} INFO - Processing /home/airflow/.local/lib/python3.6/site-packages/airflow/example_dags/tutorial_etl_dag.py took 0.254 seconds
[2025-05-19 19:35:59,781] {processor.py:163} INFO - Started process (PID=265) to work on /home/airflow/.local/lib/python3.6/site-packages/airflow/example_dags/tutorial_etl_dag.py
[2025-05-19 19:35:59,784] {processor.py:642} INFO - Processing file /home/airflow/.local/lib/python3.6/site-packages/airflow/example_dags/tutorial_etl_dag.py for tasks to queue
[2025-05-19 19:35:59,786] {logging_mixin.py:109} INFO - [2025-05-19 19:35:59,785] {dagbag.py:500} INFO - Filling up the DagBag from /home/airflow/.local/lib/python3.6/site-packages/airflow/example_dags/tutorial_etl_dag.py
[2025-05-19 19:35:59,862] {processor.py:654} INFO - DAG(s) dict_keys(['tutorial_etl_dag']) retrieved from /home/airflow/.local/lib/python3.6/site-packages/airflow/example_dags/tutorial_etl_dag.py
[2025-05-19 19:35:59,890] {logging_mixin.py:109} INFO - [2025-05-19 19:35:59,890] {dag.py:2396} INFO - Sync 1 DAGs
[2025-05-19 19:35:59,935] {logging_mixin.py:109} INFO - [2025-05-19 19:35:59,934] {dag.py:2935} INFO - Setting next_dagrun for tutorial_etl_dag to None
[2025-05-19 19:35:59,956] {processor.py:171} INFO - Processing /home/airflow/.local/lib/python3.6/site-packages/airflow/example_dags/tutorial_etl_dag.py took 0.183 seconds
[2025-05-19 19:36:30,043] {processor.py:163} INFO - Started process (PID=316) to work on /home/airflow/.local/lib/python3.6/site-packages/airflow/example_dags/tutorial_etl_dag.py
[2025-05-19 19:36:30,048] {processor.py:642} INFO - Processing file /home/airflow/.local/lib/python3.6/site-packages/airflow/example_dags/tutorial_etl_dag.py for tasks to queue
[2025-05-19 19:36:30,052] {logging_mixin.py:109} INFO - [2025-05-19 19:36:30,051] {dagbag.py:500} INFO - Filling up the DagBag from /home/airflow/.local/lib/python3.6/site-packages/airflow/example_dags/tutorial_etl_dag.py
[2025-05-19 19:36:30,122] {processor.py:654} INFO - DAG(s) dict_keys(['tutorial_etl_dag']) retrieved from /home/airflow/.local/lib/python3.6/site-packages/airflow/example_dags/tutorial_etl_dag.py
[2025-05-19 19:36:30,143] {logging_mixin.py:109} INFO - [2025-05-19 19:36:30,143] {dag.py:2396} INFO - Sync 1 DAGs
[2025-05-19 19:36:30,211] {logging_mixin.py:109} INFO - [2025-05-19 19:36:30,211] {dag.py:2935} INFO - Setting next_dagrun for tutorial_etl_dag to None
[2025-05-19 19:36:30,237] {processor.py:171} INFO - Processing /home/airflow/.local/lib/python3.6/site-packages/airflow/example_dags/tutorial_etl_dag.py took 0.200 seconds
[2025-05-19 19:37:00,457] {processor.py:163} INFO - Started process (PID=369) to work on /home/airflow/.local/lib/python3.6/site-packages/airflow/example_dags/tutorial_etl_dag.py
[2025-05-19 19:37:00,458] {processor.py:642} INFO - Processing file /home/airflow/.local/lib/python3.6/site-packages/airflow/example_dags/tutorial_etl_dag.py for tasks to queue
[2025-05-19 19:37:00,459] {logging_mixin.py:109} INFO - [2025-05-19 19:37:00,459] {dagbag.py:500} INFO - Filling up the DagBag from /home/airflow/.local/lib/python3.6/site-packages/airflow/example_dags/tutorial_etl_dag.py
[2025-05-19 19:37:00,499] {processor.py:654} INFO - DAG(s) dict_keys(['tutorial_etl_dag']) retrieved from /home/airflow/.local/lib/python3.6/site-packages/airflow/example_dags/tutorial_etl_dag.py
[2025-05-19 19:37:00,529] {logging_mixin.py:109} INFO - [2025-05-19 19:37:00,529] {dag.py:2396} INFO - Sync 1 DAGs
[2025-05-19 19:37:00,576] {logging_mixin.py:109} INFO - [2025-05-19 19:37:00,576] {dag.py:2935} INFO - Setting next_dagrun for tutorial_etl_dag to None
[2025-05-19 19:37:00,591] {processor.py:171} INFO - Processing /home/airflow/.local/lib/python3.6/site-packages/airflow/example_dags/tutorial_etl_dag.py took 0.137 seconds
