[2025-05-19 08:53:41,108] {processor.py:163} INFO - Started process (PID=240) to work on /home/airflow/.local/lib/python3.6/site-packages/airflow/example_dags/tutorial.py
[2025-05-19 08:53:41,150] {processor.py:642} INFO - Processing file /home/airflow/.local/lib/python3.6/site-packages/airflow/example_dags/tutorial.py for tasks to queue
[2025-05-19 08:53:41,154] {logging_mixin.py:109} INFO - [2025-05-19 08:53:41,153] {dagbag.py:500} INFO - Filling up the DagBag from /home/airflow/.local/lib/python3.6/site-packages/airflow/example_dags/tutorial.py
[2025-05-19 08:53:41,546] {processor.py:654} INFO - DAG(s) dict_keys(['tutorial']) retrieved from /home/airflow/.local/lib/python3.6/site-packages/airflow/example_dags/tutorial.py
[2025-05-19 08:53:51,508] {logging_mixin.py:109} INFO - [2025-05-19 08:53:51,508] {manager.py:496} INFO - Created Permission View: can read on DAG:tutorial
[2025-05-19 08:53:51,551] {logging_mixin.py:109} INFO - [2025-05-19 08:53:51,551] {manager.py:496} INFO - Created Permission View: can edit on DAG:tutorial
[2025-05-19 08:53:51,560] {logging_mixin.py:109} INFO - [2025-05-19 08:53:51,553] {dag.py:2396} INFO - Sync 1 DAGs
[2025-05-19 08:53:51,614] {logging_mixin.py:109} INFO - [2025-05-19 08:53:51,610] {dag.py:2415} INFO - Creating ORM DAG for tutorial
[2025-05-19 08:53:51,669] {logging_mixin.py:109} INFO - [2025-05-19 08:53:51,669] {dag.py:2935} INFO - Setting next_dagrun for tutorial to 2025-05-18T08:53:51.668334+00:00
[2025-05-19 08:53:51,765] {processor.py:171} INFO - Processing /home/airflow/.local/lib/python3.6/site-packages/airflow/example_dags/tutorial.py took 12.194 seconds
[2025-05-19 08:55:24,819] {processor.py:163} INFO - Started process (PID=448) to work on /home/airflow/.local/lib/python3.6/site-packages/airflow/example_dags/tutorial.py
[2025-05-19 08:55:24,835] {processor.py:642} INFO - Processing file /home/airflow/.local/lib/python3.6/site-packages/airflow/example_dags/tutorial.py for tasks to queue
[2025-05-19 08:55:24,841] {logging_mixin.py:109} INFO - [2025-05-19 08:55:24,841] {dagbag.py:500} INFO - Filling up the DagBag from /home/airflow/.local/lib/python3.6/site-packages/airflow/example_dags/tutorial.py
[2025-05-19 08:55:25,002] {processor.py:654} INFO - DAG(s) dict_keys(['tutorial']) retrieved from /home/airflow/.local/lib/python3.6/site-packages/airflow/example_dags/tutorial.py
[2025-05-19 08:55:25,078] {logging_mixin.py:109} INFO - [2025-05-19 08:55:25,078] {dag.py:2396} INFO - Sync 1 DAGs
[2025-05-19 08:55:25,201] {logging_mixin.py:109} INFO - [2025-05-19 08:55:25,200] {dag.py:2935} INFO - Setting next_dagrun for tutorial to 2025-05-18T08:55:25.198918+00:00
[2025-05-19 08:55:25,280] {processor.py:171} INFO - Processing /home/airflow/.local/lib/python3.6/site-packages/airflow/example_dags/tutorial.py took 0.487 seconds
[2025-05-19 08:55:57,383] {processor.py:163} INFO - Started process (PID=499) to work on /home/airflow/.local/lib/python3.6/site-packages/airflow/example_dags/tutorial.py
[2025-05-19 08:55:57,393] {processor.py:642} INFO - Processing file /home/airflow/.local/lib/python3.6/site-packages/airflow/example_dags/tutorial.py for tasks to queue
[2025-05-19 08:55:57,398] {logging_mixin.py:109} INFO - [2025-05-19 08:55:57,398] {dagbag.py:500} INFO - Filling up the DagBag from /home/airflow/.local/lib/python3.6/site-packages/airflow/example_dags/tutorial.py
[2025-05-19 08:55:57,604] {processor.py:654} INFO - DAG(s) dict_keys(['tutorial']) retrieved from /home/airflow/.local/lib/python3.6/site-packages/airflow/example_dags/tutorial.py
[2025-05-19 08:55:57,674] {logging_mixin.py:109} INFO - [2025-05-19 08:55:57,674] {dag.py:2396} INFO - Sync 1 DAGs
[2025-05-19 08:55:57,804] {logging_mixin.py:109} INFO - [2025-05-19 08:55:57,804] {dag.py:2935} INFO - Setting next_dagrun for tutorial to 2025-05-18T08:55:57.802769+00:00
[2025-05-19 08:55:57,834] {processor.py:171} INFO - Processing /home/airflow/.local/lib/python3.6/site-packages/airflow/example_dags/tutorial.py took 0.476 seconds
[2025-05-19 08:56:27,982] {processor.py:163} INFO - Started process (PID=550) to work on /home/airflow/.local/lib/python3.6/site-packages/airflow/example_dags/tutorial.py
[2025-05-19 08:56:27,985] {processor.py:642} INFO - Processing file /home/airflow/.local/lib/python3.6/site-packages/airflow/example_dags/tutorial.py for tasks to queue
[2025-05-19 08:56:27,988] {logging_mixin.py:109} INFO - [2025-05-19 08:56:27,988] {dagbag.py:500} INFO - Filling up the DagBag from /home/airflow/.local/lib/python3.6/site-packages/airflow/example_dags/tutorial.py
[2025-05-19 08:56:28,118] {processor.py:654} INFO - DAG(s) dict_keys(['tutorial']) retrieved from /home/airflow/.local/lib/python3.6/site-packages/airflow/example_dags/tutorial.py
[2025-05-19 08:56:28,170] {logging_mixin.py:109} INFO - [2025-05-19 08:56:28,169] {dag.py:2396} INFO - Sync 1 DAGs
[2025-05-19 08:56:28,232] {logging_mixin.py:109} INFO - [2025-05-19 08:56:28,231] {dag.py:2935} INFO - Setting next_dagrun for tutorial to 2025-05-18T08:56:28.230976+00:00
[2025-05-19 08:56:28,275] {processor.py:171} INFO - Processing /home/airflow/.local/lib/python3.6/site-packages/airflow/example_dags/tutorial.py took 0.306 seconds
[2025-05-19 08:56:58,828] {processor.py:163} INFO - Started process (PID=602) to work on /home/airflow/.local/lib/python3.6/site-packages/airflow/example_dags/tutorial.py
[2025-05-19 08:56:58,831] {processor.py:642} INFO - Processing file /home/airflow/.local/lib/python3.6/site-packages/airflow/example_dags/tutorial.py for tasks to queue
[2025-05-19 08:56:58,833] {logging_mixin.py:109} INFO - [2025-05-19 08:56:58,833] {dagbag.py:500} INFO - Filling up the DagBag from /home/airflow/.local/lib/python3.6/site-packages/airflow/example_dags/tutorial.py
[2025-05-19 08:56:58,890] {processor.py:654} INFO - DAG(s) dict_keys(['tutorial']) retrieved from /home/airflow/.local/lib/python3.6/site-packages/airflow/example_dags/tutorial.py
[2025-05-19 08:56:58,910] {logging_mixin.py:109} INFO - [2025-05-19 08:56:58,909] {dag.py:2396} INFO - Sync 1 DAGs
[2025-05-19 08:56:58,942] {logging_mixin.py:109} INFO - [2025-05-19 08:56:58,942] {dag.py:2935} INFO - Setting next_dagrun for tutorial to 2025-05-18T08:56:58.941744+00:00
[2025-05-19 08:56:58,961] {processor.py:171} INFO - Processing /home/airflow/.local/lib/python3.6/site-packages/airflow/example_dags/tutorial.py took 0.143 seconds
[2025-05-19 08:57:27,847] {processor.py:163} INFO - Started process (PID=654) to work on /home/airflow/.local/lib/python3.6/site-packages/airflow/example_dags/tutorial.py
[2025-05-19 08:57:27,850] {processor.py:642} INFO - Processing file /home/airflow/.local/lib/python3.6/site-packages/airflow/example_dags/tutorial.py for tasks to queue
[2025-05-19 08:57:27,852] {logging_mixin.py:109} INFO - [2025-05-19 08:57:27,852] {dagbag.py:500} INFO - Filling up the DagBag from /home/airflow/.local/lib/python3.6/site-packages/airflow/example_dags/tutorial.py
[2025-05-19 08:57:27,930] {processor.py:654} INFO - DAG(s) dict_keys(['tutorial']) retrieved from /home/airflow/.local/lib/python3.6/site-packages/airflow/example_dags/tutorial.py
[2025-05-19 08:57:27,959] {logging_mixin.py:109} INFO - [2025-05-19 08:57:27,959] {dag.py:2396} INFO - Sync 1 DAGs
[2025-05-19 08:57:27,996] {logging_mixin.py:109} INFO - [2025-05-19 08:57:27,995] {dag.py:2935} INFO - Setting next_dagrun for tutorial to 2025-05-18T08:57:27.994981+00:00
[2025-05-19 08:57:28,017] {processor.py:171} INFO - Processing /home/airflow/.local/lib/python3.6/site-packages/airflow/example_dags/tutorial.py took 0.178 seconds
[2025-05-19 08:57:59,509] {processor.py:163} INFO - Started process (PID=705) to work on /home/airflow/.local/lib/python3.6/site-packages/airflow/example_dags/tutorial.py
[2025-05-19 08:57:59,512] {processor.py:642} INFO - Processing file /home/airflow/.local/lib/python3.6/site-packages/airflow/example_dags/tutorial.py for tasks to queue
[2025-05-19 08:57:59,514] {logging_mixin.py:109} INFO - [2025-05-19 08:57:59,514] {dagbag.py:500} INFO - Filling up the DagBag from /home/airflow/.local/lib/python3.6/site-packages/airflow/example_dags/tutorial.py
[2025-05-19 08:57:59,587] {processor.py:654} INFO - DAG(s) dict_keys(['tutorial']) retrieved from /home/airflow/.local/lib/python3.6/site-packages/airflow/example_dags/tutorial.py
[2025-05-19 08:57:59,607] {logging_mixin.py:109} INFO - [2025-05-19 08:57:59,607] {dag.py:2396} INFO - Sync 1 DAGs
[2025-05-19 08:57:59,641] {logging_mixin.py:109} INFO - [2025-05-19 08:57:59,641] {dag.py:2935} INFO - Setting next_dagrun for tutorial to 2025-05-18T08:57:59.641116+00:00
[2025-05-19 08:57:59,663] {processor.py:171} INFO - Processing /home/airflow/.local/lib/python3.6/site-packages/airflow/example_dags/tutorial.py took 0.164 seconds
[2025-05-19 08:58:30,399] {processor.py:163} INFO - Started process (PID=757) to work on /home/airflow/.local/lib/python3.6/site-packages/airflow/example_dags/tutorial.py
[2025-05-19 08:58:30,401] {processor.py:642} INFO - Processing file /home/airflow/.local/lib/python3.6/site-packages/airflow/example_dags/tutorial.py for tasks to queue
[2025-05-19 08:58:30,404] {logging_mixin.py:109} INFO - [2025-05-19 08:58:30,404] {dagbag.py:500} INFO - Filling up the DagBag from /home/airflow/.local/lib/python3.6/site-packages/airflow/example_dags/tutorial.py
[2025-05-19 08:58:30,465] {processor.py:654} INFO - DAG(s) dict_keys(['tutorial']) retrieved from /home/airflow/.local/lib/python3.6/site-packages/airflow/example_dags/tutorial.py
[2025-05-19 08:58:30,485] {logging_mixin.py:109} INFO - [2025-05-19 08:58:30,485] {dag.py:2396} INFO - Sync 1 DAGs
[2025-05-19 08:58:30,520] {logging_mixin.py:109} INFO - [2025-05-19 08:58:30,519] {dag.py:2935} INFO - Setting next_dagrun for tutorial to 2025-05-18T08:58:30.519378+00:00
[2025-05-19 08:58:30,542] {processor.py:171} INFO - Processing /home/airflow/.local/lib/python3.6/site-packages/airflow/example_dags/tutorial.py took 0.152 seconds
[2025-05-19 08:59:01,380] {processor.py:163} INFO - Started process (PID=810) to work on /home/airflow/.local/lib/python3.6/site-packages/airflow/example_dags/tutorial.py
[2025-05-19 08:59:01,383] {processor.py:642} INFO - Processing file /home/airflow/.local/lib/python3.6/site-packages/airflow/example_dags/tutorial.py for tasks to queue
[2025-05-19 08:59:01,385] {logging_mixin.py:109} INFO - [2025-05-19 08:59:01,384] {dagbag.py:500} INFO - Filling up the DagBag from /home/airflow/.local/lib/python3.6/site-packages/airflow/example_dags/tutorial.py
[2025-05-19 08:59:01,446] {processor.py:654} INFO - DAG(s) dict_keys(['tutorial']) retrieved from /home/airflow/.local/lib/python3.6/site-packages/airflow/example_dags/tutorial.py
[2025-05-19 08:59:01,467] {logging_mixin.py:109} INFO - [2025-05-19 08:59:01,467] {dag.py:2396} INFO - Sync 1 DAGs
[2025-05-19 08:59:01,495] {logging_mixin.py:109} INFO - [2025-05-19 08:59:01,495] {dag.py:2935} INFO - Setting next_dagrun for tutorial to 2025-05-18T08:59:01.495205+00:00
[2025-05-19 08:59:01,513] {processor.py:171} INFO - Processing /home/airflow/.local/lib/python3.6/site-packages/airflow/example_dags/tutorial.py took 0.140 seconds
[2025-05-19 08:59:32,375] {processor.py:163} INFO - Started process (PID=862) to work on /home/airflow/.local/lib/python3.6/site-packages/airflow/example_dags/tutorial.py
[2025-05-19 08:59:32,377] {processor.py:642} INFO - Processing file /home/airflow/.local/lib/python3.6/site-packages/airflow/example_dags/tutorial.py for tasks to queue
[2025-05-19 08:59:32,379] {logging_mixin.py:109} INFO - [2025-05-19 08:59:32,379] {dagbag.py:500} INFO - Filling up the DagBag from /home/airflow/.local/lib/python3.6/site-packages/airflow/example_dags/tutorial.py
[2025-05-19 08:59:32,439] {processor.py:654} INFO - DAG(s) dict_keys(['tutorial']) retrieved from /home/airflow/.local/lib/python3.6/site-packages/airflow/example_dags/tutorial.py
[2025-05-19 08:59:32,459] {logging_mixin.py:109} INFO - [2025-05-19 08:59:32,459] {dag.py:2396} INFO - Sync 1 DAGs
[2025-05-19 08:59:32,493] {logging_mixin.py:109} INFO - [2025-05-19 08:59:32,492] {dag.py:2935} INFO - Setting next_dagrun for tutorial to 2025-05-18T08:59:32.492492+00:00
[2025-05-19 08:59:32,514] {processor.py:171} INFO - Processing /home/airflow/.local/lib/python3.6/site-packages/airflow/example_dags/tutorial.py took 0.145 seconds
[2025-05-19 09:00:03,857] {processor.py:163} INFO - Started process (PID=915) to work on /home/airflow/.local/lib/python3.6/site-packages/airflow/example_dags/tutorial.py
[2025-05-19 09:00:03,860] {processor.py:642} INFO - Processing file /home/airflow/.local/lib/python3.6/site-packages/airflow/example_dags/tutorial.py for tasks to queue
[2025-05-19 09:00:03,861] {logging_mixin.py:109} INFO - [2025-05-19 09:00:03,861] {dagbag.py:500} INFO - Filling up the DagBag from /home/airflow/.local/lib/python3.6/site-packages/airflow/example_dags/tutorial.py
[2025-05-19 09:00:03,935] {processor.py:654} INFO - DAG(s) dict_keys(['tutorial']) retrieved from /home/airflow/.local/lib/python3.6/site-packages/airflow/example_dags/tutorial.py
[2025-05-19 09:00:03,963] {logging_mixin.py:109} INFO - [2025-05-19 09:00:03,963] {dag.py:2396} INFO - Sync 1 DAGs
[2025-05-19 09:00:03,996] {logging_mixin.py:109} INFO - [2025-05-19 09:00:03,996] {dag.py:2935} INFO - Setting next_dagrun for tutorial to 2025-05-18T09:00:03.996069+00:00
[2025-05-19 09:00:04,015] {processor.py:171} INFO - Processing /home/airflow/.local/lib/python3.6/site-packages/airflow/example_dags/tutorial.py took 0.165 seconds
[2025-05-19 09:00:35,150] {processor.py:163} INFO - Started process (PID=967) to work on /home/airflow/.local/lib/python3.6/site-packages/airflow/example_dags/tutorial.py
[2025-05-19 09:00:35,154] {processor.py:642} INFO - Processing file /home/airflow/.local/lib/python3.6/site-packages/airflow/example_dags/tutorial.py for tasks to queue
[2025-05-19 09:00:35,157] {logging_mixin.py:109} INFO - [2025-05-19 09:00:35,157] {dagbag.py:500} INFO - Filling up the DagBag from /home/airflow/.local/lib/python3.6/site-packages/airflow/example_dags/tutorial.py
[2025-05-19 09:00:35,267] {processor.py:654} INFO - DAG(s) dict_keys(['tutorial']) retrieved from /home/airflow/.local/lib/python3.6/site-packages/airflow/example_dags/tutorial.py
[2025-05-19 09:00:35,309] {logging_mixin.py:109} INFO - [2025-05-19 09:00:35,308] {dag.py:2396} INFO - Sync 1 DAGs
[2025-05-19 09:00:35,365] {logging_mixin.py:109} INFO - [2025-05-19 09:00:35,365] {dag.py:2935} INFO - Setting next_dagrun for tutorial to 2025-05-18T09:00:35.364430+00:00
[2025-05-19 09:00:35,400] {processor.py:171} INFO - Processing /home/airflow/.local/lib/python3.6/site-packages/airflow/example_dags/tutorial.py took 0.259 seconds
[2025-05-19 09:01:06,383] {processor.py:163} INFO - Started process (PID=1019) to work on /home/airflow/.local/lib/python3.6/site-packages/airflow/example_dags/tutorial.py
[2025-05-19 09:01:06,412] {processor.py:642} INFO - Processing file /home/airflow/.local/lib/python3.6/site-packages/airflow/example_dags/tutorial.py for tasks to queue
[2025-05-19 09:01:06,420] {logging_mixin.py:109} INFO - [2025-05-19 09:01:06,420] {dagbag.py:500} INFO - Filling up the DagBag from /home/airflow/.local/lib/python3.6/site-packages/airflow/example_dags/tutorial.py
[2025-05-19 09:01:06,570] {processor.py:654} INFO - DAG(s) dict_keys(['tutorial']) retrieved from /home/airflow/.local/lib/python3.6/site-packages/airflow/example_dags/tutorial.py
[2025-05-19 09:01:06,602] {logging_mixin.py:109} INFO - [2025-05-19 09:01:06,602] {dag.py:2396} INFO - Sync 1 DAGs
[2025-05-19 09:01:06,666] {logging_mixin.py:109} INFO - [2025-05-19 09:01:06,665] {dag.py:2935} INFO - Setting next_dagrun for tutorial to 2025-05-18T09:01:06.664933+00:00
[2025-05-19 09:01:06,705] {processor.py:171} INFO - Processing /home/airflow/.local/lib/python3.6/site-packages/airflow/example_dags/tutorial.py took 0.332 seconds
[2025-05-19 09:01:38,134] {processor.py:163} INFO - Started process (PID=1070) to work on /home/airflow/.local/lib/python3.6/site-packages/airflow/example_dags/tutorial.py
[2025-05-19 09:01:38,137] {processor.py:642} INFO - Processing file /home/airflow/.local/lib/python3.6/site-packages/airflow/example_dags/tutorial.py for tasks to queue
[2025-05-19 09:01:38,140] {logging_mixin.py:109} INFO - [2025-05-19 09:01:38,140] {dagbag.py:500} INFO - Filling up the DagBag from /home/airflow/.local/lib/python3.6/site-packages/airflow/example_dags/tutorial.py
[2025-05-19 09:01:38,224] {processor.py:654} INFO - DAG(s) dict_keys(['tutorial']) retrieved from /home/airflow/.local/lib/python3.6/site-packages/airflow/example_dags/tutorial.py
[2025-05-19 09:01:38,256] {logging_mixin.py:109} INFO - [2025-05-19 09:01:38,255] {dag.py:2396} INFO - Sync 1 DAGs
[2025-05-19 09:01:38,308] {logging_mixin.py:109} INFO - [2025-05-19 09:01:38,308] {dag.py:2935} INFO - Setting next_dagrun for tutorial to 2025-05-18T09:01:38.307396+00:00
[2025-05-19 09:01:38,338] {processor.py:171} INFO - Processing /home/airflow/.local/lib/python3.6/site-packages/airflow/example_dags/tutorial.py took 0.214 seconds
[2025-05-19 09:02:10,290] {processor.py:163} INFO - Started process (PID=1123) to work on /home/airflow/.local/lib/python3.6/site-packages/airflow/example_dags/tutorial.py
[2025-05-19 09:02:10,294] {processor.py:642} INFO - Processing file /home/airflow/.local/lib/python3.6/site-packages/airflow/example_dags/tutorial.py for tasks to queue
[2025-05-19 09:02:10,297] {logging_mixin.py:109} INFO - [2025-05-19 09:02:10,297] {dagbag.py:500} INFO - Filling up the DagBag from /home/airflow/.local/lib/python3.6/site-packages/airflow/example_dags/tutorial.py
[2025-05-19 09:02:10,524] {processor.py:654} INFO - DAG(s) dict_keys(['tutorial']) retrieved from /home/airflow/.local/lib/python3.6/site-packages/airflow/example_dags/tutorial.py
[2025-05-19 09:02:10,586] {logging_mixin.py:109} INFO - [2025-05-19 09:02:10,586] {dag.py:2396} INFO - Sync 1 DAGs
[2025-05-19 09:02:10,657] {logging_mixin.py:109} INFO - [2025-05-19 09:02:10,656] {dag.py:2935} INFO - Setting next_dagrun for tutorial to 2025-05-18T09:02:10.656179+00:00
[2025-05-19 09:02:10,720] {processor.py:171} INFO - Processing /home/airflow/.local/lib/python3.6/site-packages/airflow/example_dags/tutorial.py took 0.443 seconds
[2025-05-19 09:02:41,266] {processor.py:163} INFO - Started process (PID=1173) to work on /home/airflow/.local/lib/python3.6/site-packages/airflow/example_dags/tutorial.py
[2025-05-19 09:02:41,272] {processor.py:642} INFO - Processing file /home/airflow/.local/lib/python3.6/site-packages/airflow/example_dags/tutorial.py for tasks to queue
[2025-05-19 09:02:41,275] {logging_mixin.py:109} INFO - [2025-05-19 09:02:41,275] {dagbag.py:500} INFO - Filling up the DagBag from /home/airflow/.local/lib/python3.6/site-packages/airflow/example_dags/tutorial.py
[2025-05-19 09:02:41,370] {processor.py:654} INFO - DAG(s) dict_keys(['tutorial']) retrieved from /home/airflow/.local/lib/python3.6/site-packages/airflow/example_dags/tutorial.py
[2025-05-19 09:02:41,404] {logging_mixin.py:109} INFO - [2025-05-19 09:02:41,403] {dag.py:2396} INFO - Sync 1 DAGs
[2025-05-19 09:02:41,473] {logging_mixin.py:109} INFO - [2025-05-19 09:02:41,472] {dag.py:2935} INFO - Setting next_dagrun for tutorial to 2025-05-18T09:02:41.472090+00:00
[2025-05-19 09:02:41,518] {processor.py:171} INFO - Processing /home/airflow/.local/lib/python3.6/site-packages/airflow/example_dags/tutorial.py took 0.263 seconds
[2025-05-19 09:03:12,030] {processor.py:163} INFO - Started process (PID=1214) to work on /home/airflow/.local/lib/python3.6/site-packages/airflow/example_dags/tutorial.py
[2025-05-19 09:03:12,033] {processor.py:642} INFO - Processing file /home/airflow/.local/lib/python3.6/site-packages/airflow/example_dags/tutorial.py for tasks to queue
[2025-05-19 09:03:12,035] {logging_mixin.py:109} INFO - [2025-05-19 09:03:12,035] {dagbag.py:500} INFO - Filling up the DagBag from /home/airflow/.local/lib/python3.6/site-packages/airflow/example_dags/tutorial.py
[2025-05-19 09:03:12,139] {processor.py:654} INFO - DAG(s) dict_keys(['tutorial']) retrieved from /home/airflow/.local/lib/python3.6/site-packages/airflow/example_dags/tutorial.py
[2025-05-19 09:03:12,179] {logging_mixin.py:109} INFO - [2025-05-19 09:03:12,178] {dag.py:2396} INFO - Sync 1 DAGs
[2025-05-19 09:03:12,227] {logging_mixin.py:109} INFO - [2025-05-19 09:03:12,227] {dag.py:2935} INFO - Setting next_dagrun for tutorial to 2025-05-18T09:03:12.226793+00:00
[2025-05-19 09:03:12,246] {processor.py:171} INFO - Processing /home/airflow/.local/lib/python3.6/site-packages/airflow/example_dags/tutorial.py took 0.224 seconds
[2025-05-19 09:03:42,590] {processor.py:163} INFO - Started process (PID=1266) to work on /home/airflow/.local/lib/python3.6/site-packages/airflow/example_dags/tutorial.py
[2025-05-19 09:03:42,593] {processor.py:642} INFO - Processing file /home/airflow/.local/lib/python3.6/site-packages/airflow/example_dags/tutorial.py for tasks to queue
[2025-05-19 09:03:42,605] {logging_mixin.py:109} INFO - [2025-05-19 09:03:42,605] {dagbag.py:500} INFO - Filling up the DagBag from /home/airflow/.local/lib/python3.6/site-packages/airflow/example_dags/tutorial.py
[2025-05-19 09:03:42,822] {processor.py:654} INFO - DAG(s) dict_keys(['tutorial']) retrieved from /home/airflow/.local/lib/python3.6/site-packages/airflow/example_dags/tutorial.py
[2025-05-19 09:03:42,903] {logging_mixin.py:109} INFO - [2025-05-19 09:03:42,902] {dag.py:2396} INFO - Sync 1 DAGs
[2025-05-19 09:03:42,997] {logging_mixin.py:109} INFO - [2025-05-19 09:03:42,996] {dag.py:2935} INFO - Setting next_dagrun for tutorial to 2025-05-18T09:03:42.996197+00:00
[2025-05-19 09:03:43,032] {processor.py:171} INFO - Processing /home/airflow/.local/lib/python3.6/site-packages/airflow/example_dags/tutorial.py took 0.472 seconds
[2025-05-19 09:04:13,768] {processor.py:163} INFO - Started process (PID=1319) to work on /home/airflow/.local/lib/python3.6/site-packages/airflow/example_dags/tutorial.py
[2025-05-19 09:04:13,771] {processor.py:642} INFO - Processing file /home/airflow/.local/lib/python3.6/site-packages/airflow/example_dags/tutorial.py for tasks to queue
[2025-05-19 09:04:13,774] {logging_mixin.py:109} INFO - [2025-05-19 09:04:13,774] {dagbag.py:500} INFO - Filling up the DagBag from /home/airflow/.local/lib/python3.6/site-packages/airflow/example_dags/tutorial.py
[2025-05-19 09:04:13,868] {processor.py:654} INFO - DAG(s) dict_keys(['tutorial']) retrieved from /home/airflow/.local/lib/python3.6/site-packages/airflow/example_dags/tutorial.py
[2025-05-19 09:04:13,900] {logging_mixin.py:109} INFO - [2025-05-19 09:04:13,900] {dag.py:2396} INFO - Sync 1 DAGs
[2025-05-19 09:04:14,021] {logging_mixin.py:109} INFO - [2025-05-19 09:04:14,021] {dag.py:2935} INFO - Setting next_dagrun for tutorial to 2025-05-18T09:04:14.020321+00:00
[2025-05-19 09:04:14,081] {processor.py:171} INFO - Processing /home/airflow/.local/lib/python3.6/site-packages/airflow/example_dags/tutorial.py took 0.327 seconds
[2025-05-19 09:04:44,691] {processor.py:163} INFO - Started process (PID=1370) to work on /home/airflow/.local/lib/python3.6/site-packages/airflow/example_dags/tutorial.py
[2025-05-19 09:04:44,696] {processor.py:642} INFO - Processing file /home/airflow/.local/lib/python3.6/site-packages/airflow/example_dags/tutorial.py for tasks to queue
[2025-05-19 09:04:44,699] {logging_mixin.py:109} INFO - [2025-05-19 09:04:44,699] {dagbag.py:500} INFO - Filling up the DagBag from /home/airflow/.local/lib/python3.6/site-packages/airflow/example_dags/tutorial.py
[2025-05-19 09:04:44,828] {processor.py:654} INFO - DAG(s) dict_keys(['tutorial']) retrieved from /home/airflow/.local/lib/python3.6/site-packages/airflow/example_dags/tutorial.py
[2025-05-19 09:04:44,875] {logging_mixin.py:109} INFO - [2025-05-19 09:04:44,874] {dag.py:2396} INFO - Sync 1 DAGs
[2025-05-19 09:04:44,961] {logging_mixin.py:109} INFO - [2025-05-19 09:04:44,960] {dag.py:2935} INFO - Setting next_dagrun for tutorial to 2025-05-18T09:04:44.959939+00:00
[2025-05-19 09:04:45,003] {processor.py:171} INFO - Processing /home/airflow/.local/lib/python3.6/site-packages/airflow/example_dags/tutorial.py took 0.325 seconds
[2025-05-19 09:05:15,274] {processor.py:163} INFO - Started process (PID=1423) to work on /home/airflow/.local/lib/python3.6/site-packages/airflow/example_dags/tutorial.py
[2025-05-19 09:05:15,277] {processor.py:642} INFO - Processing file /home/airflow/.local/lib/python3.6/site-packages/airflow/example_dags/tutorial.py for tasks to queue
[2025-05-19 09:05:15,279] {logging_mixin.py:109} INFO - [2025-05-19 09:05:15,279] {dagbag.py:500} INFO - Filling up the DagBag from /home/airflow/.local/lib/python3.6/site-packages/airflow/example_dags/tutorial.py
[2025-05-19 09:05:15,384] {processor.py:654} INFO - DAG(s) dict_keys(['tutorial']) retrieved from /home/airflow/.local/lib/python3.6/site-packages/airflow/example_dags/tutorial.py
[2025-05-19 09:05:15,413] {logging_mixin.py:109} INFO - [2025-05-19 09:05:15,413] {dag.py:2396} INFO - Sync 1 DAGs
[2025-05-19 09:05:15,460] {logging_mixin.py:109} INFO - [2025-05-19 09:05:15,460] {dag.py:2935} INFO - Setting next_dagrun for tutorial to 2025-05-18T09:05:15.459579+00:00
[2025-05-19 09:05:15,481] {processor.py:171} INFO - Processing /home/airflow/.local/lib/python3.6/site-packages/airflow/example_dags/tutorial.py took 0.215 seconds
[2025-05-19 09:05:45,851] {processor.py:163} INFO - Started process (PID=1475) to work on /home/airflow/.local/lib/python3.6/site-packages/airflow/example_dags/tutorial.py
[2025-05-19 09:05:45,853] {processor.py:642} INFO - Processing file /home/airflow/.local/lib/python3.6/site-packages/airflow/example_dags/tutorial.py for tasks to queue
[2025-05-19 09:05:45,856] {logging_mixin.py:109} INFO - [2025-05-19 09:05:45,856] {dagbag.py:500} INFO - Filling up the DagBag from /home/airflow/.local/lib/python3.6/site-packages/airflow/example_dags/tutorial.py
[2025-05-19 09:05:45,911] {processor.py:654} INFO - DAG(s) dict_keys(['tutorial']) retrieved from /home/airflow/.local/lib/python3.6/site-packages/airflow/example_dags/tutorial.py
[2025-05-19 09:05:45,927] {logging_mixin.py:109} INFO - [2025-05-19 09:05:45,927] {dag.py:2396} INFO - Sync 1 DAGs
[2025-05-19 09:05:45,950] {logging_mixin.py:109} INFO - [2025-05-19 09:05:45,950] {dag.py:2935} INFO - Setting next_dagrun for tutorial to 2025-05-18T09:05:45.949840+00:00
[2025-05-19 09:05:45,963] {processor.py:171} INFO - Processing /home/airflow/.local/lib/python3.6/site-packages/airflow/example_dags/tutorial.py took 0.117 seconds
[2025-05-19 09:06:16,097] {processor.py:163} INFO - Started process (PID=1527) to work on /home/airflow/.local/lib/python3.6/site-packages/airflow/example_dags/tutorial.py
[2025-05-19 09:06:16,099] {processor.py:642} INFO - Processing file /home/airflow/.local/lib/python3.6/site-packages/airflow/example_dags/tutorial.py for tasks to queue
[2025-05-19 09:06:16,100] {logging_mixin.py:109} INFO - [2025-05-19 09:06:16,100] {dagbag.py:500} INFO - Filling up the DagBag from /home/airflow/.local/lib/python3.6/site-packages/airflow/example_dags/tutorial.py
[2025-05-19 09:06:16,148] {processor.py:654} INFO - DAG(s) dict_keys(['tutorial']) retrieved from /home/airflow/.local/lib/python3.6/site-packages/airflow/example_dags/tutorial.py
[2025-05-19 09:06:16,161] {logging_mixin.py:109} INFO - [2025-05-19 09:06:16,161] {dag.py:2396} INFO - Sync 1 DAGs
[2025-05-19 09:06:16,181] {logging_mixin.py:109} INFO - [2025-05-19 09:06:16,181] {dag.py:2935} INFO - Setting next_dagrun for tutorial to 2025-05-18T09:06:16.181304+00:00
[2025-05-19 09:06:16,194] {processor.py:171} INFO - Processing /home/airflow/.local/lib/python3.6/site-packages/airflow/example_dags/tutorial.py took 0.101 seconds
[2025-05-19 09:06:46,751] {processor.py:163} INFO - Started process (PID=1580) to work on /home/airflow/.local/lib/python3.6/site-packages/airflow/example_dags/tutorial.py
[2025-05-19 09:06:46,754] {processor.py:642} INFO - Processing file /home/airflow/.local/lib/python3.6/site-packages/airflow/example_dags/tutorial.py for tasks to queue
[2025-05-19 09:06:46,757] {logging_mixin.py:109} INFO - [2025-05-19 09:06:46,757] {dagbag.py:500} INFO - Filling up the DagBag from /home/airflow/.local/lib/python3.6/site-packages/airflow/example_dags/tutorial.py
[2025-05-19 09:06:46,849] {processor.py:654} INFO - DAG(s) dict_keys(['tutorial']) retrieved from /home/airflow/.local/lib/python3.6/site-packages/airflow/example_dags/tutorial.py
[2025-05-19 09:06:46,933] {logging_mixin.py:109} INFO - [2025-05-19 09:06:46,932] {dag.py:2396} INFO - Sync 1 DAGs
[2025-05-19 09:06:47,042] {logging_mixin.py:109} INFO - [2025-05-19 09:06:47,041] {dag.py:2935} INFO - Setting next_dagrun for tutorial to 2025-05-18T09:06:47.041105+00:00
[2025-05-19 09:06:47,074] {processor.py:171} INFO - Processing /home/airflow/.local/lib/python3.6/site-packages/airflow/example_dags/tutorial.py took 0.335 seconds
[2025-05-19 09:07:17,154] {processor.py:163} INFO - Started process (PID=1642) to work on /home/airflow/.local/lib/python3.6/site-packages/airflow/example_dags/tutorial.py
[2025-05-19 09:07:17,157] {processor.py:642} INFO - Processing file /home/airflow/.local/lib/python3.6/site-packages/airflow/example_dags/tutorial.py for tasks to queue
[2025-05-19 09:07:17,158] {logging_mixin.py:109} INFO - [2025-05-19 09:07:17,158] {dagbag.py:500} INFO - Filling up the DagBag from /home/airflow/.local/lib/python3.6/site-packages/airflow/example_dags/tutorial.py
[2025-05-19 09:07:17,210] {processor.py:654} INFO - DAG(s) dict_keys(['tutorial']) retrieved from /home/airflow/.local/lib/python3.6/site-packages/airflow/example_dags/tutorial.py
[2025-05-19 09:07:17,228] {logging_mixin.py:109} INFO - [2025-05-19 09:07:17,228] {dag.py:2396} INFO - Sync 1 DAGs
[2025-05-19 09:07:17,257] {logging_mixin.py:109} INFO - [2025-05-19 09:07:17,257] {dag.py:2935} INFO - Setting next_dagrun for tutorial to 2025-05-18T09:07:17.256756+00:00
[2025-05-19 09:07:17,273] {processor.py:171} INFO - Processing /home/airflow/.local/lib/python3.6/site-packages/airflow/example_dags/tutorial.py took 0.125 seconds
[2025-05-19 09:07:48,002] {processor.py:163} INFO - Started process (PID=1694) to work on /home/airflow/.local/lib/python3.6/site-packages/airflow/example_dags/tutorial.py
[2025-05-19 09:07:48,003] {processor.py:642} INFO - Processing file /home/airflow/.local/lib/python3.6/site-packages/airflow/example_dags/tutorial.py for tasks to queue
[2025-05-19 09:07:48,004] {logging_mixin.py:109} INFO - [2025-05-19 09:07:48,004] {dagbag.py:500} INFO - Filling up the DagBag from /home/airflow/.local/lib/python3.6/site-packages/airflow/example_dags/tutorial.py
[2025-05-19 09:07:48,047] {processor.py:654} INFO - DAG(s) dict_keys(['tutorial']) retrieved from /home/airflow/.local/lib/python3.6/site-packages/airflow/example_dags/tutorial.py
[2025-05-19 09:07:48,061] {logging_mixin.py:109} INFO - [2025-05-19 09:07:48,060] {dag.py:2396} INFO - Sync 1 DAGs
[2025-05-19 09:07:48,082] {logging_mixin.py:109} INFO - [2025-05-19 09:07:48,082] {dag.py:2935} INFO - Setting next_dagrun for tutorial to 2025-05-18T09:07:48.081758+00:00
[2025-05-19 09:07:48,093] {processor.py:171} INFO - Processing /home/airflow/.local/lib/python3.6/site-packages/airflow/example_dags/tutorial.py took 0.096 seconds
[2025-05-19 09:08:17,065] {processor.py:163} INFO - Started process (PID=1756) to work on /home/airflow/.local/lib/python3.6/site-packages/airflow/example_dags/tutorial.py
[2025-05-19 09:08:17,067] {processor.py:642} INFO - Processing file /home/airflow/.local/lib/python3.6/site-packages/airflow/example_dags/tutorial.py for tasks to queue
[2025-05-19 09:08:17,068] {logging_mixin.py:109} INFO - [2025-05-19 09:08:17,068] {dagbag.py:500} INFO - Filling up the DagBag from /home/airflow/.local/lib/python3.6/site-packages/airflow/example_dags/tutorial.py
[2025-05-19 09:08:17,115] {processor.py:654} INFO - DAG(s) dict_keys(['tutorial']) retrieved from /home/airflow/.local/lib/python3.6/site-packages/airflow/example_dags/tutorial.py
[2025-05-19 09:08:17,130] {logging_mixin.py:109} INFO - [2025-05-19 09:08:17,130] {dag.py:2396} INFO - Sync 1 DAGs
[2025-05-19 09:08:17,155] {logging_mixin.py:109} INFO - [2025-05-19 09:08:17,154] {dag.py:2935} INFO - Setting next_dagrun for tutorial to 2025-05-18T09:08:17.154559+00:00
[2025-05-19 09:08:17,169] {processor.py:171} INFO - Processing /home/airflow/.local/lib/python3.6/site-packages/airflow/example_dags/tutorial.py took 0.109 seconds
[2025-05-19 09:08:47,986] {processor.py:163} INFO - Started process (PID=1807) to work on /home/airflow/.local/lib/python3.6/site-packages/airflow/example_dags/tutorial.py
[2025-05-19 09:08:47,988] {processor.py:642} INFO - Processing file /home/airflow/.local/lib/python3.6/site-packages/airflow/example_dags/tutorial.py for tasks to queue
[2025-05-19 09:08:47,989] {logging_mixin.py:109} INFO - [2025-05-19 09:08:47,989] {dagbag.py:500} INFO - Filling up the DagBag from /home/airflow/.local/lib/python3.6/site-packages/airflow/example_dags/tutorial.py
[2025-05-19 09:08:48,032] {processor.py:654} INFO - DAG(s) dict_keys(['tutorial']) retrieved from /home/airflow/.local/lib/python3.6/site-packages/airflow/example_dags/tutorial.py
[2025-05-19 09:08:48,046] {logging_mixin.py:109} INFO - [2025-05-19 09:08:48,045] {dag.py:2396} INFO - Sync 1 DAGs
[2025-05-19 09:08:48,069] {logging_mixin.py:109} INFO - [2025-05-19 09:08:48,069] {dag.py:2935} INFO - Setting next_dagrun for tutorial to 2025-05-18T09:08:48.068718+00:00
[2025-05-19 09:08:48,080] {processor.py:171} INFO - Processing /home/airflow/.local/lib/python3.6/site-packages/airflow/example_dags/tutorial.py took 0.099 seconds
[2025-05-19 09:09:18,493] {processor.py:163} INFO - Started process (PID=1869) to work on /home/airflow/.local/lib/python3.6/site-packages/airflow/example_dags/tutorial.py
[2025-05-19 09:09:18,495] {processor.py:642} INFO - Processing file /home/airflow/.local/lib/python3.6/site-packages/airflow/example_dags/tutorial.py for tasks to queue
[2025-05-19 09:09:18,497] {logging_mixin.py:109} INFO - [2025-05-19 09:09:18,496] {dagbag.py:500} INFO - Filling up the DagBag from /home/airflow/.local/lib/python3.6/site-packages/airflow/example_dags/tutorial.py
[2025-05-19 09:09:18,543] {processor.py:654} INFO - DAG(s) dict_keys(['tutorial']) retrieved from /home/airflow/.local/lib/python3.6/site-packages/airflow/example_dags/tutorial.py
[2025-05-19 09:09:18,559] {logging_mixin.py:109} INFO - [2025-05-19 09:09:18,558] {dag.py:2396} INFO - Sync 1 DAGs
[2025-05-19 09:09:18,590] {logging_mixin.py:109} INFO - [2025-05-19 09:09:18,590] {dag.py:2935} INFO - Setting next_dagrun for tutorial to 2025-05-18T09:09:18.590041+00:00
[2025-05-19 09:09:18,609] {processor.py:171} INFO - Processing /home/airflow/.local/lib/python3.6/site-packages/airflow/example_dags/tutorial.py took 0.124 seconds
[2025-05-19 09:09:48,729] {processor.py:163} INFO - Started process (PID=1920) to work on /home/airflow/.local/lib/python3.6/site-packages/airflow/example_dags/tutorial.py
[2025-05-19 09:09:48,731] {processor.py:642} INFO - Processing file /home/airflow/.local/lib/python3.6/site-packages/airflow/example_dags/tutorial.py for tasks to queue
[2025-05-19 09:09:48,732] {logging_mixin.py:109} INFO - [2025-05-19 09:09:48,732] {dagbag.py:500} INFO - Filling up the DagBag from /home/airflow/.local/lib/python3.6/site-packages/airflow/example_dags/tutorial.py
[2025-05-19 09:09:48,778] {processor.py:654} INFO - DAG(s) dict_keys(['tutorial']) retrieved from /home/airflow/.local/lib/python3.6/site-packages/airflow/example_dags/tutorial.py
[2025-05-19 09:09:48,793] {logging_mixin.py:109} INFO - [2025-05-19 09:09:48,793] {dag.py:2396} INFO - Sync 1 DAGs
[2025-05-19 09:09:48,814] {logging_mixin.py:109} INFO - [2025-05-19 09:09:48,814] {dag.py:2935} INFO - Setting next_dagrun for tutorial to 2025-05-18T09:09:48.813710+00:00
[2025-05-19 09:09:48,828] {processor.py:171} INFO - Processing /home/airflow/.local/lib/python3.6/site-packages/airflow/example_dags/tutorial.py took 0.104 seconds
[2025-05-19 09:10:19,775] {processor.py:163} INFO - Started process (PID=1973) to work on /home/airflow/.local/lib/python3.6/site-packages/airflow/example_dags/tutorial.py
[2025-05-19 09:10:19,784] {processor.py:642} INFO - Processing file /home/airflow/.local/lib/python3.6/site-packages/airflow/example_dags/tutorial.py for tasks to queue
[2025-05-19 09:10:19,787] {logging_mixin.py:109} INFO - [2025-05-19 09:10:19,786] {dagbag.py:500} INFO - Filling up the DagBag from /home/airflow/.local/lib/python3.6/site-packages/airflow/example_dags/tutorial.py
[2025-05-19 09:10:19,865] {processor.py:654} INFO - DAG(s) dict_keys(['tutorial']) retrieved from /home/airflow/.local/lib/python3.6/site-packages/airflow/example_dags/tutorial.py
[2025-05-19 09:10:19,894] {logging_mixin.py:109} INFO - [2025-05-19 09:10:19,893] {dag.py:2396} INFO - Sync 1 DAGs
[2025-05-19 09:10:19,929] {logging_mixin.py:109} INFO - [2025-05-19 09:10:19,929] {dag.py:2935} INFO - Setting next_dagrun for tutorial to 2025-05-18T09:10:19.928723+00:00
[2025-05-19 09:10:19,949] {processor.py:171} INFO - Processing /home/airflow/.local/lib/python3.6/site-packages/airflow/example_dags/tutorial.py took 0.183 seconds
[2025-05-19 09:10:50,924] {processor.py:163} INFO - Started process (PID=2025) to work on /home/airflow/.local/lib/python3.6/site-packages/airflow/example_dags/tutorial.py
[2025-05-19 09:10:50,928] {processor.py:642} INFO - Processing file /home/airflow/.local/lib/python3.6/site-packages/airflow/example_dags/tutorial.py for tasks to queue
[2025-05-19 09:10:50,931] {logging_mixin.py:109} INFO - [2025-05-19 09:10:50,931] {dagbag.py:500} INFO - Filling up the DagBag from /home/airflow/.local/lib/python3.6/site-packages/airflow/example_dags/tutorial.py
[2025-05-19 09:10:51,095] {processor.py:654} INFO - DAG(s) dict_keys(['tutorial']) retrieved from /home/airflow/.local/lib/python3.6/site-packages/airflow/example_dags/tutorial.py
[2025-05-19 09:10:51,134] {logging_mixin.py:109} INFO - [2025-05-19 09:10:51,134] {dag.py:2396} INFO - Sync 1 DAGs
[2025-05-19 09:10:51,189] {logging_mixin.py:109} INFO - [2025-05-19 09:10:51,189] {dag.py:2935} INFO - Setting next_dagrun for tutorial to 2025-05-18T09:10:51.187663+00:00
[2025-05-19 09:10:51,215] {processor.py:171} INFO - Processing /home/airflow/.local/lib/python3.6/site-packages/airflow/example_dags/tutorial.py took 0.307 seconds
[2025-05-19 09:11:22,411] {processor.py:163} INFO - Started process (PID=2089) to work on /home/airflow/.local/lib/python3.6/site-packages/airflow/example_dags/tutorial.py
[2025-05-19 09:11:22,413] {processor.py:642} INFO - Processing file /home/airflow/.local/lib/python3.6/site-packages/airflow/example_dags/tutorial.py for tasks to queue
[2025-05-19 09:11:22,415] {logging_mixin.py:109} INFO - [2025-05-19 09:11:22,415] {dagbag.py:500} INFO - Filling up the DagBag from /home/airflow/.local/lib/python3.6/site-packages/airflow/example_dags/tutorial.py
[2025-05-19 09:11:22,485] {processor.py:654} INFO - DAG(s) dict_keys(['tutorial']) retrieved from /home/airflow/.local/lib/python3.6/site-packages/airflow/example_dags/tutorial.py
[2025-05-19 09:11:22,517] {logging_mixin.py:109} INFO - [2025-05-19 09:11:22,516] {dag.py:2396} INFO - Sync 1 DAGs
[2025-05-19 09:11:22,567] {logging_mixin.py:109} INFO - [2025-05-19 09:11:22,566] {dag.py:2935} INFO - Setting next_dagrun for tutorial to 2025-05-18T09:11:22.566242+00:00
[2025-05-19 09:11:22,600] {processor.py:171} INFO - Processing /home/airflow/.local/lib/python3.6/site-packages/airflow/example_dags/tutorial.py took 0.197 seconds
[2025-05-19 09:11:52,748] {processor.py:163} INFO - Started process (PID=2140) to work on /home/airflow/.local/lib/python3.6/site-packages/airflow/example_dags/tutorial.py
[2025-05-19 09:11:52,751] {processor.py:642} INFO - Processing file /home/airflow/.local/lib/python3.6/site-packages/airflow/example_dags/tutorial.py for tasks to queue
[2025-05-19 09:11:52,752] {logging_mixin.py:109} INFO - [2025-05-19 09:11:52,752] {dagbag.py:500} INFO - Filling up the DagBag from /home/airflow/.local/lib/python3.6/site-packages/airflow/example_dags/tutorial.py
[2025-05-19 09:11:52,810] {processor.py:654} INFO - DAG(s) dict_keys(['tutorial']) retrieved from /home/airflow/.local/lib/python3.6/site-packages/airflow/example_dags/tutorial.py
[2025-05-19 09:11:52,831] {logging_mixin.py:109} INFO - [2025-05-19 09:11:52,831] {dag.py:2396} INFO - Sync 1 DAGs
[2025-05-19 09:11:52,869] {logging_mixin.py:109} INFO - [2025-05-19 09:11:52,868] {dag.py:2935} INFO - Setting next_dagrun for tutorial to 2025-05-18T09:11:52.868088+00:00
[2025-05-19 09:11:52,891] {processor.py:171} INFO - Processing /home/airflow/.local/lib/python3.6/site-packages/airflow/example_dags/tutorial.py took 0.152 seconds
[2025-05-19 09:12:23,196] {processor.py:163} INFO - Started process (PID=2192) to work on /home/airflow/.local/lib/python3.6/site-packages/airflow/example_dags/tutorial.py
[2025-05-19 09:12:23,206] {processor.py:642} INFO - Processing file /home/airflow/.local/lib/python3.6/site-packages/airflow/example_dags/tutorial.py for tasks to queue
[2025-05-19 09:12:23,210] {logging_mixin.py:109} INFO - [2025-05-19 09:12:23,210] {dagbag.py:500} INFO - Filling up the DagBag from /home/airflow/.local/lib/python3.6/site-packages/airflow/example_dags/tutorial.py
[2025-05-19 09:12:23,356] {processor.py:654} INFO - DAG(s) dict_keys(['tutorial']) retrieved from /home/airflow/.local/lib/python3.6/site-packages/airflow/example_dags/tutorial.py
[2025-05-19 09:12:23,389] {logging_mixin.py:109} INFO - [2025-05-19 09:12:23,389] {dag.py:2396} INFO - Sync 1 DAGs
[2025-05-19 09:12:23,419] {logging_mixin.py:109} INFO - [2025-05-19 09:12:23,419] {dag.py:2935} INFO - Setting next_dagrun for tutorial to 2025-05-18T09:12:23.418877+00:00
[2025-05-19 09:12:23,436] {processor.py:171} INFO - Processing /home/airflow/.local/lib/python3.6/site-packages/airflow/example_dags/tutorial.py took 0.251 seconds
[2025-05-19 09:12:53,685] {processor.py:163} INFO - Started process (PID=2244) to work on /home/airflow/.local/lib/python3.6/site-packages/airflow/example_dags/tutorial.py
[2025-05-19 09:12:53,690] {processor.py:642} INFO - Processing file /home/airflow/.local/lib/python3.6/site-packages/airflow/example_dags/tutorial.py for tasks to queue
[2025-05-19 09:12:53,696] {logging_mixin.py:109} INFO - [2025-05-19 09:12:53,696] {dagbag.py:500} INFO - Filling up the DagBag from /home/airflow/.local/lib/python3.6/site-packages/airflow/example_dags/tutorial.py
[2025-05-19 09:12:53,855] {processor.py:654} INFO - DAG(s) dict_keys(['tutorial']) retrieved from /home/airflow/.local/lib/python3.6/site-packages/airflow/example_dags/tutorial.py
[2025-05-19 09:12:53,964] {logging_mixin.py:109} INFO - [2025-05-19 09:12:53,964] {dag.py:2396} INFO - Sync 1 DAGs
[2025-05-19 09:12:54,098] {logging_mixin.py:109} INFO - [2025-05-19 09:12:54,088] {dag.py:2935} INFO - Setting next_dagrun for tutorial to 2025-05-18T09:12:54.087931+00:00
[2025-05-19 09:12:54,151] {processor.py:171} INFO - Processing /home/airflow/.local/lib/python3.6/site-packages/airflow/example_dags/tutorial.py took 0.476 seconds
[2025-05-19 09:13:24,971] {processor.py:163} INFO - Started process (PID=2296) to work on /home/airflow/.local/lib/python3.6/site-packages/airflow/example_dags/tutorial.py
[2025-05-19 09:13:24,975] {processor.py:642} INFO - Processing file /home/airflow/.local/lib/python3.6/site-packages/airflow/example_dags/tutorial.py for tasks to queue
[2025-05-19 09:13:24,977] {logging_mixin.py:109} INFO - [2025-05-19 09:13:24,977] {dagbag.py:500} INFO - Filling up the DagBag from /home/airflow/.local/lib/python3.6/site-packages/airflow/example_dags/tutorial.py
[2025-05-19 09:13:25,082] {processor.py:654} INFO - DAG(s) dict_keys(['tutorial']) retrieved from /home/airflow/.local/lib/python3.6/site-packages/airflow/example_dags/tutorial.py
[2025-05-19 09:13:25,109] {logging_mixin.py:109} INFO - [2025-05-19 09:13:25,109] {dag.py:2396} INFO - Sync 1 DAGs
[2025-05-19 09:13:25,149] {logging_mixin.py:109} INFO - [2025-05-19 09:13:25,148] {dag.py:2935} INFO - Setting next_dagrun for tutorial to 2025-05-18T09:13:25.148323+00:00
[2025-05-19 09:13:25,168] {processor.py:171} INFO - Processing /home/airflow/.local/lib/python3.6/site-packages/airflow/example_dags/tutorial.py took 0.206 seconds
[2025-05-19 09:13:55,859] {processor.py:163} INFO - Started process (PID=2348) to work on /home/airflow/.local/lib/python3.6/site-packages/airflow/example_dags/tutorial.py
[2025-05-19 09:13:55,874] {processor.py:642} INFO - Processing file /home/airflow/.local/lib/python3.6/site-packages/airflow/example_dags/tutorial.py for tasks to queue
[2025-05-19 09:13:55,891] {logging_mixin.py:109} INFO - [2025-05-19 09:13:55,891] {dagbag.py:500} INFO - Filling up the DagBag from /home/airflow/.local/lib/python3.6/site-packages/airflow/example_dags/tutorial.py
[2025-05-19 09:13:56,031] {processor.py:654} INFO - DAG(s) dict_keys(['tutorial']) retrieved from /home/airflow/.local/lib/python3.6/site-packages/airflow/example_dags/tutorial.py
[2025-05-19 09:13:56,057] {logging_mixin.py:109} INFO - [2025-05-19 09:13:56,056] {dag.py:2396} INFO - Sync 1 DAGs
[2025-05-19 09:13:56,101] {logging_mixin.py:109} INFO - [2025-05-19 09:13:56,101] {dag.py:2935} INFO - Setting next_dagrun for tutorial to 2025-05-18T09:13:56.100569+00:00
[2025-05-19 09:13:56,124] {processor.py:171} INFO - Processing /home/airflow/.local/lib/python3.6/site-packages/airflow/example_dags/tutorial.py took 0.294 seconds
[2025-05-19 09:14:26,748] {processor.py:163} INFO - Started process (PID=2401) to work on /home/airflow/.local/lib/python3.6/site-packages/airflow/example_dags/tutorial.py
[2025-05-19 09:14:26,751] {processor.py:642} INFO - Processing file /home/airflow/.local/lib/python3.6/site-packages/airflow/example_dags/tutorial.py for tasks to queue
[2025-05-19 09:14:26,753] {logging_mixin.py:109} INFO - [2025-05-19 09:14:26,752] {dagbag.py:500} INFO - Filling up the DagBag from /home/airflow/.local/lib/python3.6/site-packages/airflow/example_dags/tutorial.py
[2025-05-19 09:14:26,838] {processor.py:654} INFO - DAG(s) dict_keys(['tutorial']) retrieved from /home/airflow/.local/lib/python3.6/site-packages/airflow/example_dags/tutorial.py
[2025-05-19 09:14:26,856] {logging_mixin.py:109} INFO - [2025-05-19 09:14:26,856] {dag.py:2396} INFO - Sync 1 DAGs
[2025-05-19 09:14:26,882] {logging_mixin.py:109} INFO - [2025-05-19 09:14:26,882] {dag.py:2935} INFO - Setting next_dagrun for tutorial to 2025-05-18T09:14:26.881986+00:00
[2025-05-19 09:14:26,897] {processor.py:171} INFO - Processing /home/airflow/.local/lib/python3.6/site-packages/airflow/example_dags/tutorial.py took 0.156 seconds
[2025-05-19 19:33:55,961] {processor.py:163} INFO - Started process (PID=69) to work on /home/airflow/.local/lib/python3.6/site-packages/airflow/example_dags/tutorial.py
[2025-05-19 19:33:55,965] {processor.py:642} INFO - Processing file /home/airflow/.local/lib/python3.6/site-packages/airflow/example_dags/tutorial.py for tasks to queue
[2025-05-19 19:33:55,968] {logging_mixin.py:109} INFO - [2025-05-19 19:33:55,968] {dagbag.py:500} INFO - Filling up the DagBag from /home/airflow/.local/lib/python3.6/site-packages/airflow/example_dags/tutorial.py
[2025-05-19 19:33:56,368] {processor.py:654} INFO - DAG(s) dict_keys(['tutorial']) retrieved from /home/airflow/.local/lib/python3.6/site-packages/airflow/example_dags/tutorial.py
[2025-05-19 19:33:56,390] {logging_mixin.py:109} INFO - [2025-05-19 19:33:56,390] {dag.py:2396} INFO - Sync 1 DAGs
[2025-05-19 19:33:56,436] {logging_mixin.py:109} INFO - [2025-05-19 19:33:56,435] {dag.py:2935} INFO - Setting next_dagrun for tutorial to 2025-05-18T19:33:56.435206+00:00
[2025-05-19 19:33:56,464] {processor.py:171} INFO - Processing /home/airflow/.local/lib/python3.6/site-packages/airflow/example_dags/tutorial.py took 0.515 seconds
[2025-05-19 19:34:29,422] {processor.py:163} INFO - Started process (PID=121) to work on /home/airflow/.local/lib/python3.6/site-packages/airflow/example_dags/tutorial.py
[2025-05-19 19:34:29,435] {processor.py:642} INFO - Processing file /home/airflow/.local/lib/python3.6/site-packages/airflow/example_dags/tutorial.py for tasks to queue
[2025-05-19 19:34:29,443] {logging_mixin.py:109} INFO - [2025-05-19 19:34:29,442] {dagbag.py:500} INFO - Filling up the DagBag from /home/airflow/.local/lib/python3.6/site-packages/airflow/example_dags/tutorial.py
[2025-05-19 19:34:30,099] {processor.py:654} INFO - DAG(s) dict_keys(['tutorial']) retrieved from /home/airflow/.local/lib/python3.6/site-packages/airflow/example_dags/tutorial.py
[2025-05-19 19:34:30,290] {logging_mixin.py:109} INFO - [2025-05-19 19:34:30,289] {dag.py:2396} INFO - Sync 1 DAGs
[2025-05-19 19:34:31,209] {logging_mixin.py:109} INFO - [2025-05-19 19:34:31,209] {dag.py:2935} INFO - Setting next_dagrun for tutorial to 2025-05-18T19:34:31.208808+00:00
[2025-05-19 19:34:31,305] {processor.py:171} INFO - Processing /home/airflow/.local/lib/python3.6/site-packages/airflow/example_dags/tutorial.py took 1.901 seconds
[2025-05-19 19:35:01,570] {processor.py:163} INFO - Started process (PID=175) to work on /home/airflow/.local/lib/python3.6/site-packages/airflow/example_dags/tutorial.py
[2025-05-19 19:35:01,572] {processor.py:642} INFO - Processing file /home/airflow/.local/lib/python3.6/site-packages/airflow/example_dags/tutorial.py for tasks to queue
[2025-05-19 19:35:01,574] {logging_mixin.py:109} INFO - [2025-05-19 19:35:01,574] {dagbag.py:500} INFO - Filling up the DagBag from /home/airflow/.local/lib/python3.6/site-packages/airflow/example_dags/tutorial.py
[2025-05-19 19:35:01,668] {processor.py:654} INFO - DAG(s) dict_keys(['tutorial']) retrieved from /home/airflow/.local/lib/python3.6/site-packages/airflow/example_dags/tutorial.py
[2025-05-19 19:35:01,741] {logging_mixin.py:109} INFO - [2025-05-19 19:35:01,741] {dag.py:2396} INFO - Sync 1 DAGs
[2025-05-19 19:35:01,823] {logging_mixin.py:109} INFO - [2025-05-19 19:35:01,822] {dag.py:2935} INFO - Setting next_dagrun for tutorial to 2025-05-18T19:35:01.822312+00:00
[2025-05-19 19:35:01,850] {processor.py:171} INFO - Processing /home/airflow/.local/lib/python3.6/site-packages/airflow/example_dags/tutorial.py took 0.289 seconds
[2025-05-19 19:35:32,038] {processor.py:163} INFO - Started process (PID=216) to work on /home/airflow/.local/lib/python3.6/site-packages/airflow/example_dags/tutorial.py
[2025-05-19 19:35:32,041] {processor.py:642} INFO - Processing file /home/airflow/.local/lib/python3.6/site-packages/airflow/example_dags/tutorial.py for tasks to queue
[2025-05-19 19:35:32,042] {logging_mixin.py:109} INFO - [2025-05-19 19:35:32,042] {dagbag.py:500} INFO - Filling up the DagBag from /home/airflow/.local/lib/python3.6/site-packages/airflow/example_dags/tutorial.py
[2025-05-19 19:35:32,091] {processor.py:654} INFO - DAG(s) dict_keys(['tutorial']) retrieved from /home/airflow/.local/lib/python3.6/site-packages/airflow/example_dags/tutorial.py
[2025-05-19 19:35:32,120] {logging_mixin.py:109} INFO - [2025-05-19 19:35:32,120] {dag.py:2396} INFO - Sync 1 DAGs
[2025-05-19 19:35:32,178] {logging_mixin.py:109} INFO - [2025-05-19 19:35:32,177] {dag.py:2935} INFO - Setting next_dagrun for tutorial to 2025-05-18T19:35:32.177238+00:00
[2025-05-19 19:35:32,201] {processor.py:171} INFO - Processing /home/airflow/.local/lib/python3.6/site-packages/airflow/example_dags/tutorial.py took 0.169 seconds
[2025-05-19 19:36:02,612] {processor.py:163} INFO - Started process (PID=268) to work on /home/airflow/.local/lib/python3.6/site-packages/airflow/example_dags/tutorial.py
[2025-05-19 19:36:02,614] {processor.py:642} INFO - Processing file /home/airflow/.local/lib/python3.6/site-packages/airflow/example_dags/tutorial.py for tasks to queue
[2025-05-19 19:36:02,616] {logging_mixin.py:109} INFO - [2025-05-19 19:36:02,615] {dagbag.py:500} INFO - Filling up the DagBag from /home/airflow/.local/lib/python3.6/site-packages/airflow/example_dags/tutorial.py
[2025-05-19 19:36:02,668] {processor.py:654} INFO - DAG(s) dict_keys(['tutorial']) retrieved from /home/airflow/.local/lib/python3.6/site-packages/airflow/example_dags/tutorial.py
[2025-05-19 19:36:02,686] {logging_mixin.py:109} INFO - [2025-05-19 19:36:02,686] {dag.py:2396} INFO - Sync 1 DAGs
[2025-05-19 19:36:02,716] {logging_mixin.py:109} INFO - [2025-05-19 19:36:02,715] {dag.py:2935} INFO - Setting next_dagrun for tutorial to 2025-05-18T19:36:02.715525+00:00
[2025-05-19 19:36:02,737] {processor.py:171} INFO - Processing /home/airflow/.local/lib/python3.6/site-packages/airflow/example_dags/tutorial.py took 0.132 seconds
[2025-05-19 19:36:32,875] {processor.py:163} INFO - Started process (PID=320) to work on /home/airflow/.local/lib/python3.6/site-packages/airflow/example_dags/tutorial.py
[2025-05-19 19:36:32,878] {processor.py:642} INFO - Processing file /home/airflow/.local/lib/python3.6/site-packages/airflow/example_dags/tutorial.py for tasks to queue
[2025-05-19 19:36:32,879] {logging_mixin.py:109} INFO - [2025-05-19 19:36:32,879] {dagbag.py:500} INFO - Filling up the DagBag from /home/airflow/.local/lib/python3.6/site-packages/airflow/example_dags/tutorial.py
[2025-05-19 19:36:32,951] {processor.py:654} INFO - DAG(s) dict_keys(['tutorial']) retrieved from /home/airflow/.local/lib/python3.6/site-packages/airflow/example_dags/tutorial.py
[2025-05-19 19:36:32,973] {logging_mixin.py:109} INFO - [2025-05-19 19:36:32,972] {dag.py:2396} INFO - Sync 1 DAGs
[2025-05-19 19:36:33,002] {logging_mixin.py:109} INFO - [2025-05-19 19:36:33,002] {dag.py:2935} INFO - Setting next_dagrun for tutorial to 2025-05-18T19:36:33.002406+00:00
[2025-05-19 19:36:33,019] {processor.py:171} INFO - Processing /home/airflow/.local/lib/python3.6/site-packages/airflow/example_dags/tutorial.py took 0.149 seconds
[2025-05-19 19:37:03,286] {processor.py:163} INFO - Started process (PID=381) to work on /home/airflow/.local/lib/python3.6/site-packages/airflow/example_dags/tutorial.py
[2025-05-19 19:37:03,289] {processor.py:642} INFO - Processing file /home/airflow/.local/lib/python3.6/site-packages/airflow/example_dags/tutorial.py for tasks to queue
[2025-05-19 19:37:03,291] {logging_mixin.py:109} INFO - [2025-05-19 19:37:03,290] {dagbag.py:500} INFO - Filling up the DagBag from /home/airflow/.local/lib/python3.6/site-packages/airflow/example_dags/tutorial.py
[2025-05-19 19:37:03,362] {processor.py:654} INFO - DAG(s) dict_keys(['tutorial']) retrieved from /home/airflow/.local/lib/python3.6/site-packages/airflow/example_dags/tutorial.py
[2025-05-19 19:37:03,387] {logging_mixin.py:109} INFO - [2025-05-19 19:37:03,387] {dag.py:2396} INFO - Sync 1 DAGs
[2025-05-19 19:37:03,428] {logging_mixin.py:109} INFO - [2025-05-19 19:37:03,428] {dag.py:2935} INFO - Setting next_dagrun for tutorial to 2025-05-18T19:37:03.427707+00:00
[2025-05-19 19:37:03,445] {processor.py:171} INFO - Processing /home/airflow/.local/lib/python3.6/site-packages/airflow/example_dags/tutorial.py took 0.167 seconds
