[2025-12-17 10:34:59,423] {taskinstance.py:1032} INFO - Dependencies all met for <TaskInstance: data_ingestion_gcs_dag.local_to_gcs_task scheduled__2025-12-16T00:00:00+00:00 [queued]>
[2025-12-17 10:34:59,432] {taskinstance.py:1032} INFO - Dependencies all met for <TaskInstance: data_ingestion_gcs_dag.local_to_gcs_task scheduled__2025-12-16T00:00:00+00:00 [queued]>
[2025-12-17 10:34:59,433] {taskinstance.py:1238} INFO - 
--------------------------------------------------------------------------------
[2025-12-17 10:34:59,433] {taskinstance.py:1239} INFO - Starting attempt 1 of 6
[2025-12-17 10:34:59,433] {taskinstance.py:1240} INFO - 
--------------------------------------------------------------------------------
[2025-12-17 10:34:59,445] {taskinstance.py:1259} INFO - Executing <Task(PythonOperator): local_to_gcs_task> on 2025-12-16 00:00:00+00:00
[2025-12-17 10:34:59,452] {standard_task_runner.py:76} INFO - Running: ['***', 'tasks', 'run', 'data_ingestion_gcs_dag', 'local_to_gcs_task', 'scheduled__2025-12-16T00:00:00+00:00', '--job-id', '122', '--raw', '--subdir', 'DAGS_FOLDER/gcs_upload_dag.py', '--cfg-path', '/tmp/tmp6tkid3q2', '--error-file', '/tmp/tmp3_me9tzw']
[2025-12-17 10:34:59,449] {standard_task_runner.py:52} INFO - Started process 1778 to run task
[2025-12-17 10:34:59,456] {standard_task_runner.py:77} INFO - Job 122: Subtask local_to_gcs_task
[2025-12-17 10:34:59,505] {logging_mixin.py:109} INFO - Running <TaskInstance: data_ingestion_gcs_dag.local_to_gcs_task scheduled__2025-12-16T00:00:00+00:00 [running]> on host 91a1f089b840
[2025-12-17 10:34:59,555] {taskinstance.py:1426} INFO - Exporting the following env vars:
AIRFLOW_CTX_DAG_OWNER=***
AIRFLOW_CTX_DAG_ID=data_ingestion_gcs_dag
AIRFLOW_CTX_TASK_ID=local_to_gcs_task
AIRFLOW_CTX_EXECUTION_DATE=2025-12-16T00:00:00+00:00
AIRFLOW_CTX_DAG_RUN_ID=scheduled__2025-12-16T00:00:00+00:00
[2025-12-17 10:34:59,820] {python.py:175} INFO - Done. Returned value was: None
[2025-12-17 10:34:59,832] {taskinstance.py:1277} INFO - Marking task as SUCCESS. dag_id=data_ingestion_gcs_dag, task_id=local_to_gcs_task, execution_date=20251216T000000, start_date=20251217T103459, end_date=20251217T103459
[2025-12-17 10:34:59,872] {local_task_job.py:154} INFO - Task exited with return code 0
[2025-12-17 10:34:59,903] {local_task_job.py:264} INFO - 1 downstream tasks scheduled from follow-on schedule check
