[2025-12-17 11:00:20,469] {taskinstance.py:1032} INFO - Dependencies all met for <TaskInstance: data_ingestion_gcs_dag.download_dataset_task manual__2025-12-17T10:38:27.844399+00:00 [queued]>
[2025-12-17 11:00:20,482] {taskinstance.py:1032} INFO - Dependencies all met for <TaskInstance: data_ingestion_gcs_dag.download_dataset_task manual__2025-12-17T10:38:27.844399+00:00 [queued]>
[2025-12-17 11:00:20,482] {taskinstance.py:1238} INFO - 
--------------------------------------------------------------------------------
[2025-12-17 11:00:20,483] {taskinstance.py:1239} INFO - Starting attempt 1 of 6
[2025-12-17 11:00:20,484] {taskinstance.py:1240} INFO - 
--------------------------------------------------------------------------------
[2025-12-17 11:00:20,500] {taskinstance.py:1259} INFO - Executing <Task(BashOperator): download_dataset_task> on 2025-12-17 10:38:27.844399+00:00
[2025-12-17 11:00:20,508] {standard_task_runner.py:76} INFO - Running: ['***', 'tasks', 'run', 'data_ingestion_gcs_dag', 'download_dataset_task', 'manual__2025-12-17T10:38:27.844399+00:00', '--job-id', '130', '--raw', '--subdir', 'DAGS_FOLDER/gcs_upload_dag.py', '--cfg-path', '/tmp/tmpxn80_3a_', '--error-file', '/tmp/tmpu41sg48e']
[2025-12-17 11:00:20,505] {standard_task_runner.py:52} INFO - Started process 1924 to run task
[2025-12-17 11:00:20,512] {standard_task_runner.py:77} INFO - Job 130: Subtask download_dataset_task
[2025-12-17 11:00:20,571] {logging_mixin.py:109} INFO - Running <TaskInstance: data_ingestion_gcs_dag.download_dataset_task manual__2025-12-17T10:38:27.844399+00:00 [running]> on host 895ccf5f478f
[2025-12-17 11:00:20,644] {taskinstance.py:1426} INFO - Exporting the following env vars:
AIRFLOW_CTX_DAG_OWNER=***
AIRFLOW_CTX_DAG_ID=data_ingestion_gcs_dag
AIRFLOW_CTX_TASK_ID=download_dataset_task
AIRFLOW_CTX_EXECUTION_DATE=2025-12-17T10:38:27.844399+00:00
AIRFLOW_CTX_DAG_RUN_ID=manual__2025-12-17T10:38:27.844399+00:00
[2025-12-17 11:00:20,647] {subprocess.py:62} INFO - Tmp dir root location: 
 /tmp
[2025-12-17 11:00:20,648] {subprocess.py:74} INFO - Running command: ['bash', '-c', 'curl -sS https://s3.amazonaws.com/nyc-tlc/trip+data/yellow_tripdata_2021-01.parquet > /opt/***/yellow_tripdata_2021-01.parquet']
[2025-12-17 11:00:20,656] {subprocess.py:85} INFO - Output:
[2025-12-17 11:00:21,001] {subprocess.py:93} INFO - Command exited with return code 0
[2025-12-17 11:00:21,038] {taskinstance.py:1277} INFO - Marking task as SUCCESS. dag_id=data_ingestion_gcs_dag, task_id=download_dataset_task, execution_date=20251217T103827, start_date=20251217T110020, end_date=20251217T110021
[2025-12-17 11:00:21,090] {local_task_job.py:154} INFO - Task exited with return code 0
[2025-12-17 11:00:21,143] {local_task_job.py:264} INFO - 1 downstream tasks scheduled from follow-on schedule check
