[2025-12-06 15:24:13,379] {taskinstance.py:1032} INFO - Dependencies all met for <TaskInstance: data_ingestion_gcs_dag.download_dataset_task scheduled__2025-07-13T00:00:00+00:00 [queued]>
[2025-12-06 15:24:13,393] {taskinstance.py:1032} INFO - Dependencies all met for <TaskInstance: data_ingestion_gcs_dag.download_dataset_task scheduled__2025-07-13T00:00:00+00:00 [queued]>
[2025-12-06 15:24:13,394] {taskinstance.py:1238} INFO - 
--------------------------------------------------------------------------------
[2025-12-06 15:24:13,395] {taskinstance.py:1239} INFO - Starting attempt 1 of 6
[2025-12-06 15:24:13,395] {taskinstance.py:1240} INFO - 
--------------------------------------------------------------------------------
[2025-12-06 15:24:13,414] {taskinstance.py:1259} INFO - Executing <Task(BashOperator): download_dataset_task> on 2025-07-13 00:00:00+00:00
[2025-12-06 15:24:13,419] {standard_task_runner.py:52} INFO - Started process 198 to run task
[2025-12-06 15:24:13,424] {standard_task_runner.py:76} INFO - Running: ['***', 'tasks', 'run', 'data_ingestion_gcs_dag', 'download_dataset_task', 'scheduled__2025-07-13T00:00:00+00:00', '--job-id', '55', '--raw', '--subdir', 'DAGS_FOLDER/gcs_upload_dag.py', '--cfg-path', '/tmp/tmpm4tdzkp_', '--error-file', '/tmp/tmp0iq3yo6q']
[2025-12-06 15:24:13,447] {standard_task_runner.py:77} INFO - Job 55: Subtask download_dataset_task
[2025-12-06 15:24:13,547] {logging_mixin.py:109} INFO - Running <TaskInstance: data_ingestion_gcs_dag.download_dataset_task scheduled__2025-07-13T00:00:00+00:00 [running]> on host 15de817664e9
[2025-12-06 15:24:13,622] {taskinstance.py:1426} INFO - Exporting the following env vars:
AIRFLOW_CTX_DAG_OWNER=***
AIRFLOW_CTX_DAG_ID=data_ingestion_gcs_dag
AIRFLOW_CTX_TASK_ID=download_dataset_task
AIRFLOW_CTX_EXECUTION_DATE=2025-07-13T00:00:00+00:00
AIRFLOW_CTX_DAG_RUN_ID=scheduled__2025-07-13T00:00:00+00:00
[2025-12-06 15:24:13,624] {subprocess.py:62} INFO - Tmp dir root location: 
 /tmp
[2025-12-06 15:24:13,626] {subprocess.py:74} INFO - Running command: ['bash', '-c', 'curl -sS https://s3.amazonaws.com/nyc-tlc/trip+data/yellow_tripdata_2021-01.parquet > /opt/***/yellow_tripdata_2021-01.parquet']
[2025-12-06 15:24:13,636] {subprocess.py:85} INFO - Output:
[2025-12-06 15:24:14,054] {subprocess.py:93} INFO - Command exited with return code 0
[2025-12-06 15:24:14,085] {taskinstance.py:1277} INFO - Marking task as SUCCESS. dag_id=data_ingestion_gcs_dag, task_id=download_dataset_task, execution_date=20250713T000000, start_date=20251206T152413, end_date=20251206T152414
[2025-12-06 15:24:14,135] {local_task_job.py:154} INFO - Task exited with return code 0
[2025-12-06 15:24:14,183] {local_task_job.py:264} INFO - 1 downstream tasks scheduled from follow-on schedule check
