[2025-12-06 16:52:31,885] {taskinstance.py:1032} INFO - Dependencies all met for <TaskInstance: data_ingestion_gcs_dag.download_dataset_task manual__2025-12-06T16:52:29.771131+00:00 [queued]>
[2025-12-06 16:52:31,895] {taskinstance.py:1032} INFO - Dependencies all met for <TaskInstance: data_ingestion_gcs_dag.download_dataset_task manual__2025-12-06T16:52:29.771131+00:00 [queued]>
[2025-12-06 16:52:31,895] {taskinstance.py:1238} INFO - 
--------------------------------------------------------------------------------
[2025-12-06 16:52:31,896] {taskinstance.py:1239} INFO - Starting attempt 1 of 6
[2025-12-06 16:52:31,896] {taskinstance.py:1240} INFO - 
--------------------------------------------------------------------------------
[2025-12-06 16:52:31,909] {taskinstance.py:1259} INFO - Executing <Task(BashOperator): download_dataset_task> on 2025-12-06 16:52:29.771131+00:00
[2025-12-06 16:52:31,917] {standard_task_runner.py:76} INFO - Running: ['***', 'tasks', 'run', 'data_ingestion_gcs_dag', 'download_dataset_task', 'manual__2025-12-06T16:52:29.771131+00:00', '--job-id', '104', '--raw', '--subdir', 'DAGS_FOLDER/gcs_upload_dag.py', '--cfg-path', '/tmp/tmpvn8yczj1', '--error-file', '/tmp/tmpi4kc80ut']
[2025-12-06 16:52:31,914] {standard_task_runner.py:52} INFO - Started process 284 to run task
[2025-12-06 16:52:31,920] {standard_task_runner.py:77} INFO - Job 104: Subtask download_dataset_task
[2025-12-06 16:52:31,978] {logging_mixin.py:109} INFO - Running <TaskInstance: data_ingestion_gcs_dag.download_dataset_task manual__2025-12-06T16:52:29.771131+00:00 [running]> on host db4b5f3ec361
[2025-12-06 16:52:32,033] {taskinstance.py:1426} INFO - Exporting the following env vars:
AIRFLOW_CTX_DAG_OWNER=***
AIRFLOW_CTX_DAG_ID=data_ingestion_gcs_dag
AIRFLOW_CTX_TASK_ID=download_dataset_task
AIRFLOW_CTX_EXECUTION_DATE=2025-12-06T16:52:29.771131+00:00
AIRFLOW_CTX_DAG_RUN_ID=manual__2025-12-06T16:52:29.771131+00:00
[2025-12-06 16:52:32,036] {subprocess.py:62} INFO - Tmp dir root location: 
 /tmp
[2025-12-06 16:52:32,036] {subprocess.py:74} INFO - Running command: ['bash', '-c', 'curl -sS https://s3.amazonaws.com/nyc-tlc/trip+data/yellow_tripdata_2021-01.parquet > /opt/***/yellow_tripdata_2021-01.parquet']
[2025-12-06 16:52:32,044] {subprocess.py:85} INFO - Output:
[2025-12-06 16:52:32,409] {subprocess.py:93} INFO - Command exited with return code 0
[2025-12-06 16:52:32,468] {taskinstance.py:1277} INFO - Marking task as SUCCESS. dag_id=data_ingestion_gcs_dag, task_id=download_dataset_task, execution_date=20251206T165229, start_date=20251206T165231, end_date=20251206T165232
[2025-12-06 16:52:32,507] {local_task_job.py:154} INFO - Task exited with return code 0
[2025-12-06 16:52:32,545] {local_task_job.py:264} INFO - 1 downstream tasks scheduled from follow-on schedule check
