[2025-12-20T15:34:13.690+0000] {taskinstance.py:1956} INFO - Dependencies all met for dep_context=non-requeueable deps ti=<TaskInstance: fhv_taxi_data.local_to_gcs_task scheduled__2024-01-02T00:00:00+00:00 map_index=0 [queued]>
[2025-12-20T15:34:13.699+0000] {taskinstance.py:1956} INFO - Dependencies all met for dep_context=requeueable deps ti=<TaskInstance: fhv_taxi_data.local_to_gcs_task scheduled__2024-01-02T00:00:00+00:00 map_index=0 [queued]>
[2025-12-20T15:34:13.700+0000] {taskinstance.py:2170} INFO - Starting attempt 1 of 2
[2025-12-20T15:34:13.715+0000] {taskinstance.py:2191} INFO - Executing <Mapped(PythonOperator): local_to_gcs_task> on 2024-01-02 00:00:00+00:00
[2025-12-20T15:34:13.720+0000] {standard_task_runner.py:60} INFO - Started process 347 to run task
[2025-12-20T15:34:13.724+0000] {standard_task_runner.py:87} INFO - Running: ['***', 'tasks', 'run', 'fhv_taxi_data', 'local_to_gcs_task', 'scheduled__2024-01-02T00:00:00+00:00', '--job-id', '149', '--raw', '--subdir', 'DAGS_FOLDER/gcs_upload_dag.py', '--cfg-path', '/tmp/tmphl1iw9mt', '--map-index', '0']
[2025-12-20T15:34:13.725+0000] {standard_task_runner.py:88} INFO - Job 149: Subtask local_to_gcs_task
[2025-12-20T15:34:13.743+0000] {logging_mixin.py:188} WARNING - /home/***/.local/lib/python3.8/site-packages/***/settings.py:194 DeprecationWarning: The sql_alchemy_conn option in [core] has been moved to the sql_alchemy_conn option in [database] - the old setting has been used, but please update your config.
[2025-12-20T15:34:13.782+0000] {task_command.py:423} INFO - Running <TaskInstance: fhv_taxi_data.local_to_gcs_task scheduled__2024-01-02T00:00:00+00:00 map_index=0 [running]> on host d7ce9969e07d
[2025-12-20T15:34:13.879+0000] {taskinstance.py:2480} INFO - Exporting env vars: AIRFLOW_CTX_DAG_OWNER='***' AIRFLOW_CTX_DAG_ID='fhv_taxi_data' AIRFLOW_CTX_TASK_ID='local_to_gcs_task' AIRFLOW_CTX_EXECUTION_DATE='2024-01-02T00:00:00+00:00' AIRFLOW_CTX_TRY_NUMBER='1' AIRFLOW_CTX_DAG_RUN_ID='scheduled__2024-01-02T00:00:00+00:00'
[2025-12-20T15:34:13.973+0000] {taskinstance.py:2698} ERROR - Task failed with exception
Traceback (most recent call last):
  File "/home/airflow/.local/lib/python3.8/site-packages/airflow/models/taskinstance.py", line 433, in _execute_task
    result = execute_callable(context=context, **execute_callable_kwargs)
  File "/home/airflow/.local/lib/python3.8/site-packages/airflow/operators/python.py", line 199, in execute
    return_value = self.execute_callable()
  File "/home/airflow/.local/lib/python3.8/site-packages/airflow/operators/python.py", line 216, in execute_callable
    return self.python_callable(*self.op_args, **self.op_kwargs)
  File "/opt/airflow/dags/gcs_upload_dag.py", line 45, in upload_to_gcs
    blob.upload_from_filename(local_file)
  File "/home/airflow/.local/lib/python3.8/site-packages/google/cloud/storage/blob.py", line 2929, in upload_from_filename
    self._handle_filename_and_upload(
  File "/home/airflow/.local/lib/python3.8/site-packages/google/cloud/storage/blob.py", line 2797, in _handle_filename_and_upload
    with open(filename, "rb") as file_obj:
FileNotFoundError: [Errno 2] No such file or directory: '/opt/airflow/fhv_tripdata_2019-01.parquet'
[2025-12-20T15:34:13.985+0000] {taskinstance.py:1138} INFO - Marking task as UP_FOR_RETRY. dag_id=fhv_taxi_data, task_id=local_to_gcs_task, map_index=0, execution_date=20240102T000000, start_date=20251220T153413, end_date=20251220T153413
[2025-12-20T15:34:13.999+0000] {standard_task_runner.py:107} ERROR - Failed to execute job 149 for task local_to_gcs_task ([Errno 2] No such file or directory: '/opt/airflow/fhv_tripdata_2019-01.parquet'; 347)
[2025-12-20T15:34:14.016+0000] {local_task_job_runner.py:234} INFO - Task exited with return code 1
[2025-12-20T15:34:14.044+0000] {taskinstance.py:3280} INFO - 0 downstream tasks scheduled from follow-on schedule check
